{
 "pairs": 100,
 "per_stratum": {
  "shared": 34,
  "private": 33,
  "near_neighbour": 33
 },
 "wall_s": 57,
 "damage": {
  "shared": {
   "n": 34,
   "I_ij_mean": 0.0,
   "I_ji_mean": 0.0,
   "D_ij_mean": 0.0,
   "same_endpoint_fraction": 0.0
  },
  "private": {
   "n": 33,
   "I_ij_mean": 0.0,
   "I_ji_mean": 0.0,
   "D_ij_mean": 0.0,
   "same_endpoint_fraction": 0.0
  },
  "near_neighbour": {
   "n": 33,
   "I_ij_mean": 0.0,
   "I_ji_mean": 0.0,
   "D_ij_mean": 0.0,
   "same_endpoint_fraction": 0.0
  },
  "all": {
   "n": 100,
   "I_ij_mean": 0.0,
   "I_ji_mean": 0.0,
   "D_ij_mean": 0.0,
   "same_endpoint_fraction": 0.0
  }
 }
}
