{
 "pairs": 100,
 "per_stratum": {
  "shared": 34,
  "private": 33,
  "near_neighbour": 33
 },
 "wall_s": 167,
 "damage": {
  "shared": {
   "n": 34,
   "I_ij_mean": 0.6612203820678915,
   "I_ji_mean": 0.7218212082746032,
   "D_ij_mean": 0.04062864048896811,
   "same_endpoint_fraction": 0.0
  },
  "private": {
   "n": 33,
   "I_ij_mean": 0.3191652866022328,
   "I_ji_mean": 0.0,
   "D_ij_mean": 0.003500728050468887,
   "same_endpoint_fraction": 0.0
  },
  "near_neighbour": {
   "n": 33,
   "I_ij_mean": 3.048969090045259,
   "I_ji_mean": 1.7783342363074452,
   "D_ij_mean": 0.039619566376042005,
   "same_endpoint_fraction": 0.0
  },
  "all": {
   "n": 100,
   "I_ij_mean": 1.3362992741967554,
   "I_ji_mean": 0.8322695087948219,
   "D_ij_mean": 0.028043434926997745,
   "same_endpoint_fraction": 0.0
  }
 }
}
