{"split": "train", "episodes": 8, "skipped": 0}
{"split": "dev", "episodes": 16, "skipped": 0}
{"answer": 7.5646, "answer_n": 6.0, "preserve": 0.0061, "preserve_n": 2.0, "retrieval": 1.978, "code_norm": 0.0, "grad_norm": 28.8458, "step": 0, "wall_s": 9.5421}
{"answer": 4.6463, "answer_n": 6.0, "preserve": 0.1445, "preserve_n": 2.0, "retrieval": 1.7151, "code_norm": 0.0, "grad_norm": 170.6729, "step": 10, "wall_s": 95.3993}
{"answer": 2.2593, "answer_n": 6.0, "preserve": 0.1844, "preserve_n": 2.0, "retrieval": 1.08, "code_norm": 0.0, "grad_norm": 15.0219, "step": 20, "wall_s": 196.1951}
{"answer": 3.302, "answer_n": 6.0, "preserve": 0.0026, "preserve_n": 2.0, "retrieval": 0.8251, "code_norm": 0.0, "grad_norm": 9.2597, "step": 30, "wall_s": 293.4023}
{"answer": 2.5259, "answer_n": 6.0, "preserve": 0.1807, "preserve_n": 2.0, "retrieval": 0.8871, "code_norm": 0.0, "grad_norm": 36.7065, "step": 40, "wall_s": 400.5527}
{"answer": 2.8528, "answer_n": 6.0, "preserve": 0.1028, "preserve_n": 2.0, "retrieval": 0.9555, "code_norm": 0.0, "grad_norm": 26.1553, "step": 50, "wall_s": 536.5837}
{"answer": 2.2938, "answer_n": 6.0, "preserve": 0.8972, "preserve_n": 2.0, "retrieval": 0.7045, "code_norm": 0.0, "grad_norm": 13.5738, "step": 60, "wall_s": 643.7277}
{"answer": 2.7565, "answer_n": 6.0, "preserve": 0.0834, "preserve_n": 2.0, "retrieval": 0.7622, "code_norm": 0.0, "grad_norm": 17.0233, "step": 70, "wall_s": 742.8378}
{"answer": 2.5311, "answer_n": 6.0, "preserve": 0.1103, "preserve_n": 2.0, "retrieval": 0.9696, "code_norm": 0.0, "grad_norm": 13.7043, "step": 80, "wall_s": 850.5382}
{"answer": 1.7089, "answer_n": 6.0, "preserve": 0.0001, "preserve_n": 2.0, "retrieval": 0.7485, "code_norm": 0.0, "grad_norm": 27.8227, "step": 90, "wall_s": 948.616}
{"answer": 2.2776, "answer_n": 6.0, "preserve": 0.2487, "preserve_n": 2.0, "retrieval": 0.8468, "code_norm": 0.0, "grad_norm": 61.4559, "step": 100, "wall_s": 1099.152}
{"answer": 1.9974, "answer_n": 6.0, "preserve": 0.3411, "preserve_n": 2.0, "retrieval": 1.2845, "code_norm": 0.0, "grad_norm": 15.0962, "step": 110, "wall_s": 1196.9129}
{"answer": 2.1976, "answer_n": 6.0, "preserve": 0.1834, "preserve_n": 2.0, "retrieval": 0.5697, "code_norm": 0.0, "grad_norm": 13.5479, "step": 120, "wall_s": 1304.9344}
{"answer": 2.4708, "answer_n": 6.0, "preserve": 0.0, "preserve_n": 2.0, "retrieval": 0.6726, "code_norm": 0.0, "grad_norm": 14.9689, "step": 130, "wall_s": 1402.4514}
{"answer": 1.9737, "answer_n": 6.0, "preserve": 0.0, "preserve_n": 2.0, "retrieval": 0.6959, "code_norm": 0.0, "grad_norm": 20.2064, "step": 140, "wall_s": 1506.3395}
{"answer": 2.0517, "answer_n": 6.0, "preserve": 0.0486, "preserve_n": 2.0, "retrieval": 0.4814, "code_norm": 0.0, "grad_norm": 25.1289, "step": 150, "wall_s": 1649.6709}
{"answer": 1.9255, "answer_n": 6.0, "preserve": 0.0053, "preserve_n": 2.0, "retrieval": 0.8266, "code_norm": 0.0, "grad_norm": 55.1679, "step": 160, "wall_s": 1755.863}
{"answer": 2.4959, "answer_n": 6.0, "preserve": 0.0, "preserve_n": 2.0, "retrieval": 0.3562, "code_norm": 0.0, "grad_norm": 15.9992, "step": 170, "wall_s": 1855.9099}
{"answer": 2.371, "answer_n": 6.0, "preserve": 0.0, "preserve_n": 2.0, "retrieval": 0.5969, "code_norm": 0.0, "grad_norm": 16.3949, "step": 180, "wall_s": 1959.3578}
{"answer": 1.3881, "answer_n": 6.0, "preserve": 0.0013, "preserve_n": 2.0, "retrieval": 0.2211, "code_norm": 0.0, "grad_norm": 9.9294, "step": 190, "wall_s": 2063.1637}
{"answer": 1.4416, "answer_n": 6.0, "preserve": 0.1183, "preserve_n": 2.0, "retrieval": 0.129, "code_norm": 0.0, "grad_norm": 19.067, "step": 200, "wall_s": 2207.5275}
{"answer": 2.6968, "answer_n": 6.0, "preserve": 0.0051, "preserve_n": 2.0, "retrieval": 0.2792, "code_norm": 0.0, "grad_norm": 68.9042, "step": 210, "wall_s": 2310.4775}
{"answer": 2.0633, "answer_n": 6.0, "preserve": 0.0, "preserve_n": 2.0, "retrieval": 0.7749, "code_norm": 0.0, "grad_norm": 176.1658, "step": 220, "wall_s": 2412.1699}
{"answer": 2.0258, "answer_n": 6.0, "preserve": 0.0, "preserve_n": 2.0, "retrieval": 0.4689, "code_norm": 0.0, "grad_norm": 15.1489, "step": 230, "wall_s": 2511.6264}
{"answer": 1.6904, "answer_n": 6.0, "preserve": 0.0, "preserve_n": 2.0, "retrieval": 0.4392, "code_norm": 0.0, "grad_norm": 48.2731, "step": 240, "wall_s": 2597.7672}
{"answer": 0.9264, "answer_n": 6.0, "preserve": 0.0003, "preserve_n": 2.0, "retrieval": 0.1093, "code_norm": 0.0, "grad_norm": 12.7238, "step": 250, "wall_s": 2724.5438}
{"answer": 2.2528, "answer_n": 6.0, "preserve": 0.0, "preserve_n": 2.0, "retrieval": 0.7456, "code_norm": 0.0, "grad_norm": 182.6829, "step": 260, "wall_s": 2818.8942}
{"answer": 1.6824, "answer_n": 6.0, "preserve": 0.0003, "preserve_n": 2.0, "retrieval": 0.0855, "code_norm": 0.0, "grad_norm": 19.0941, "step": 270, "wall_s": 2924.8356}
{"answer": 1.6364, "answer_n": 6.0, "preserve": 0.0, "preserve_n": 2.0, "retrieval": 0.0694, "code_norm": 0.0, "grad_norm": 20.0764, "step": 280, "wall_s": 3023.3386}
{"answer": 1.268, "answer_n": 6.0, "preserve": 0.0, "preserve_n": 2.0, "retrieval": 0.1612, "code_norm": 0.0, "grad_norm": 22.1948, "step": 290, "wall_s": 3129.4703}
{"answer": 1.4325, "answer_n": 6.0, "preserve": -0.0, "preserve_n": 2.0, "retrieval": 0.2103, "code_norm": 0.0, "grad_norm": 20.0377, "step": 300, "wall_s": 3267.9843}
{"answer": 1.1981, "answer_n": 6.0, "preserve": 0.0, "preserve_n": 2.0, "retrieval": 0.4018, "code_norm": 0.0, "grad_norm": 18.7593, "step": 310, "wall_s": 3376.1424}
{"answer": 1.5276, "answer_n": 6.0, "preserve": 0.0, "preserve_n": 2.0, "retrieval": 0.3601, "code_norm": 0.0, "grad_norm": 41.7947, "step": 320, "wall_s": 3473.598}
{"answer": 1.2685, "answer_n": 6.0, "preserve": 0.0, "preserve_n": 2.0, "retrieval": 0.2572, "code_norm": 0.0, "grad_norm": 34.0899, "step": 330, "wall_s": 3578.9027}
{"answer": 1.0376, "answer_n": 6.0, "preserve": 0.0015, "preserve_n": 2.0, "retrieval": 0.3137, "code_norm": 0.0, "grad_norm": 83.7084, "step": 340, "wall_s": 3676.7601}
{"answer": 1.761, "answer_n": 6.0, "preserve": 0.002, "preserve_n": 2.0, "retrieval": 0.5637, "code_norm": 0.0, "grad_norm": 34.9783, "step": 350, "wall_s": 3822.6018}
{"answer": 0.6559, "answer_n": 6.0, "preserve": 0.2997, "preserve_n": 2.0, "retrieval": 0.4928, "code_norm": 0.0, "grad_norm": 12.3505, "step": 360, "wall_s": 3918.8908}
{"answer": 1.489, "answer_n": 6.0, "preserve": 0.0002, "preserve_n": 2.0, "retrieval": 0.2566, "code_norm": 0.0, "grad_norm": 37.306, "step": 370, "wall_s": 4015.3746}
{"answer": 0.8802, "answer_n": 6.0, "preserve": 0.2561, "preserve_n": 2.0, "retrieval": 0.6861, "code_norm": 0.0, "grad_norm": 26.3787, "step": 380, "wall_s": 4101.6906}
{"answer": 0.6621, "answer_n": 6.0, "preserve": 0.1768, "preserve_n": 2.0, "retrieval": 0.1693, "code_norm": 0.0, "grad_norm": 25.1735, "step": 390, "wall_s": 4191.2439}
{"best_dev_answer": 2.2864003578821817, "best_step": 99}
{"dev_before": {"answer": 6.593593557675679, "answer_n": 6.0, "preserve": 0.0058049373255926184, "preserve_n": 2.0, "retrieval": 1.936887688934803, "code_norm": 0.0}, "dev_after": {"answer": 2.2864003578821817, "answer_n": 6.0, "preserve": 1.9886204037922184e-05, "preserve_n": 2.0, "retrieval": 1.132446750998497, "code_norm": 0.0}, "behavioural_dev": {"new_paraphrase": {"label_exact": 0.15625, "n": 32, "null_mass_mean": 0.07632574607123388, "unchanged_from_capoff": null}, "old_fact": {"label_exact": 0.0, "n": 16, "null_mass_mean": 0.2056929772370495, "unchanged_from_capoff": null}, "near_miss": {"label_exact": 0.0, "n": 16, "null_mass_mean": 0.9974145404994488, "unchanged_from_capoff": 1.0}, "unrelated": {"label_exact": 0.0, "n": 16, "null_mass_mean": 0.9989190362393856, "unchanged_from_capoff": 1.0}}, "train_wall_s": 4306}
