{"split": "train", "episodes": 8, "skipped": 0}
{"split": "dev", "episodes": 32, "skipped": 0}
{"answer": 6.7705, "answer_n": 8.0, "preserve": 0.0066, "preserve_n": 2.0, "retrieval": 6.3639, "code_norm": 0.0, "grad_norm": 45.2054, "step": 0, "wall_s": 11.94}
{"answer": 2.8121, "answer_n": 8.0, "preserve": 0.7932, "preserve_n": 2.0, "retrieval": 1.4933, "code_norm": 0.0, "grad_norm": 17.635, "step": 10, "wall_s": 116.9765}
{"answer": 3.0694, "answer_n": 8.0, "preserve": 0.7182, "preserve_n": 2.0, "retrieval": 1.0022, "code_norm": 0.0, "grad_norm": 9.0264, "step": 20, "wall_s": 223.402}
{"answer": 2.7848, "answer_n": 8.0, "preserve": 0.6156, "preserve_n": 2.0, "retrieval": 0.9922, "code_norm": 0.0, "grad_norm": 9.3345, "step": 30, "wall_s": 331.5128}
{"answer": 3.4654, "answer_n": 8.0, "preserve": 0.6597, "preserve_n": 2.0, "retrieval": 0.7124, "code_norm": 0.0, "grad_norm": 10.519, "step": 40, "wall_s": 440.5707}
{"answer": 3.194, "answer_n": 8.0, "preserve": 0.3312, "preserve_n": 2.0, "retrieval": 1.3706, "code_norm": 0.0, "grad_norm": 41.3011, "step": 50, "wall_s": 633.8102}
{"answer": 3.1882, "answer_n": 8.0, "preserve": 0.1894, "preserve_n": 2.0, "retrieval": 1.2497, "code_norm": 0.0, "grad_norm": 97.5253, "step": 60, "wall_s": 738.9673}
{"answer": 2.759, "answer_n": 8.0, "preserve": 0.9691, "preserve_n": 2.0, "retrieval": 1.0293, "code_norm": 0.0, "grad_norm": 10.4906, "step": 70, "wall_s": 847.5876}
{"answer": 2.4257, "answer_n": 8.0, "preserve": 1.016, "preserve_n": 2.0, "retrieval": 1.3896, "code_norm": 0.0, "grad_norm": 35.6371, "step": 80, "wall_s": 952.6407}
{"answer": 2.7038, "answer_n": 8.0, "preserve": 0.6542, "preserve_n": 2.0, "retrieval": 0.9433, "code_norm": 0.0, "grad_norm": 22.5385, "step": 90, "wall_s": 1062.0028}
{"answer": 2.0815, "answer_n": 8.0, "preserve": 0.4307, "preserve_n": 2.0, "retrieval": 1.0647, "code_norm": 0.0, "grad_norm": 11.4007, "step": 100, "wall_s": 1247.5449}
{"answer": 2.4124, "answer_n": 8.0, "preserve": 0.5916, "preserve_n": 2.0, "retrieval": 0.9998, "code_norm": 0.0, "grad_norm": 13.5812, "step": 110, "wall_s": 1358.9244}
{"answer": 2.3175, "answer_n": 8.0, "preserve": 0.6121, "preserve_n": 2.0, "retrieval": 0.7309, "code_norm": 0.0, "grad_norm": 6.3678, "step": 120, "wall_s": 1462.7712}
{"answer": 2.0588, "answer_n": 8.0, "preserve": 0.4979, "preserve_n": 2.0, "retrieval": 0.7104, "code_norm": 0.0, "grad_norm": 13.9368, "step": 130, "wall_s": 1571.8697}
{"answer": 2.324, "answer_n": 8.0, "preserve": 0.3955, "preserve_n": 2.0, "retrieval": 1.0715, "code_norm": 0.0, "grad_norm": 12.1222, "step": 140, "wall_s": 1678.9008}
{"answer": 2.4469, "answer_n": 8.0, "preserve": 0.6017, "preserve_n": 2.0, "retrieval": 0.8727, "code_norm": 0.0, "grad_norm": 27.4232, "step": 150, "wall_s": 1880.5878}
{"answer": 1.7273, "answer_n": 8.0, "preserve": 0.4223, "preserve_n": 2.0, "retrieval": 0.511, "code_norm": 0.0, "grad_norm": 12.4587, "step": 160, "wall_s": 1987.9622}
{"answer": 2.2402, "answer_n": 8.0, "preserve": 0.6697, "preserve_n": 2.0, "retrieval": 0.5981, "code_norm": 0.0, "grad_norm": 53.2517, "step": 170, "wall_s": 2101.8767}
{"answer": 2.3503, "answer_n": 8.0, "preserve": 1.1702, "preserve_n": 2.0, "retrieval": 0.9859, "code_norm": 0.0, "grad_norm": 12.4044, "step": 180, "wall_s": 2211.7494}
{"answer": 1.9727, "answer_n": 8.0, "preserve": 0.6789, "preserve_n": 2.0, "retrieval": 0.5639, "code_norm": 0.0, "grad_norm": 7.121, "step": 190, "wall_s": 2329.6769}
{"answer": 2.2954, "answer_n": 8.0, "preserve": 0.435, "preserve_n": 2.0, "retrieval": 0.5961, "code_norm": 0.0, "grad_norm": 21.7948, "step": 200, "wall_s": 2535.5952}
{"answer": 1.8057, "answer_n": 8.0, "preserve": 0.0487, "preserve_n": 2.0, "retrieval": 0.7198, "code_norm": 0.0, "grad_norm": 18.7367, "step": 210, "wall_s": 2651.8042}
{"answer": 2.7445, "answer_n": 8.0, "preserve": 0.6388, "preserve_n": 2.0, "retrieval": 0.579, "code_norm": 0.0, "grad_norm": 15.9716, "step": 220, "wall_s": 2766.4974}
{"answer": 2.5902, "answer_n": 8.0, "preserve": 0.3109, "preserve_n": 2.0, "retrieval": 0.827, "code_norm": 0.0, "grad_norm": 90.7302, "step": 230, "wall_s": 2882.3248}
{"answer": 2.1389, "answer_n": 8.0, "preserve": 0.7568, "preserve_n": 2.0, "retrieval": 0.826, "code_norm": 0.0, "grad_norm": 13.4114, "step": 240, "wall_s": 2989.1849}
{"answer": 2.7193, "answer_n": 8.0, "preserve": 0.6448, "preserve_n": 2.0, "retrieval": 0.6647, "code_norm": 0.0, "grad_norm": 9.5696, "step": 250, "wall_s": 3190.1426}
{"answer": 2.6782, "answer_n": 8.0, "preserve": 0.1173, "preserve_n": 2.0, "retrieval": 1.1332, "code_norm": 0.0, "grad_norm": 46.7739, "step": 260, "wall_s": 3301.33}
{"answer": 2.5968, "answer_n": 8.0, "preserve": 0.3473, "preserve_n": 2.0, "retrieval": 0.4716, "code_norm": 0.0, "grad_norm": 27.5192, "step": 270, "wall_s": 3414.7596}
{"answer": 2.1359, "answer_n": 8.0, "preserve": 0.7085, "preserve_n": 2.0, "retrieval": 0.5498, "code_norm": 0.0, "grad_norm": 13.0126, "step": 280, "wall_s": 3524.3561}
{"answer": 2.4106, "answer_n": 8.0, "preserve": 0.6914, "preserve_n": 2.0, "retrieval": 0.6929, "code_norm": 0.0, "grad_norm": 48.7337, "step": 290, "wall_s": 3639.4369}
{"answer": 2.2248, "answer_n": 8.0, "preserve": 0.2612, "preserve_n": 2.0, "retrieval": 0.6503, "code_norm": 0.0, "grad_norm": 18.5811, "step": 300, "wall_s": 3832.1571}
{"answer": 1.8748, "answer_n": 8.0, "preserve": 0.4713, "preserve_n": 2.0, "retrieval": 0.5898, "code_norm": 0.0, "grad_norm": 38.3922, "step": 310, "wall_s": 3938.9806}
{"answer": 2.0524, "answer_n": 8.0, "preserve": 0.5842, "preserve_n": 2.0, "retrieval": 0.4511, "code_norm": 0.0, "grad_norm": 17.9974, "step": 320, "wall_s": 4051.1829}
{"answer": 2.217, "answer_n": 8.0, "preserve": 0.2222, "preserve_n": 2.0, "retrieval": 0.722, "code_norm": 0.0, "grad_norm": 27.3189, "step": 330, "wall_s": 4160.9934}
{"answer": 1.7635, "answer_n": 8.0, "preserve": 0.4028, "preserve_n": 2.0, "retrieval": 0.5423, "code_norm": 0.0, "grad_norm": 9.294, "step": 340, "wall_s": 4271.173}
{"answer": 2.075, "answer_n": 8.0, "preserve": 0.5125, "preserve_n": 2.0, "retrieval": 0.6785, "code_norm": 0.0, "grad_norm": 49.0507, "step": 350, "wall_s": 4464.6545}
{"answer": 2.0234, "answer_n": 8.0, "preserve": 0.26, "preserve_n": 2.0, "retrieval": 0.5017, "code_norm": 0.0, "grad_norm": 22.3677, "step": 360, "wall_s": 4577.7548}
{"answer": 1.9162, "answer_n": 8.0, "preserve": 0.4088, "preserve_n": 2.0, "retrieval": 0.6103, "code_norm": 0.0, "grad_norm": 15.7871, "step": 370, "wall_s": 4684.1571}
{"answer": 2.4241, "answer_n": 8.0, "preserve": 0.5965, "preserve_n": 2.0, "retrieval": 0.65, "code_norm": 0.0, "grad_norm": 12.6075, "step": 380, "wall_s": 4796.2459}
{"answer": 1.9591, "answer_n": 8.0, "preserve": 0.3713, "preserve_n": 2.0, "retrieval": 0.4873, "code_norm": 0.0, "grad_norm": 22.7182, "step": 390, "wall_s": 4906.9871}
{"best_dev_answer": 3.3958853110671043, "best_step": 299}
{"dev_before": {"answer": 7.835464596748352, "answer_n": 8.0, "preserve": 0.00914660163471126, "preserve_n": 2.0, "retrieval": 6.26962223649025, "code_norm": 0.0}, "dev_after": {"answer": 3.3958853110671043, "answer_n": 8.0, "preserve": 0.6056567297458741, "preserve_n": 2.0, "retrieval": 0.8691392820328474, "code_norm": 0.0}, "behavioural_dev": {"new_paraphrase": {"label_exact": 0.0625, "n": 64, "null_mass_mean": 0.014257723839023129, "top1_is_supporting_record": 0.421875, "unchanged_from_capoff": null}, "old_fact": {"label_exact": 0.0625, "n": 32, "null_mass_mean": 0.01870293663046141, "top1_is_supporting_record": 0.65625, "unchanged_from_capoff": null}, "near_miss": {"label_exact": 0.0, "n": 32, "null_mass_mean": 0.7786591406911612, "top1_is_supporting_record": 0.0, "unchanged_from_capoff": 0.9375}, "unrelated": {"label_exact": 0.0, "n": 32, "null_mass_mean": 0.8437460148707032, "top1_is_supporting_record": 0.0, "unchanged_from_capoff": 0.9375}}, "train_wall_s": 5088}
