{"split": "train", "episodes": 8, "skipped": 0}
{"split": "dev", "episodes": 32, "skipped": 0}
{"answer": 6.8499, "answer_n": 6.0, "preserve": 0.0066, "preserve_n": 2.0, "retrieval": 5.1408, "code_norm": 0.0, "grad_norm": 33.882, "step": 0, "wall_s": 9.778}
{"answer": 3.0916, "answer_n": 6.0, "preserve": 0.5021, "preserve_n": 2.0, "retrieval": 1.7565, "code_norm": 0.0, "grad_norm": 160.4698, "step": 10, "wall_s": 96.8733}
{"answer": 3.0939, "answer_n": 6.0, "preserve": 0.4931, "preserve_n": 2.0, "retrieval": 0.9083, "code_norm": 0.0, "grad_norm": 8.8717, "step": 20, "wall_s": 197.0021}
{"answer": 2.6961, "answer_n": 6.0, "preserve": 0.605, "preserve_n": 2.0, "retrieval": 1.2352, "code_norm": 0.0, "grad_norm": 12.1889, "step": 30, "wall_s": 289.9982}
{"answer": 3.1294, "answer_n": 6.0, "preserve": 0.3587, "preserve_n": 2.0, "retrieval": 0.5328, "code_norm": 0.0, "grad_norm": 13.5136, "step": 40, "wall_s": 387.8336}
{"answer": 2.6131, "answer_n": 6.0, "preserve": 0.233, "preserve_n": 2.0, "retrieval": 1.0019, "code_norm": 0.0, "grad_norm": 28.9533, "step": 50, "wall_s": 551.2282}
{"answer": 2.869, "answer_n": 6.0, "preserve": 0.0403, "preserve_n": 2.0, "retrieval": 0.3929, "code_norm": 0.0, "grad_norm": 15.5107, "step": 60, "wall_s": 651.363}
{"answer": 2.6368, "answer_n": 6.0, "preserve": 0.0381, "preserve_n": 2.0, "retrieval": 0.5594, "code_norm": 0.0, "grad_norm": 44.8972, "step": 70, "wall_s": 742.2877}
{"answer": 2.2312, "answer_n": 6.0, "preserve": 0.0804, "preserve_n": 2.0, "retrieval": 1.126, "code_norm": 0.0, "grad_norm": 14.0883, "step": 80, "wall_s": 842.2115}
{"answer": 2.6155, "answer_n": 6.0, "preserve": 0.0124, "preserve_n": 2.0, "retrieval": 0.961, "code_norm": 0.0, "grad_norm": 7.9414, "step": 90, "wall_s": 936.0968}
{"answer": 1.7167, "answer_n": 6.0, "preserve": 0.2977, "preserve_n": 2.0, "retrieval": 1.0119, "code_norm": 0.0, "grad_norm": 12.0874, "step": 100, "wall_s": 1109.2843}
{"answer": 2.5257, "answer_n": 6.0, "preserve": 0.3105, "preserve_n": 2.0, "retrieval": 0.5387, "code_norm": 0.0, "grad_norm": 22.1106, "step": 110, "wall_s": 1200.5066}
{"answer": 2.3962, "answer_n": 6.0, "preserve": 0.0034, "preserve_n": 2.0, "retrieval": 0.6273, "code_norm": 0.0, "grad_norm": 21.4849, "step": 120, "wall_s": 1298.6566}
{"answer": 1.9669, "answer_n": 6.0, "preserve": 0.0896, "preserve_n": 2.0, "retrieval": 0.7706, "code_norm": 0.0, "grad_norm": 12.7625, "step": 130, "wall_s": 1394.2874}
{"answer": 2.0062, "answer_n": 6.0, "preserve": 0.0022, "preserve_n": 2.0, "retrieval": 0.6694, "code_norm": 0.0, "grad_norm": 6.9973, "step": 140, "wall_s": 1489.3159}
{"answer": 2.3048, "answer_n": 6.0, "preserve": 0.014, "preserve_n": 2.0, "retrieval": 0.4929, "code_norm": 0.0, "grad_norm": 5.7591, "step": 150, "wall_s": 1663.9837}
{"answer": 1.7368, "answer_n": 6.0, "preserve": 0.1441, "preserve_n": 2.0, "retrieval": 0.2308, "code_norm": 0.0, "grad_norm": 9.1741, "step": 160, "wall_s": 1762.7417}
{"answer": 1.8277, "answer_n": 6.0, "preserve": 0.4885, "preserve_n": 2.0, "retrieval": 0.6392, "code_norm": 0.0, "grad_norm": 7.1529, "step": 170, "wall_s": 1862.3449}
{"answer": 2.1565, "answer_n": 6.0, "preserve": 0.1248, "preserve_n": 2.0, "retrieval": 0.431, "code_norm": 0.0, "grad_norm": 12.1728, "step": 180, "wall_s": 1957.4697}
{"answer": 1.9412, "answer_n": 6.0, "preserve": 0.0063, "preserve_n": 2.0, "retrieval": 0.4211, "code_norm": 0.0, "grad_norm": 8.6046, "step": 190, "wall_s": 2059.9044}
{"answer": 2.0065, "answer_n": 6.0, "preserve": 0.0016, "preserve_n": 2.0, "retrieval": 0.2466, "code_norm": 0.0, "grad_norm": 7.4607, "step": 200, "wall_s": 2227.0134}
{"answer": 1.5437, "answer_n": 6.0, "preserve": 0.0005, "preserve_n": 2.0, "retrieval": 0.5688, "code_norm": 0.0, "grad_norm": 12.407, "step": 210, "wall_s": 2327.8159}
{"answer": 2.6602, "answer_n": 6.0, "preserve": 0.0005, "preserve_n": 2.0, "retrieval": 0.3866, "code_norm": 0.0, "grad_norm": 18.0131, "step": 220, "wall_s": 2418.855}
{"answer": 2.015, "answer_n": 6.0, "preserve": 0.0019, "preserve_n": 2.0, "retrieval": 0.2023, "code_norm": 0.0, "grad_norm": 14.9133, "step": 230, "wall_s": 2518.9081}
{"answer": 2.0027, "answer_n": 6.0, "preserve": 0.0517, "preserve_n": 2.0, "retrieval": 0.6422, "code_norm": 0.0, "grad_norm": 8.6735, "step": 240, "wall_s": 2616.2944}
{"answer": 2.4506, "answer_n": 6.0, "preserve": 0.0007, "preserve_n": 2.0, "retrieval": 0.5647, "code_norm": 0.0, "grad_norm": 49.6657, "step": 250, "wall_s": 2788.6937}
{"answer": 2.4831, "answer_n": 6.0, "preserve": 0.011, "preserve_n": 2.0, "retrieval": 0.6862, "code_norm": 0.0, "grad_norm": 11.6372, "step": 260, "wall_s": 2879.2142}
{"answer": 2.0133, "answer_n": 6.0, "preserve": 0.0094, "preserve_n": 2.0, "retrieval": 0.1927, "code_norm": 0.0, "grad_norm": 6.5509, "step": 270, "wall_s": 2976.6482}
{"answer": 1.9014, "answer_n": 6.0, "preserve": 0.0006, "preserve_n": 2.0, "retrieval": 0.2904, "code_norm": 0.0, "grad_norm": 5.8177, "step": 280, "wall_s": 3073.8289}
{"answer": 1.8263, "answer_n": 6.0, "preserve": 0.0149, "preserve_n": 2.0, "retrieval": 0.2195, "code_norm": 0.0, "grad_norm": 6.6689, "step": 290, "wall_s": 3166.4032}
{"answer": 2.1301, "answer_n": 6.0, "preserve": 0.0182, "preserve_n": 2.0, "retrieval": 0.3926, "code_norm": 0.0, "grad_norm": 6.86, "step": 300, "wall_s": 3338.5988}
{"answer": 2.0439, "answer_n": 6.0, "preserve": 0.0006, "preserve_n": 2.0, "retrieval": 0.7285, "code_norm": 0.0, "grad_norm": 33.2916, "step": 310, "wall_s": 3433.833}
{"answer": 1.7736, "answer_n": 6.0, "preserve": 0.3723, "preserve_n": 2.0, "retrieval": 0.1774, "code_norm": 0.0, "grad_norm": 15.4302, "step": 320, "wall_s": 3535.005}
{"answer": 1.8423, "answer_n": 6.0, "preserve": 0.0759, "preserve_n": 2.0, "retrieval": 0.5248, "code_norm": 0.0, "grad_norm": 14.072, "step": 330, "wall_s": 3626.0138}
{"answer": 1.969, "answer_n": 6.0, "preserve": 0.0, "preserve_n": 2.0, "retrieval": 0.5207, "code_norm": 0.0, "grad_norm": 32.555, "step": 340, "wall_s": 3726.9951}
{"answer": 2.1092, "answer_n": 6.0, "preserve": 0.0004, "preserve_n": 2.0, "retrieval": 0.3275, "code_norm": 0.0, "grad_norm": 14.8268, "step": 350, "wall_s": 3895.7711}
{"answer": 1.7445, "answer_n": 6.0, "preserve": 0.0043, "preserve_n": 2.0, "retrieval": 0.3817, "code_norm": 0.0, "grad_norm": 15.1783, "step": 360, "wall_s": 3998.1681}
{"answer": 1.9805, "answer_n": 6.0, "preserve": 0.0045, "preserve_n": 2.0, "retrieval": 0.4119, "code_norm": 0.0, "grad_norm": 20.794, "step": 370, "wall_s": 4090.0982}
{"answer": 2.2275, "answer_n": 6.0, "preserve": 0.0129, "preserve_n": 2.0, "retrieval": 0.3417, "code_norm": 0.0, "grad_norm": 10.3926, "step": 380, "wall_s": 4189.0396}
{"answer": 2.0181, "answer_n": 6.0, "preserve": 0.0136, "preserve_n": 2.0, "retrieval": 0.0921, "code_norm": 0.0, "grad_norm": 10.3041, "step": 390, "wall_s": 4285.8064}
{"best_dev_answer": 3.270672887563706, "best_step": 399}
{"dev_before": {"answer": 8.026261160771051, "answer_n": 6.0, "preserve": 0.009146438376774313, "preserve_n": 2.0, "retrieval": 5.143715754151344, "code_norm": 0.0}, "dev_after": {"answer": 3.270672887563706, "answer_n": 6.0, "preserve": 0.06495520907901664, "preserve_n": 2.0, "retrieval": 0.910495568299666, "code_norm": 0.0}, "behavioural_dev": {"new_paraphrase": {"label_exact": 0.046875, "n": 64, "null_mass_mean": 0.01695854462249713, "top1_is_supporting_record": 0.453125, "unchanged_from_capoff": null}, "old_fact": {"label_exact": 0.0625, "n": 32, "null_mass_mean": 0.00646033476368757, "top1_is_supporting_record": 0.53125, "unchanged_from_capoff": null}, "near_miss": {"label_exact": 0.0, "n": 32, "null_mass_mean": 0.9808700103312731, "top1_is_supporting_record": 0.0, "unchanged_from_capoff": 1.0}, "unrelated": {"label_exact": 0.0, "n": 32, "null_mass_mean": 0.9821483120322227, "top1_is_supporting_record": 0.0, "unchanged_from_capoff": 1.0}}, "train_wall_s": 4445}
