{"bank": "loaded", "pool": "manifests/revision_v1/train_pool_counterfact_v1.json", "items": 1000, "bank_sha256": "d5a12325376825463a27737ac88f19d5a2712fc0d185805d48ffa3341d6a853b"}
{"bank": "loaded", "pool": "manifests/revision_v1/train_pool_zsre_v1.json", "items": 1000, "bank_sha256": "cde7997956394b99cb539e5e5f3df1395e7f28bc349834e74c42eab2ace71837"}
{"text_bank": 1536, "windows": 512, "source": "openwebtext training range [0, 50,001,920)"}
{"answer": 6.6367, "answer_n": 61.0, "preserve": 0.0048, "preserve_n": 16.0, "retrieval": 7.304, "code_norm": 0.0, "grad_norm": 167.3371, "step": 0, "wall_s": 25.5776}
{"answer": 3.7802, "answer_n": 47.0, "preserve": 0.0227, "preserve_n": 16.0, "retrieval": 0.7121, "code_norm": 0.0, "grad_norm": 70.9674, "step": 10, "wall_s": 92.4777}
{"answer": 3.8773, "answer_n": 42.0, "preserve": 0.1736, "preserve_n": 16.0, "retrieval": 0.6695, "code_norm": 0.0, "grad_norm": 97.1944, "step": 20, "wall_s": 140.2255}
{"answer": 3.6035, "answer_n": 52.0, "preserve": 0.0115, "preserve_n": 16.0, "retrieval": 0.3973, "code_norm": 0.0, "grad_norm": 170.0163, "step": 30, "wall_s": 164.4516}
{"answer": 3.4419, "answer_n": 41.0, "preserve": 0.0199, "preserve_n": 16.0, "retrieval": 0.3532, "code_norm": 0.0, "grad_norm": 280.1202, "step": 40, "wall_s": 180.11}
{"answer": 3.4896, "answer_n": 49.0, "preserve": 0.1883, "preserve_n": 16.0, "retrieval": 0.4353, "code_norm": 0.0, "grad_norm": 61.0887, "step": 50, "wall_s": 195.0453}
{"answer": 3.0419, "answer_n": 44.0, "preserve": 0.0385, "preserve_n": 16.0, "retrieval": 0.2784, "code_norm": 0.0, "grad_norm": 64.838, "step": 60, "wall_s": 209.7343}
{"answer": 3.1027, "answer_n": 44.0, "preserve": 0.0019, "preserve_n": 16.0, "retrieval": 0.3721, "code_norm": 0.0, "grad_norm": 158.8528, "step": 70, "wall_s": 224.0175}
{"answer": 2.8805, "answer_n": 42.0, "preserve": 0.1298, "preserve_n": 16.0, "retrieval": 0.2818, "code_norm": 0.0, "grad_norm": 72.6664, "step": 80, "wall_s": 226.002}
{"answer": 2.4867, "answer_n": 42.0, "preserve": 0.0606, "preserve_n": 16.0, "retrieval": 0.3073, "code_norm": 0.0, "grad_norm": 112.7648, "step": 90, "wall_s": 233.9637}
{"answer": 3.1652, "answer_n": 39.0, "preserve": 0.0041, "preserve_n": 16.0, "retrieval": 0.3774, "code_norm": 0.0, "grad_norm": 41.4109, "step": 100, "wall_s": 240.0441}
{"answer": 3.372, "answer_n": 56.0, "preserve": 0.0581, "preserve_n": 16.0, "retrieval": 0.2272, "code_norm": 0.0, "grad_norm": 88.1178, "step": 110, "wall_s": 245.224}
{"answer": 2.4934, "answer_n": 46.0, "preserve": 0.1292, "preserve_n": 16.0, "retrieval": 0.2534, "code_norm": 0.0, "grad_norm": 81.0507, "step": 120, "wall_s": 247.1157}
{"answer": 1.9886, "answer_n": 47.0, "preserve": 0.0213, "preserve_n": 16.0, "retrieval": 0.174, "code_norm": 0.0, "grad_norm": 51.69, "step": 130, "wall_s": 262.0377}
{"answer": 3.0565, "answer_n": 44.0, "preserve": 0.0021, "preserve_n": 16.0, "retrieval": 0.252, "code_norm": 0.0, "grad_norm": 102.3863, "step": 140, "wall_s": 270.4151}
{"answer": 2.3307, "answer_n": 47.0, "preserve": 0.0051, "preserve_n": 16.0, "retrieval": 0.2862, "code_norm": 0.0, "grad_norm": 54.7525, "step": 150, "wall_s": 272.8214}
{"answer": 3.0395, "answer_n": 48.0, "preserve": 0.0271, "preserve_n": 16.0, "retrieval": 0.3809, "code_norm": 0.0, "grad_norm": 73.4075, "step": 160, "wall_s": 274.7189}
{"answer": 3.1727, "answer_n": 51.0, "preserve": 0.1386, "preserve_n": 16.0, "retrieval": 0.3338, "code_norm": 0.0, "grad_norm": 78.349, "step": 170, "wall_s": 279.8336}
{"answer": 2.3008, "answer_n": 41.0, "preserve": 0.0466, "preserve_n": 16.0, "retrieval": 0.2883, "code_norm": 0.0, "grad_norm": 87.5362, "step": 180, "wall_s": 302.6275}
{"answer": 2.7775, "answer_n": 43.0, "preserve": 0.0021, "preserve_n": 16.0, "retrieval": 0.4056, "code_norm": 0.0, "grad_norm": 126.6334, "step": 190, "wall_s": 307.9157}
{"answer": 2.772, "answer_n": 49.0, "preserve": 0.0003, "preserve_n": 16.0, "retrieval": 0.1643, "code_norm": 0.0, "grad_norm": 84.8988, "step": 200, "wall_s": 310.2395}
{"answer": 2.9805, "answer_n": 38.0, "preserve": 0.0027, "preserve_n": 16.0, "retrieval": 0.4343, "code_norm": 0.0, "grad_norm": 77.8485, "step": 210, "wall_s": 312.1451}
{"answer": 3.7014, "answer_n": 52.0, "preserve": 0.029, "preserve_n": 16.0, "retrieval": 0.1563, "code_norm": 0.0, "grad_norm": 137.2981, "step": 220, "wall_s": 314.3607}
{"answer": 2.6054, "answer_n": 53.0, "preserve": 0.0002, "preserve_n": 16.0, "retrieval": 0.3136, "code_norm": 0.0, "grad_norm": 54.3894, "step": 230, "wall_s": 319.8482}
{"answer": 2.9097, "answer_n": 42.0, "preserve": 0.0034, "preserve_n": 16.0, "retrieval": 0.1356, "code_norm": 0.0, "grad_norm": 133.0521, "step": 240, "wall_s": 321.7948}
{"answer": 2.3196, "answer_n": 43.0, "preserve": 0.1016, "preserve_n": 16.0, "retrieval": 0.2373, "code_norm": 0.0, "grad_norm": 51.5799, "step": 250, "wall_s": 324.1961}
{"answer": 1.9519, "answer_n": 35.0, "preserve": 0.0077, "preserve_n": 16.0, "retrieval": 0.3376, "code_norm": 0.0, "grad_norm": 69.4267, "step": 260, "wall_s": 326.0651}
{"answer": 2.3215, "answer_n": 51.0, "preserve": 0.0014, "preserve_n": 16.0, "retrieval": 0.286, "code_norm": 0.0, "grad_norm": 166.6387, "step": 270, "wall_s": 327.9963}
{"answer": 2.9905, "answer_n": 48.0, "preserve": 0.0718, "preserve_n": 16.0, "retrieval": 0.2375, "code_norm": 0.0, "grad_norm": 119.7482, "step": 280, "wall_s": 329.8802}
{"answer": 2.1796, "answer_n": 48.0, "preserve": 0.021, "preserve_n": 16.0, "retrieval": 0.1729, "code_norm": 0.0, "grad_norm": 69.0249, "step": 290, "wall_s": 331.7331}
{"dev_before": {"answer": 6.700795473560454, "answer_n": 48.333333333333336, "preserve": 0.008516968601422073, "preserve_n": 15.999999999999998, "retrieval": 7.34570821126302, "code_norm": 0.0}, "dev_after_best": {"answer": 3.4844570368055314, "answer_n": 48.333333333333336, "preserve": 0.014604159446245527, "preserve_n": 15.999999999999998, "retrieval": 0.26475270589192706, "code_norm": 0.0}, "best_step": 149, "train_wall_s": 339}
