{"status": "PASS", "unique_files_hashed": 6160}
PASS PC-v0: 0
PASS PC-v0 harm: 0
PASS PC-v1: 0
PASS PC-v1 harm: 0
PASS depth/random controls: 0
PASS matched control: 0
PASS AW-B: 0
PASS PC-reader: 0
PASS Option R: 0
PASS AW-L: 0
PASS HT-17: 0
PASS rehearsal deck: 0
PASS results/additional_work/PC-reader/profile-bp-s0: 0
PASS results/additional_work/PC-reader/profile-epc-s0: 0
PASS results/additional_work/PC-v0/dev-profile-20260927: 0
PASS results/additional_work/PC-v0/dev-profile-k1-20260928: 0
PASS results/additional_work/PC-v0/dev-profile-k32-20260928: 0
PASS results/additional_work/PC-v1/profile-20260927: 0
PASS results/additional_work/PC-v1/profile-k32-20260929: 0
PASS results/additional_work/PC-v1/profile-lr0.05-20260929: 0
PASS results/additional_work/PC-v1/profile-lr0.2-20260929: 0
PASS results/additional_work/PC-v1/replication-4-20260927: 0
PASS results/additional_work/PC-v1/replication-4-k32-20260929: 0
PASS results/additional_work/PC-v1/replication-4-lr0.05-20260929: 0
PASS results/additional_work/PC-v1/replication-4-lr0.2-20260929: 0
{"output": "/home/derp/cap/pc_cap/logs/additional_work/reproductions/round63-verified/audit/X26", "counts": {"metadata": 817, "ledger_candidate": 471, "identifier": 167, "report_candidate": 115, "unmatched": 3, "verified_slot": 76}, "issues": []}
