Admitted 303 cells; 0 reader cells pending
Analyzed 1/303: stage4/counterfact/R1_learned_ff/0/100/None
Analyzed 11/303: stage4/counterfact/R1_learned_ff/2/100/None
Analyzed 21/303: stage4/zsre/R1_learned_ff/1/100/None
Analyzed 31/303: stage4/counterfact/R1_nonlearned/0/100/None
Analyzed 41/303: stage4/counterfact/R1_nonlearned/2/100/None
Analyzed 51/303: stage4/zsre/R1_nonlearned/1/100/None
Analyzed 61/303: stage4/counterfact/S1_LM/0/100/None
Analyzed 71/303: stage4/counterfact/S1_LM/2/100/None
Analyzed 81/303: stage4/zsre/S1_LM/1/100/None
Analyzed 91/303: stage4/zsre/S1_literal/0/100/None
Analyzed 101/303: stage4/zsre/S1_literal/2/100/None
Analyzed 111/303: stage4/counterfact/matched_update/1/100/None
Analyzed 121/303: stage4/zsre/matched_update/0/100/None
Analyzed 131/303: stage4/zsre/matched_update/2/100/None
Analyzed 141/303: stage4/counterfact/v0_live_C1/1/100/None
Analyzed 151/303: stage4/zsre/v0_live_C1/0/100/None
Analyzed 161/303: stage4/zsre/v0_live_C1/2/100/None
Analyzed 171/303: stage4/counterfact/v0_live_C2/1/100/None
Analyzed 181/303: stage4/zsre/v0_live_C2/0/100/None
Analyzed 191/303: stage4/zsre/v0_live_C2/2/100/None
Analyzed 201/303: stage4/counterfact/v0_stable/1/100/None
Analyzed 211/303: stage4/zsre/v0_stable/0/100/None
Analyzed 221/303: stage4/zsre/v0_stable/2/100/None
Analyzed 231/303: AW-B/counterfact/v5/0/101/None
Analyzed 241/303: AW-B/zsre/capoff/0/100/None
Analyzed 251/303: AW-B/zsre/mixture:0.367879/0/103/None
Analyzed 261/303: PC-reader/counterfact/bp/0/100/2
Analyzed 271/303: kappa-pilot/zsre/ordinary/None/21/1
Analyzed 281/303: kappa-pilot/counterfact/kappa02/None/21/1
Analyzed 291/303: kappa-pilot/mquake/kappa05/None/21/1
Analyzed 301/303: kappa-pilot/zsre/clip2/None/21/2
{"cells": 303, "wall_seconds": 88.70742547395639, "output": "/home/derp/cap/pc_cap/logs/additional_work/reproductions/round63-verified/ht17", "code_sha256": "c35a654e1c49808d099df1bde9e35c50a4a61b285a443b1c3bd686c111ab1055"}
