{
  "status": "prepared_not_applied",
  "max_ratio": 1.6569249018106988,
  "scenarios": {
    "boundary": "historical end of block 1; not current live spend",
    "completed_cells": 45,
    "remaining_cells": 285,
    "actual_block1_process_hours": 46.80529544058245,
    "remaining_all_cell_ceilings_old_total_hours": 619.8478347548922,
    "remaining_all_cell_ceilings_proposed_total_hours": 893.9116579052143,
    "proposed_headroom_to_750_hours": -143.91165790521427,
    "targeted_two_classes_total_hours": 639.9161423139349,
    "targeted_alternative_scope": "30 cells total / 20 after block 1; NOT the requested all-full-validation proposal",
    "fresh_matrix_all_proposed_ceiling_hours": 956.3755678385634,
    "shared_cap_process_hours": 750,
    "interpretation": "ceiling reservations, not expected or measured runtime; no guarantee all cells finish under the unchanged cap"
  },
  "proposal": {
    "path": "/home/derp/cap/pc_cap/docs/tasks/R1-final-queue-bindings-v2.json",
    "sha256": "0150193d7469fb07892de5d871576f39e4b7e574c7712a802b259b50fbb6a57c"
  }
}
