Admitted 301 cells; 2 reader cells pending
Analyzed 1/301: stage4/counterfact/R1_learned_ff/0/100/None
Analyzed 11/301: stage4/counterfact/R1_learned_ff/2/100/None
Analyzed 21/301: stage4/zsre/R1_learned_ff/1/100/None
Analyzed 31/301: stage4/counterfact/R1_nonlearned/0/100/None
Analyzed 41/301: stage4/counterfact/R1_nonlearned/2/100/None
Analyzed 51/301: stage4/zsre/R1_nonlearned/1/100/None
Analyzed 61/301: stage4/counterfact/S1_LM/0/100/None
Analyzed 71/301: stage4/counterfact/S1_LM/2/100/None
Analyzed 81/301: stage4/zsre/S1_LM/1/100/None
Analyzed 91/301: stage4/zsre/S1_literal/0/100/None
Analyzed 101/301: stage4/zsre/S1_literal/2/100/None
Analyzed 111/301: stage4/counterfact/matched_update/1/100/None
Analyzed 121/301: stage4/zsre/matched_update/0/100/None
Analyzed 131/301: stage4/zsre/matched_update/2/100/None
Analyzed 141/301: stage4/counterfact/v0_live_C1/1/100/None
Analyzed 151/301: stage4/zsre/v0_live_C1/0/100/None
Analyzed 161/301: stage4/zsre/v0_live_C1/2/100/None
Analyzed 171/301: stage4/counterfact/v0_live_C2/1/100/None
Analyzed 181/301: stage4/zsre/v0_live_C2/0/100/None
Analyzed 191/301: stage4/zsre/v0_live_C2/2/100/None
Analyzed 201/301: stage4/counterfact/v0_stable/1/100/None
Analyzed 211/301: stage4/zsre/v0_stable/0/100/None
Analyzed 221/301: stage4/zsre/v0_stable/2/100/None
Analyzed 231/301: AW-B/counterfact/v5/0/101/None
Analyzed 241/301: AW-B/zsre/capoff/0/100/None
Analyzed 251/301: AW-B/zsre/mixture:0.367879/0/103/None
Analyzed 261/301: PC-reader/counterfact/bp/0/100/2
Analyzed 271/301: kappa-pilot/mquake/ordinary/None/21/1
Analyzed 281/301: kappa-pilot/zsre/kappa02/None/21/2
Analyzed 291/301: kappa-pilot/counterfact/kappa05/None/21/2
Analyzed 301/301: kappa-pilot/mquake/clip2/None/21/2
{"cells": 301, "wall_seconds": 89.87112651905045, "output": "/home/derp/cap/pc_cap/logs/additional_work/reproductions/round61-verified/ht17", "code_sha256": "c35a654e1c49808d099df1bde9e35c50a4a61b285a443b1c3bd686c111ab1055"}
