{"split": "train", "episodes": 8, "skipped": 0}
{"split": "dev", "episodes": 16, "skipped": 0}
{"answer": 7.5223, "answer_n": 6.0, "preserve": 0.0056, "preserve_n": 2.0, "retrieval": 1.978, "code_norm": 0.0, "grad_norm": 27.566, "step": 0, "wall_s": 8.6988}
{"answer": 4.3784, "answer_n": 6.0, "preserve": 0.141, "preserve_n": 2.0, "retrieval": 1.4442, "code_norm": 0.0, "grad_norm": 107.3902, "step": 10, "wall_s": 86.3873}
{"answer": 2.2333, "answer_n": 6.0, "preserve": 0.0672, "preserve_n": 2.0, "retrieval": 1.0879, "code_norm": 0.0, "grad_norm": 29.9318, "step": 20, "wall_s": 176.7804}
{"answer": 3.2402, "answer_n": 6.0, "preserve": 0.0892, "preserve_n": 2.0, "retrieval": 0.6761, "code_norm": 0.0, "grad_norm": 20.6754, "step": 30, "wall_s": 266.5788}
{"answer": 2.5791, "answer_n": 6.0, "preserve": 0.0578, "preserve_n": 2.0, "retrieval": 0.7771, "code_norm": 0.0, "grad_norm": 27.9575, "step": 40, "wall_s": 364.9781}
{"answer": 2.657, "answer_n": 6.0, "preserve": 0.0455, "preserve_n": 2.0, "retrieval": 0.7759, "code_norm": 0.0, "grad_norm": 23.1628, "step": 50, "wall_s": 496.4804}
{"answer": 2.1916, "answer_n": 6.0, "preserve": 0.3864, "preserve_n": 2.0, "retrieval": 0.4597, "code_norm": 0.0, "grad_norm": 91.9439, "step": 60, "wall_s": 602.8971}
{"answer": 2.7168, "answer_n": 6.0, "preserve": 0.2906, "preserve_n": 2.0, "retrieval": 0.4977, "code_norm": 0.0, "grad_norm": 38.8784, "step": 70, "wall_s": 701.6695}
{"answer": 2.5444, "answer_n": 6.0, "preserve": 0.2471, "preserve_n": 2.0, "retrieval": 0.7315, "code_norm": 0.0, "grad_norm": 103.3344, "step": 80, "wall_s": 808.7156}
{"answer": 1.5211, "answer_n": 6.0, "preserve": 0.0051, "preserve_n": 2.0, "retrieval": 0.9632, "code_norm": 0.0, "grad_norm": 113.4064, "step": 90, "wall_s": 907.1206}
{"answer": 2.452, "answer_n": 6.0, "preserve": 0.2486, "preserve_n": 2.0, "retrieval": 0.6916, "code_norm": 0.0, "grad_norm": 28.1544, "step": 100, "wall_s": 1057.1273}
{"answer": 1.8427, "answer_n": 6.0, "preserve": 0.2761, "preserve_n": 2.0, "retrieval": 0.3507, "code_norm": 0.0, "grad_norm": 15.383, "step": 110, "wall_s": 1154.9727}
{"answer": 2.2558, "answer_n": 6.0, "preserve": 0.0, "preserve_n": 2.0, "retrieval": 0.6217, "code_norm": 0.0, "grad_norm": 16.6508, "step": 120, "wall_s": 1263.4789}
{"answer": 2.9012, "answer_n": 6.0, "preserve": 0.0002, "preserve_n": 2.0, "retrieval": 0.2876, "code_norm": 0.0, "grad_norm": 15.9135, "step": 130, "wall_s": 1361.0068}
{"answer": 1.4475, "answer_n": 6.0, "preserve": 0.0001, "preserve_n": 2.0, "retrieval": 0.5565, "code_norm": 0.0, "grad_norm": 12.223, "step": 140, "wall_s": 1464.3379}
{"answer": 2.1271, "answer_n": 6.0, "preserve": 0.0001, "preserve_n": 2.0, "retrieval": 0.5312, "code_norm": 0.0, "grad_norm": 30.9393, "step": 150, "wall_s": 1606.7726}
{"answer": 1.9671, "answer_n": 6.0, "preserve": 0.1798, "preserve_n": 2.0, "retrieval": 0.7547, "code_norm": 0.0, "grad_norm": 37.2199, "step": 160, "wall_s": 1712.8943}
{"answer": 2.4461, "answer_n": 6.0, "preserve": 0.0052, "preserve_n": 2.0, "retrieval": 0.3887, "code_norm": 0.0, "grad_norm": 13.1285, "step": 170, "wall_s": 1813.0742}
{"answer": 2.5183, "answer_n": 6.0, "preserve": -0.0, "preserve_n": 2.0, "retrieval": 0.4725, "code_norm": 0.0, "grad_norm": 16.4261, "step": 180, "wall_s": 1915.8724}
{"answer": 1.0883, "answer_n": 6.0, "preserve": 0.2971, "preserve_n": 2.0, "retrieval": 0.613, "code_norm": 0.0, "grad_norm": 26.9868, "step": 190, "wall_s": 2020.5836}
{"answer": 1.7585, "answer_n": 6.0, "preserve": 0.0, "preserve_n": 2.0, "retrieval": 0.0391, "code_norm": 0.0, "grad_norm": 15.719, "step": 200, "wall_s": 2164.6564}
{"answer": 2.1248, "answer_n": 6.0, "preserve": -0.0, "preserve_n": 2.0, "retrieval": 0.0269, "code_norm": 0.0, "grad_norm": 17.8093, "step": 210, "wall_s": 2267.8935}
{"answer": 2.2991, "answer_n": 6.0, "preserve": 0.0241, "preserve_n": 2.0, "retrieval": 0.4414, "code_norm": 0.0, "grad_norm": 40.3987, "step": 220, "wall_s": 2369.7305}
{"answer": 1.9068, "answer_n": 6.0, "preserve": 0.0002, "preserve_n": 2.0, "retrieval": 0.4491, "code_norm": 0.0, "grad_norm": 12.6896, "step": 230, "wall_s": 2476.1206}
{"answer": 2.0687, "answer_n": 6.0, "preserve": 0.0, "preserve_n": 2.0, "retrieval": 0.2601, "code_norm": 0.0, "grad_norm": 32.5638, "step": 240, "wall_s": 2573.7436}
{"answer": 0.9739, "answer_n": 6.0, "preserve": 0.0014, "preserve_n": 2.0, "retrieval": 0.1189, "code_norm": 0.0, "grad_norm": 10.4616, "step": 250, "wall_s": 2720.3946}
{"answer": 2.0085, "answer_n": 6.0, "preserve": 0.0, "preserve_n": 2.0, "retrieval": 0.4947, "code_norm": 0.0, "grad_norm": 32.2687, "step": 260, "wall_s": 2819.2146}
{"answer": 2.1145, "answer_n": 6.0, "preserve": 0.0003, "preserve_n": 2.0, "retrieval": 0.3257, "code_norm": 0.0, "grad_norm": 45.0409, "step": 270, "wall_s": 2927.2457}
{"answer": 1.4568, "answer_n": 6.0, "preserve": 0.1666, "preserve_n": 2.0, "retrieval": 0.5483, "code_norm": 0.0, "grad_norm": 19.3295, "step": 280, "wall_s": 3013.9171}
{"answer": 1.8061, "answer_n": 6.0, "preserve": 0.0512, "preserve_n": 2.0, "retrieval": 0.6121, "code_norm": 0.0, "grad_norm": 18.9367, "step": 290, "wall_s": 3108.0648}
{"answer": 1.4356, "answer_n": 6.0, "preserve": 0.0, "preserve_n": 2.0, "retrieval": 0.277, "code_norm": 0.0, "grad_norm": 31.4196, "step": 300, "wall_s": 3235.4124}
{"answer": 1.2745, "answer_n": 6.0, "preserve": 0.0011, "preserve_n": 2.0, "retrieval": 0.414, "code_norm": 0.0, "grad_norm": 26.0912, "step": 310, "wall_s": 3342.8219}
{"answer": 1.5993, "answer_n": 6.0, "preserve": 0.0003, "preserve_n": 2.0, "retrieval": 0.2677, "code_norm": 0.0, "grad_norm": 39.4665, "step": 320, "wall_s": 3440.7074}
{"answer": 1.3407, "answer_n": 6.0, "preserve": 0.0, "preserve_n": 2.0, "retrieval": 0.1139, "code_norm": 0.0, "grad_norm": 14.9391, "step": 330, "wall_s": 3546.296}
{"answer": 1.3779, "answer_n": 6.0, "preserve": 0.0, "preserve_n": 2.0, "retrieval": 0.1219, "code_norm": 0.0, "grad_norm": 25.0306, "step": 340, "wall_s": 3644.4812}
{"answer": 1.4726, "answer_n": 6.0, "preserve": 0.202, "preserve_n": 2.0, "retrieval": 0.5564, "code_norm": 0.0, "grad_norm": 17.7169, "step": 350, "wall_s": 3791.4174}
{"answer": 0.6724, "answer_n": 6.0, "preserve": 0.1298, "preserve_n": 2.0, "retrieval": 0.2481, "code_norm": 0.0, "grad_norm": 15.6981, "step": 360, "wall_s": 3887.8889}
{"answer": 1.2937, "answer_n": 6.0, "preserve": 0.2683, "preserve_n": 2.0, "retrieval": 0.3361, "code_norm": 0.0, "grad_norm": 27.9789, "step": 370, "wall_s": 3991.8974}
{"answer": 0.6714, "answer_n": 6.0, "preserve": 0.0953, "preserve_n": 2.0, "retrieval": 0.3042, "code_norm": 0.0, "grad_norm": 18.082, "step": 380, "wall_s": 4091.1482}
{"answer": 1.2545, "answer_n": 6.0, "preserve": 0.3823, "preserve_n": 2.0, "retrieval": 0.6473, "code_norm": 0.0, "grad_norm": 38.6181, "step": 390, "wall_s": 4193.1425}
{"best_dev_answer": 2.213222761948903, "best_step": 99}
{"dev_before": {"answer": 6.546810646851857, "answer_n": 6.0, "preserve": 0.005232197661825921, "preserve_n": 2.0, "retrieval": 1.936887688934803, "code_norm": 0.0}, "dev_after": {"answer": 2.213222761948903, "answer_n": 6.0, "preserve": 0.10505112830482943, "preserve_n": 2.0, "retrieval": 1.1701293122023344, "code_norm": 0.0}, "behavioural_dev": {"new_paraphrase": {"label_exact": 0.1875, "n": 32, "null_mass_mean": 0.01491214364656912, "unchanged_from_capoff": null}, "old_fact": {"label_exact": 0.0, "n": 16, "null_mass_mean": 0.01468341650252114, "unchanged_from_capoff": null}, "near_miss": {"label_exact": 0.0, "n": 16, "null_mass_mean": 0.8128029755316675, "unchanged_from_capoff": 0.8125}, "unrelated": {"label_exact": 0.0, "n": 16, "null_mass_mean": 0.9246765039861202, "unchanged_from_capoff": 1.0}}, "train_wall_s": 4324}
