2026-10-10T20:10:29Z start assemble
{"scores": 99190, "generations": 48620, "paired": 7626, "models": ["bp_reader_s0", "bp_reader_s1", "bp_reader_s2", "epc_reader_s0", "epc_reader_s1", "epc_reader_s2", "frozen"], "benchmark_rows": 42}
2026-10-10T20:10:34Z end assemble exit 0
2026-10-10T20:10:34Z start paired
{"gains": 936, "cvar": 546, "deciles": 380, "regressions": 702, "correlations": 468, "joint": 36, "sequential": 18}
2026-10-10T20:12:17Z end paired exit 0
2026-10-10T20:12:17Z start cap_value
/home/derp/cap/venv/lib64/python3.12/site-packages/numpy/lib/_nanfunctions_impl.py:1593: RuntimeWarning: All-NaN slice encountered
  return fnb._ureduce(a,
/home/derp/cap/venv/lib64/python3.12/site-packages/numpy/lib/_nanfunctions_impl.py:1593: RuntimeWarning: All-NaN slice encountered
  return fnb._ureduce(a,
/home/derp/cap/venv/lib64/python3.12/site-packages/numpy/lib/_nanfunctions_impl.py:1593: RuntimeWarning: All-NaN slice encountered
  return fnb._ureduce(a,
/home/derp/cap/venv/lib64/python3.12/site-packages/numpy/lib/_nanfunctions_impl.py:1593: RuntimeWarning: All-NaN slice encountered
  return fnb._ureduce(a,
/home/derp/cap/venv/lib64/python3.12/site-packages/numpy/lib/_nanfunctions_impl.py:1593: RuntimeWarning: All-NaN slice encountered
  return fnb._ureduce(a,
/home/derp/cap/venv/lib64/python3.12/site-packages/numpy/lib/_nanfunctions_impl.py:1593: RuntimeWarning: All-NaN slice encountered
  return fnb._ureduce(a,
{"denominator_audit_probes": 364, "denominator_audit_record": 42, "basic_performance": 54, "improvements": 424, "extremes_own_worst": 324, "extremes_frozen_hardest": 648, "deciles_actual_loss": 2160, "token_tails_common_thresholds": 162, "collateral_vs_frozen": 96, "collateral_worst_cases": 57, "harm_unrelated_text": 18, "gating_failures": 72, "support_matrix": 14}
2026-10-10T20:14:32Z end cap_value exit 0
