2026-10-09T22:34:43Z start assemble
{"scores": 65230, "generations": 33140, "paired": 7626, "models": ["bp_reader_s0", "bp_reader_s1", "bp_reader_s2", "epc_reader_s0", "epc_reader_s1", "epc_reader_s2", "frozen"], "benchmark_rows": 30}
2026-10-09T22:34:47Z end assemble exit 0
2026-10-09T22:34:47Z start paired
Traceback (most recent call last):
  File "<frozen runpy>", line 198, in _run_module_as_main
  File "<frozen runpy>", line 88, in _run_code
  File "/home/derp/cap/pc_cap/aw/extremes/paired.py", line 263, in <module>
    main()
  File "/home/derp/cap/pc_cap/aw/extremes/paired.py", line 245, in main
    worst += [dict(dataset=ds, family=fam, target=tgt, **r) for r in ww]
              ^^^^^^^^^^^^^^^^^^^^^^^^^^^^^^^^^^^^^^^^^^^^^
TypeError: dict() got multiple values for keyword argument 'family'
2026-10-09T22:34:49Z end paired exit 0
2026-10-09T22:34:49Z start tails
{"ht17_cells": 12, "all_equal": true, "mquake_rows": 0, "probe_fits": 648, "frozen_text": {"n": 245237, "missing": 0, "mean": 4.08007681304953, "sd": 3.2044768071696383, "median": 3.467867299509205, "iqr": 4.695329881894207, "p90": 8.603983087077133, "p95": 10.128948134895172, "p99": 13.01394329250421, "max": 30.101820879057627, "min": 2.50813110579513e-07, "cvar95": 11.899895990888675}}
2026-10-09T22:35:25Z end tails exit 0
2026-10-09T22:35:25Z start datasets
{"zsre": {"eligible": 10420, "reader_train": 1000, "sealed_r0": 1000, "pcr_r0_300": 300, "sealed_r1": 1000, "sealed_r2": 1000}, "counterfact": {"eligible": 20091, "reader_train": 1000, "sealed_r0": 1000, "pcr_r0_300": 300, "sealed_r1": 1000, "sealed_r2": 1000}, "mquake": {"eligible": 6043, "reader_train": 500, "sealed_r0": 300, "pcr_r0_300": 300, "sealed_r1": 300, "sealed_r2": 300}}
zsre overlap ids/subjects 0 0 {'subject': 0.6931, 'target_new': 0.4884}
counterfact overlap ids/subjects 0 0 {'relation_id': 0.0064, 'subject': 0.6931, 'target_new': 0.129, 'target_true': 0.1289}
mquake overlap ids/subjects 0 0 {'relation_id': 0.024, 'subject': 0.6931, 'target_new': 0.4045, 'target_true': 0.3032}
2026-10-09T22:35:27Z end datasets exit 0
2026-10-09T22:35:27Z start nelson
{"tests": {"point_mass_zero": true, "shannon_at_zero": true, "uniform_closed_form": true, "convergence_to_shannon": true, "rejects_unnormalized": true}, "profiles": 60, "scale_checks": 6, "identity_all": true}
2026-10-09T22:35:28Z end nelson exit 0
2026-10-09T22:35:28Z start figures
/home/derp/cap/pc_cap/aw/extremes/figures.py:191: UserWarning: No artists with labels found to put in legend.  Note that artists whose label start with an underscore are ignored when legend() is called with no argument.
  ax.set_title(f"{ds} (245,237 positions per cell)"); ax.set_xlabel("harm threshold (nats)"); ax.set_ylabel("fraction of positions above"); ax.legend(fontsize=6)
{"rank_frequency": "Rank-frequency (log-log) of relation, ne", "frozen_surprisal": "Frozen GPT-2 small: teacher-forced per-t", "fig_deciles": "FAILED: EmptyDataError('No columns to parse from file')", "fig_cvar": "FAILED: EmptyDataError('No columns to parse from file')", "paired_pc_minus_bp": "Paired per-probe differences of per-toke", "write_norms": "Relative write magnitude (||W_m|| / ||h_", "harm_survival_pcreader": "Ordinary-text harm (loss with cap minus "}
2026-10-09T22:35:31Z end figures exit 0
2026-10-09T22:35:31Z start report
{"md": "/home/derp/cap/pc_cap/results/extremes_analysis/ext-20261009/reports/research_report.md", "pdf": "ok", "words": 9931}
2026-10-09T22:35:33Z end report exit 0
