2026-10-09T22:08:04Z chain start
2026-10-09T22:08:04Z start score frozen zsre 
{"status": "complete", "n_probes": 1350, "seconds": 16.984112926998932}
2026-10-09T22:08:21Z end score frozen zsre  exit 0
2026-10-09T22:08:21Z start score frozen counterfact 
{"status": "complete", "n_probes": 2300, "seconds": 67.70454161200178}
2026-10-09T22:09:30Z end score frozen counterfact  exit 0
2026-10-09T22:09:30Z start score frozen mquake 
{"status": "complete", "n_probes": 1890, "seconds": 49.49031230399851}
2026-10-09T22:10:20Z end score frozen mquake  exit 0
2026-10-09T22:10:20Z start score bp_reader_s0 zsre 300
{"status": "complete", "n_probes": 1350, "seconds": 49.467885214999114}
2026-10-09T22:11:10Z end score bp_reader_s0 zsre 300 exit 0
2026-10-09T22:11:10Z start score bp_reader_s1 zsre 300
{"status": "complete", "n_probes": 1350, "seconds": 49.86835158699978}
2026-10-09T22:12:00Z end score bp_reader_s1 zsre 300 exit 0
2026-10-09T22:12:00Z start score bp_reader_s2 zsre 300
{"status": "complete", "n_probes": 1350, "seconds": 49.85936268899968}
2026-10-09T22:12:51Z end score bp_reader_s2 zsre 300 exit 0
2026-10-09T22:12:51Z start score epc_reader_s0 zsre 300
{"status": "complete", "n_probes": 1350, "seconds": 48.75594135099891}
2026-10-09T22:13:40Z end score epc_reader_s0 zsre 300 exit 0
2026-10-09T22:13:40Z start score epc_reader_s1 zsre 300
{"status": "complete", "n_probes": 1350, "seconds": 49.01697410199995}
2026-10-09T22:14:29Z end score epc_reader_s1 zsre 300 exit 0
2026-10-09T22:14:29Z start score epc_reader_s2 zsre 300
{"status": "complete", "n_probes": 1350, "seconds": 49.925694837002084}
2026-10-09T22:15:20Z end score epc_reader_s2 zsre 300 exit 0
2026-10-09T22:15:20Z start score bp_reader_s0 zsre 100
{"status": "complete", "n_probes": 1350, "seconds": 31.566068739997718}
2026-10-09T22:15:52Z end score bp_reader_s0 zsre 100 exit 0
2026-10-09T22:15:52Z start score bp_reader_s1 zsre 100
{"status": "complete", "n_probes": 1350, "seconds": 32.92051335400174}
2026-10-09T22:16:26Z end score bp_reader_s1 zsre 100 exit 0
2026-10-09T22:16:26Z start score bp_reader_s2 zsre 100
{"status": "complete", "n_probes": 1350, "seconds": 32.054863360001036}
2026-10-09T22:16:58Z end score bp_reader_s2 zsre 100 exit 0
2026-10-09T22:16:58Z start score epc_reader_s0 zsre 100
{"status": "complete", "n_probes": 1350, "seconds": 30.80353609300073}
2026-10-09T22:17:30Z end score epc_reader_s0 zsre 100 exit 0
2026-10-09T22:17:30Z start score epc_reader_s1 zsre 100
{"status": "complete", "n_probes": 1350, "seconds": 31.450584273999993}
2026-10-09T22:18:02Z end score epc_reader_s1 zsre 100 exit 0
2026-10-09T22:18:02Z start score epc_reader_s2 zsre 100
{"status": "complete", "n_probes": 1350, "seconds": 31.576689965000696}
2026-10-09T22:18:34Z end score epc_reader_s2 zsre 100 exit 0
2026-10-09T22:18:34Z start score bp_reader_s0 counterfact 300
{"status": "complete", "n_probes": 2300, "seconds": 78.48604830000113}
2026-10-09T22:19:53Z end score bp_reader_s0 counterfact 300 exit 0
2026-10-09T22:19:53Z start score bp_reader_s1 counterfact 300
{"status": "complete", "n_probes": 2300, "seconds": 78.41337202400246}
2026-10-09T22:21:12Z end score bp_reader_s1 counterfact 300 exit 0
2026-10-09T22:21:12Z start score bp_reader_s2 counterfact 300
{"status": "complete", "n_probes": 2300, "seconds": 77.5816070969995}
2026-10-09T22:22:30Z end score bp_reader_s2 counterfact 300 exit 0
2026-10-09T22:22:30Z start score epc_reader_s0 counterfact 300
{"status": "complete", "n_probes": 2300, "seconds": 81.98409427799925}
2026-10-09T22:23:53Z end score epc_reader_s0 counterfact 300 exit 0
2026-10-09T22:23:53Z start score epc_reader_s1 counterfact 300
{"status": "complete", "n_probes": 2300, "seconds": 79.0168915059985}
2026-10-09T22:25:12Z end score epc_reader_s1 counterfact 300 exit 0
2026-10-09T22:25:12Z start score epc_reader_s2 counterfact 300
{"status": "complete", "n_probes": 2300, "seconds": 82.34398340700136}
2026-10-09T22:26:35Z end score epc_reader_s2 counterfact 300 exit 0
2026-10-09T22:26:35Z start score bp_reader_s0 counterfact 100
{"status": "complete", "n_probes": 2300, "seconds": 79.18775778499912}
2026-10-09T22:27:55Z end score bp_reader_s0 counterfact 100 exit 0
2026-10-09T22:27:55Z start score bp_reader_s1 counterfact 100
{"status": "complete", "n_probes": 2300, "seconds": 78.26807383300184}
2026-10-09T22:29:14Z end score bp_reader_s1 counterfact 100 exit 0
2026-10-09T22:29:14Z start score bp_reader_s2 counterfact 100
{"status": "complete", "n_probes": 2300, "seconds": 78.07413739299955}
2026-10-09T22:30:33Z end score bp_reader_s2 counterfact 100 exit 0
2026-10-09T22:30:33Z start score epc_reader_s0 counterfact 100
{"status": "complete", "n_probes": 2300, "seconds": 80.79409236299762}
2026-10-09T22:31:54Z end score epc_reader_s0 counterfact 100 exit 0
2026-10-09T22:31:54Z start score epc_reader_s1 counterfact 100
{"status": "complete", "n_probes": 2300, "seconds": 78.94689202899826}
2026-10-09T22:33:14Z end score epc_reader_s1 counterfact 100 exit 0
2026-10-09T22:33:14Z start score epc_reader_s2 counterfact 100
{"status": "complete", "n_probes": 2300, "seconds": 80.05217452600118}
2026-10-09T22:34:34Z end score epc_reader_s2 counterfact 100 exit 0
2026-10-09T22:34:34Z start mquake_eval bp 0
Traceback (most recent call last):
  File "<frozen runpy>", line 198, in _run_module_as_main
  File "<frozen runpy>", line 88, in _run_code
  File "/home/derp/cap/pc_cap/aw/extremes/mquake_eval.py", line 118, in <module>
    main()
  File "/home/derp/cap/pc_cap/aw/extremes/mquake_eval.py", line 93, in main
    reader = InterfacePositionBatchReader(adapter, batch_size=a.batch_size, guard=memory_guard,
             ^^^^^^^^^^^^^^^^^^^^^^^^^^^^^^^^^^^^^^^^^^^^^^^^^^^^^^^^^^^^^^^^^^^^^^^^^^^^^^^^^^
  File "/home/derp/cap/pc_cap/aw/interface_readout.py", line 29, in __init__
    raise ValueError("batch_size must be an integer in [1,32]")
ValueError: batch_size must be an integer in [1,32]
2026-10-09T22:44:44Z end mquake_eval bp 0 exit 1
2026-10-09T22:44:44Z start mquake_eval epc 0
2026-10-09T22:46:20Z chain start
2026-10-09T22:46:20Z skip score frozen zsre 
2026-10-09T22:46:20Z skip score frozen counterfact 
2026-10-09T22:46:20Z skip score frozen mquake 
2026-10-09T22:46:20Z skip score bp_reader_s0 zsre 300
2026-10-09T22:46:20Z skip score bp_reader_s1 zsre 300
2026-10-09T22:46:20Z skip score bp_reader_s2 zsre 300
2026-10-09T22:46:20Z skip score epc_reader_s0 zsre 300
2026-10-09T22:46:20Z skip score epc_reader_s1 zsre 300
2026-10-09T22:46:20Z skip score epc_reader_s2 zsre 300
2026-10-09T22:46:20Z skip score bp_reader_s0 zsre 100
2026-10-09T22:46:20Z skip score bp_reader_s1 zsre 100
2026-10-09T22:46:20Z skip score bp_reader_s2 zsre 100
2026-10-09T22:46:20Z skip score epc_reader_s0 zsre 100
2026-10-09T22:46:20Z skip score epc_reader_s1 zsre 100
2026-10-09T22:46:20Z skip score epc_reader_s2 zsre 100
2026-10-09T22:46:20Z skip score bp_reader_s0 counterfact 300
2026-10-09T22:46:20Z skip score bp_reader_s1 counterfact 300
2026-10-09T22:46:20Z skip score bp_reader_s2 counterfact 300
2026-10-09T22:46:20Z skip score epc_reader_s0 counterfact 300
2026-10-09T22:46:20Z skip score epc_reader_s1 counterfact 300
2026-10-09T22:46:20Z skip score epc_reader_s2 counterfact 300
2026-10-09T22:46:20Z skip score bp_reader_s0 counterfact 100
2026-10-09T22:46:20Z skip score bp_reader_s1 counterfact 100
2026-10-09T22:46:20Z skip score bp_reader_s2 counterfact 100
2026-10-09T22:46:20Z skip score epc_reader_s0 counterfact 100
2026-10-09T22:46:20Z skip score epc_reader_s1 counterfact 100
2026-10-09T22:46:20Z skip score epc_reader_s2 counterfact 100
2026-10-09T22:46:20Z start mquake_eval bp 0
{"status": "complete", "seconds": 1146.9768497620025, "metrics": {"ES": 1.0, "RET-ES": 1.0, "RET-GS": 0.6233333333333333, "LS": 1.0, "near_miss": 1.0, "revision": 1.0, "revision_latest_answer": 1.0}, "composition": 0.0}
2026-10-09T23:05:28Z end mquake_eval bp 0 exit 0
2026-10-09T23:05:28Z start mquake_eval epc 0
{"status": "complete", "seconds": 1743.037583759, "metrics": {"ES": 1.0, "RET-ES": 1.0, "RET-GS": 0.6, "LS": 1.0, "near_miss": 1.0, "revision": 1.0, "revision_latest_answer": 1.0}, "composition": 0.0}
2026-10-09T23:34:31Z end mquake_eval epc 0 exit 0
2026-10-09T23:34:31Z start mquake_eval bp 1
{"status": "complete", "seconds": 1757.8052263159989, "metrics": {"ES": 0.91, "RET-ES": 0.94, "RET-GS": 0.7233333333333334, "LS": 1.0, "near_miss": 1.0, "revision": 0.94, "revision_latest_answer": 0.94}, "composition": 0.0}
2026-10-10T00:03:50Z end mquake_eval bp 1 exit 0
2026-10-10T00:03:50Z start mquake_eval epc 1
{"status": "complete", "seconds": 1751.061860959002, "metrics": {"ES": 1.0, "RET-ES": 1.0, "RET-GS": 0.6033333333333334, "LS": 1.0, "near_miss": 1.0, "revision": 1.0, "revision_latest_answer": 1.0}, "composition": 0.0}
2026-10-10T00:33:02Z end mquake_eval epc 1 exit 0
2026-10-10T00:33:02Z start mquake_eval bp 2
{"status": "complete", "seconds": 1741.0001578090014, "metrics": {"ES": 1.0, "RET-ES": 1.0, "RET-GS": 0.6766666666666666, "LS": 1.0, "near_miss": 1.0, "revision": 1.0, "revision_latest_answer": 1.0}, "composition": 0.0}
2026-10-10T01:02:03Z end mquake_eval bp 2 exit 0
2026-10-10T01:02:03Z start mquake_eval epc 2
{"status": "complete", "seconds": 1740.5897310509972, "metrics": {"ES": 1.0, "RET-ES": 1.0, "RET-GS": 0.5833333333333334, "LS": 1.0, "near_miss": 1.0, "revision": 1.0, "revision_latest_answer": 1.0}, "composition": 0.0}
2026-10-10T01:31:04Z end mquake_eval epc 2 exit 0
2026-10-10T01:31:04Z start score bp_reader_s0 mquake 300
{"status": "complete", "n_probes": 1890, "seconds": 79.77746810700046}
2026-10-10T01:32:25Z end score bp_reader_s0 mquake 300 exit 0
2026-10-10T01:32:25Z start score bp_reader_s1 mquake 300
{"status": "complete", "n_probes": 1890, "seconds": 81.77577172199744}
2026-10-10T01:33:47Z end score bp_reader_s1 mquake 300 exit 0
2026-10-10T01:33:47Z start score bp_reader_s2 mquake 300
{"status": "complete", "n_probes": 1890, "seconds": 81.3114096390018}
2026-10-10T01:35:09Z end score bp_reader_s2 mquake 300 exit 0
2026-10-10T01:35:09Z start score epc_reader_s0 mquake 300
{"status": "complete", "n_probes": 1890, "seconds": 79.36341921599887}
2026-10-10T01:36:29Z end score epc_reader_s0 mquake 300 exit 0
2026-10-10T01:36:29Z start score epc_reader_s1 mquake 300
{"status": "complete", "n_probes": 1890, "seconds": 79.31494914399809}
2026-10-10T01:37:49Z end score epc_reader_s1 mquake 300 exit 0
2026-10-10T01:37:49Z start score epc_reader_s2 mquake 300
{"status": "complete", "n_probes": 1890, "seconds": 79.26521150200278}
2026-10-10T01:39:09Z end score epc_reader_s2 mquake 300 exit 0
2026-10-10T01:39:09Z start score bp_reader_s0 mquake 100
{"status": "complete", "n_probes": 1890, "seconds": 66.39154740499725}
2026-10-10T01:40:16Z end score bp_reader_s0 mquake 100 exit 0
2026-10-10T01:40:16Z start score bp_reader_s1 mquake 100
{"status": "complete", "n_probes": 1890, "seconds": 67.34049815300023}
2026-10-10T01:41:24Z end score bp_reader_s1 mquake 100 exit 0
2026-10-10T01:41:24Z start score bp_reader_s2 mquake 100
{"status": "complete", "n_probes": 1890, "seconds": 66.77610689799985}
2026-10-10T01:42:31Z end score bp_reader_s2 mquake 100 exit 0
2026-10-10T01:42:31Z start score epc_reader_s0 mquake 100
{"status": "complete", "n_probes": 1890, "seconds": 66.28716132900081}
2026-10-10T01:43:38Z end score epc_reader_s0 mquake 100 exit 0
2026-10-10T01:43:38Z start score epc_reader_s1 mquake 100
{"status": "complete", "n_probes": 1890, "seconds": 65.94362321399967}
2026-10-10T01:44:45Z end score epc_reader_s1 mquake 100 exit 0
2026-10-10T01:44:45Z start score epc_reader_s2 mquake 100
{"status": "complete", "n_probes": 1890, "seconds": 66.24133978700047}
2026-10-10T01:45:52Z end score epc_reader_s2 mquake 100 exit 0
2026-10-10T01:45:52Z chain end
