2026-10-09T22:08:09+00:00 frozen zsre hNone chunk-0000 n=100 1.7s
2026-10-09T22:08:11+00:00 frozen zsre hNone chunk-0001 n=100 1.4s
2026-10-09T22:08:12+00:00 frozen zsre hNone chunk-0002 n=100 0.9s
2026-10-09T22:08:12+00:00 frozen zsre hNone chunk-0003 n=100 0.9s
2026-10-09T22:08:13+00:00 frozen zsre hNone chunk-0004 n=100 0.9s
2026-10-09T22:08:14+00:00 frozen zsre hNone chunk-0005 n=100 0.9s
2026-10-09T22:08:15+00:00 frozen zsre hNone chunk-0006 n=100 0.8s
2026-10-09T22:08:16+00:00 frozen zsre hNone chunk-0007 n=100 0.8s
2026-10-09T22:08:17+00:00 frozen zsre hNone chunk-0008 n=100 1.0s
2026-10-09T22:08:18+00:00 frozen zsre hNone chunk-0009 n=100 1.0s
2026-10-09T22:08:19+00:00 frozen zsre hNone chunk-0010 n=100 0.9s
2026-10-09T22:08:20+00:00 frozen zsre hNone chunk-0011 n=100 1.0s
2026-10-09T22:08:21+00:00 frozen zsre hNone chunk-0012 n=100 1.0s
2026-10-09T22:08:21+00:00 frozen zsre hNone chunk-0013 n=50 0.5s
2026-10-09T22:08:29+00:00 frozen counterfact hNone chunk-0000 n=100 4.2s
2026-10-09T22:08:32+00:00 frozen counterfact hNone chunk-0001 n=100 2.3s
2026-10-09T22:08:34+00:00 frozen counterfact hNone chunk-0002 n=100 2.6s
2026-10-09T22:08:36+00:00 frozen counterfact hNone chunk-0003 n=100 2.1s
2026-10-09T22:08:38+00:00 frozen counterfact hNone chunk-0004 n=100 2.0s
2026-10-09T22:08:41+00:00 frozen counterfact hNone chunk-0005 n=100 2.7s
2026-10-09T22:08:43+00:00 frozen counterfact hNone chunk-0006 n=100 2.2s
2026-10-09T22:08:46+00:00 frozen counterfact hNone chunk-0007 n=100 2.4s
2026-10-09T22:08:48+00:00 frozen counterfact hNone chunk-0008 n=100 2.1s
2026-10-09T22:08:50+00:00 frozen counterfact hNone chunk-0009 n=100 2.5s
2026-10-09T22:08:52+00:00 frozen counterfact hNone chunk-0010 n=100 2.1s
2026-10-09T22:08:55+00:00 frozen counterfact hNone chunk-0011 n=100 2.3s
2026-10-09T22:08:57+00:00 frozen counterfact hNone chunk-0012 n=100 2.4s
2026-10-09T22:08:59+00:00 frozen counterfact hNone chunk-0013 n=100 2.3s
2026-10-09T22:09:02+00:00 frozen counterfact hNone chunk-0014 n=100 2.2s
2026-10-09T22:09:04+00:00 frozen counterfact hNone chunk-0015 n=100 2.6s
2026-10-09T22:09:06+00:00 frozen counterfact hNone chunk-0016 n=100 2.3s
2026-10-09T22:09:09+00:00 frozen counterfact hNone chunk-0017 n=100 2.4s
2026-10-09T22:09:13+00:00 frozen counterfact hNone chunk-0018 n=100 4.0s
2026-10-09T22:09:17+00:00 frozen counterfact hNone chunk-0019 n=100 4.0s
2026-10-09T22:09:21+00:00 frozen counterfact hNone chunk-0020 n=100 4.1s
2026-10-09T22:09:25+00:00 frozen counterfact hNone chunk-0021 n=100 4.5s
2026-10-09T22:09:29+00:00 frozen counterfact hNone chunk-0022 n=100 4.0s
2026-10-09T22:09:36+00:00 frozen mquake hNone chunk-0000 n=100 3.0s
2026-10-09T22:09:38+00:00 frozen mquake hNone chunk-0001 n=100 2.1s
2026-10-09T22:09:40+00:00 frozen mquake hNone chunk-0002 n=100 1.8s
2026-10-09T22:09:42+00:00 frozen mquake hNone chunk-0003 n=100 2.0s
2026-10-09T22:09:44+00:00 frozen mquake hNone chunk-0004 n=100 1.9s
2026-10-09T22:09:46+00:00 frozen mquake hNone chunk-0005 n=100 1.9s
2026-10-09T22:09:48+00:00 frozen mquake hNone chunk-0006 n=100 1.8s
2026-10-09T22:09:50+00:00 frozen mquake hNone chunk-0007 n=100 1.8s
2026-10-09T22:09:52+00:00 frozen mquake hNone chunk-0008 n=100 2.3s
2026-10-09T22:09:54+00:00 frozen mquake hNone chunk-0009 n=100 1.9s
2026-10-09T22:09:56+00:00 frozen mquake hNone chunk-0010 n=100 1.9s
2026-10-09T22:09:58+00:00 frozen mquake hNone chunk-0011 n=100 2.0s
2026-10-09T22:10:02+00:00 frozen mquake hNone chunk-0012 n=100 4.5s
2026-10-09T22:10:07+00:00 frozen mquake hNone chunk-0013 n=100 4.6s
2026-10-09T22:10:10+00:00 frozen mquake hNone chunk-0014 n=100 3.5s
2026-10-09T22:10:14+00:00 frozen mquake hNone chunk-0015 n=100 3.9s
2026-10-09T22:10:17+00:00 frozen mquake hNone chunk-0016 n=100 2.9s
2026-10-09T22:10:18+00:00 frozen mquake hNone chunk-0017 n=100 1.1s
2026-10-09T22:10:19+00:00 frozen mquake hNone chunk-0018 n=90 1.2s
2026-10-09T22:10:29+00:00 bp_reader_s0 zsre h300 chunk-0000 n=100 5.0s
2026-10-09T22:10:32+00:00 bp_reader_s0 zsre h300 chunk-0001 n=100 3.8s
2026-10-09T22:10:36+00:00 bp_reader_s0 zsre h300 chunk-0002 n=100 3.6s
2026-10-09T22:10:39+00:00 bp_reader_s0 zsre h300 chunk-0003 n=100 3.3s
2026-10-09T22:10:43+00:00 bp_reader_s0 zsre h300 chunk-0004 n=100 3.3s
2026-10-09T22:10:46+00:00 bp_reader_s0 zsre h300 chunk-0005 n=100 3.4s
2026-10-09T22:10:49+00:00 bp_reader_s0 zsre h300 chunk-0006 n=100 3.3s
2026-10-09T22:10:53+00:00 bp_reader_s0 zsre h300 chunk-0007 n=100 3.3s
2026-10-09T22:10:56+00:00 bp_reader_s0 zsre h300 chunk-0008 n=100 3.6s
2026-10-09T22:10:59+00:00 bp_reader_s0 zsre h300 chunk-0009 n=100 2.8s
2026-10-09T22:11:02+00:00 bp_reader_s0 zsre h300 chunk-0010 n=100 2.8s
2026-10-09T22:11:05+00:00 bp_reader_s0 zsre h300 chunk-0011 n=100 3.1s
2026-10-09T22:11:08+00:00 bp_reader_s0 zsre h300 chunk-0012 n=100 2.9s
2026-10-09T22:11:09+00:00 bp_reader_s0 zsre h300 chunk-0013 n=50 1.4s
2026-10-09T22:11:19+00:00 bp_reader_s1 zsre h300 chunk-0000 n=100 5.0s
2026-10-09T22:11:22+00:00 bp_reader_s1 zsre h300 chunk-0001 n=100 3.6s
2026-10-09T22:11:26+00:00 bp_reader_s1 zsre h300 chunk-0002 n=100 3.7s
2026-10-09T22:11:29+00:00 bp_reader_s1 zsre h300 chunk-0003 n=100 3.3s
2026-10-09T22:11:33+00:00 bp_reader_s1 zsre h300 chunk-0004 n=100 3.3s
2026-10-09T22:11:36+00:00 bp_reader_s1 zsre h300 chunk-0005 n=100 3.4s
2026-10-09T22:11:39+00:00 bp_reader_s1 zsre h300 chunk-0006 n=100 3.4s
2026-10-09T22:11:43+00:00 bp_reader_s1 zsre h300 chunk-0007 n=100 3.3s
2026-10-09T22:11:46+00:00 bp_reader_s1 zsre h300 chunk-0008 n=100 3.6s
2026-10-09T22:11:49+00:00 bp_reader_s1 zsre h300 chunk-0009 n=100 2.9s
2026-10-09T22:11:52+00:00 bp_reader_s1 zsre h300 chunk-0010 n=100 3.0s
2026-10-09T22:11:55+00:00 bp_reader_s1 zsre h300 chunk-0011 n=100 3.2s
2026-10-09T22:11:58+00:00 bp_reader_s1 zsre h300 chunk-0012 n=100 3.1s
2026-10-09T22:12:00+00:00 bp_reader_s1 zsre h300 chunk-0013 n=50 1.5s
2026-10-09T22:12:09+00:00 bp_reader_s2 zsre h300 chunk-0000 n=100 5.0s
2026-10-09T22:12:13+00:00 bp_reader_s2 zsre h300 chunk-0001 n=100 3.5s
2026-10-09T22:12:16+00:00 bp_reader_s2 zsre h300 chunk-0002 n=100 3.6s
2026-10-09T22:12:20+00:00 bp_reader_s2 zsre h300 chunk-0003 n=100 3.4s
2026-10-09T22:12:23+00:00 bp_reader_s2 zsre h300 chunk-0004 n=100 3.4s
2026-10-09T22:12:27+00:00 bp_reader_s2 zsre h300 chunk-0005 n=100 3.4s
2026-10-09T22:12:30+00:00 bp_reader_s2 zsre h300 chunk-0006 n=100 3.4s
2026-10-09T22:12:33+00:00 bp_reader_s2 zsre h300 chunk-0007 n=100 3.3s
2026-10-09T22:12:37+00:00 bp_reader_s2 zsre h300 chunk-0008 n=100 3.7s
2026-10-09T22:12:40+00:00 bp_reader_s2 zsre h300 chunk-0009 n=100 2.9s
2026-10-09T22:12:43+00:00 bp_reader_s2 zsre h300 chunk-0010 n=100 3.0s
2026-10-09T22:12:46+00:00 bp_reader_s2 zsre h300 chunk-0011 n=100 3.1s
2026-10-09T22:12:49+00:00 bp_reader_s2 zsre h300 chunk-0012 n=100 3.0s
2026-10-09T22:12:50+00:00 bp_reader_s2 zsre h300 chunk-0013 n=50 1.4s
2026-10-09T22:13:00+00:00 epc_reader_s0 zsre h300 chunk-0000 n=100 4.9s
2026-10-09T22:13:03+00:00 epc_reader_s0 zsre h300 chunk-0001 n=100 3.5s
2026-10-09T22:13:07+00:00 epc_reader_s0 zsre h300 chunk-0002 n=100 3.6s
2026-10-09T22:13:10+00:00 epc_reader_s0 zsre h300 chunk-0003 n=100 3.3s
2026-10-09T22:13:13+00:00 epc_reader_s0 zsre h300 chunk-0004 n=100 3.2s
2026-10-09T22:13:17+00:00 epc_reader_s0 zsre h300 chunk-0005 n=100 3.4s
2026-10-09T22:13:20+00:00 epc_reader_s0 zsre h300 chunk-0006 n=100 3.3s
2026-10-09T22:13:23+00:00 epc_reader_s0 zsre h300 chunk-0007 n=100 3.3s
2026-10-09T22:13:27+00:00 epc_reader_s0 zsre h300 chunk-0008 n=100 3.5s
2026-10-09T22:13:30+00:00 epc_reader_s0 zsre h300 chunk-0009 n=100 2.8s
2026-10-09T22:13:32+00:00 epc_reader_s0 zsre h300 chunk-0010 n=100 2.7s
2026-10-09T22:13:35+00:00 epc_reader_s0 zsre h300 chunk-0011 n=100 3.0s
2026-10-09T22:13:38+00:00 epc_reader_s0 zsre h300 chunk-0012 n=100 2.9s
2026-10-09T22:13:40+00:00 epc_reader_s0 zsre h300 chunk-0013 n=50 1.4s
2026-10-09T22:13:49+00:00 epc_reader_s1 zsre h300 chunk-0000 n=100 5.0s
2026-10-09T22:13:52+00:00 epc_reader_s1 zsre h300 chunk-0001 n=100 3.5s
2026-10-09T22:13:56+00:00 epc_reader_s1 zsre h300 chunk-0002 n=100 3.6s
2026-10-09T22:13:59+00:00 epc_reader_s1 zsre h300 chunk-0003 n=100 3.3s
2026-10-09T22:14:03+00:00 epc_reader_s1 zsre h300 chunk-0004 n=100 3.3s
2026-10-09T22:14:06+00:00 epc_reader_s1 zsre h300 chunk-0005 n=100 3.4s
2026-10-09T22:14:09+00:00 epc_reader_s1 zsre h300 chunk-0006 n=100 3.4s
2026-10-09T22:14:13+00:00 epc_reader_s1 zsre h300 chunk-0007 n=100 3.3s
2026-10-09T22:14:16+00:00 epc_reader_s1 zsre h300 chunk-0008 n=100 3.5s
2026-10-09T22:14:19+00:00 epc_reader_s1 zsre h300 chunk-0009 n=100 2.7s
2026-10-09T22:14:22+00:00 epc_reader_s1 zsre h300 chunk-0010 n=100 2.8s
2026-10-09T22:14:25+00:00 epc_reader_s1 zsre h300 chunk-0011 n=100 3.1s
2026-10-09T22:14:28+00:00 epc_reader_s1 zsre h300 chunk-0012 n=100 2.9s
2026-10-09T22:14:29+00:00 epc_reader_s1 zsre h300 chunk-0013 n=50 1.4s
2026-10-09T22:14:39+00:00 epc_reader_s2 zsre h300 chunk-0000 n=100 5.2s
2026-10-09T22:14:42+00:00 epc_reader_s2 zsre h300 chunk-0001 n=100 3.5s
2026-10-09T22:14:46+00:00 epc_reader_s2 zsre h300 chunk-0002 n=100 3.6s
2026-10-09T22:14:49+00:00 epc_reader_s2 zsre h300 chunk-0003 n=100 3.3s
2026-10-09T22:14:53+00:00 epc_reader_s2 zsre h300 chunk-0004 n=100 3.3s
2026-10-09T22:14:56+00:00 epc_reader_s2 zsre h300 chunk-0005 n=100 3.7s
2026-10-09T22:15:00+00:00 epc_reader_s2 zsre h300 chunk-0006 n=100 3.4s
2026-10-09T22:15:03+00:00 epc_reader_s2 zsre h300 chunk-0007 n=100 3.3s
2026-10-09T22:15:07+00:00 epc_reader_s2 zsre h300 chunk-0008 n=100 3.6s
2026-10-09T22:15:09+00:00 epc_reader_s2 zsre h300 chunk-0009 n=100 2.7s
2026-10-09T22:15:12+00:00 epc_reader_s2 zsre h300 chunk-0010 n=100 2.9s
2026-10-09T22:15:15+00:00 epc_reader_s2 zsre h300 chunk-0011 n=100 3.1s
2026-10-09T22:15:18+00:00 epc_reader_s2 zsre h300 chunk-0012 n=100 3.0s
2026-10-09T22:15:20+00:00 epc_reader_s2 zsre h300 chunk-0013 n=50 1.4s
2026-10-09T22:15:28+00:00 bp_reader_s0 zsre h100 chunk-0000 n=100 4.3s
2026-10-09T22:15:31+00:00 bp_reader_s0 zsre h100 chunk-0001 n=100 2.8s
2026-10-09T22:15:34+00:00 bp_reader_s0 zsre h100 chunk-0002 n=100 3.0s
2026-10-09T22:15:36+00:00 bp_reader_s0 zsre h100 chunk-0003 n=100 1.5s
2026-10-09T22:15:37+00:00 bp_reader_s0 zsre h100 chunk-0004 n=100 1.5s
2026-10-09T22:15:39+00:00 bp_reader_s0 zsre h100 chunk-0005 n=100 1.5s
2026-10-09T22:15:40+00:00 bp_reader_s0 zsre h100 chunk-0006 n=100 1.4s
2026-10-09T22:15:42+00:00 bp_reader_s0 zsre h100 chunk-0007 n=100 1.4s
2026-10-09T22:15:43+00:00 bp_reader_s0 zsre h100 chunk-0008 n=100 1.7s
2026-10-09T22:15:45+00:00 bp_reader_s0 zsre h100 chunk-0009 n=100 1.8s
2026-10-09T22:15:47+00:00 bp_reader_s0 zsre h100 chunk-0010 n=100 1.7s
2026-10-09T22:15:49+00:00 bp_reader_s0 zsre h100 chunk-0011 n=100 2.0s
2026-10-09T22:15:51+00:00 bp_reader_s0 zsre h100 chunk-0012 n=100 2.0s
2026-10-09T22:15:52+00:00 bp_reader_s0 zsre h100 chunk-0013 n=50 1.0s
2026-10-09T22:16:00+00:00 bp_reader_s1 zsre h100 chunk-0000 n=100 4.3s
2026-10-09T22:16:03+00:00 bp_reader_s1 zsre h100 chunk-0001 n=100 2.9s
2026-10-09T22:16:06+00:00 bp_reader_s1 zsre h100 chunk-0002 n=100 3.0s
2026-10-09T22:16:08+00:00 bp_reader_s1 zsre h100 chunk-0003 n=100 1.6s
2026-10-09T22:16:10+00:00 bp_reader_s1 zsre h100 chunk-0004 n=100 1.6s
2026-10-09T22:16:11+00:00 bp_reader_s1 zsre h100 chunk-0005 n=100 1.5s
2026-10-09T22:16:13+00:00 bp_reader_s1 zsre h100 chunk-0006 n=100 1.5s
2026-10-09T22:16:14+00:00 bp_reader_s1 zsre h100 chunk-0007 n=100 1.6s
2026-10-09T22:16:16+00:00 bp_reader_s1 zsre h100 chunk-0008 n=100 2.0s
2026-10-09T22:16:18+00:00 bp_reader_s1 zsre h100 chunk-0009 n=100 1.8s
2026-10-09T22:16:20+00:00 bp_reader_s1 zsre h100 chunk-0010 n=100 1.9s
2026-10-09T22:16:22+00:00 bp_reader_s1 zsre h100 chunk-0011 n=100 2.2s
2026-10-09T22:16:24+00:00 bp_reader_s1 zsre h100 chunk-0012 n=100 2.2s
2026-10-09T22:16:25+00:00 bp_reader_s1 zsre h100 chunk-0013 n=50 1.1s
2026-10-09T22:16:34+00:00 bp_reader_s2 zsre h100 chunk-0000 n=100 4.3s
2026-10-09T22:16:37+00:00 bp_reader_s2 zsre h100 chunk-0001 n=100 2.8s
2026-10-09T22:16:40+00:00 bp_reader_s2 zsre h100 chunk-0002 n=100 3.0s
2026-10-09T22:16:41+00:00 bp_reader_s2 zsre h100 chunk-0003 n=100 1.5s
2026-10-09T22:16:43+00:00 bp_reader_s2 zsre h100 chunk-0004 n=100 1.6s
2026-10-09T22:16:44+00:00 bp_reader_s2 zsre h100 chunk-0005 n=100 1.5s
2026-10-09T22:16:46+00:00 bp_reader_s2 zsre h100 chunk-0006 n=100 1.6s
2026-10-09T22:16:48+00:00 bp_reader_s2 zsre h100 chunk-0007 n=100 1.6s
2026-10-09T22:16:49+00:00 bp_reader_s2 zsre h100 chunk-0008 n=100 1.8s
2026-10-09T22:16:51+00:00 bp_reader_s2 zsre h100 chunk-0009 n=100 1.8s
2026-10-09T22:16:53+00:00 bp_reader_s2 zsre h100 chunk-0010 n=100 1.8s
2026-10-09T22:16:55+00:00 bp_reader_s2 zsre h100 chunk-0011 n=100 2.0s
2026-10-09T22:16:57+00:00 bp_reader_s2 zsre h100 chunk-0012 n=100 2.0s
2026-10-09T22:16:58+00:00 bp_reader_s2 zsre h100 chunk-0013 n=50 1.0s
2026-10-09T22:17:07+00:00 epc_reader_s0 zsre h100 chunk-0000 n=100 4.3s
2026-10-09T22:17:09+00:00 epc_reader_s0 zsre h100 chunk-0001 n=100 2.7s
2026-10-09T22:17:12+00:00 epc_reader_s0 zsre h100 chunk-0002 n=100 3.0s
2026-10-09T22:17:14+00:00 epc_reader_s0 zsre h100 chunk-0003 n=100 1.5s
2026-10-09T22:17:15+00:00 epc_reader_s0 zsre h100 chunk-0004 n=100 1.5s
2026-10-09T22:17:17+00:00 epc_reader_s0 zsre h100 chunk-0005 n=100 1.5s
2026-10-09T22:17:18+00:00 epc_reader_s0 zsre h100 chunk-0006 n=100 1.4s
2026-10-09T22:17:20+00:00 epc_reader_s0 zsre h100 chunk-0007 n=100 1.4s
2026-10-09T22:17:21+00:00 epc_reader_s0 zsre h100 chunk-0008 n=100 1.7s
2026-10-09T22:17:23+00:00 epc_reader_s0 zsre h100 chunk-0009 n=100 1.8s
2026-10-09T22:17:25+00:00 epc_reader_s0 zsre h100 chunk-0010 n=100 1.7s
2026-10-09T22:17:27+00:00 epc_reader_s0 zsre h100 chunk-0011 n=100 1.9s
2026-10-09T22:17:28+00:00 epc_reader_s0 zsre h100 chunk-0012 n=100 1.9s
2026-10-09T22:17:29+00:00 epc_reader_s0 zsre h100 chunk-0013 n=50 0.9s
2026-10-09T22:17:38+00:00 epc_reader_s1 zsre h100 chunk-0000 n=100 4.3s
2026-10-09T22:17:41+00:00 epc_reader_s1 zsre h100 chunk-0001 n=100 2.7s
2026-10-09T22:17:44+00:00 epc_reader_s1 zsre h100 chunk-0002 n=100 3.0s
2026-10-09T22:17:45+00:00 epc_reader_s1 zsre h100 chunk-0003 n=100 1.5s
2026-10-09T22:17:47+00:00 epc_reader_s1 zsre h100 chunk-0004 n=100 1.5s
2026-10-09T22:17:48+00:00 epc_reader_s1 zsre h100 chunk-0005 n=100 1.5s
2026-10-09T22:17:50+00:00 epc_reader_s1 zsre h100 chunk-0006 n=100 1.4s
2026-10-09T22:17:51+00:00 epc_reader_s1 zsre h100 chunk-0007 n=100 1.5s
2026-10-09T22:17:53+00:00 epc_reader_s1 zsre h100 chunk-0008 n=100 1.8s
2026-10-09T22:17:55+00:00 epc_reader_s1 zsre h100 chunk-0009 n=100 1.8s
2026-10-09T22:17:56+00:00 epc_reader_s1 zsre h100 chunk-0010 n=100 1.7s
2026-10-09T22:17:58+00:00 epc_reader_s1 zsre h100 chunk-0011 n=100 2.0s
2026-10-09T22:18:00+00:00 epc_reader_s1 zsre h100 chunk-0012 n=100 1.9s
2026-10-09T22:18:01+00:00 epc_reader_s1 zsre h100 chunk-0013 n=50 1.0s
2026-10-09T22:18:10+00:00 epc_reader_s2 zsre h100 chunk-0000 n=100 4.3s
2026-10-09T22:18:13+00:00 epc_reader_s2 zsre h100 chunk-0001 n=100 2.8s
2026-10-09T22:18:16+00:00 epc_reader_s2 zsre h100 chunk-0002 n=100 3.1s
2026-10-09T22:18:17+00:00 epc_reader_s2 zsre h100 chunk-0003 n=100 1.5s
2026-10-09T22:18:19+00:00 epc_reader_s2 zsre h100 chunk-0004 n=100 1.6s
2026-10-09T22:18:21+00:00 epc_reader_s2 zsre h100 chunk-0005 n=100 1.5s
2026-10-09T22:18:22+00:00 epc_reader_s2 zsre h100 chunk-0006 n=100 1.4s
2026-10-09T22:18:23+00:00 epc_reader_s2 zsre h100 chunk-0007 n=100 1.5s
2026-10-09T22:18:25+00:00 epc_reader_s2 zsre h100 chunk-0008 n=100 1.8s
2026-10-09T22:18:27+00:00 epc_reader_s2 zsre h100 chunk-0009 n=100 1.8s
2026-10-09T22:18:29+00:00 epc_reader_s2 zsre h100 chunk-0010 n=100 1.7s
2026-10-09T22:18:31+00:00 epc_reader_s2 zsre h100 chunk-0011 n=100 1.9s
2026-10-09T22:18:32+00:00 epc_reader_s2 zsre h100 chunk-0012 n=100 1.9s
2026-10-09T22:18:33+00:00 epc_reader_s2 zsre h100 chunk-0013 n=50 1.0s
2026-10-09T22:18:43+00:00 bp_reader_s0 counterfact h300 chunk-0000 n=100 4.8s
2026-10-09T22:18:45+00:00 bp_reader_s0 counterfact h300 chunk-0001 n=100 2.4s
2026-10-09T22:18:47+00:00 bp_reader_s0 counterfact h300 chunk-0002 n=100 2.3s
2026-10-09T22:18:50+00:00 bp_reader_s0 counterfact h300 chunk-0003 n=100 2.3s
2026-10-09T22:18:52+00:00 bp_reader_s0 counterfact h300 chunk-0004 n=100 2.3s
2026-10-09T22:18:54+00:00 bp_reader_s0 counterfact h300 chunk-0005 n=100 2.2s
2026-10-09T22:18:57+00:00 bp_reader_s0 counterfact h300 chunk-0006 n=100 2.4s
2026-10-09T22:18:59+00:00 bp_reader_s0 counterfact h300 chunk-0007 n=100 2.4s
2026-10-09T22:19:01+00:00 bp_reader_s0 counterfact h300 chunk-0008 n=100 2.3s
2026-10-09T22:19:04+00:00 bp_reader_s0 counterfact h300 chunk-0009 n=100 2.6s
2026-10-09T22:19:06+00:00 bp_reader_s0 counterfact h300 chunk-0010 n=100 2.4s
2026-10-09T22:19:09+00:00 bp_reader_s0 counterfact h300 chunk-0011 n=100 2.2s
2026-10-09T22:19:11+00:00 bp_reader_s0 counterfact h300 chunk-0012 n=100 2.4s
2026-10-09T22:19:13+00:00 bp_reader_s0 counterfact h300 chunk-0013 n=100 2.4s
2026-10-09T22:19:16+00:00 bp_reader_s0 counterfact h300 chunk-0014 n=100 2.3s
2026-10-09T22:19:18+00:00 bp_reader_s0 counterfact h300 chunk-0015 n=100 2.5s
2026-10-09T22:19:20+00:00 bp_reader_s0 counterfact h300 chunk-0016 n=100 2.3s
2026-10-09T22:19:23+00:00 bp_reader_s0 counterfact h300 chunk-0017 n=100 2.3s
2026-10-09T22:19:28+00:00 bp_reader_s0 counterfact h300 chunk-0018 n=100 5.7s
2026-10-09T22:19:34+00:00 bp_reader_s0 counterfact h300 chunk-0019 n=100 5.8s
2026-10-09T22:19:40+00:00 bp_reader_s0 counterfact h300 chunk-0020 n=100 5.9s
2026-10-09T22:19:47+00:00 bp_reader_s0 counterfact h300 chunk-0021 n=100 6.8s
2026-10-09T22:19:53+00:00 bp_reader_s0 counterfact h300 chunk-0022 n=100 5.7s
2026-10-09T22:20:02+00:00 bp_reader_s1 counterfact h300 chunk-0000 n=100 4.9s
2026-10-09T22:20:04+00:00 bp_reader_s1 counterfact h300 chunk-0001 n=100 2.6s
2026-10-09T22:20:07+00:00 bp_reader_s1 counterfact h300 chunk-0002 n=100 2.3s
2026-10-09T22:20:09+00:00 bp_reader_s1 counterfact h300 chunk-0003 n=100 2.4s
2026-10-09T22:20:12+00:00 bp_reader_s1 counterfact h300 chunk-0004 n=100 2.3s
2026-10-09T22:20:14+00:00 bp_reader_s1 counterfact h300 chunk-0005 n=100 2.2s
2026-10-09T22:20:16+00:00 bp_reader_s1 counterfact h300 chunk-0006 n=100 2.4s
2026-10-09T22:20:19+00:00 bp_reader_s1 counterfact h300 chunk-0007 n=100 2.4s
2026-10-09T22:20:21+00:00 bp_reader_s1 counterfact h300 chunk-0008 n=100 2.4s
2026-10-09T22:20:24+00:00 bp_reader_s1 counterfact h300 chunk-0009 n=100 2.6s
2026-10-09T22:20:26+00:00 bp_reader_s1 counterfact h300 chunk-0010 n=100 2.3s
2026-10-09T22:20:28+00:00 bp_reader_s1 counterfact h300 chunk-0011 n=100 2.2s
2026-10-09T22:20:30+00:00 bp_reader_s1 counterfact h300 chunk-0012 n=100 2.5s
2026-10-09T22:20:33+00:00 bp_reader_s1 counterfact h300 chunk-0013 n=100 2.4s
2026-10-09T22:20:35+00:00 bp_reader_s1 counterfact h300 chunk-0014 n=100 2.3s
2026-10-09T22:20:38+00:00 bp_reader_s1 counterfact h300 chunk-0015 n=100 2.4s
2026-10-09T22:20:40+00:00 bp_reader_s1 counterfact h300 chunk-0016 n=100 2.4s
2026-10-09T22:20:42+00:00 bp_reader_s1 counterfact h300 chunk-0017 n=100 2.4s
2026-10-09T22:20:48+00:00 bp_reader_s1 counterfact h300 chunk-0018 n=100 5.8s
2026-10-09T22:20:54+00:00 bp_reader_s1 counterfact h300 chunk-0019 n=100 5.7s
2026-10-09T22:21:00+00:00 bp_reader_s1 counterfact h300 chunk-0020 n=100 5.8s
2026-10-09T22:21:06+00:00 bp_reader_s1 counterfact h300 chunk-0021 n=100 6.4s
2026-10-09T22:21:12+00:00 bp_reader_s1 counterfact h300 chunk-0022 n=100 5.5s
2026-10-09T22:21:21+00:00 bp_reader_s2 counterfact h300 chunk-0000 n=100 4.7s
2026-10-09T22:21:23+00:00 bp_reader_s2 counterfact h300 chunk-0001 n=100 2.3s
2026-10-09T22:21:25+00:00 bp_reader_s2 counterfact h300 chunk-0002 n=100 2.4s
2026-10-09T22:21:28+00:00 bp_reader_s2 counterfact h300 chunk-0003 n=100 2.4s
2026-10-09T22:21:30+00:00 bp_reader_s2 counterfact h300 chunk-0004 n=100 2.4s
2026-10-09T22:21:32+00:00 bp_reader_s2 counterfact h300 chunk-0005 n=100 2.3s
2026-10-09T22:21:35+00:00 bp_reader_s2 counterfact h300 chunk-0006 n=100 2.9s
2026-10-09T22:21:38+00:00 bp_reader_s2 counterfact h300 chunk-0007 n=100 2.4s
2026-10-09T22:21:40+00:00 bp_reader_s2 counterfact h300 chunk-0008 n=100 2.3s
2026-10-09T22:21:42+00:00 bp_reader_s2 counterfact h300 chunk-0009 n=100 2.4s
2026-10-09T22:21:45+00:00 bp_reader_s2 counterfact h300 chunk-0010 n=100 2.3s
2026-10-09T22:21:47+00:00 bp_reader_s2 counterfact h300 chunk-0011 n=100 2.2s
2026-10-09T22:21:49+00:00 bp_reader_s2 counterfact h300 chunk-0012 n=100 2.3s
2026-10-09T22:21:52+00:00 bp_reader_s2 counterfact h300 chunk-0013 n=100 2.4s
2026-10-09T22:21:54+00:00 bp_reader_s2 counterfact h300 chunk-0014 n=100 2.3s
2026-10-09T22:21:56+00:00 bp_reader_s2 counterfact h300 chunk-0015 n=100 2.3s
2026-10-09T22:21:58+00:00 bp_reader_s2 counterfact h300 chunk-0016 n=100 2.3s
2026-10-09T22:22:01+00:00 bp_reader_s2 counterfact h300 chunk-0017 n=100 2.3s
2026-10-09T22:22:06+00:00 bp_reader_s2 counterfact h300 chunk-0018 n=100 5.6s
2026-10-09T22:22:12+00:00 bp_reader_s2 counterfact h300 chunk-0019 n=100 5.7s
2026-10-09T22:22:18+00:00 bp_reader_s2 counterfact h300 chunk-0020 n=100 5.8s
2026-10-09T22:22:24+00:00 bp_reader_s2 counterfact h300 chunk-0021 n=100 6.4s
2026-10-09T22:22:30+00:00 bp_reader_s2 counterfact h300 chunk-0022 n=100 5.6s
2026-10-09T22:22:39+00:00 epc_reader_s0 counterfact h300 chunk-0000 n=100 5.0s
2026-10-09T22:22:42+00:00 epc_reader_s0 counterfact h300 chunk-0001 n=100 2.9s
2026-10-09T22:22:45+00:00 epc_reader_s0 counterfact h300 chunk-0002 n=100 2.7s
2026-10-09T22:22:47+00:00 epc_reader_s0 counterfact h300 chunk-0003 n=100 2.5s
2026-10-09T22:22:50+00:00 epc_reader_s0 counterfact h300 chunk-0004 n=100 2.4s
2026-10-09T22:22:52+00:00 epc_reader_s0 counterfact h300 chunk-0005 n=100 2.7s
2026-10-09T22:22:55+00:00 epc_reader_s0 counterfact h300 chunk-0006 n=100 2.6s
2026-10-09T22:22:58+00:00 epc_reader_s0 counterfact h300 chunk-0007 n=100 2.8s
2026-10-09T22:23:00+00:00 epc_reader_s0 counterfact h300 chunk-0008 n=100 2.5s
2026-10-09T22:23:03+00:00 epc_reader_s0 counterfact h300 chunk-0009 n=100 2.9s
2026-10-09T22:23:06+00:00 epc_reader_s0 counterfact h300 chunk-0010 n=100 2.5s
2026-10-09T22:23:08+00:00 epc_reader_s0 counterfact h300 chunk-0011 n=100 2.3s
2026-10-09T22:23:11+00:00 epc_reader_s0 counterfact h300 chunk-0012 n=100 2.5s
2026-10-09T22:23:13+00:00 epc_reader_s0 counterfact h300 chunk-0013 n=100 2.6s
2026-10-09T22:23:16+00:00 epc_reader_s0 counterfact h300 chunk-0014 n=100 2.5s
2026-10-09T22:23:18+00:00 epc_reader_s0 counterfact h300 chunk-0015 n=100 2.7s
2026-10-09T22:23:21+00:00 epc_reader_s0 counterfact h300 chunk-0016 n=100 2.4s
2026-10-09T22:23:23+00:00 epc_reader_s0 counterfact h300 chunk-0017 n=100 2.6s
2026-10-09T22:23:29+00:00 epc_reader_s0 counterfact h300 chunk-0018 n=100 5.6s
2026-10-09T22:23:35+00:00 epc_reader_s0 counterfact h300 chunk-0019 n=100 5.6s
2026-10-09T22:23:40+00:00 epc_reader_s0 counterfact h300 chunk-0020 n=100 5.9s
2026-10-09T22:23:47+00:00 epc_reader_s0 counterfact h300 chunk-0021 n=100 6.5s
2026-10-09T22:23:52+00:00 epc_reader_s0 counterfact h300 chunk-0022 n=100 5.6s
2026-10-09T22:24:02+00:00 epc_reader_s1 counterfact h300 chunk-0000 n=100 5.0s
2026-10-09T22:24:05+00:00 epc_reader_s1 counterfact h300 chunk-0001 n=100 2.7s
2026-10-09T22:24:07+00:00 epc_reader_s1 counterfact h300 chunk-0002 n=100 2.4s
2026-10-09T22:24:09+00:00 epc_reader_s1 counterfact h300 chunk-0003 n=100 2.5s
2026-10-09T22:24:12+00:00 epc_reader_s1 counterfact h300 chunk-0004 n=100 2.3s
2026-10-09T22:24:14+00:00 epc_reader_s1 counterfact h300 chunk-0005 n=100 2.3s
2026-10-09T22:24:16+00:00 epc_reader_s1 counterfact h300 chunk-0006 n=100 2.4s
2026-10-09T22:24:19+00:00 epc_reader_s1 counterfact h300 chunk-0007 n=100 2.4s
2026-10-09T22:24:21+00:00 epc_reader_s1 counterfact h300 chunk-0008 n=100 2.5s
2026-10-09T22:24:24+00:00 epc_reader_s1 counterfact h300 chunk-0009 n=100 2.7s
2026-10-09T22:24:26+00:00 epc_reader_s1 counterfact h300 chunk-0010 n=100 2.3s
2026-10-09T22:24:29+00:00 epc_reader_s1 counterfact h300 chunk-0011 n=100 2.3s
2026-10-09T22:24:31+00:00 epc_reader_s1 counterfact h300 chunk-0012 n=100 2.4s
2026-10-09T22:24:34+00:00 epc_reader_s1 counterfact h300 chunk-0013 n=100 2.5s
2026-10-09T22:24:36+00:00 epc_reader_s1 counterfact h300 chunk-0014 n=100 2.3s
2026-10-09T22:24:38+00:00 epc_reader_s1 counterfact h300 chunk-0015 n=100 2.5s
2026-10-09T22:24:41+00:00 epc_reader_s1 counterfact h300 chunk-0016 n=100 2.3s
2026-10-09T22:24:43+00:00 epc_reader_s1 counterfact h300 chunk-0017 n=100 2.3s
2026-10-09T22:24:49+00:00 epc_reader_s1 counterfact h300 chunk-0018 n=100 5.6s
2026-10-09T22:24:54+00:00 epc_reader_s1 counterfact h300 chunk-0019 n=100 5.6s
2026-10-09T22:25:00+00:00 epc_reader_s1 counterfact h300 chunk-0020 n=100 5.9s
2026-10-09T22:25:06+00:00 epc_reader_s1 counterfact h300 chunk-0021 n=100 6.4s
2026-10-09T22:25:12+00:00 epc_reader_s1 counterfact h300 chunk-0022 n=100 5.7s
2026-10-09T22:25:22+00:00 epc_reader_s2 counterfact h300 chunk-0000 n=100 5.0s
2026-10-09T22:25:25+00:00 epc_reader_s2 counterfact h300 chunk-0001 n=100 3.0s
2026-10-09T22:25:27+00:00 epc_reader_s2 counterfact h300 chunk-0002 n=100 2.6s
2026-10-09T22:25:30+00:00 epc_reader_s2 counterfact h300 chunk-0003 n=100 2.5s
2026-10-09T22:25:32+00:00 epc_reader_s2 counterfact h300 chunk-0004 n=100 2.6s
2026-10-09T22:25:35+00:00 epc_reader_s2 counterfact h300 chunk-0005 n=100 2.5s
2026-10-09T22:25:37+00:00 epc_reader_s2 counterfact h300 chunk-0006 n=100 2.4s
2026-10-09T22:25:40+00:00 epc_reader_s2 counterfact h300 chunk-0007 n=100 2.7s
2026-10-09T22:25:42+00:00 epc_reader_s2 counterfact h300 chunk-0008 n=100 2.5s
2026-10-09T22:25:45+00:00 epc_reader_s2 counterfact h300 chunk-0009 n=100 3.0s
2026-10-09T22:25:48+00:00 epc_reader_s2 counterfact h300 chunk-0010 n=100 2.7s
2026-10-09T22:25:50+00:00 epc_reader_s2 counterfact h300 chunk-0011 n=100 2.4s
2026-10-09T22:25:53+00:00 epc_reader_s2 counterfact h300 chunk-0012 n=100 2.5s
2026-10-09T22:25:56+00:00 epc_reader_s2 counterfact h300 chunk-0013 n=100 2.7s
2026-10-09T22:25:58+00:00 epc_reader_s2 counterfact h300 chunk-0014 n=100 2.5s
2026-10-09T22:26:01+00:00 epc_reader_s2 counterfact h300 chunk-0015 n=100 2.7s
2026-10-09T22:26:03+00:00 epc_reader_s2 counterfact h300 chunk-0016 n=100 2.4s
2026-10-09T22:26:06+00:00 epc_reader_s2 counterfact h300 chunk-0017 n=100 2.4s
2026-10-09T22:26:11+00:00 epc_reader_s2 counterfact h300 chunk-0018 n=100 5.6s
2026-10-09T22:26:17+00:00 epc_reader_s2 counterfact h300 chunk-0019 n=100 5.7s
2026-10-09T22:26:23+00:00 epc_reader_s2 counterfact h300 chunk-0020 n=100 5.9s
2026-10-09T22:26:29+00:00 epc_reader_s2 counterfact h300 chunk-0021 n=100 6.5s
2026-10-09T22:26:35+00:00 epc_reader_s2 counterfact h300 chunk-0022 n=100 5.8s
2026-10-09T22:26:44+00:00 bp_reader_s0 counterfact h100 chunk-0000 n=100 4.4s
2026-10-09T22:26:46+00:00 bp_reader_s0 counterfact h100 chunk-0001 n=100 1.9s
2026-10-09T22:26:48+00:00 bp_reader_s0 counterfact h100 chunk-0002 n=100 1.9s
2026-10-09T22:26:50+00:00 bp_reader_s0 counterfact h100 chunk-0003 n=100 1.9s
2026-10-09T22:26:51+00:00 bp_reader_s0 counterfact h100 chunk-0004 n=100 1.8s
2026-10-09T22:26:53+00:00 bp_reader_s0 counterfact h100 chunk-0005 n=100 1.8s
2026-10-09T22:26:57+00:00 bp_reader_s0 counterfact h100 chunk-0006 n=100 3.3s
2026-10-09T22:27:00+00:00 bp_reader_s0 counterfact h100 chunk-0007 n=100 3.1s
2026-10-09T22:27:02+00:00 bp_reader_s0 counterfact h100 chunk-0008 n=100 2.7s
2026-10-09T22:27:06+00:00 bp_reader_s0 counterfact h100 chunk-0009 n=100 3.3s
2026-10-09T22:27:08+00:00 bp_reader_s0 counterfact h100 chunk-0010 n=100 2.9s
2026-10-09T22:27:11+00:00 bp_reader_s0 counterfact h100 chunk-0011 n=100 3.0s
2026-10-09T22:27:15+00:00 bp_reader_s0 counterfact h100 chunk-0012 n=100 3.2s
2026-10-09T22:27:18+00:00 bp_reader_s0 counterfact h100 chunk-0013 n=100 2.9s
2026-10-09T22:27:20+00:00 bp_reader_s0 counterfact h100 chunk-0014 n=100 2.7s
2026-10-09T22:27:24+00:00 bp_reader_s0 counterfact h100 chunk-0015 n=100 3.3s
2026-10-09T22:27:26+00:00 bp_reader_s0 counterfact h100 chunk-0016 n=100 2.8s
2026-10-09T22:27:29+00:00 bp_reader_s0 counterfact h100 chunk-0017 n=100 3.1s
2026-10-09T22:27:34+00:00 bp_reader_s0 counterfact h100 chunk-0018 n=100 4.9s
2026-10-09T22:27:39+00:00 bp_reader_s0 counterfact h100 chunk-0019 n=100 5.0s
2026-10-09T22:27:44+00:00 bp_reader_s0 counterfact h100 chunk-0020 n=100 5.0s
2026-10-09T22:27:50+00:00 bp_reader_s0 counterfact h100 chunk-0021 n=100 5.6s
2026-10-09T22:27:55+00:00 bp_reader_s0 counterfact h100 chunk-0022 n=100 4.9s
2026-10-09T22:28:03+00:00 bp_reader_s1 counterfact h100 chunk-0000 n=100 4.3s
2026-10-09T22:28:05+00:00 bp_reader_s1 counterfact h100 chunk-0001 n=100 1.8s
2026-10-09T22:28:07+00:00 bp_reader_s1 counterfact h100 chunk-0002 n=100 1.8s
2026-10-09T22:28:09+00:00 bp_reader_s1 counterfact h100 chunk-0003 n=100 1.9s
2026-10-09T22:28:11+00:00 bp_reader_s1 counterfact h100 chunk-0004 n=100 1.9s
2026-10-09T22:28:13+00:00 bp_reader_s1 counterfact h100 chunk-0005 n=100 1.8s
2026-10-09T22:28:16+00:00 bp_reader_s1 counterfact h100 chunk-0006 n=100 3.2s
2026-10-09T22:28:19+00:00 bp_reader_s1 counterfact h100 chunk-0007 n=100 3.0s
2026-10-09T22:28:21+00:00 bp_reader_s1 counterfact h100 chunk-0008 n=100 2.7s
2026-10-09T22:28:25+00:00 bp_reader_s1 counterfact h100 chunk-0009 n=100 3.1s
2026-10-09T22:28:27+00:00 bp_reader_s1 counterfact h100 chunk-0010 n=100 2.8s
2026-10-09T22:28:30+00:00 bp_reader_s1 counterfact h100 chunk-0011 n=100 2.9s
2026-10-09T22:28:33+00:00 bp_reader_s1 counterfact h100 chunk-0012 n=100 3.1s
2026-10-09T22:28:36+00:00 bp_reader_s1 counterfact h100 chunk-0013 n=100 2.8s
2026-10-09T22:28:39+00:00 bp_reader_s1 counterfact h100 chunk-0014 n=100 2.7s
2026-10-09T22:28:42+00:00 bp_reader_s1 counterfact h100 chunk-0015 n=100 3.3s
2026-10-09T22:28:45+00:00 bp_reader_s1 counterfact h100 chunk-0016 n=100 2.9s
2026-10-09T22:28:48+00:00 bp_reader_s1 counterfact h100 chunk-0017 n=100 3.0s
2026-10-09T22:28:53+00:00 bp_reader_s1 counterfact h100 chunk-0018 n=100 4.9s
2026-10-09T22:28:58+00:00 bp_reader_s1 counterfact h100 chunk-0019 n=100 5.0s
2026-10-09T22:29:03+00:00 bp_reader_s1 counterfact h100 chunk-0020 n=100 5.1s
2026-10-09T22:29:09+00:00 bp_reader_s1 counterfact h100 chunk-0021 n=100 5.6s
2026-10-09T22:29:14+00:00 bp_reader_s1 counterfact h100 chunk-0022 n=100 4.9s
2026-10-09T22:29:22+00:00 bp_reader_s2 counterfact h100 chunk-0000 n=100 4.2s
2026-10-09T22:29:24+00:00 bp_reader_s2 counterfact h100 chunk-0001 n=100 1.9s
2026-10-09T22:29:26+00:00 bp_reader_s2 counterfact h100 chunk-0002 n=100 1.9s
2026-10-09T22:29:28+00:00 bp_reader_s2 counterfact h100 chunk-0003 n=100 1.9s
2026-10-09T22:29:30+00:00 bp_reader_s2 counterfact h100 chunk-0004 n=100 1.9s
2026-10-09T22:29:32+00:00 bp_reader_s2 counterfact h100 chunk-0005 n=100 1.9s
2026-10-09T22:29:35+00:00 bp_reader_s2 counterfact h100 chunk-0006 n=100 3.2s
2026-10-09T22:29:38+00:00 bp_reader_s2 counterfact h100 chunk-0007 n=100 2.9s
2026-10-09T22:29:40+00:00 bp_reader_s2 counterfact h100 chunk-0008 n=100 2.6s
2026-10-09T22:29:44+00:00 bp_reader_s2 counterfact h100 chunk-0009 n=100 3.1s
2026-10-09T22:29:46+00:00 bp_reader_s2 counterfact h100 chunk-0010 n=100 2.8s
2026-10-09T22:29:49+00:00 bp_reader_s2 counterfact h100 chunk-0011 n=100 2.9s
2026-10-09T22:29:52+00:00 bp_reader_s2 counterfact h100 chunk-0012 n=100 3.1s
2026-10-09T22:29:55+00:00 bp_reader_s2 counterfact h100 chunk-0013 n=100 2.8s
2026-10-09T22:29:58+00:00 bp_reader_s2 counterfact h100 chunk-0014 n=100 2.7s
2026-10-09T22:30:01+00:00 bp_reader_s2 counterfact h100 chunk-0015 n=100 3.2s
2026-10-09T22:30:04+00:00 bp_reader_s2 counterfact h100 chunk-0016 n=100 2.8s
2026-10-09T22:30:07+00:00 bp_reader_s2 counterfact h100 chunk-0017 n=100 3.0s
2026-10-09T22:30:12+00:00 bp_reader_s2 counterfact h100 chunk-0018 n=100 5.0s
2026-10-09T22:30:17+00:00 bp_reader_s2 counterfact h100 chunk-0019 n=100 5.0s
2026-10-09T22:30:22+00:00 bp_reader_s2 counterfact h100 chunk-0020 n=100 5.0s
2026-10-09T22:30:27+00:00 bp_reader_s2 counterfact h100 chunk-0021 n=100 5.6s
2026-10-09T22:30:32+00:00 bp_reader_s2 counterfact h100 chunk-0022 n=100 4.9s
2026-10-09T22:30:41+00:00 epc_reader_s0 counterfact h100 chunk-0000 n=100 4.6s
2026-10-09T22:30:44+00:00 epc_reader_s0 counterfact h100 chunk-0001 n=100 2.4s
2026-10-09T22:30:46+00:00 epc_reader_s0 counterfact h100 chunk-0002 n=100 2.2s
2026-10-09T22:30:48+00:00 epc_reader_s0 counterfact h100 chunk-0003 n=100 2.1s
2026-10-09T22:30:50+00:00 epc_reader_s0 counterfact h100 chunk-0004 n=100 2.0s
2026-10-09T22:30:52+00:00 epc_reader_s0 counterfact h100 chunk-0005 n=100 2.2s
2026-10-09T22:30:55+00:00 epc_reader_s0 counterfact h100 chunk-0006 n=100 2.8s
2026-10-09T22:30:58+00:00 epc_reader_s0 counterfact h100 chunk-0007 n=100 3.1s
2026-10-09T22:31:01+00:00 epc_reader_s0 counterfact h100 chunk-0008 n=100 2.7s
2026-10-09T22:31:04+00:00 epc_reader_s0 counterfact h100 chunk-0009 n=100 3.2s
2026-10-09T22:31:07+00:00 epc_reader_s0 counterfact h100 chunk-0010 n=100 2.8s
2026-10-09T22:31:10+00:00 epc_reader_s0 counterfact h100 chunk-0011 n=100 3.0s
2026-10-09T22:31:13+00:00 epc_reader_s0 counterfact h100 chunk-0012 n=100 3.2s
2026-10-09T22:31:16+00:00 epc_reader_s0 counterfact h100 chunk-0013 n=100 3.0s
2026-10-09T22:31:19+00:00 epc_reader_s0 counterfact h100 chunk-0014 n=100 2.8s
2026-10-09T22:31:22+00:00 epc_reader_s0 counterfact h100 chunk-0015 n=100 3.4s
2026-10-09T22:31:25+00:00 epc_reader_s0 counterfact h100 chunk-0016 n=100 2.9s
2026-10-09T22:31:28+00:00 epc_reader_s0 counterfact h100 chunk-0017 n=100 3.1s
2026-10-09T22:31:33+00:00 epc_reader_s0 counterfact h100 chunk-0018 n=100 4.9s
2026-10-09T22:31:38+00:00 epc_reader_s0 counterfact h100 chunk-0019 n=100 5.0s
2026-10-09T22:31:43+00:00 epc_reader_s0 counterfact h100 chunk-0020 n=100 5.1s
2026-10-09T22:31:49+00:00 epc_reader_s0 counterfact h100 chunk-0021 n=100 5.7s
2026-10-09T22:31:54+00:00 epc_reader_s0 counterfact h100 chunk-0022 n=100 5.0s
2026-10-09T22:32:03+00:00 epc_reader_s1 counterfact h100 chunk-0000 n=100 4.5s
2026-10-09T22:32:05+00:00 epc_reader_s1 counterfact h100 chunk-0001 n=100 2.3s
2026-10-09T22:32:07+00:00 epc_reader_s1 counterfact h100 chunk-0002 n=100 1.9s
2026-10-09T22:32:09+00:00 epc_reader_s1 counterfact h100 chunk-0003 n=100 2.0s
2026-10-09T22:32:11+00:00 epc_reader_s1 counterfact h100 chunk-0004 n=100 1.9s
2026-10-09T22:32:13+00:00 epc_reader_s1 counterfact h100 chunk-0005 n=100 1.9s
2026-10-09T22:32:15+00:00 epc_reader_s1 counterfact h100 chunk-0006 n=100 2.7s
2026-10-09T22:32:18+00:00 epc_reader_s1 counterfact h100 chunk-0007 n=100 3.0s
2026-10-09T22:32:21+00:00 epc_reader_s1 counterfact h100 chunk-0008 n=100 2.7s
2026-10-09T22:32:24+00:00 epc_reader_s1 counterfact h100 chunk-0009 n=100 3.1s
2026-10-09T22:32:27+00:00 epc_reader_s1 counterfact h100 chunk-0010 n=100 2.8s
2026-10-09T22:32:30+00:00 epc_reader_s1 counterfact h100 chunk-0011 n=100 2.9s
2026-10-09T22:32:33+00:00 epc_reader_s1 counterfact h100 chunk-0012 n=100 3.1s
2026-10-09T22:32:36+00:00 epc_reader_s1 counterfact h100 chunk-0013 n=100 2.9s
2026-10-09T22:32:39+00:00 epc_reader_s1 counterfact h100 chunk-0014 n=100 2.7s
2026-10-09T22:32:42+00:00 epc_reader_s1 counterfact h100 chunk-0015 n=100 3.3s
2026-10-09T22:32:45+00:00 epc_reader_s1 counterfact h100 chunk-0016 n=100 2.8s
2026-10-09T22:32:48+00:00 epc_reader_s1 counterfact h100 chunk-0017 n=100 3.0s
2026-10-09T22:32:53+00:00 epc_reader_s1 counterfact h100 chunk-0018 n=100 4.9s
2026-10-09T22:32:58+00:00 epc_reader_s1 counterfact h100 chunk-0019 n=100 4.9s
2026-10-09T22:33:03+00:00 epc_reader_s1 counterfact h100 chunk-0020 n=100 5.0s
2026-10-09T22:33:08+00:00 epc_reader_s1 counterfact h100 chunk-0021 n=100 5.7s
2026-10-09T22:33:13+00:00 epc_reader_s1 counterfact h100 chunk-0022 n=100 5.0s
2026-10-09T22:33:22+00:00 epc_reader_s2 counterfact h100 chunk-0000 n=100 4.5s
2026-10-09T22:33:25+00:00 epc_reader_s2 counterfact h100 chunk-0001 n=100 2.3s
2026-10-09T22:33:27+00:00 epc_reader_s2 counterfact h100 chunk-0002 n=100 2.1s
2026-10-09T22:33:29+00:00 epc_reader_s2 counterfact h100 chunk-0003 n=100 2.0s
2026-10-09T22:33:31+00:00 epc_reader_s2 counterfact h100 chunk-0004 n=100 2.1s
2026-10-09T22:33:33+00:00 epc_reader_s2 counterfact h100 chunk-0005 n=100 2.0s
2026-10-09T22:33:35+00:00 epc_reader_s2 counterfact h100 chunk-0006 n=100 2.8s
2026-10-09T22:33:39+00:00 epc_reader_s2 counterfact h100 chunk-0007 n=100 3.1s
2026-10-09T22:33:41+00:00 epc_reader_s2 counterfact h100 chunk-0008 n=100 2.8s
2026-10-09T22:33:45+00:00 epc_reader_s2 counterfact h100 chunk-0009 n=100 3.2s
2026-10-09T22:33:47+00:00 epc_reader_s2 counterfact h100 chunk-0010 n=100 2.8s
2026-10-09T22:33:50+00:00 epc_reader_s2 counterfact h100 chunk-0011 n=100 3.0s
2026-10-09T22:33:53+00:00 epc_reader_s2 counterfact h100 chunk-0012 n=100 3.1s
2026-10-09T22:33:56+00:00 epc_reader_s2 counterfact h100 chunk-0013 n=100 2.9s
2026-10-09T22:33:59+00:00 epc_reader_s2 counterfact h100 chunk-0014 n=100 2.8s
2026-10-09T22:34:03+00:00 epc_reader_s2 counterfact h100 chunk-0015 n=100 3.4s
2026-10-09T22:34:06+00:00 epc_reader_s2 counterfact h100 chunk-0016 n=100 2.9s
2026-10-09T22:34:09+00:00 epc_reader_s2 counterfact h100 chunk-0017 n=100 3.1s
2026-10-09T22:34:13+00:00 epc_reader_s2 counterfact h100 chunk-0018 n=100 4.9s
2026-10-09T22:34:18+00:00 epc_reader_s2 counterfact h100 chunk-0019 n=100 5.0s
2026-10-09T22:34:23+00:00 epc_reader_s2 counterfact h100 chunk-0020 n=100 5.1s
2026-10-09T22:34:29+00:00 epc_reader_s2 counterfact h100 chunk-0021 n=100 5.6s
2026-10-09T22:34:34+00:00 epc_reader_s2 counterfact h100 chunk-0022 n=100 4.9s
2026-10-10T01:31:13+00:00 bp_reader_s0 mquake h300 chunk-0000 n=100 4.1s
2026-10-10T01:31:16+00:00 bp_reader_s0 mquake h300 chunk-0001 n=100 3.4s
2026-10-10T01:31:19+00:00 bp_reader_s0 mquake h300 chunk-0002 n=100 3.1s
2026-10-10T01:31:23+00:00 bp_reader_s0 mquake h300 chunk-0003 n=100 3.3s
2026-10-10T01:31:26+00:00 bp_reader_s0 mquake h300 chunk-0004 n=100 2.9s
2026-10-10T01:31:29+00:00 bp_reader_s0 mquake h300 chunk-0005 n=100 3.0s
2026-10-10T01:31:31+00:00 bp_reader_s0 mquake h300 chunk-0006 n=100 2.9s
2026-10-10T01:31:34+00:00 bp_reader_s0 mquake h300 chunk-0007 n=100 3.1s
2026-10-10T01:31:38+00:00 bp_reader_s0 mquake h300 chunk-0008 n=100 3.2s
2026-10-10T01:31:41+00:00 bp_reader_s0 mquake h300 chunk-0009 n=100 3.2s
2026-10-10T01:31:44+00:00 bp_reader_s0 mquake h300 chunk-0010 n=100 3.3s
2026-10-10T01:31:47+00:00 bp_reader_s0 mquake h300 chunk-0011 n=100 3.0s
2026-10-10T01:31:54+00:00 bp_reader_s0 mquake h300 chunk-0012 n=100 6.9s
2026-10-10T01:32:01+00:00 bp_reader_s0 mquake h300 chunk-0013 n=100 6.6s
2026-10-10T01:32:06+00:00 bp_reader_s0 mquake h300 chunk-0014 n=100 5.5s
2026-10-10T01:32:12+00:00 bp_reader_s0 mquake h300 chunk-0015 n=100 6.1s
2026-10-10T01:32:17+00:00 bp_reader_s0 mquake h300 chunk-0016 n=100 5.2s
2026-10-10T01:32:21+00:00 bp_reader_s0 mquake h300 chunk-0017 n=100 3.6s
2026-10-10T01:32:25+00:00 bp_reader_s0 mquake h300 chunk-0018 n=90 3.6s
2026-10-10T01:32:33+00:00 bp_reader_s1 mquake h300 chunk-0000 n=100 4.3s
2026-10-10T01:32:37+00:00 bp_reader_s1 mquake h300 chunk-0001 n=100 3.5s
2026-10-10T01:32:40+00:00 bp_reader_s1 mquake h300 chunk-0002 n=100 3.5s
2026-10-10T01:32:44+00:00 bp_reader_s1 mquake h300 chunk-0003 n=100 3.5s
2026-10-10T01:32:47+00:00 bp_reader_s1 mquake h300 chunk-0004 n=100 3.1s
2026-10-10T01:32:50+00:00 bp_reader_s1 mquake h300 chunk-0005 n=100 3.1s
2026-10-10T01:32:53+00:00 bp_reader_s1 mquake h300 chunk-0006 n=100 3.0s
2026-10-10T01:32:56+00:00 bp_reader_s1 mquake h300 chunk-0007 n=100 3.1s
2026-10-10T01:32:59+00:00 bp_reader_s1 mquake h300 chunk-0008 n=100 3.3s
2026-10-10T01:33:03+00:00 bp_reader_s1 mquake h300 chunk-0009 n=100 3.2s
2026-10-10T01:33:06+00:00 bp_reader_s1 mquake h300 chunk-0010 n=100 3.3s
2026-10-10T01:33:09+00:00 bp_reader_s1 mquake h300 chunk-0011 n=100 3.2s
2026-10-10T01:33:16+00:00 bp_reader_s1 mquake h300 chunk-0012 n=100 6.6s
2026-10-10T01:33:22+00:00 bp_reader_s1 mquake h300 chunk-0013 n=100 6.6s
2026-10-10T01:33:28+00:00 bp_reader_s1 mquake h300 chunk-0014 n=100 5.5s
2026-10-10T01:33:34+00:00 bp_reader_s1 mquake h300 chunk-0015 n=100 6.0s
2026-10-10T01:33:39+00:00 bp_reader_s1 mquake h300 chunk-0016 n=100 5.4s
2026-10-10T01:33:43+00:00 bp_reader_s1 mquake h300 chunk-0017 n=100 3.8s
2026-10-10T01:33:47+00:00 bp_reader_s1 mquake h300 chunk-0018 n=90 4.0s
2026-10-10T01:33:56+00:00 bp_reader_s2 mquake h300 chunk-0000 n=100 4.2s
2026-10-10T01:33:59+00:00 bp_reader_s2 mquake h300 chunk-0001 n=100 3.4s
2026-10-10T01:34:02+00:00 bp_reader_s2 mquake h300 chunk-0002 n=100 3.1s
2026-10-10T01:34:06+00:00 bp_reader_s2 mquake h300 chunk-0003 n=100 3.5s
2026-10-10T01:34:09+00:00 bp_reader_s2 mquake h300 chunk-0004 n=100 3.1s
2026-10-10T01:34:12+00:00 bp_reader_s2 mquake h300 chunk-0005 n=100 3.1s
2026-10-10T01:34:15+00:00 bp_reader_s2 mquake h300 chunk-0006 n=100 3.0s
2026-10-10T01:34:18+00:00 bp_reader_s2 mquake h300 chunk-0007 n=100 3.2s
2026-10-10T01:34:21+00:00 bp_reader_s2 mquake h300 chunk-0008 n=100 3.4s
2026-10-10T01:34:24+00:00 bp_reader_s2 mquake h300 chunk-0009 n=100 3.1s
2026-10-10T01:34:28+00:00 bp_reader_s2 mquake h300 chunk-0010 n=100 3.3s
2026-10-10T01:34:31+00:00 bp_reader_s2 mquake h300 chunk-0011 n=100 3.1s
2026-10-10T01:34:38+00:00 bp_reader_s2 mquake h300 chunk-0012 n=100 7.0s
2026-10-10T01:34:45+00:00 bp_reader_s2 mquake h300 chunk-0013 n=100 6.7s
2026-10-10T01:34:50+00:00 bp_reader_s2 mquake h300 chunk-0014 n=100 5.5s
2026-10-10T01:34:56+00:00 bp_reader_s2 mquake h300 chunk-0015 n=100 5.9s
2026-10-10T01:35:01+00:00 bp_reader_s2 mquake h300 chunk-0016 n=100 5.4s
2026-10-10T01:35:05+00:00 bp_reader_s2 mquake h300 chunk-0017 n=100 3.8s
2026-10-10T01:35:09+00:00 bp_reader_s2 mquake h300 chunk-0018 n=90 3.9s
2026-10-10T01:35:17+00:00 epc_reader_s0 mquake h300 chunk-0000 n=100 4.0s
2026-10-10T01:35:21+00:00 epc_reader_s0 mquake h300 chunk-0001 n=100 3.3s
2026-10-10T01:35:24+00:00 epc_reader_s0 mquake h300 chunk-0002 n=100 3.1s
2026-10-10T01:35:27+00:00 epc_reader_s0 mquake h300 chunk-0003 n=100 3.3s
2026-10-10T01:35:30+00:00 epc_reader_s0 mquake h300 chunk-0004 n=100 2.9s
2026-10-10T01:35:33+00:00 epc_reader_s0 mquake h300 chunk-0005 n=100 3.0s
2026-10-10T01:35:36+00:00 epc_reader_s0 mquake h300 chunk-0006 n=100 2.9s
2026-10-10T01:35:39+00:00 epc_reader_s0 mquake h300 chunk-0007 n=100 3.0s
2026-10-10T01:35:42+00:00 epc_reader_s0 mquake h300 chunk-0008 n=100 3.3s
2026-10-10T01:35:45+00:00 epc_reader_s0 mquake h300 chunk-0009 n=100 3.1s
2026-10-10T01:35:49+00:00 epc_reader_s0 mquake h300 chunk-0010 n=100 3.3s
2026-10-10T01:35:52+00:00 epc_reader_s0 mquake h300 chunk-0011 n=100 3.0s
2026-10-10T01:35:59+00:00 epc_reader_s0 mquake h300 chunk-0012 n=100 7.0s
2026-10-10T01:36:05+00:00 epc_reader_s0 mquake h300 chunk-0013 n=100 6.7s
2026-10-10T01:36:11+00:00 epc_reader_s0 mquake h300 chunk-0014 n=100 5.5s
2026-10-10T01:36:17+00:00 epc_reader_s0 mquake h300 chunk-0015 n=100 6.0s
2026-10-10T01:36:22+00:00 epc_reader_s0 mquake h300 chunk-0016 n=100 5.2s
2026-10-10T01:36:25+00:00 epc_reader_s0 mquake h300 chunk-0017 n=100 3.4s
2026-10-10T01:36:29+00:00 epc_reader_s0 mquake h300 chunk-0018 n=90 3.5s
2026-10-10T01:36:37+00:00 epc_reader_s1 mquake h300 chunk-0000 n=100 4.1s
2026-10-10T01:36:41+00:00 epc_reader_s1 mquake h300 chunk-0001 n=100 3.3s
2026-10-10T01:36:44+00:00 epc_reader_s1 mquake h300 chunk-0002 n=100 3.0s
2026-10-10T01:36:47+00:00 epc_reader_s1 mquake h300 chunk-0003 n=100 3.3s
2026-10-10T01:36:50+00:00 epc_reader_s1 mquake h300 chunk-0004 n=100 3.0s
2026-10-10T01:36:53+00:00 epc_reader_s1 mquake h300 chunk-0005 n=100 3.0s
2026-10-10T01:36:56+00:00 epc_reader_s1 mquake h300 chunk-0006 n=100 2.9s
2026-10-10T01:36:59+00:00 epc_reader_s1 mquake h300 chunk-0007 n=100 3.1s
2026-10-10T01:37:02+00:00 epc_reader_s1 mquake h300 chunk-0008 n=100 3.3s
2026-10-10T01:37:05+00:00 epc_reader_s1 mquake h300 chunk-0009 n=100 3.2s
2026-10-10T01:37:09+00:00 epc_reader_s1 mquake h300 chunk-0010 n=100 3.3s
2026-10-10T01:37:12+00:00 epc_reader_s1 mquake h300 chunk-0011 n=100 3.0s
2026-10-10T01:37:19+00:00 epc_reader_s1 mquake h300 chunk-0012 n=100 7.0s
2026-10-10T01:37:25+00:00 epc_reader_s1 mquake h300 chunk-0013 n=100 6.7s
2026-10-10T01:37:31+00:00 epc_reader_s1 mquake h300 chunk-0014 n=100 5.5s
2026-10-10T01:37:37+00:00 epc_reader_s1 mquake h300 chunk-0015 n=100 6.0s
2026-10-10T01:37:42+00:00 epc_reader_s1 mquake h300 chunk-0016 n=100 5.1s
2026-10-10T01:37:45+00:00 epc_reader_s1 mquake h300 chunk-0017 n=100 3.4s
2026-10-10T01:37:49+00:00 epc_reader_s1 mquake h300 chunk-0018 n=90 3.5s
2026-10-10T01:37:57+00:00 epc_reader_s2 mquake h300 chunk-0000 n=100 4.1s
2026-10-10T01:38:01+00:00 epc_reader_s2 mquake h300 chunk-0001 n=100 3.3s
2026-10-10T01:38:04+00:00 epc_reader_s2 mquake h300 chunk-0002 n=100 3.0s
2026-10-10T01:38:07+00:00 epc_reader_s2 mquake h300 chunk-0003 n=100 3.3s
2026-10-10T01:38:10+00:00 epc_reader_s2 mquake h300 chunk-0004 n=100 2.9s
2026-10-10T01:38:13+00:00 epc_reader_s2 mquake h300 chunk-0005 n=100 3.0s
2026-10-10T01:38:16+00:00 epc_reader_s2 mquake h300 chunk-0006 n=100 2.9s
2026-10-10T01:38:19+00:00 epc_reader_s2 mquake h300 chunk-0007 n=100 3.1s
2026-10-10T01:38:22+00:00 epc_reader_s2 mquake h300 chunk-0008 n=100 3.2s
2026-10-10T01:38:25+00:00 epc_reader_s2 mquake h300 chunk-0009 n=100 3.1s
2026-10-10T01:38:29+00:00 epc_reader_s2 mquake h300 chunk-0010 n=100 3.2s
2026-10-10T01:38:31+00:00 epc_reader_s2 mquake h300 chunk-0011 n=100 3.0s
2026-10-10T01:38:38+00:00 epc_reader_s2 mquake h300 chunk-0012 n=100 6.9s
2026-10-10T01:38:45+00:00 epc_reader_s2 mquake h300 chunk-0013 n=100 6.6s
2026-10-10T01:38:51+00:00 epc_reader_s2 mquake h300 chunk-0014 n=100 5.6s
2026-10-10T01:38:57+00:00 epc_reader_s2 mquake h300 chunk-0015 n=100 6.0s
2026-10-10T01:39:02+00:00 epc_reader_s2 mquake h300 chunk-0016 n=100 5.2s
2026-10-10T01:39:05+00:00 epc_reader_s2 mquake h300 chunk-0017 n=100 3.5s
2026-10-10T01:39:09+00:00 epc_reader_s2 mquake h300 chunk-0018 n=90 3.5s
2026-10-10T01:39:17+00:00 bp_reader_s0 mquake h100 chunk-0000 n=100 3.6s
2026-10-10T01:39:20+00:00 bp_reader_s0 mquake h100 chunk-0001 n=100 2.9s
2026-10-10T01:39:22+00:00 bp_reader_s0 mquake h100 chunk-0002 n=100 2.5s
2026-10-10T01:39:25+00:00 bp_reader_s0 mquake h100 chunk-0003 n=100 2.8s
2026-10-10T01:39:28+00:00 bp_reader_s0 mquake h100 chunk-0004 n=100 3.0s
2026-10-10T01:39:30+00:00 bp_reader_s0 mquake h100 chunk-0005 n=100 2.6s
2026-10-10T01:39:33+00:00 bp_reader_s0 mquake h100 chunk-0006 n=100 2.5s
2026-10-10T01:39:35+00:00 bp_reader_s0 mquake h100 chunk-0007 n=100 2.5s
2026-10-10T01:39:38+00:00 bp_reader_s0 mquake h100 chunk-0008 n=100 3.0s
2026-10-10T01:39:41+00:00 bp_reader_s0 mquake h100 chunk-0009 n=100 2.6s
2026-10-10T01:39:44+00:00 bp_reader_s0 mquake h100 chunk-0010 n=100 2.7s
2026-10-10T01:39:46+00:00 bp_reader_s0 mquake h100 chunk-0011 n=100 2.7s
2026-10-10T01:39:52+00:00 bp_reader_s0 mquake h100 chunk-0012 n=100 5.7s
2026-10-10T01:39:58+00:00 bp_reader_s0 mquake h100 chunk-0013 n=100 5.8s
2026-10-10T01:40:02+00:00 bp_reader_s0 mquake h100 chunk-0014 n=100 4.6s
2026-10-10T01:40:07+00:00 bp_reader_s0 mquake h100 chunk-0015 n=100 5.0s
2026-10-10T01:40:11+00:00 bp_reader_s0 mquake h100 chunk-0016 n=100 4.0s
2026-10-10T01:40:14+00:00 bp_reader_s0 mquake h100 chunk-0017 n=100 2.3s
2026-10-10T01:40:16+00:00 bp_reader_s0 mquake h100 chunk-0018 n=90 2.3s
2026-10-10T01:40:24+00:00 bp_reader_s1 mquake h100 chunk-0000 n=100 4.0s
2026-10-10T01:40:27+00:00 bp_reader_s1 mquake h100 chunk-0001 n=100 2.9s
2026-10-10T01:40:30+00:00 bp_reader_s1 mquake h100 chunk-0002 n=100 2.6s
2026-10-10T01:40:33+00:00 bp_reader_s1 mquake h100 chunk-0003 n=100 2.9s
2026-10-10T01:40:35+00:00 bp_reader_s1 mquake h100 chunk-0004 n=100 2.6s
2026-10-10T01:40:38+00:00 bp_reader_s1 mquake h100 chunk-0005 n=100 2.6s
2026-10-10T01:40:40+00:00 bp_reader_s1 mquake h100 chunk-0006 n=100 2.5s
2026-10-10T01:40:43+00:00 bp_reader_s1 mquake h100 chunk-0007 n=100 2.5s
2026-10-10T01:40:46+00:00 bp_reader_s1 mquake h100 chunk-0008 n=100 3.0s
2026-10-10T01:40:48+00:00 bp_reader_s1 mquake h100 chunk-0009 n=100 2.6s
2026-10-10T01:40:51+00:00 bp_reader_s1 mquake h100 chunk-0010 n=100 2.7s
2026-10-10T01:40:54+00:00 bp_reader_s1 mquake h100 chunk-0011 n=100 2.7s
2026-10-10T01:40:59+00:00 bp_reader_s1 mquake h100 chunk-0012 n=100 5.7s
2026-10-10T01:41:05+00:00 bp_reader_s1 mquake h100 chunk-0013 n=100 5.8s
2026-10-10T01:41:10+00:00 bp_reader_s1 mquake h100 chunk-0014 n=100 4.6s
2026-10-10T01:41:15+00:00 bp_reader_s1 mquake h100 chunk-0015 n=100 5.1s
2026-10-10T01:41:19+00:00 bp_reader_s1 mquake h100 chunk-0016 n=100 4.1s
2026-10-10T01:41:21+00:00 bp_reader_s1 mquake h100 chunk-0017 n=100 2.3s
2026-10-10T01:41:24+00:00 bp_reader_s1 mquake h100 chunk-0018 n=90 2.4s
2026-10-10T01:41:32+00:00 bp_reader_s2 mquake h100 chunk-0000 n=100 3.6s
2026-10-10T01:41:35+00:00 bp_reader_s2 mquake h100 chunk-0001 n=100 2.9s
2026-10-10T01:41:37+00:00 bp_reader_s2 mquake h100 chunk-0002 n=100 2.5s
2026-10-10T01:41:40+00:00 bp_reader_s2 mquake h100 chunk-0003 n=100 2.9s
2026-10-10T01:41:43+00:00 bp_reader_s2 mquake h100 chunk-0004 n=100 3.0s
2026-10-10T01:41:46+00:00 bp_reader_s2 mquake h100 chunk-0005 n=100 2.6s
2026-10-10T01:41:48+00:00 bp_reader_s2 mquake h100 chunk-0006 n=100 2.5s
2026-10-10T01:41:51+00:00 bp_reader_s2 mquake h100 chunk-0007 n=100 2.5s
2026-10-10T01:41:54+00:00 bp_reader_s2 mquake h100 chunk-0008 n=100 3.0s
2026-10-10T01:41:56+00:00 bp_reader_s2 mquake h100 chunk-0009 n=100 2.6s
2026-10-10T01:41:59+00:00 bp_reader_s2 mquake h100 chunk-0010 n=100 2.6s
2026-10-10T01:42:01+00:00 bp_reader_s2 mquake h100 chunk-0011 n=100 2.7s
2026-10-10T01:42:07+00:00 bp_reader_s2 mquake h100 chunk-0012 n=100 5.7s
2026-10-10T01:42:13+00:00 bp_reader_s2 mquake h100 chunk-0013 n=100 5.7s
2026-10-10T01:42:17+00:00 bp_reader_s2 mquake h100 chunk-0014 n=100 4.6s
2026-10-10T01:42:22+00:00 bp_reader_s2 mquake h100 chunk-0015 n=100 5.1s
2026-10-10T01:42:26+00:00 bp_reader_s2 mquake h100 chunk-0016 n=100 3.9s
2026-10-10T01:42:29+00:00 bp_reader_s2 mquake h100 chunk-0017 n=100 2.4s
2026-10-10T01:42:31+00:00 bp_reader_s2 mquake h100 chunk-0018 n=90 2.4s
2026-10-10T01:42:39+00:00 epc_reader_s0 mquake h100 chunk-0000 n=100 3.6s
2026-10-10T01:42:42+00:00 epc_reader_s0 mquake h100 chunk-0001 n=100 2.8s
2026-10-10T01:42:44+00:00 epc_reader_s0 mquake h100 chunk-0002 n=100 2.5s
2026-10-10T01:42:47+00:00 epc_reader_s0 mquake h100 chunk-0003 n=100 2.8s
2026-10-10T01:42:50+00:00 epc_reader_s0 mquake h100 chunk-0004 n=100 3.0s
2026-10-10T01:42:53+00:00 epc_reader_s0 mquake h100 chunk-0005 n=100 2.6s
2026-10-10T01:42:55+00:00 epc_reader_s0 mquake h100 chunk-0006 n=100 2.5s
2026-10-10T01:42:58+00:00 epc_reader_s0 mquake h100 chunk-0007 n=100 2.4s
2026-10-10T01:43:01+00:00 epc_reader_s0 mquake h100 chunk-0008 n=100 3.0s
2026-10-10T01:43:03+00:00 epc_reader_s0 mquake h100 chunk-0009 n=100 2.6s
2026-10-10T01:43:06+00:00 epc_reader_s0 mquake h100 chunk-0010 n=100 2.6s
2026-10-10T01:43:09+00:00 epc_reader_s0 mquake h100 chunk-0011 n=100 2.7s
2026-10-10T01:43:14+00:00 epc_reader_s0 mquake h100 chunk-0012 n=100 5.7s
2026-10-10T01:43:20+00:00 epc_reader_s0 mquake h100 chunk-0013 n=100 5.8s
2026-10-10T01:43:25+00:00 epc_reader_s0 mquake h100 chunk-0014 n=100 4.6s
2026-10-10T01:43:30+00:00 epc_reader_s0 mquake h100 chunk-0015 n=100 5.1s
2026-10-10T01:43:34+00:00 epc_reader_s0 mquake h100 chunk-0016 n=100 4.0s
2026-10-10T01:43:36+00:00 epc_reader_s0 mquake h100 chunk-0017 n=100 2.2s
2026-10-10T01:43:38+00:00 epc_reader_s0 mquake h100 chunk-0018 n=90 2.2s
2026-10-10T01:43:46+00:00 epc_reader_s1 mquake h100 chunk-0000 n=100 3.5s
2026-10-10T01:43:49+00:00 epc_reader_s1 mquake h100 chunk-0001 n=100 2.8s
2026-10-10T01:43:51+00:00 epc_reader_s1 mquake h100 chunk-0002 n=100 2.5s
2026-10-10T01:43:54+00:00 epc_reader_s1 mquake h100 chunk-0003 n=100 2.8s
2026-10-10T01:43:57+00:00 epc_reader_s1 mquake h100 chunk-0004 n=100 3.0s
2026-10-10T01:43:59+00:00 epc_reader_s1 mquake h100 chunk-0005 n=100 2.6s
2026-10-10T01:44:02+00:00 epc_reader_s1 mquake h100 chunk-0006 n=100 2.5s
2026-10-10T01:44:04+00:00 epc_reader_s1 mquake h100 chunk-0007 n=100 2.4s
2026-10-10T01:44:07+00:00 epc_reader_s1 mquake h100 chunk-0008 n=100 3.0s
2026-10-10T01:44:10+00:00 epc_reader_s1 mquake h100 chunk-0009 n=100 2.6s
2026-10-10T01:44:13+00:00 epc_reader_s1 mquake h100 chunk-0010 n=100 2.6s
2026-10-10T01:44:15+00:00 epc_reader_s1 mquake h100 chunk-0011 n=100 2.7s
2026-10-10T01:44:21+00:00 epc_reader_s1 mquake h100 chunk-0012 n=100 5.6s
2026-10-10T01:44:27+00:00 epc_reader_s1 mquake h100 chunk-0013 n=100 5.7s
2026-10-10T01:44:31+00:00 epc_reader_s1 mquake h100 chunk-0014 n=100 4.6s
2026-10-10T01:44:36+00:00 epc_reader_s1 mquake h100 chunk-0015 n=100 5.0s
2026-10-10T01:44:40+00:00 epc_reader_s1 mquake h100 chunk-0016 n=100 4.0s
2026-10-10T01:44:42+00:00 epc_reader_s1 mquake h100 chunk-0017 n=100 2.2s
2026-10-10T01:44:45+00:00 epc_reader_s1 mquake h100 chunk-0018 n=90 2.2s
2026-10-10T01:44:53+00:00 epc_reader_s2 mquake h100 chunk-0000 n=100 3.6s
2026-10-10T01:44:55+00:00 epc_reader_s2 mquake h100 chunk-0001 n=100 2.7s
2026-10-10T01:44:58+00:00 epc_reader_s2 mquake h100 chunk-0002 n=100 2.5s
2026-10-10T01:45:00+00:00 epc_reader_s2 mquake h100 chunk-0003 n=100 2.8s
2026-10-10T01:45:03+00:00 epc_reader_s2 mquake h100 chunk-0004 n=100 3.0s
2026-10-10T01:45:06+00:00 epc_reader_s2 mquake h100 chunk-0005 n=100 2.6s
2026-10-10T01:45:09+00:00 epc_reader_s2 mquake h100 chunk-0006 n=100 2.5s
2026-10-10T01:45:11+00:00 epc_reader_s2 mquake h100 chunk-0007 n=100 2.4s
2026-10-10T01:45:14+00:00 epc_reader_s2 mquake h100 chunk-0008 n=100 3.0s
2026-10-10T01:45:17+00:00 epc_reader_s2 mquake h100 chunk-0009 n=100 2.6s
2026-10-10T01:45:19+00:00 epc_reader_s2 mquake h100 chunk-0010 n=100 2.7s
2026-10-10T01:45:22+00:00 epc_reader_s2 mquake h100 chunk-0011 n=100 2.7s
2026-10-10T01:45:28+00:00 epc_reader_s2 mquake h100 chunk-0012 n=100 5.7s
2026-10-10T01:45:33+00:00 epc_reader_s2 mquake h100 chunk-0013 n=100 5.8s
2026-10-10T01:45:38+00:00 epc_reader_s2 mquake h100 chunk-0014 n=100 4.6s
2026-10-10T01:45:43+00:00 epc_reader_s2 mquake h100 chunk-0015 n=100 5.0s
2026-10-10T01:45:47+00:00 epc_reader_s2 mquake h100 chunk-0016 n=100 3.9s
2026-10-10T01:45:49+00:00 epc_reader_s2 mquake h100 chunk-0017 n=100 2.2s
2026-10-10T01:45:51+00:00 epc_reader_s2 mquake h100 chunk-0018 n=90 2.2s
