Admitted 299 cells; 4 reader cells pending
Analyzed 1/299: stage4/counterfact/R1_learned_ff/0/100/None
Analyzed 11/299: stage4/counterfact/R1_learned_ff/2/100/None
Analyzed 21/299: stage4/zsre/R1_learned_ff/1/100/None
Analyzed 31/299: stage4/counterfact/R1_nonlearned/0/100/None
Analyzed 41/299: stage4/counterfact/R1_nonlearned/2/100/None
Analyzed 51/299: stage4/zsre/R1_nonlearned/1/100/None
Analyzed 61/299: stage4/counterfact/S1_LM/0/100/None
Analyzed 71/299: stage4/counterfact/S1_LM/2/100/None
Analyzed 81/299: stage4/zsre/S1_LM/1/100/None
Analyzed 91/299: stage4/zsre/S1_literal/0/100/None
Analyzed 101/299: stage4/zsre/S1_literal/2/100/None
Analyzed 111/299: stage4/counterfact/matched_update/1/100/None
Analyzed 121/299: stage4/zsre/matched_update/0/100/None
Analyzed 131/299: stage4/zsre/matched_update/2/100/None
Analyzed 141/299: stage4/counterfact/v0_live_C1/1/100/None
Analyzed 151/299: stage4/zsre/v0_live_C1/0/100/None
Analyzed 161/299: stage4/zsre/v0_live_C1/2/100/None
Analyzed 171/299: stage4/counterfact/v0_live_C2/1/100/None
Analyzed 181/299: stage4/zsre/v0_live_C2/0/100/None
Analyzed 191/299: stage4/zsre/v0_live_C2/2/100/None
Analyzed 201/299: stage4/counterfact/v0_stable/1/100/None
Analyzed 211/299: stage4/zsre/v0_stable/0/100/None
Analyzed 221/299: stage4/zsre/v0_stable/2/100/None
Analyzed 231/299: AW-B/counterfact/v5/0/101/None
Analyzed 241/299: AW-B/zsre/capoff/0/100/None
Analyzed 251/299: AW-B/zsre/mixture:0.367879/0/103/None
Analyzed 261/299: PC-reader/counterfact/bp/0/100/2
Analyzed 271/299: kappa-pilot/counterfact/ordinary/None/21/2
Analyzed 281/299: kappa-pilot/mquake/kappa02/None/21/2
Analyzed 291/299: kappa-pilot/zsre/clip2/None/21/0
{"cells": 299, "wall_seconds": 89.56348929507658, "output": "logs/additional_work/HT-17/snapshot-20261001", "code_sha256": "e45ec5dc61525cd7588d0e4f90aa614d8f888d72235e224545e34b8295179845"}
