ht15: starting CPU report
ht15: complete (21.93s)
stage4: starting CPU report
stage4: complete (0.45s)
pc-default: starting CPU report
pc-default: complete (46.37s)
pc-matched: starting CPU report
pc-matched: complete (0.45s)
pc-controls: starting CPU report
pc-controls: complete (16.58s)
pc-settings: starting CPU report
pc-settings: complete (2.36s)
aw-b: starting CPU report
aw-b: complete (4.56s)
kappa: starting CPU report
kappa: complete (0.58s)
ht13: starting CPU report
ht13: complete (7.59s)
ht17: starting CPU report
ht17: complete (89.26s)
pc-reader: starting CPU report
pc-reader: complete (0.86s)
option-r: starting CPU report
option-r: complete (14.11s)
aw-l: starting CPU report
aw-l: complete (1.27s)
figures: starting CPU report
figures: complete (16.09s)
deck: starting CPU report
deck: complete (8.13s)
audit: starting CPU report
audit: complete (45.27s)
{"status": "complete", "wall_seconds": 279.0869361408986, "output": "/home/derp/cap/pc_cap/logs/additional_work/reproductions/freeze-dryrun-20261007", "assets": "/home/derp/cap/assets/presentation-materials/reproductions/freeze-dryrun-20261007"}
