{"bank": "loaded", "pool": "manifests/revision_v1/train_pool_counterfact_v1.json", "items": 1000, "bank_sha256": "d5a12325376825463a27737ac88f19d5a2712fc0d185805d48ffa3341d6a853b"}
{"bank": "loaded", "pool": "manifests/revision_v1/train_pool_zsre_v1.json", "items": 1000, "bank_sha256": "cde7997956394b99cb539e5e5f3df1395e7f28bc349834e74c42eab2ace71837"}
{"bank": "loaded", "pool": "manifests/revision_v1/train_pool_mquake_v3.json", "items": 500, "bank_sha256": "155e2ccd21b0fbec30afc1d3db662ce0844c4420fa5f6b674493fa984075dbde"}
{"text_bank": 1536, "windows": 512, "source": "openwebtext training range [0, 50,001,920)"}
{"answer": 1.7947, "answer_n": 49.0, "preserve": 0.0055, "preserve_n": 16.0, "retrieval": 7.496, "code_norm": 0.0, "grad_norm": 42.1333, "step": 0, "wall_s": 25.3731}
{"answer": 1.3439, "answer_n": 45.0, "preserve": 0.0052, "preserve_n": 16.0, "retrieval": 0.588, "code_norm": 0.0, "grad_norm": 83.2541, "step": 10, "wall_s": 82.2289}
{"answer": 1.3034, "answer_n": 53.0, "preserve": 0.0397, "preserve_n": 16.0, "retrieval": 0.6068, "code_norm": 0.0, "grad_norm": 20.9193, "step": 20, "wall_s": 107.4214}
{"answer": 1.1715, "answer_n": 52.0, "preserve": 0.069, "preserve_n": 16.5, "retrieval": 0.6173, "code_norm": 0.0, "grad_norm": 64.1251, "step": 30, "wall_s": 121.5517}
{"answer": 1.2601, "answer_n": 55.0, "preserve": 0.0167, "preserve_n": 16.5, "retrieval": 0.5762, "code_norm": 0.0, "grad_norm": 13.4739, "step": 40, "wall_s": 130.8988}
{"answer": 1.1239, "answer_n": 39.0, "preserve": 0.031, "preserve_n": 16.5, "retrieval": 0.6143, "code_norm": 0.0, "grad_norm": 27.4036, "step": 50, "wall_s": 176.3977}
{"answer": 1.1147, "answer_n": 61.0, "preserve": 0.012, "preserve_n": 16.5, "retrieval": 0.4113, "code_norm": 0.0, "grad_norm": 19.4063, "step": 60, "wall_s": 239.8467}
{"answer": 1.115, "answer_n": 42.0, "preserve": 0.0038, "preserve_n": 16.0, "retrieval": 0.5146, "code_norm": 0.0, "grad_norm": 5.8467, "step": 70, "wall_s": 258.8282}
{"answer": 1.2104, "answer_n": 54.0, "preserve": 0.0033, "preserve_n": 16.0, "retrieval": 0.3709, "code_norm": 0.0, "grad_norm": 13.2089, "step": 80, "wall_s": 272.6043}
{"answer": 1.3133, "answer_n": 53.0, "preserve": 0.0078, "preserve_n": 16.5, "retrieval": 0.518, "code_norm": 0.0, "grad_norm": 9.836, "step": 90, "wall_s": 279.8647}
{"answer": 1.2121, "answer_n": 45.0, "preserve": 0.0021, "preserve_n": 16.0, "retrieval": 0.4479, "code_norm": 0.0, "grad_norm": 8.4657, "step": 100, "wall_s": 349.143}
{"answer": 1.1272, "answer_n": 49.0, "preserve": 0.0009, "preserve_n": 16.5, "retrieval": 0.463, "code_norm": 0.0, "grad_norm": 6.3514, "step": 110, "wall_s": 417.4929}
{"answer": 1.2624, "answer_n": 59.0, "preserve": 0.0011, "preserve_n": 16.5, "retrieval": 0.3757, "code_norm": 0.0, "grad_norm": 22.3868, "step": 120, "wall_s": 441.9351}
{"answer": 1.1575, "answer_n": 40.0, "preserve": 0.0008, "preserve_n": 16.5, "retrieval": 0.3458, "code_norm": 0.0, "grad_norm": 1.8607, "step": 130, "wall_s": 460.3889}
{"answer": 1.1424, "answer_n": 49.0, "preserve": 0.0003, "preserve_n": 16.0, "retrieval": 0.2959, "code_norm": 0.0, "grad_norm": 1.6014, "step": 140, "wall_s": 467.365}
{"answer": 1.0964, "answer_n": 58.0, "preserve": 0.0004, "preserve_n": 16.5, "retrieval": 0.4492, "code_norm": 0.0, "grad_norm": 16.0469, "step": 150, "wall_s": 547.2826}
{"answer": 1.1538, "answer_n": 51.0, "preserve": 0.0021, "preserve_n": 16.5, "retrieval": 0.3513, "code_norm": 0.0, "grad_norm": 14.7442, "step": 160, "wall_s": 627.1459}
{"answer": 1.1602, "answer_n": 47.0, "preserve": 0.0005, "preserve_n": 16.0, "retrieval": 0.2606, "code_norm": 0.0, "grad_norm": 3.234, "step": 170, "wall_s": 634.2511}
{"answer": 1.046, "answer_n": 50.0, "preserve": 0.0003, "preserve_n": 16.0, "retrieval": 0.3393, "code_norm": 0.0, "grad_norm": 75.5044, "step": 180, "wall_s": 651.6219}
{"answer": 1.1679, "answer_n": 47.0, "preserve": 0.0046, "preserve_n": 16.5, "retrieval": 0.2968, "code_norm": 0.0, "grad_norm": 32.202, "step": 190, "wall_s": 658.6926}
{"answer": 1.0628, "answer_n": 46.0, "preserve": 0.0007, "preserve_n": 16.0, "retrieval": 0.3312, "code_norm": 0.0, "grad_norm": 25.4712, "step": 200, "wall_s": 724.0396}
{"answer": 0.9452, "answer_n": 48.0, "preserve": 0.0005, "preserve_n": 16.5, "retrieval": 0.3598, "code_norm": 0.0, "grad_norm": 21.3827, "step": 210, "wall_s": 802.5914}
{"answer": 1.0391, "answer_n": 46.0, "preserve": 0.0003, "preserve_n": 16.0, "retrieval": 0.2337, "code_norm": 0.0, "grad_norm": 14.2224, "step": 220, "wall_s": 820.8251}
{"answer": 1.174, "answer_n": 51.0, "preserve": 0.0015, "preserve_n": 16.5, "retrieval": 0.2769, "code_norm": 0.0, "grad_norm": 9.1051, "step": 230, "wall_s": 832.8445}
{"answer": 1.0859, "answer_n": 49.0, "preserve": 0.0008, "preserve_n": 16.5, "retrieval": 0.334, "code_norm": 0.0, "grad_norm": 16.6077, "step": 240, "wall_s": 838.0596}
{"answer": 1.0064, "answer_n": 38.0, "preserve": 0.0003, "preserve_n": 16.5, "retrieval": 0.205, "code_norm": 0.0, "grad_norm": 1.0803, "step": 250, "wall_s": 915.1645}
{"answer": 0.9843, "answer_n": 49.0, "preserve": 0.0002, "preserve_n": 16.0, "retrieval": 0.485, "code_norm": 0.0, "grad_norm": 4.6903, "step": 260, "wall_s": 984.989}
{"answer": 1.1441, "answer_n": 46.0, "preserve": 0.0136, "preserve_n": 16.0, "retrieval": 0.3687, "code_norm": 0.0, "grad_norm": 18.1626, "step": 270, "wall_s": 1006.4164}
{"answer": 1.0031, "answer_n": 34.0, "preserve": 0.0015, "preserve_n": 16.0, "retrieval": 0.2068, "code_norm": 0.0, "grad_norm": 1.7892, "step": 280, "wall_s": 1020.3257}
{"answer": 1.0864, "answer_n": 54.0, "preserve": 0.0002, "preserve_n": 17.0, "retrieval": 0.1522, "code_norm": 0.0, "grad_norm": 4.1889, "step": 290, "wall_s": 1024.592}
{"dev_before": {"answer": 1.7954086056091354, "answer_n": 52.33333333333333, "preserve": 0.006945417065454743, "preserve_n": 15.999999999999998, "retrieval": 7.415770212809244, "code_norm": 0.0}, "dev_after_best": {"answer": 1.1592158944752364, "answer_n": 52.33333333333333, "preserve": 0.0023951514412120884, "preserve_n": 15.999999999999998, "retrieval": 0.18068949381510416, "code_norm": 0.0}, "best_step": 299, "train_wall_s": 1072}
