{"bank": "loaded", "pool": "manifests/revision_v1/train_pool_counterfact_v1.json", "items": 1000, "bank_sha256": "d5a12325376825463a27737ac88f19d5a2712fc0d185805d48ffa3341d6a853b"}
{"bank": "loaded", "pool": "manifests/revision_v1/train_pool_zsre_v1.json", "items": 1000, "bank_sha256": "cde7997956394b99cb539e5e5f3df1395e7f28bc349834e74c42eab2ace71837"}
{"bank": "loaded", "pool": "manifests/revision_v1/train_pool_mquake_v3.json", "items": 500, "bank_sha256": "155e2ccd21b0fbec30afc1d3db662ce0844c4420fa5f6b674493fa984075dbde"}
{"text_bank": 1536, "windows": 512, "source": "openwebtext training range [0, 50,001,920)"}
{"answer": 1.9308, "answer_n": 53.0, "preserve": 0.0083, "preserve_n": 16.0, "retrieval": 5.9236, "code_norm": 0.0, "grad_norm": 35.3129, "step": 0, "wall_s": 8.3767}
{"answer": 1.2635, "answer_n": 41.0, "preserve": 0.0203, "preserve_n": 16.5, "retrieval": 0.7025, "code_norm": 0.0, "grad_norm": 75.9104, "step": 10, "wall_s": 73.7327}
{"answer": 1.1892, "answer_n": 55.0, "preserve": 0.0407, "preserve_n": 16.0, "retrieval": 0.4838, "code_norm": 0.0, "grad_norm": 16.4289, "step": 20, "wall_s": 88.5967}
{"answer": 1.1507, "answer_n": 39.0, "preserve": 0.0162, "preserve_n": 16.0, "retrieval": 0.6126, "code_norm": 0.0, "grad_norm": 44.4711, "step": 30, "wall_s": 97.4906}
{"answer": 1.0699, "answer_n": 50.0, "preserve": 0.0019, "preserve_n": 16.5, "retrieval": 0.4868, "code_norm": 0.0, "grad_norm": 23.1319, "step": 40, "wall_s": 102.508}
{"answer": 1.2514, "answer_n": 53.0, "preserve": 0.0022, "preserve_n": 16.0, "retrieval": 0.4708, "code_norm": 0.0, "grad_norm": 23.1674, "step": 50, "wall_s": 135.8177}
{"answer": 1.0981, "answer_n": 51.0, "preserve": 0.0056, "preserve_n": 16.0, "retrieval": 0.515, "code_norm": 0.0, "grad_norm": 9.5851, "step": 60, "wall_s": 202.1}
{"answer": 1.1768, "answer_n": 56.0, "preserve": 0.0022, "preserve_n": 16.0, "retrieval": 0.4565, "code_norm": 0.0, "grad_norm": 37.3681, "step": 70, "wall_s": 224.3606}
{"answer": 1.0054, "answer_n": 56.0, "preserve": 0.0002, "preserve_n": 16.0, "retrieval": 0.5417, "code_norm": 0.0, "grad_norm": 15.0486, "step": 80, "wall_s": 237.5519}
{"answer": 1.1488, "answer_n": 58.0, "preserve": 0.0091, "preserve_n": 16.0, "retrieval": 0.2943, "code_norm": 0.0, "grad_norm": 10.213, "step": 90, "wall_s": 247.0573}
{"answer": 1.062, "answer_n": 38.0, "preserve": 0.0006, "preserve_n": 16.0, "retrieval": 0.3229, "code_norm": 0.0, "grad_norm": 6.601, "step": 100, "wall_s": 308.445}
{"answer": 1.0195, "answer_n": 51.0, "preserve": 0.0008, "preserve_n": 16.0, "retrieval": 0.3608, "code_norm": 0.0, "grad_norm": 14.4479, "step": 110, "wall_s": 362.3059}
{"answer": 1.295, "answer_n": 53.0, "preserve": 0.006, "preserve_n": 16.5, "retrieval": 0.4641, "code_norm": 0.0, "grad_norm": 17.9421, "step": 120, "wall_s": 403.6388}
{"answer": 1.0761, "answer_n": 58.0, "preserve": 0.0011, "preserve_n": 16.5, "retrieval": 0.2908, "code_norm": 0.0, "grad_norm": 46.5267, "step": 130, "wall_s": 411.5455}
{"answer": 1.066, "answer_n": 52.0, "preserve": 0.0005, "preserve_n": 16.5, "retrieval": 0.345, "code_norm": 0.0, "grad_norm": 7.299, "step": 140, "wall_s": 424.4102}
{"answer": 1.1607, "answer_n": 52.0, "preserve": 0.0115, "preserve_n": 16.5, "retrieval": 0.3729, "code_norm": 0.0, "grad_norm": 24.5457, "step": 150, "wall_s": 492.1156}
{"answer": 1.215, "answer_n": 60.0, "preserve": 0.0003, "preserve_n": 16.0, "retrieval": 0.2992, "code_norm": 0.0, "grad_norm": 4.0458, "step": 160, "wall_s": 560.6118}
{"answer": 1.1071, "answer_n": 61.0, "preserve": 0.0012, "preserve_n": 16.5, "retrieval": 0.2897, "code_norm": 0.0, "grad_norm": 8.4991, "step": 170, "wall_s": 583.454}
{"answer": 1.0755, "answer_n": 51.0, "preserve": 0.0009, "preserve_n": 16.5, "retrieval": 0.2566, "code_norm": 0.0, "grad_norm": 2.476, "step": 180, "wall_s": 595.1936}
{"answer": 1.1919, "answer_n": 47.0, "preserve": 0.0003, "preserve_n": 16.5, "retrieval": 0.5825, "code_norm": 0.0, "grad_norm": 36.8086, "step": 190, "wall_s": 600.53}
{"answer": 1.0834, "answer_n": 58.0, "preserve": 0.0016, "preserve_n": 16.5, "retrieval": 0.3641, "code_norm": 0.0, "grad_norm": 47.8432, "step": 200, "wall_s": 665.9812}
{"answer": 1.1462, "answer_n": 53.0, "preserve": 0.0458, "preserve_n": 16.5, "retrieval": 0.2312, "code_norm": 0.0, "grad_norm": 17.6704, "step": 210, "wall_s": 721.8371}
{"answer": 1.1778, "answer_n": 46.0, "preserve": 0.0018, "preserve_n": 16.0, "retrieval": 0.3096, "code_norm": 0.0, "grad_norm": 6.1824, "step": 220, "wall_s": 735.7395}
{"answer": 1.2382, "answer_n": 42.0, "preserve": 0.0002, "preserve_n": 16.0, "retrieval": 0.3245, "code_norm": 0.0, "grad_norm": 4.5282, "step": 230, "wall_s": 754.1697}
{"answer": 1.1577, "answer_n": 69.0, "preserve": 0.0012, "preserve_n": 16.0, "retrieval": 0.2825, "code_norm": 0.0, "grad_norm": 18.5882, "step": 240, "wall_s": 764.1697}
{"answer": 0.9337, "answer_n": 48.0, "preserve": 0.0119, "preserve_n": 16.5, "retrieval": 0.2265, "code_norm": 0.0, "grad_norm": 18.9615, "step": 250, "wall_s": 831.5291}
{"answer": 1.2531, "answer_n": 58.0, "preserve": 0.0003, "preserve_n": 16.0, "retrieval": 0.3058, "code_norm": 0.0, "grad_norm": 6.5743, "step": 260, "wall_s": 887.2471}
{"answer": 0.9949, "answer_n": 40.0, "preserve": 0.0612, "preserve_n": 16.0, "retrieval": 0.3907, "code_norm": 0.0, "grad_norm": 71.8754, "step": 270, "wall_s": 899.328}
{"answer": 0.8757, "answer_n": 43.0, "preserve": 0.0079, "preserve_n": 16.0, "retrieval": 0.1837, "code_norm": 0.0, "grad_norm": 10.5545, "step": 280, "wall_s": 917.1061}
{"answer": 0.965, "answer_n": 48.0, "preserve": 0.1997, "preserve_n": 16.5, "retrieval": 0.197, "code_norm": 0.0, "grad_norm": 4.7021, "step": 290, "wall_s": 922.7042}
{"dev_before": {"answer": 1.7888041160464074, "answer_n": 52.33333333333333, "preserve": 0.007642949784092385, "preserve_n": 16.5, "retrieval": 5.8690141042073565, "code_norm": 0.0}, "dev_after_best": {"answer": 1.055657075008588, "answer_n": 52.33333333333333, "preserve": 0.02964738052772494, "preserve_n": 16.5, "retrieval": 0.22503725687662762, "code_norm": 0.0}, "best_step": 299, "train_wall_s": 953}
