{"bank": "loaded", "pool": "manifests/revision_v1/train_pool_counterfact_v1.json", "items": 1000, "bank_sha256": "d5a12325376825463a27737ac88f19d5a2712fc0d185805d48ffa3341d6a853b"}
{"bank": "loaded", "pool": "manifests/revision_v1/train_pool_zsre_v1.json", "items": 1000, "bank_sha256": "cde7997956394b99cb539e5e5f3df1395e7f28bc349834e74c42eab2ace71837"}
{"bank": "loaded", "pool": "manifests/revision_v1/train_pool_mquake_v3.json", "items": 500, "bank_sha256": "155e2ccd21b0fbec30afc1d3db662ce0844c4420fa5f6b674493fa984075dbde"}
{"text_bank": 1536, "windows": 512, "source": "openwebtext training range [0, 50,001,920)"}
{"answer": 1.7361, "answer_n": 57.0, "preserve": 0.0127, "preserve_n": 16.0, "retrieval": 6.7078, "code_norm": 0.0, "grad_norm": 35.3747, "step": 0, "wall_s": 18.2309}
{"answer": 1.6031, "answer_n": 51.0, "preserve": 0.0003, "preserve_n": 16.0, "retrieval": 0.9614, "code_norm": 0.0, "grad_norm": 21.2215, "step": 10, "wall_s": 64.378}
{"answer": 1.2555, "answer_n": 40.0, "preserve": 0.0363, "preserve_n": 16.0, "retrieval": 0.895, "code_norm": 0.0, "grad_norm": 207.3268, "step": 20, "wall_s": 78.7968}
{"answer": 1.2431, "answer_n": 46.0, "preserve": 0.0384, "preserve_n": 17.0, "retrieval": 0.5949, "code_norm": 0.0, "grad_norm": 11.8364, "step": 30, "wall_s": 112.5565}
{"answer": 1.188, "answer_n": 60.0, "preserve": 0.0033, "preserve_n": 16.5, "retrieval": 0.7052, "code_norm": 0.0, "grad_norm": 14.1857, "step": 40, "wall_s": 125.1987}
{"answer": 1.3065, "answer_n": 59.0, "preserve": 0.0246, "preserve_n": 16.0, "retrieval": 0.4188, "code_norm": 0.0, "grad_norm": 7.9604, "step": 50, "wall_s": 161.1953}
{"answer": 1.1109, "answer_n": 47.0, "preserve": 0.0063, "preserve_n": 16.0, "retrieval": 0.5333, "code_norm": 0.0, "grad_norm": 7.1342, "step": 60, "wall_s": 234.6393}
{"answer": 1.2407, "answer_n": 57.0, "preserve": 0.0057, "preserve_n": 16.5, "retrieval": 0.4261, "code_norm": 0.0, "grad_norm": 10.5696, "step": 70, "wall_s": 256.1652}
{"answer": 1.1337, "answer_n": 64.0, "preserve": 0.0093, "preserve_n": 16.5, "retrieval": 0.4072, "code_norm": 0.0, "grad_norm": 18.7885, "step": 80, "wall_s": 265.0064}
{"answer": 1.2654, "answer_n": 49.0, "preserve": 0.0134, "preserve_n": 16.0, "retrieval": 0.6677, "code_norm": 0.0, "grad_norm": 26.1742, "step": 90, "wall_s": 277.0513}
{"answer": 1.2196, "answer_n": 53.0, "preserve": 0.0066, "preserve_n": 16.0, "retrieval": 0.4505, "code_norm": 0.0, "grad_norm": 24.3703, "step": 100, "wall_s": 349.3092}
{"answer": 0.9671, "answer_n": 58.0, "preserve": 0.012, "preserve_n": 16.5, "retrieval": 0.3561, "code_norm": 0.0, "grad_norm": 30.7185, "step": 110, "wall_s": 426.8704}
{"answer": 1.1804, "answer_n": 56.0, "preserve": 0.0031, "preserve_n": 16.0, "retrieval": 0.4148, "code_norm": 0.0, "grad_norm": 23.852, "step": 120, "wall_s": 434.0699}
{"answer": 1.0627, "answer_n": 44.0, "preserve": 0.0028, "preserve_n": 16.0, "retrieval": 0.3824, "code_norm": 0.0, "grad_norm": 10.9932, "step": 130, "wall_s": 438.2699}
{"answer": 1.1898, "answer_n": 54.0, "preserve": 0.0022, "preserve_n": 16.5, "retrieval": 0.2837, "code_norm": 0.0, "grad_norm": 11.9597, "step": 140, "wall_s": 445.5028}
{"answer": 1.1335, "answer_n": 55.0, "preserve": 0.0004, "preserve_n": 16.5, "retrieval": 0.4495, "code_norm": 0.0, "grad_norm": 17.1192, "step": 150, "wall_s": 527.2522}
{"answer": 0.9329, "answer_n": 45.0, "preserve": 0.0149, "preserve_n": 16.5, "retrieval": 0.2901, "code_norm": 0.0, "grad_norm": 20.0564, "step": 160, "wall_s": 587.1779}
{"answer": 0.9977, "answer_n": 53.0, "preserve": 0.003, "preserve_n": 16.0, "retrieval": 0.3782, "code_norm": 0.0, "grad_norm": 23.8035, "step": 170, "wall_s": 613.0028}
{"answer": 1.1763, "answer_n": 46.0, "preserve": 0.0013, "preserve_n": 16.0, "retrieval": 0.3288, "code_norm": 0.0, "grad_norm": 12.6846, "step": 180, "wall_s": 622.9211}
{"answer": 1.1624, "answer_n": 45.0, "preserve": 0.0015, "preserve_n": 16.0, "retrieval": 0.4099, "code_norm": 0.0, "grad_norm": 40.0596, "step": 190, "wall_s": 634.447}
{"answer": 1.093, "answer_n": 42.0, "preserve": 0.0175, "preserve_n": 16.5, "retrieval": 0.3519, "code_norm": 0.0, "grad_norm": 3.9682, "step": 200, "wall_s": 712.8761}
{"answer": 1.0406, "answer_n": 46.0, "preserve": 0.0002, "preserve_n": 16.5, "retrieval": 0.4038, "code_norm": 0.0, "grad_norm": 14.7566, "step": 210, "wall_s": 776.5303}
{"answer": 1.2225, "answer_n": 62.0, "preserve": 0.0008, "preserve_n": 16.5, "retrieval": 0.2778, "code_norm": 0.0, "grad_norm": 4.1217, "step": 220, "wall_s": 803.1408}
{"answer": 1.2493, "answer_n": 50.0, "preserve": 0.0013, "preserve_n": 16.5, "retrieval": 0.3323, "code_norm": 0.0, "grad_norm": 59.9466, "step": 230, "wall_s": 813.5353}
{"answer": 1.0718, "answer_n": 46.0, "preserve": 0.0014, "preserve_n": 16.0, "retrieval": 0.2511, "code_norm": 0.0, "grad_norm": 2.7119, "step": 240, "wall_s": 815.5427}
{"answer": 1.2768, "answer_n": 50.0, "preserve": 0.0002, "preserve_n": 16.0, "retrieval": 0.4622, "code_norm": 0.0, "grad_norm": 12.5496, "step": 250, "wall_s": 890.6051}
{"answer": 0.7795, "answer_n": 53.0, "preserve": 0.0055, "preserve_n": 16.0, "retrieval": 0.4035, "code_norm": 0.0, "grad_norm": 11.9963, "step": 260, "wall_s": 961.0403}
{"answer": 1.2068, "answer_n": 50.0, "preserve": 0.0021, "preserve_n": 16.0, "retrieval": 0.2732, "code_norm": 0.0, "grad_norm": 8.2556, "step": 270, "wall_s": 979.0425}
{"answer": 1.1564, "answer_n": 49.0, "preserve": 0.0003, "preserve_n": 16.5, "retrieval": 0.2539, "code_norm": 0.0, "grad_norm": 4.2854, "step": 280, "wall_s": 990.8479}
{"answer": 0.9657, "answer_n": 47.0, "preserve": 0.0007, "preserve_n": 16.5, "retrieval": 0.2003, "code_norm": 0.0, "grad_norm": 81.7223, "step": 290, "wall_s": 992.9615}
{"dev_before": {"answer": 1.6578697074158977, "answer_n": 59.0, "preserve": 0.012583663335295998, "preserve_n": 16.166666666666664, "retrieval": 6.7581837972005205, "code_norm": 0.0}, "dev_after_best": {"answer": 1.0831886697683144, "answer_n": 59.0, "preserve": 0.001343459537030653, "preserve_n": 16.166666666666664, "retrieval": 0.31541697184244794, "code_norm": 0.0}, "best_step": 299, "train_wall_s": 1038}
