{"bank": "loaded", "pool": "manifests/revision_v1/train_pool_counterfact_v1.json", "items": 1000, "bank_sha256": "d5a12325376825463a27737ac88f19d5a2712fc0d185805d48ffa3341d6a853b"}
{"bank": "loaded", "pool": "manifests/revision_v1/train_pool_zsre_v1.json", "items": 1000, "bank_sha256": "cde7997956394b99cb539e5e5f3df1395e7f28bc349834e74c42eab2ace71837"}
{"bank": "loaded", "pool": "manifests/revision_v1/train_pool_mquake_v3.json", "items": 500, "bank_sha256": "155e2ccd21b0fbec30afc1d3db662ce0844c4420fa5f6b674493fa984075dbde"}
{"text_bank": 1536, "windows": 512, "source": "openwebtext training range [0, 50,001,920)"}
{"answer": 3.3031, "answer_n": 53.0, "preserve": 0.01, "preserve_n": 16.0, "retrieval": 5.9236, "code_norm": 0.0, "grad_norm": 58.6908, "step": 0, "wall_s": 8.1922}
{"answer": 2.2547, "answer_n": 41.0, "preserve": 0.0373, "preserve_n": 16.5, "retrieval": 0.7145, "code_norm": 0.0, "grad_norm": 75.4138, "step": 10, "wall_s": 74.2957}
{"answer": 2.0925, "answer_n": 55.0, "preserve": 0.001, "preserve_n": 16.0, "retrieval": 0.6154, "code_norm": 0.0, "grad_norm": 111.6009, "step": 20, "wall_s": 88.8925}
{"answer": 2.0199, "answer_n": 39.0, "preserve": 0.0197, "preserve_n": 16.0, "retrieval": 0.5133, "code_norm": 0.0, "grad_norm": 33.278, "step": 30, "wall_s": 97.7908}
{"answer": 1.5757, "answer_n": 50.0, "preserve": 0.0016, "preserve_n": 16.5, "retrieval": 0.6203, "code_norm": 0.0, "grad_norm": 64.5668, "step": 40, "wall_s": 103.1677}
{"answer": 1.9225, "answer_n": 53.0, "preserve": 0.0256, "preserve_n": 16.0, "retrieval": 0.4717, "code_norm": 0.0, "grad_norm": 40.0785, "step": 50, "wall_s": 136.1512}
{"answer": 1.6714, "answer_n": 51.0, "preserve": 0.0811, "preserve_n": 16.0, "retrieval": 0.4279, "code_norm": 0.0, "grad_norm": 38.7593, "step": 60, "wall_s": 202.4508}
{"answer": 1.914, "answer_n": 56.0, "preserve": 0.0159, "preserve_n": 16.0, "retrieval": 0.4824, "code_norm": 0.0, "grad_norm": 35.5912, "step": 70, "wall_s": 224.875}
{"answer": 1.5419, "answer_n": 56.0, "preserve": 0.0041, "preserve_n": 16.0, "retrieval": 0.5396, "code_norm": 0.0, "grad_norm": 24.1843, "step": 80, "wall_s": 237.9919}
{"answer": 1.8659, "answer_n": 58.0, "preserve": 0.0652, "preserve_n": 16.0, "retrieval": 0.3412, "code_norm": 0.0, "grad_norm": 65.1945, "step": 90, "wall_s": 247.5552}
{"answer": 1.5375, "answer_n": 38.0, "preserve": 0.0056, "preserve_n": 16.0, "retrieval": 0.4049, "code_norm": 0.0, "grad_norm": 21.1783, "step": 100, "wall_s": 309.0763}
{"answer": 1.5152, "answer_n": 51.0, "preserve": 0.001, "preserve_n": 16.0, "retrieval": 0.3425, "code_norm": 0.0, "grad_norm": 25.7119, "step": 110, "wall_s": 363.1802}
{"answer": 1.9491, "answer_n": 53.0, "preserve": 0.0305, "preserve_n": 16.5, "retrieval": 0.384, "code_norm": 0.0, "grad_norm": 21.4148, "step": 120, "wall_s": 404.5516}
{"answer": 1.736, "answer_n": 58.0, "preserve": 0.0016, "preserve_n": 16.5, "retrieval": 0.3344, "code_norm": 0.0, "grad_norm": 17.5428, "step": 130, "wall_s": 412.4946}
{"answer": 1.7228, "answer_n": 52.0, "preserve": 0.1452, "preserve_n": 16.5, "retrieval": 0.2949, "code_norm": 0.0, "grad_norm": 129.059, "step": 140, "wall_s": 425.3903}
{"answer": 1.6718, "answer_n": 52.0, "preserve": 0.0004, "preserve_n": 16.5, "retrieval": 0.4637, "code_norm": 0.0, "grad_norm": 61.9231, "step": 150, "wall_s": 492.9582}
{"answer": 1.8492, "answer_n": 60.0, "preserve": 0.0004, "preserve_n": 16.0, "retrieval": 0.3957, "code_norm": 0.0, "grad_norm": 42.9492, "step": 160, "wall_s": 561.3174}
{"answer": 1.6517, "answer_n": 61.0, "preserve": 0.1498, "preserve_n": 16.5, "retrieval": 0.3281, "code_norm": 0.0, "grad_norm": 83.1465, "step": 170, "wall_s": 584.3635}
{"answer": 1.557, "answer_n": 51.0, "preserve": 0.0086, "preserve_n": 16.5, "retrieval": 0.4889, "code_norm": 0.0, "grad_norm": 29.5747, "step": 180, "wall_s": 595.7772}
{"answer": 1.7619, "answer_n": 47.0, "preserve": 0.0338, "preserve_n": 16.5, "retrieval": 0.496, "code_norm": 0.0, "grad_norm": 40.6119, "step": 190, "wall_s": 601.0546}
{"answer": 1.7181, "answer_n": 58.0, "preserve": 0.0032, "preserve_n": 16.5, "retrieval": 0.48, "code_norm": 0.0, "grad_norm": 14.5126, "step": 200, "wall_s": 666.7402}
{"answer": 1.7838, "answer_n": 53.0, "preserve": 0.009, "preserve_n": 16.5, "retrieval": 0.2594, "code_norm": 0.0, "grad_norm": 49.0432, "step": 210, "wall_s": 722.3619}
{"answer": 1.8009, "answer_n": 46.0, "preserve": 0.0003, "preserve_n": 16.0, "retrieval": 0.4947, "code_norm": 0.0, "grad_norm": 32.3426, "step": 220, "wall_s": 736.5977}
{"answer": 1.8405, "answer_n": 42.0, "preserve": 0.0051, "preserve_n": 16.0, "retrieval": 0.6559, "code_norm": 0.0, "grad_norm": 26.3048, "step": 230, "wall_s": 754.5946}
{"answer": 1.8667, "answer_n": 69.0, "preserve": 0.1948, "preserve_n": 16.0, "retrieval": 0.5823, "code_norm": 0.0, "grad_norm": 51.7094, "step": 240, "wall_s": 765.0135}
{"answer": 1.305, "answer_n": 48.0, "preserve": 0.0043, "preserve_n": 16.5, "retrieval": 0.3365, "code_norm": 0.0, "grad_norm": 37.7726, "step": 250, "wall_s": 831.9989}
{"answer": 2.0118, "answer_n": 58.0, "preserve": 0.0005, "preserve_n": 16.0, "retrieval": 0.3826, "code_norm": 0.0, "grad_norm": 20.8778, "step": 260, "wall_s": 888.0287}
{"answer": 1.426, "answer_n": 40.0, "preserve": 0.0708, "preserve_n": 16.0, "retrieval": 0.4387, "code_norm": 0.0, "grad_norm": 24.413, "step": 270, "wall_s": 899.7974}
{"answer": 1.38, "answer_n": 43.0, "preserve": 0.0014, "preserve_n": 16.0, "retrieval": 0.4255, "code_norm": 0.0, "grad_norm": 31.878, "step": 280, "wall_s": 918.036}
{"answer": 1.4787, "answer_n": 48.0, "preserve": 0.1419, "preserve_n": 16.5, "retrieval": 0.2538, "code_norm": 0.0, "grad_norm": 170.7212, "step": 290, "wall_s": 923.301}
{"dev_before": {"answer": 3.0194347693811054, "answer_n": 52.33333333333333, "preserve": 0.00919202578384726, "preserve_n": 16.5, "retrieval": 5.869010925292969, "code_norm": 0.0}, "dev_after_best": {"answer": 1.5364025144569042, "answer_n": 52.33333333333333, "preserve": 0.0625414129318397, "preserve_n": 16.5, "retrieval": 0.2962042490641276, "code_norm": 0.0}, "best_step": 299, "train_wall_s": 954}
