{"bank": "loaded", "pool": "manifests/revision_v1/train_pool_counterfact_v1.json", "items": 1000, "bank_sha256": "d5a12325376825463a27737ac88f19d5a2712fc0d185805d48ffa3341d6a853b"}
{"bank": "loaded", "pool": "manifests/revision_v1/train_pool_zsre_v1.json", "items": 1000, "bank_sha256": "cde7997956394b99cb539e5e5f3df1395e7f28bc349834e74c42eab2ace71837"}
{"bank": "loaded", "pool": "manifests/revision_v1/train_pool_mquake_v3.json", "items": 500, "bank_sha256": "155e2ccd21b0fbec30afc1d3db662ce0844c4420fa5f6b674493fa984075dbde"}
{"text_bank": 1536, "windows": 512, "source": "openwebtext training range [0, 50,001,920)"}
{"answer": 2.9997, "answer_n": 49.0, "preserve": 0.0066, "preserve_n": 16.0, "retrieval": 7.496, "code_norm": 0.0, "grad_norm": 63.8608, "step": 0, "wall_s": 24.9993}
{"answer": 2.1046, "answer_n": 45.0, "preserve": 0.0501, "preserve_n": 16.0, "retrieval": 0.592, "code_norm": 0.0, "grad_norm": 44.7096, "step": 10, "wall_s": 81.6828}
{"answer": 2.1979, "answer_n": 53.0, "preserve": 0.0126, "preserve_n": 16.0, "retrieval": 0.5486, "code_norm": 0.0, "grad_norm": 46.735, "step": 20, "wall_s": 106.6449}
{"answer": 2.0027, "answer_n": 52.0, "preserve": 0.0039, "preserve_n": 16.5, "retrieval": 0.5537, "code_norm": 0.0, "grad_norm": 37.3904, "step": 30, "wall_s": 120.5688}
{"answer": 2.1435, "answer_n": 55.0, "preserve": 0.0086, "preserve_n": 16.5, "retrieval": 0.478, "code_norm": 0.0, "grad_norm": 29.1559, "step": 40, "wall_s": 129.8692}
{"answer": 1.6312, "answer_n": 39.0, "preserve": 0.0442, "preserve_n": 16.5, "retrieval": 0.5802, "code_norm": 0.0, "grad_norm": 33.5163, "step": 50, "wall_s": 174.41}
{"answer": 1.6206, "answer_n": 61.0, "preserve": 0.0035, "preserve_n": 16.5, "retrieval": 0.3822, "code_norm": 0.0, "grad_norm": 28.0672, "step": 60, "wall_s": 237.2919}
{"answer": 1.8509, "answer_n": 42.0, "preserve": 0.0384, "preserve_n": 16.0, "retrieval": 0.5306, "code_norm": 0.0, "grad_norm": 65.1006, "step": 70, "wall_s": 256.1574}
{"answer": 1.9486, "answer_n": 54.0, "preserve": 0.0005, "preserve_n": 16.0, "retrieval": 0.3721, "code_norm": 0.0, "grad_norm": 32.415, "step": 80, "wall_s": 269.7435}
{"answer": 2.1241, "answer_n": 53.0, "preserve": 0.0237, "preserve_n": 16.5, "retrieval": 0.6097, "code_norm": 0.0, "grad_norm": 57.003, "step": 90, "wall_s": 277.0171}
{"answer": 2.0065, "answer_n": 45.0, "preserve": 0.0199, "preserve_n": 16.0, "retrieval": 0.5311, "code_norm": 0.0, "grad_norm": 30.5987, "step": 100, "wall_s": 345.5918}
{"answer": 1.8641, "answer_n": 49.0, "preserve": 0.0203, "preserve_n": 16.5, "retrieval": 0.4912, "code_norm": 0.0, "grad_norm": 37.9068, "step": 110, "wall_s": 413.1041}
{"answer": 1.9365, "answer_n": 59.0, "preserve": 0.0099, "preserve_n": 16.5, "retrieval": 0.3639, "code_norm": 0.0, "grad_norm": 19.5908, "step": 120, "wall_s": 437.3489}
{"answer": 1.7699, "answer_n": 40.0, "preserve": 0.0011, "preserve_n": 16.5, "retrieval": 0.3828, "code_norm": 0.0, "grad_norm": 25.8913, "step": 130, "wall_s": 455.9076}
{"answer": 1.7187, "answer_n": 49.0, "preserve": 0.0097, "preserve_n": 16.0, "retrieval": 0.4352, "code_norm": 0.0, "grad_norm": 16.5249, "step": 140, "wall_s": 462.5795}
{"answer": 1.7962, "answer_n": 58.0, "preserve": 0.0008, "preserve_n": 16.5, "retrieval": 0.3732, "code_norm": 0.0, "grad_norm": 57.0019, "step": 150, "wall_s": 542.8069}
{"answer": 1.7205, "answer_n": 51.0, "preserve": 0.0239, "preserve_n": 16.5, "retrieval": 0.4378, "code_norm": 0.0, "grad_norm": 41.0468, "step": 160, "wall_s": 622.7948}
{"answer": 1.9354, "answer_n": 47.0, "preserve": 0.0003, "preserve_n": 16.0, "retrieval": 0.3982, "code_norm": 0.0, "grad_norm": 39.1877, "step": 170, "wall_s": 629.8951}
{"answer": 1.6704, "answer_n": 50.0, "preserve": 0.0004, "preserve_n": 16.0, "retrieval": 0.4936, "code_norm": 0.0, "grad_norm": 46.6838, "step": 180, "wall_s": 647.0165}
{"answer": 1.8283, "answer_n": 47.0, "preserve": 0.0011, "preserve_n": 16.5, "retrieval": 0.4945, "code_norm": 0.0, "grad_norm": 32.074, "step": 190, "wall_s": 654.4709}
{"answer": 1.5588, "answer_n": 46.0, "preserve": 0.0158, "preserve_n": 16.0, "retrieval": 0.507, "code_norm": 0.0, "grad_norm": 34.7157, "step": 200, "wall_s": 719.6633}
{"answer": 1.4258, "answer_n": 48.0, "preserve": 0.0204, "preserve_n": 16.5, "retrieval": 0.339, "code_norm": 0.0, "grad_norm": 92.4174, "step": 210, "wall_s": 797.6438}
{"answer": 1.6597, "answer_n": 46.0, "preserve": 0.086, "preserve_n": 16.0, "retrieval": 0.3205, "code_norm": 0.0, "grad_norm": 413.6413, "step": 220, "wall_s": 815.7044}
{"answer": 1.9049, "answer_n": 51.0, "preserve": 0.0083, "preserve_n": 16.5, "retrieval": 0.3342, "code_norm": 0.0, "grad_norm": 28.092, "step": 230, "wall_s": 827.604}
{"answer": 1.5165, "answer_n": 49.0, "preserve": 0.0007, "preserve_n": 16.5, "retrieval": 0.4112, "code_norm": 0.0, "grad_norm": 28.3262, "step": 240, "wall_s": 832.7846}
{"answer": 1.3806, "answer_n": 38.0, "preserve": 0.0006, "preserve_n": 16.5, "retrieval": 0.3099, "code_norm": 0.0, "grad_norm": 26.4552, "step": 250, "wall_s": 908.7977}
{"answer": 1.512, "answer_n": 49.0, "preserve": 0.0003, "preserve_n": 16.0, "retrieval": 0.6478, "code_norm": 0.0, "grad_norm": 64.7632, "step": 260, "wall_s": 978.898}
{"answer": 1.6554, "answer_n": 46.0, "preserve": 0.1357, "preserve_n": 16.0, "retrieval": 0.463, "code_norm": 0.0, "grad_norm": 95.9987, "step": 270, "wall_s": 1000.0413}
{"answer": 1.3747, "answer_n": 34.0, "preserve": 0.0028, "preserve_n": 16.0, "retrieval": 0.332, "code_norm": 0.0, "grad_norm": 20.678, "step": 280, "wall_s": 1014.0215}
{"answer": 1.6386, "answer_n": 54.0, "preserve": 0.0004, "preserve_n": 17.0, "retrieval": 0.2677, "code_norm": 0.0, "grad_norm": 37.6848, "step": 290, "wall_s": 1018.2952}
{"dev_before": {"answer": 3.059718941674893, "answer_n": 52.33333333333333, "preserve": 0.008375713215760545, "preserve_n": 15.999999999999998, "retrieval": 7.415770212809245, "code_norm": 0.0}, "dev_after_best": {"answer": 1.7295539366245083, "answer_n": 52.33333333333333, "preserve": 0.002397182949704775, "preserve_n": 15.999999999999998, "retrieval": 0.24521509806315106, "code_norm": 0.0}, "best_step": 299, "train_wall_s": 1065}
