{"bank": "loaded", "pool": "manifests/revision_v1/train_pool_counterfact_v1.json", "items": 1000, "bank_sha256": "d5a12325376825463a27737ac88f19d5a2712fc0d185805d48ffa3341d6a853b"}
{"bank": "loaded", "pool": "manifests/revision_v1/train_pool_zsre_v1.json", "items": 1000, "bank_sha256": "cde7997956394b99cb539e5e5f3df1395e7f28bc349834e74c42eab2ace71837"}
{"bank": "loaded", "pool": "manifests/revision_v1/train_pool_mquake_v3.json", "items": 500, "bank_sha256": "155e2ccd21b0fbec30afc1d3db662ce0844c4420fa5f6b674493fa984075dbde"}
{"text_bank": 1536, "windows": 512, "source": "openwebtext training range [0, 50,001,920)"}
{"answer": 1.6216, "answer_n": 49.0, "preserve": 0.0083, "preserve_n": 16.0, "retrieval": 7.496, "code_norm": 0.0, "grad_norm": 38.4791, "step": 0, "wall_s": 24.9612}
{"answer": 1.2202, "answer_n": 45.0, "preserve": 0.0013, "preserve_n": 16.0, "retrieval": 0.629, "code_norm": 0.0, "grad_norm": 87.2682, "step": 10, "wall_s": 81.2334}
{"answer": 1.2155, "answer_n": 53.0, "preserve": 0.0337, "preserve_n": 16.0, "retrieval": 0.5102, "code_norm": 0.0, "grad_norm": 11.5693, "step": 20, "wall_s": 106.2225}
{"answer": 1.0938, "answer_n": 52.0, "preserve": 0.0138, "preserve_n": 16.5, "retrieval": 0.5075, "code_norm": 0.0, "grad_norm": 30.1394, "step": 30, "wall_s": 120.1304}
{"answer": 1.1428, "answer_n": 55.0, "preserve": 0.0113, "preserve_n": 16.5, "retrieval": 0.5505, "code_norm": 0.0, "grad_norm": 16.003, "step": 40, "wall_s": 129.4355}
{"answer": 1.011, "answer_n": 39.0, "preserve": 0.0094, "preserve_n": 16.5, "retrieval": 0.5788, "code_norm": 0.0, "grad_norm": 7.3476, "step": 50, "wall_s": 173.6809}
{"answer": 0.9104, "answer_n": 61.0, "preserve": 0.0134, "preserve_n": 16.5, "retrieval": 0.3386, "code_norm": 0.0, "grad_norm": 21.7124, "step": 60, "wall_s": 236.7016}
{"answer": 1.0296, "answer_n": 42.0, "preserve": 0.0415, "preserve_n": 16.0, "retrieval": 0.4627, "code_norm": 0.0, "grad_norm": 21.8347, "step": 70, "wall_s": 255.6095}
{"answer": 1.1215, "answer_n": 54.0, "preserve": 0.0012, "preserve_n": 16.0, "retrieval": 0.3404, "code_norm": 0.0, "grad_norm": 46.2744, "step": 80, "wall_s": 269.2355}
{"answer": 1.2038, "answer_n": 53.0, "preserve": 0.0022, "preserve_n": 16.5, "retrieval": 0.5994, "code_norm": 0.0, "grad_norm": 11.2865, "step": 90, "wall_s": 276.5525}
{"answer": 1.0725, "answer_n": 45.0, "preserve": 0.0004, "preserve_n": 16.0, "retrieval": 0.5916, "code_norm": 0.0, "grad_norm": 26.174, "step": 100, "wall_s": 345.3428}
{"answer": 1.0024, "answer_n": 49.0, "preserve": 0.002, "preserve_n": 16.5, "retrieval": 0.5413, "code_norm": 0.0, "grad_norm": 15.5513, "step": 110, "wall_s": 412.524}
{"answer": 1.0961, "answer_n": 59.0, "preserve": 0.0065, "preserve_n": 16.5, "retrieval": 0.3051, "code_norm": 0.0, "grad_norm": 58.2438, "step": 120, "wall_s": 436.8172}
{"answer": 1.0152, "answer_n": 40.0, "preserve": 0.0021, "preserve_n": 16.5, "retrieval": 0.4879, "code_norm": 0.0, "grad_norm": 124.0341, "step": 130, "wall_s": 455.4761}
{"answer": 1.015, "answer_n": 49.0, "preserve": 0.0105, "preserve_n": 16.0, "retrieval": 0.3878, "code_norm": 0.0, "grad_norm": 27.3889, "step": 140, "wall_s": 462.1271}
{"answer": 0.9729, "answer_n": 58.0, "preserve": 0.0021, "preserve_n": 16.5, "retrieval": 0.4086, "code_norm": 0.0, "grad_norm": 17.718, "step": 150, "wall_s": 542.3583}
{"answer": 1.0065, "answer_n": 51.0, "preserve": 0.0005, "preserve_n": 16.5, "retrieval": 0.4117, "code_norm": 0.0, "grad_norm": 21.5079, "step": 160, "wall_s": 622.4205}
{"answer": 1.0369, "answer_n": 47.0, "preserve": 0.002, "preserve_n": 16.0, "retrieval": 0.2898, "code_norm": 0.0, "grad_norm": 7.8233, "step": 170, "wall_s": 629.4839}
{"answer": 0.8982, "answer_n": 50.0, "preserve": 0.0004, "preserve_n": 16.0, "retrieval": 0.4878, "code_norm": 0.0, "grad_norm": 10.6072, "step": 180, "wall_s": 646.6975}
{"answer": 1.0879, "answer_n": 47.0, "preserve": 0.0011, "preserve_n": 16.5, "retrieval": 0.4015, "code_norm": 0.0, "grad_norm": 25.7626, "step": 190, "wall_s": 654.1212}
{"answer": 0.8845, "answer_n": 46.0, "preserve": 0.0027, "preserve_n": 16.0, "retrieval": 0.46, "code_norm": 0.0, "grad_norm": 6.7787, "step": 200, "wall_s": 719.5992}
{"answer": 0.7783, "answer_n": 48.0, "preserve": 0.0054, "preserve_n": 16.5, "retrieval": 0.2787, "code_norm": 0.0, "grad_norm": 14.6824, "step": 210, "wall_s": 797.5608}
{"answer": 0.9472, "answer_n": 46.0, "preserve": 0.0003, "preserve_n": 16.0, "retrieval": 0.2917, "code_norm": 0.0, "grad_norm": 8.8373, "step": 220, "wall_s": 815.6811}
{"answer": 1.1026, "answer_n": 51.0, "preserve": 0.264, "preserve_n": 16.5, "retrieval": 0.3441, "code_norm": 0.0, "grad_norm": 72.0275, "step": 230, "wall_s": 827.5969}
{"answer": 0.893, "answer_n": 49.0, "preserve": 0.0009, "preserve_n": 16.5, "retrieval": 0.4352, "code_norm": 0.0, "grad_norm": 8.3516, "step": 240, "wall_s": 832.8037}
{"answer": 0.8271, "answer_n": 38.0, "preserve": 0.0007, "preserve_n": 16.5, "retrieval": 0.2907, "code_norm": 0.0, "grad_norm": 5.9406, "step": 250, "wall_s": 908.7064}
{"answer": 0.8542, "answer_n": 49.0, "preserve": 0.0008, "preserve_n": 16.0, "retrieval": 0.4979, "code_norm": 0.0, "grad_norm": 34.2761, "step": 260, "wall_s": 978.8469}
{"answer": 0.9841, "answer_n": 46.0, "preserve": 0.0012, "preserve_n": 16.0, "retrieval": 0.4899, "code_norm": 0.0, "grad_norm": 59.7303, "step": 270, "wall_s": 999.9485}
{"answer": 0.8438, "answer_n": 34.0, "preserve": 0.0003, "preserve_n": 16.0, "retrieval": 0.4011, "code_norm": 0.0, "grad_norm": 6.2034, "step": 280, "wall_s": 1013.9411}
{"answer": 0.9291, "answer_n": 54.0, "preserve": 0.0004, "preserve_n": 17.0, "retrieval": 0.2321, "code_norm": 0.0, "grad_norm": 7.842, "step": 290, "wall_s": 1018.2041}
{"dev_before": {"answer": 1.6481787928349683, "answer_n": 52.33333333333333, "preserve": 0.010565961708882316, "preserve_n": 15.999999999999998, "retrieval": 7.415770212809244, "code_norm": 0.0}, "dev_after_best": {"answer": 0.9761901811897465, "answer_n": 52.33333333333333, "preserve": 0.005378257639423604, "preserve_n": 15.999999999999998, "retrieval": 0.2447681427001953, "code_norm": 0.0}, "best_step": 299, "train_wall_s": 1065}
