{"bank": "loaded", "pool": "manifests/revision_v1/train_pool_counterfact_v1.json", "items": 1000, "bank_sha256": "d5a12325376825463a27737ac88f19d5a2712fc0d185805d48ffa3341d6a853b"}
{"bank": "loaded", "pool": "manifests/revision_v1/train_pool_zsre_v1.json", "items": 1000, "bank_sha256": "cde7997956394b99cb539e5e5f3df1395e7f28bc349834e74c42eab2ace71837"}
{"bank": "loaded", "pool": "manifests/revision_v1/train_pool_mquake_v3.json", "items": 500, "bank_sha256": "155e2ccd21b0fbec30afc1d3db662ce0844c4420fa5f6b674493fa984075dbde"}
{"text_bank": 1536, "windows": 512, "source": "openwebtext training range [0, 50,001,920)"}
{"answer": 1.7632, "answer_n": 53.0, "preserve": 0.0126, "preserve_n": 16.0, "retrieval": 5.9236, "code_norm": 0.0, "grad_norm": 34.1696, "step": 0, "wall_s": 8.1824}
{"answer": 1.1571, "answer_n": 41.0, "preserve": 0.04, "preserve_n": 16.5, "retrieval": 0.6186, "code_norm": 0.0, "grad_norm": 14.5606, "step": 10, "wall_s": 74.4369}
{"answer": 1.1067, "answer_n": 55.0, "preserve": 0.0546, "preserve_n": 16.0, "retrieval": 0.4381, "code_norm": 0.0, "grad_norm": 31.8097, "step": 20, "wall_s": 88.9997}
{"answer": 1.0734, "answer_n": 39.0, "preserve": 0.0282, "preserve_n": 16.0, "retrieval": 0.827, "code_norm": 0.0, "grad_norm": 23.274, "step": 30, "wall_s": 97.8798}
{"answer": 0.9065, "answer_n": 50.0, "preserve": 0.0122, "preserve_n": 16.5, "retrieval": 0.5029, "code_norm": 0.0, "grad_norm": 16.6634, "step": 40, "wall_s": 103.2557}
{"answer": 1.1522, "answer_n": 53.0, "preserve": 0.5204, "preserve_n": 16.0, "retrieval": 0.5606, "code_norm": 0.0, "grad_norm": 398.8061, "step": 50, "wall_s": 136.4286}
{"answer": 1.0018, "answer_n": 51.0, "preserve": 0.0011, "preserve_n": 16.0, "retrieval": 0.4056, "code_norm": 0.0, "grad_norm": 16.1989, "step": 60, "wall_s": 202.9273}
{"answer": 1.0734, "answer_n": 56.0, "preserve": 0.0006, "preserve_n": 16.0, "retrieval": 0.4704, "code_norm": 0.0, "grad_norm": 37.7135, "step": 70, "wall_s": 225.4415}
{"answer": 0.9543, "answer_n": 56.0, "preserve": 0.0019, "preserve_n": 16.0, "retrieval": 0.505, "code_norm": 0.0, "grad_norm": 88.6022, "step": 80, "wall_s": 238.6499}
{"answer": 1.0317, "answer_n": 58.0, "preserve": 0.0866, "preserve_n": 16.0, "retrieval": 0.3283, "code_norm": 0.0, "grad_norm": 80.9093, "step": 90, "wall_s": 248.1948}
{"answer": 0.925, "answer_n": 38.0, "preserve": 0.0018, "preserve_n": 16.0, "retrieval": 0.3925, "code_norm": 0.0, "grad_norm": 8.9862, "step": 100, "wall_s": 310.0237}
{"answer": 0.8876, "answer_n": 51.0, "preserve": 0.0005, "preserve_n": 16.0, "retrieval": 0.3833, "code_norm": 0.0, "grad_norm": 36.6539, "step": 110, "wall_s": 364.1877}
{"answer": 1.1315, "answer_n": 53.0, "preserve": 0.0276, "preserve_n": 16.5, "retrieval": 0.3871, "code_norm": 0.0, "grad_norm": 24.0426, "step": 120, "wall_s": 405.4682}
{"answer": 0.9654, "answer_n": 58.0, "preserve": 0.0053, "preserve_n": 16.5, "retrieval": 0.3819, "code_norm": 0.0, "grad_norm": 15.0331, "step": 130, "wall_s": 413.4085}
{"answer": 0.9453, "answer_n": 52.0, "preserve": 0.0052, "preserve_n": 16.5, "retrieval": 0.3144, "code_norm": 0.0, "grad_norm": 26.9604, "step": 140, "wall_s": 426.2781}
{"answer": 1.0113, "answer_n": 52.0, "preserve": 0.0013, "preserve_n": 16.5, "retrieval": 0.4501, "code_norm": 0.0, "grad_norm": 32.9177, "step": 150, "wall_s": 493.9951}
{"answer": 1.0308, "answer_n": 60.0, "preserve": 0.005, "preserve_n": 16.0, "retrieval": 0.3113, "code_norm": 0.0, "grad_norm": 24.5687, "step": 160, "wall_s": 562.5259}
{"answer": 0.9529, "answer_n": 61.0, "preserve": 0.0127, "preserve_n": 16.5, "retrieval": 0.2677, "code_norm": 0.0, "grad_norm": 10.6221, "step": 170, "wall_s": 585.7016}
{"answer": 0.9306, "answer_n": 51.0, "preserve": 0.0005, "preserve_n": 16.5, "retrieval": 0.2665, "code_norm": 0.0, "grad_norm": 28.4774, "step": 180, "wall_s": 597.1154}
{"answer": 1.0216, "answer_n": 47.0, "preserve": 0.0004, "preserve_n": 16.5, "retrieval": 0.5652, "code_norm": 0.0, "grad_norm": 27.8974, "step": 190, "wall_s": 602.421}
{"answer": 0.9896, "answer_n": 58.0, "preserve": 0.0073, "preserve_n": 16.5, "retrieval": 0.4444, "code_norm": 0.0, "grad_norm": 22.841, "step": 200, "wall_s": 668.1493}
{"answer": 1.0107, "answer_n": 53.0, "preserve": 0.0004, "preserve_n": 16.5, "retrieval": 0.339, "code_norm": 0.0, "grad_norm": 20.7309, "step": 210, "wall_s": 723.7377}
{"answer": 1.0407, "answer_n": 46.0, "preserve": 0.0016, "preserve_n": 16.0, "retrieval": 0.3776, "code_norm": 0.0, "grad_norm": 19.0785, "step": 220, "wall_s": 737.9607}
{"answer": 1.0478, "answer_n": 42.0, "preserve": 0.0183, "preserve_n": 16.0, "retrieval": 0.3869, "code_norm": 0.0, "grad_norm": 8.8426, "step": 230, "wall_s": 756.0474}
{"answer": 1.0739, "answer_n": 69.0, "preserve": 0.0031, "preserve_n": 16.0, "retrieval": 0.5087, "code_norm": 0.0, "grad_norm": 20.5274, "step": 240, "wall_s": 766.4496}
{"answer": 0.7683, "answer_n": 48.0, "preserve": 0.0019, "preserve_n": 16.5, "retrieval": 0.2988, "code_norm": 0.0, "grad_norm": 5.8687, "step": 250, "wall_s": 833.8389}
{"answer": 1.1367, "answer_n": 58.0, "preserve": 0.0002, "preserve_n": 16.0, "retrieval": 0.3964, "code_norm": 0.0, "grad_norm": 25.5225, "step": 260, "wall_s": 890.0594}
{"answer": 0.8661, "answer_n": 40.0, "preserve": 0.0023, "preserve_n": 16.0, "retrieval": 0.4885, "code_norm": 0.0, "grad_norm": 6.3682, "step": 270, "wall_s": 901.8589}
{"answer": 0.8183, "answer_n": 43.0, "preserve": 0.0982, "preserve_n": 16.0, "retrieval": 0.3824, "code_norm": 0.0, "grad_norm": 344.77, "step": 280, "wall_s": 920.0207}
{"answer": 0.8905, "answer_n": 48.0, "preserve": 0.0027, "preserve_n": 16.5, "retrieval": 0.2937, "code_norm": 0.0, "grad_norm": 11.2793, "step": 290, "wall_s": 925.2746}
{"dev_before": {"answer": 1.6280885529487705, "answer_n": 52.33333333333333, "preserve": 0.01154312876900019, "preserve_n": 16.5, "retrieval": 5.869015375773112, "code_norm": 0.0}, "dev_after_best": {"answer": 0.9184889490302003, "answer_n": 52.33333333333333, "preserve": 0.006506679642129979, "preserve_n": 16.5, "retrieval": 0.29874642690022785, "code_norm": 0.0}, "best_step": 299, "train_wall_s": 956}
