{"bank": "loaded", "pool": "manifests/revision_v1/train_pool_counterfact_v1.json", "items": 1000, "bank_sha256": "d5a12325376825463a27737ac88f19d5a2712fc0d185805d48ffa3341d6a853b"}
{"bank": "loaded", "pool": "manifests/revision_v1/train_pool_zsre_v1.json", "items": 1000, "bank_sha256": "cde7997956394b99cb539e5e5f3df1395e7f28bc349834e74c42eab2ace71837"}
{"bank": "loaded", "pool": "manifests/revision_v1/train_pool_mquake_v3.json", "items": 500, "bank_sha256": "155e2ccd21b0fbec30afc1d3db662ce0844c4420fa5f6b674493fa984075dbde"}
{"text_bank": 1536, "windows": 512, "source": "openwebtext training range [0, 50,001,920)"}
{"answer": 1.5529, "answer_n": 57.0, "preserve": 0.0193, "preserve_n": 16.0, "retrieval": 6.7078, "code_norm": 0.0, "grad_norm": 35.884, "step": 0, "wall_s": 18.2367}
{"answer": 1.2011, "answer_n": 51.0, "preserve": 0.0008, "preserve_n": 16.0, "retrieval": 0.7932, "code_norm": 0.0, "grad_norm": 77.3908, "step": 10, "wall_s": 65.0401}
{"answer": 1.1027, "answer_n": 40.0, "preserve": 0.0106, "preserve_n": 16.0, "retrieval": 0.6017, "code_norm": 0.0, "grad_norm": 60.2916, "step": 20, "wall_s": 79.9328}
{"answer": 1.1351, "answer_n": 46.0, "preserve": 0.0038, "preserve_n": 17.0, "retrieval": 0.4852, "code_norm": 0.0, "grad_norm": 9.1289, "step": 30, "wall_s": 113.6552}
{"answer": 1.0087, "answer_n": 60.0, "preserve": 0.0211, "preserve_n": 16.5, "retrieval": 0.3501, "code_norm": 0.0, "grad_norm": 36.1256, "step": 40, "wall_s": 126.4464}
{"answer": 1.203, "answer_n": 59.0, "preserve": 0.0485, "preserve_n": 16.0, "retrieval": 0.3997, "code_norm": 0.0, "grad_norm": 25.6974, "step": 50, "wall_s": 162.9367}
{"answer": 0.9024, "answer_n": 47.0, "preserve": 0.0588, "preserve_n": 16.0, "retrieval": 0.4278, "code_norm": 0.0, "grad_norm": 20.2106, "step": 60, "wall_s": 236.9623}
{"answer": 1.0957, "answer_n": 57.0, "preserve": 0.0013, "preserve_n": 16.5, "retrieval": 0.4028, "code_norm": 0.0, "grad_norm": 9.9618, "step": 70, "wall_s": 258.6224}
{"answer": 0.963, "answer_n": 64.0, "preserve": 0.0399, "preserve_n": 16.5, "retrieval": 0.4316, "code_norm": 0.0, "grad_norm": 62.6527, "step": 80, "wall_s": 267.441}
{"answer": 1.0446, "answer_n": 49.0, "preserve": 0.0023, "preserve_n": 16.0, "retrieval": 0.4332, "code_norm": 0.0, "grad_norm": 9.3507, "step": 90, "wall_s": 279.4739}
{"answer": 1.039, "answer_n": 53.0, "preserve": 0.0013, "preserve_n": 16.0, "retrieval": 0.5007, "code_norm": 0.0, "grad_norm": 12.8728, "step": 100, "wall_s": 351.6477}
{"answer": 0.8761, "answer_n": 58.0, "preserve": 0.0004, "preserve_n": 16.5, "retrieval": 0.3982, "code_norm": 0.0, "grad_norm": 7.4417, "step": 110, "wall_s": 429.6238}
{"answer": 1.0877, "answer_n": 56.0, "preserve": 0.0129, "preserve_n": 16.0, "retrieval": 0.4425, "code_norm": 0.0, "grad_norm": 84.5061, "step": 120, "wall_s": 436.8227}
{"answer": 0.9893, "answer_n": 44.0, "preserve": 0.1346, "preserve_n": 16.0, "retrieval": 0.3829, "code_norm": 0.0, "grad_norm": 43.0068, "step": 130, "wall_s": 441.0138}
{"answer": 0.9717, "answer_n": 54.0, "preserve": 0.0109, "preserve_n": 16.5, "retrieval": 0.3052, "code_norm": 0.0, "grad_norm": 38.245, "step": 140, "wall_s": 448.1782}
{"answer": 1.0473, "answer_n": 55.0, "preserve": 0.0007, "preserve_n": 16.5, "retrieval": 0.475, "code_norm": 0.0, "grad_norm": 13.3417, "step": 150, "wall_s": 530.1658}
{"answer": 0.9294, "answer_n": 45.0, "preserve": 0.0005, "preserve_n": 16.5, "retrieval": 0.3163, "code_norm": 0.0, "grad_norm": 24.3593, "step": 160, "wall_s": 590.1377}
{"answer": 0.8754, "answer_n": 53.0, "preserve": 0.0002, "preserve_n": 16.0, "retrieval": 0.3449, "code_norm": 0.0, "grad_norm": 16.9166, "step": 170, "wall_s": 615.9171}
{"answer": 1.0556, "answer_n": 46.0, "preserve": 0.0066, "preserve_n": 16.0, "retrieval": 0.4189, "code_norm": 0.0, "grad_norm": 22.5549, "step": 180, "wall_s": 625.8609}
{"answer": 1.1345, "answer_n": 45.0, "preserve": 0.0073, "preserve_n": 16.0, "retrieval": 0.4636, "code_norm": 0.0, "grad_norm": 12.9225, "step": 190, "wall_s": 637.4986}
{"answer": 1.0087, "answer_n": 42.0, "preserve": 0.0022, "preserve_n": 16.5, "retrieval": 0.6316, "code_norm": 0.0, "grad_norm": 14.5854, "step": 200, "wall_s": 716.3362}
{"answer": 0.863, "answer_n": 46.0, "preserve": 0.0088, "preserve_n": 16.5, "retrieval": 0.4354, "code_norm": 0.0, "grad_norm": 15.4026, "step": 210, "wall_s": 779.7037}
{"answer": 1.0793, "answer_n": 62.0, "preserve": 0.0003, "preserve_n": 16.5, "retrieval": 0.4186, "code_norm": 0.0, "grad_norm": 14.0417, "step": 220, "wall_s": 806.863}
{"answer": 1.1221, "answer_n": 50.0, "preserve": 0.0009, "preserve_n": 16.5, "retrieval": 0.4515, "code_norm": 0.0, "grad_norm": 29.5894, "step": 230, "wall_s": 816.9331}
{"answer": 0.9294, "answer_n": 46.0, "preserve": 0.0002, "preserve_n": 16.0, "retrieval": 0.3562, "code_norm": 0.0, "grad_norm": 17.5129, "step": 240, "wall_s": 818.9236}
{"answer": 1.0911, "answer_n": 50.0, "preserve": 0.0005, "preserve_n": 16.0, "retrieval": 0.4634, "code_norm": 0.0, "grad_norm": 37.7745, "step": 250, "wall_s": 893.9834}
{"answer": 0.6765, "answer_n": 53.0, "preserve": 0.0004, "preserve_n": 16.0, "retrieval": 0.6544, "code_norm": 0.0, "grad_norm": 14.043, "step": 260, "wall_s": 964.5405}
{"answer": 1.0693, "answer_n": 50.0, "preserve": 0.1523, "preserve_n": 16.0, "retrieval": 0.4492, "code_norm": 0.0, "grad_norm": 18.4955, "step": 270, "wall_s": 982.2581}
{"answer": 0.9512, "answer_n": 49.0, "preserve": 0.0085, "preserve_n": 16.5, "retrieval": 0.374, "code_norm": 0.0, "grad_norm": 9.9928, "step": 280, "wall_s": 994.3729}
{"answer": 0.7914, "answer_n": 47.0, "preserve": 0.002, "preserve_n": 16.5, "retrieval": 0.2769, "code_norm": 0.0, "grad_norm": 6.3202, "step": 290, "wall_s": 996.492}
{"dev_before": {"answer": 1.4921389893120716, "answer_n": 59.0, "preserve": 0.019141533591798234, "preserve_n": 16.166666666666664, "retrieval": 6.7581837972005205, "code_norm": 0.0}, "dev_after_best": {"answer": 0.9173728977696127, "answer_n": 59.0, "preserve": 0.0015528912207378644, "preserve_n": 16.166666666666664, "retrieval": 0.3839410146077474, "code_norm": 0.0}, "best_step": 299, "train_wall_s": 1041}
