{"bank": "loaded", "pool": "manifests/revision_v1/train_pool_counterfact_v1.json", "items": 1000, "bank_sha256": "d5a12325376825463a27737ac88f19d5a2712fc0d185805d48ffa3341d6a853b"}
{"bank": "loaded", "pool": "manifests/revision_v1/train_pool_zsre_v1.json", "items": 1000, "bank_sha256": "cde7997956394b99cb539e5e5f3df1395e7f28bc349834e74c42eab2ace71837"}
{"bank": "loaded", "pool": "manifests/revision_v1/train_pool_mquake_v3.json", "items": 500, "bank_sha256": "155e2ccd21b0fbec30afc1d3db662ce0844c4420fa5f6b674493fa984075dbde"}
{"text_bank": 1536, "windows": 512, "source": "openwebtext training range [0, 50,001,920)"}
{"answer": 2.7851, "answer_n": 57.0, "preserve": 0.0153, "preserve_n": 16.0, "retrieval": 6.7078, "code_norm": 0.0, "grad_norm": 64.9401, "step": 0, "wall_s": 18.2287}
{"answer": 2.0513, "answer_n": 51.0, "preserve": 0.182, "preserve_n": 16.0, "retrieval": 0.678, "code_norm": 0.0, "grad_norm": 143.9785, "step": 10, "wall_s": 64.4394}
{"answer": 2.0026, "answer_n": 40.0, "preserve": 0.0357, "preserve_n": 16.0, "retrieval": 0.5968, "code_norm": 0.0, "grad_norm": 68.0879, "step": 20, "wall_s": 79.2031}
{"answer": 1.9884, "answer_n": 46.0, "preserve": 0.0229, "preserve_n": 17.0, "retrieval": 0.5002, "code_norm": 0.0, "grad_norm": 27.0139, "step": 30, "wall_s": 112.4149}
{"answer": 1.7453, "answer_n": 60.0, "preserve": 0.0039, "preserve_n": 16.5, "retrieval": 0.3861, "code_norm": 0.0, "grad_norm": 26.692, "step": 40, "wall_s": 125.0987}
{"answer": 2.2122, "answer_n": 59.0, "preserve": 0.0228, "preserve_n": 16.0, "retrieval": 0.515, "code_norm": 0.0, "grad_norm": 39.7831, "step": 50, "wall_s": 161.0442}
{"answer": 1.5185, "answer_n": 47.0, "preserve": 0.0397, "preserve_n": 16.0, "retrieval": 0.4944, "code_norm": 0.0, "grad_norm": 29.4269, "step": 60, "wall_s": 234.5744}
{"answer": 1.93, "answer_n": 57.0, "preserve": 0.0003, "preserve_n": 16.5, "retrieval": 0.5666, "code_norm": 0.0, "grad_norm": 78.8328, "step": 70, "wall_s": 256.1053}
{"answer": 1.6762, "answer_n": 64.0, "preserve": 0.0779, "preserve_n": 16.5, "retrieval": 0.468, "code_norm": 0.0, "grad_norm": 52.4069, "step": 80, "wall_s": 264.8936}
{"answer": 1.8377, "answer_n": 49.0, "preserve": 0.0006, "preserve_n": 16.0, "retrieval": 0.4767, "code_norm": 0.0, "grad_norm": 24.7779, "step": 90, "wall_s": 276.8553}
{"answer": 1.8839, "answer_n": 53.0, "preserve": 0.0348, "preserve_n": 16.0, "retrieval": 0.5458, "code_norm": 0.0, "grad_norm": 20.0478, "step": 100, "wall_s": 348.9954}
{"answer": 1.6224, "answer_n": 58.0, "preserve": 0.0035, "preserve_n": 16.5, "retrieval": 0.437, "code_norm": 0.0, "grad_norm": 17.5043, "step": 110, "wall_s": 426.3483}
{"answer": 1.761, "answer_n": 56.0, "preserve": 0.0064, "preserve_n": 16.0, "retrieval": 0.4744, "code_norm": 0.0, "grad_norm": 13.2559, "step": 120, "wall_s": 433.5456}
{"answer": 1.8022, "answer_n": 44.0, "preserve": 0.0747, "preserve_n": 16.0, "retrieval": 0.4487, "code_norm": 0.0, "grad_norm": 130.0406, "step": 130, "wall_s": 437.7753}
{"answer": 1.6011, "answer_n": 54.0, "preserve": 0.0816, "preserve_n": 16.5, "retrieval": 0.3891, "code_norm": 0.0, "grad_norm": 33.2644, "step": 140, "wall_s": 444.9331}
{"answer": 1.8819, "answer_n": 55.0, "preserve": 0.0535, "preserve_n": 16.5, "retrieval": 0.4364, "code_norm": 0.0, "grad_norm": 26.247, "step": 150, "wall_s": 526.5009}
{"answer": 1.6835, "answer_n": 45.0, "preserve": 0.0002, "preserve_n": 16.5, "retrieval": 0.4358, "code_norm": 0.0, "grad_norm": 15.4085, "step": 160, "wall_s": 586.5055}
{"answer": 1.5715, "answer_n": 53.0, "preserve": 0.0002, "preserve_n": 16.0, "retrieval": 0.5217, "code_norm": 0.0, "grad_norm": 42.9799, "step": 170, "wall_s": 612.2953}
{"answer": 1.8764, "answer_n": 46.0, "preserve": 0.0003, "preserve_n": 16.0, "retrieval": 0.4904, "code_norm": 0.0, "grad_norm": 51.6866, "step": 180, "wall_s": 622.1834}
{"answer": 2.0982, "answer_n": 45.0, "preserve": 0.0017, "preserve_n": 16.0, "retrieval": 0.5682, "code_norm": 0.0, "grad_norm": 45.5282, "step": 190, "wall_s": 633.7422}
{"answer": 1.6522, "answer_n": 42.0, "preserve": 0.0345, "preserve_n": 16.5, "retrieval": 0.5636, "code_norm": 0.0, "grad_norm": 30.3879, "step": 200, "wall_s": 712.3511}
{"answer": 1.4728, "answer_n": 46.0, "preserve": 0.1362, "preserve_n": 16.5, "retrieval": 0.3578, "code_norm": 0.0, "grad_norm": 52.8861, "step": 210, "wall_s": 775.7561}
{"answer": 1.886, "answer_n": 62.0, "preserve": 0.0009, "preserve_n": 16.5, "retrieval": 0.3624, "code_norm": 0.0, "grad_norm": 33.7428, "step": 220, "wall_s": 802.8743}
{"answer": 2.0254, "answer_n": 50.0, "preserve": 0.0009, "preserve_n": 16.5, "retrieval": 0.4919, "code_norm": 0.0, "grad_norm": 33.3588, "step": 230, "wall_s": 812.9213}
{"answer": 1.5276, "answer_n": 46.0, "preserve": 0.0018, "preserve_n": 16.0, "retrieval": 0.3163, "code_norm": 0.0, "grad_norm": 14.8854, "step": 240, "wall_s": 814.9331}
{"answer": 1.8242, "answer_n": 50.0, "preserve": 0.0002, "preserve_n": 16.0, "retrieval": 0.6257, "code_norm": 0.0, "grad_norm": 38.6608, "step": 250, "wall_s": 890.0444}
{"answer": 1.1389, "answer_n": 53.0, "preserve": 0.0025, "preserve_n": 16.0, "retrieval": 0.5547, "code_norm": 0.0, "grad_norm": 36.8465, "step": 260, "wall_s": 960.8035}
{"answer": 1.9613, "answer_n": 50.0, "preserve": 0.0773, "preserve_n": 16.0, "retrieval": 0.3613, "code_norm": 0.0, "grad_norm": 18.9322, "step": 270, "wall_s": 978.6317}
{"answer": 1.5736, "answer_n": 49.0, "preserve": 0.0038, "preserve_n": 16.5, "retrieval": 0.4082, "code_norm": 0.0, "grad_norm": 19.6609, "step": 280, "wall_s": 990.7463}
{"answer": 1.3818, "answer_n": 47.0, "preserve": 0.0013, "preserve_n": 16.5, "retrieval": 0.3069, "code_norm": 0.0, "grad_norm": 15.6356, "step": 290, "wall_s": 992.8734}
{"dev_before": {"answer": 2.703908267268885, "answer_n": 59.0, "preserve": 0.015171876003424747, "preserve_n": 16.166666666666664, "retrieval": 6.758181254069011, "code_norm": 0.0}, "dev_after_best": {"answer": 1.6990012337963278, "answer_n": 59.0, "preserve": 0.028286785637932303, "preserve_n": 16.166666666666664, "retrieval": 0.35577265421549475, "code_norm": 0.0}, "best_step": 199, "train_wall_s": 1037}
