{"bank": "loaded", "pool": "manifests/revision_v1/train_pool_counterfact_v1.json", "items": 1000, "bank_sha256": "d5a12325376825463a27737ac88f19d5a2712fc0d185805d48ffa3341d6a853b"}
{"bank": "loaded", "pool": "manifests/revision_v1/train_pool_zsre_v1.json", "items": 1000, "bank_sha256": "cde7997956394b99cb539e5e5f3df1395e7f28bc349834e74c42eab2ace71837"}
{"bank": "loaded", "pool": "manifests/revision_v1/train_pool_mquake_v2.json", "items": 1000, "bank_sha256": "a162993806b05f0d639a31b9a6abe679e4b1e58c84ba89914e4b3b371431c648"}
{"text_bank": 1536, "windows": 512, "source": "openwebtext training range [0, 50,001,920)"}
{"answer": 5.6749, "answer_n": 48.0, "preserve": 0.0097, "preserve_n": 16.0, "retrieval": 7.4485, "code_norm": 0.0, "grad_norm": 135.574, "step": 0, "wall_s": 15.15}
{"answer": 2.9445, "answer_n": 61.0, "preserve": 0.0401, "preserve_n": 16.0, "retrieval": 0.6822, "code_norm": 0.0, "grad_norm": 332.8819, "step": 10, "wall_s": 78.7995}
{"answer": 3.1347, "answer_n": 54.0, "preserve": 0.0023, "preserve_n": 16.0, "retrieval": 0.6585, "code_norm": 0.0, "grad_norm": 231.1128, "step": 20, "wall_s": 122.801}
{"answer": 3.865, "answer_n": 43.0, "preserve": 0.0256, "preserve_n": 16.0, "retrieval": 0.7523, "code_norm": 0.0, "grad_norm": 295.3162, "step": 30, "wall_s": 180.8473}
{"answer": 3.6215, "answer_n": 62.0, "preserve": 0.0764, "preserve_n": 16.0, "retrieval": 0.564, "code_norm": 0.0, "grad_norm": 233.6941, "step": 40, "wall_s": 205.0042}
{"answer": 3.2195, "answer_n": 48.0, "preserve": 0.2056, "preserve_n": 16.5, "retrieval": 0.9136, "code_norm": 0.0, "grad_norm": 37.0957, "step": 50, "wall_s": 239.523}
{"answer": 3.3123, "answer_n": 50.0, "preserve": 0.0297, "preserve_n": 16.0, "retrieval": 0.5506, "code_norm": 0.0, "grad_norm": 80.3182, "step": 60, "wall_s": 260.8139}
{"answer": 3.1366, "answer_n": 41.0, "preserve": 0.0746, "preserve_n": 16.0, "retrieval": 0.3535, "code_norm": 0.0, "grad_norm": 48.4002, "step": 70, "wall_s": 275.332}
{"answer": 3.9014, "answer_n": 51.0, "preserve": 0.0553, "preserve_n": 16.0, "retrieval": 0.4142, "code_norm": 0.0, "grad_norm": 50.5809, "step": 80, "wall_s": 301.0847}
{"answer": 2.3792, "answer_n": 53.0, "preserve": 0.0102, "preserve_n": 16.0, "retrieval": 0.6587, "code_norm": 0.0, "grad_norm": 50.8308, "step": 90, "wall_s": 308.8393}
{"answer": 3.2231, "answer_n": 45.0, "preserve": 0.0334, "preserve_n": 16.0, "retrieval": 0.5737, "code_norm": 0.0, "grad_norm": 60.56, "step": 100, "wall_s": 311.2125}
{"answer": 3.4025, "answer_n": 47.0, "preserve": 0.0826, "preserve_n": 16.0, "retrieval": 0.4144, "code_norm": 0.0, "grad_norm": 40.5623, "step": 110, "wall_s": 323.1326}
{"answer": 3.1062, "answer_n": 47.0, "preserve": 0.0005, "preserve_n": 16.0, "retrieval": 0.5, "code_norm": 0.0, "grad_norm": 163.2312, "step": 120, "wall_s": 331.5372}
{"answer": 2.8474, "answer_n": 37.0, "preserve": 0.0403, "preserve_n": 16.0, "retrieval": 0.2914, "code_norm": 0.0, "grad_norm": 114.6724, "step": 130, "wall_s": 342.5389}
{"answer": 2.7705, "answer_n": 50.0, "preserve": 0.0168, "preserve_n": 16.0, "retrieval": 0.3781, "code_norm": 0.0, "grad_norm": 55.2161, "step": 140, "wall_s": 356.5769}
{"answer": 3.1809, "answer_n": 48.0, "preserve": 0.0323, "preserve_n": 16.0, "retrieval": 0.3794, "code_norm": 0.0, "grad_norm": 83.2027, "step": 150, "wall_s": 371.5963}
{"answer": 2.1781, "answer_n": 53.0, "preserve": 0.2092, "preserve_n": 16.0, "retrieval": 0.4747, "code_norm": 0.0, "grad_norm": 74.7056, "step": 160, "wall_s": 392.1372}
{"answer": 2.4355, "answer_n": 61.0, "preserve": 0.0051, "preserve_n": 16.0, "retrieval": 0.2878, "code_norm": 0.0, "grad_norm": 103.6353, "step": 170, "wall_s": 412.6517}
{"answer": 2.4909, "answer_n": 52.0, "preserve": 0.0145, "preserve_n": 16.0, "retrieval": 0.3589, "code_norm": 0.0, "grad_norm": 70.176, "step": 180, "wall_s": 421.7415}
{"answer": 2.4878, "answer_n": 58.0, "preserve": 0.0608, "preserve_n": 16.5, "retrieval": 0.4419, "code_norm": 0.0, "grad_norm": 82.5071, "step": 190, "wall_s": 433.4993}
{"answer": 2.3976, "answer_n": 50.0, "preserve": 0.0714, "preserve_n": 16.0, "retrieval": 0.3552, "code_norm": 0.0, "grad_norm": 47.646, "step": 200, "wall_s": 442.4117}
{"answer": 2.6481, "answer_n": 48.0, "preserve": 0.067, "preserve_n": 16.0, "retrieval": 0.3858, "code_norm": 0.0, "grad_norm": 90.5927, "step": 210, "wall_s": 451.0158}
{"answer": 2.5786, "answer_n": 42.0, "preserve": 0.0055, "preserve_n": 16.0, "retrieval": 0.376, "code_norm": 0.0, "grad_norm": 60.7853, "step": 220, "wall_s": 456.3664}
{"answer": 3.1668, "answer_n": 50.0, "preserve": 0.001, "preserve_n": 16.0, "retrieval": 0.419, "code_norm": 0.0, "grad_norm": 119.5878, "step": 230, "wall_s": 458.2554}
{"answer": 3.0443, "answer_n": 41.0, "preserve": 0.0747, "preserve_n": 16.5, "retrieval": 0.3219, "code_norm": 0.0, "grad_norm": 84.8101, "step": 240, "wall_s": 469.525}
{"answer": 3.1123, "answer_n": 59.0, "preserve": 0.0017, "preserve_n": 16.0, "retrieval": 0.2872, "code_norm": 0.0, "grad_norm": 98.966, "step": 250, "wall_s": 471.9191}
{"answer": 2.0131, "answer_n": 48.0, "preserve": 0.0004, "preserve_n": 16.0, "retrieval": 0.4741, "code_norm": 0.0, "grad_norm": 206.3179, "step": 260, "wall_s": 483.3647}
{"answer": 2.8906, "answer_n": 45.0, "preserve": 0.0007, "preserve_n": 16.0, "retrieval": 0.2051, "code_norm": 0.0, "grad_norm": 95.689, "step": 270, "wall_s": 485.2508}
{"answer": 2.3057, "answer_n": 50.0, "preserve": 0.0007, "preserve_n": 16.5, "retrieval": 0.2644, "code_norm": 0.0, "grad_norm": 84.4794, "step": 280, "wall_s": 493.8899}
{"answer": 3.0442, "answer_n": 55.0, "preserve": 0.0629, "preserve_n": 16.5, "retrieval": 0.3582, "code_norm": 0.0, "grad_norm": 175.9336, "step": 290, "wall_s": 508.0785}
{"dev_before": {"answer": 5.8184432317673584, "answer_n": 55.0, "preserve": 0.007005313846282965, "preserve_n": 15.999999999999998, "retrieval": 7.496650695800782, "code_norm": 0.0}, "dev_after_best": {"answer": 3.1179973223440216, "answer_n": 55.0, "preserve": 0.0022743806824732835, "preserve_n": 15.999999999999998, "retrieval": 0.2603950500488281, "code_norm": 0.0}, "best_step": 299, "train_wall_s": 510}
