{"bank": "loaded", "pool": "manifests/revision_v1/train_pool_counterfact_v1.json", "items": 1000, "bank_sha256": "d5a12325376825463a27737ac88f19d5a2712fc0d185805d48ffa3341d6a853b"}
{"bank": "loaded", "pool": "manifests/revision_v1/train_pool_zsre_v1.json", "items": 1000, "bank_sha256": "cde7997956394b99cb539e5e5f3df1395e7f28bc349834e74c42eab2ace71837"}
{"bank": "loaded", "pool": "manifests/revision_v1/train_pool_mquake_v3.json", "items": 500, "bank_sha256": "155e2ccd21b0fbec30afc1d3db662ce0844c4420fa5f6b674493fa984075dbde"}
{"text_bank": 1536, "windows": 512, "source": "openwebtext training range [0, 50,001,920)"}
{"answer": 5.962, "answer_n": 67.0, "preserve": 0.0084, "preserve_n": 16.0, "retrieval": 5.8112, "code_norm": 0.0, "grad_norm": 138.8396, "step": 0, "wall_s": 24.1965}
{"answer": 3.4766, "answer_n": 44.0, "preserve": 0.2534, "preserve_n": 16.0, "retrieval": 2.1649, "code_norm": 0.0, "grad_norm": 49.8059, "step": 10, "wall_s": 128.2219}
{"answer": 3.1687, "answer_n": 39.0, "preserve": 0.0932, "preserve_n": 16.0, "retrieval": 0.6819, "code_norm": 0.0, "grad_norm": 72.631, "step": 20, "wall_s": 199.2076}
{"answer": 3.0412, "answer_n": 83.0, "preserve": 0.0685, "preserve_n": 17.0, "retrieval": 0.4858, "code_norm": 0.0, "grad_norm": 75.668, "step": 30, "wall_s": 262.8389}
{"answer": 4.0342, "answer_n": 41.0, "preserve": 0.1601, "preserve_n": 16.0, "retrieval": 0.6788, "code_norm": 0.0, "grad_norm": 63.03, "step": 40, "wall_s": 288.4611}
{"answer": 3.3417, "answer_n": 48.0, "preserve": 0.0725, "preserve_n": 16.0, "retrieval": 0.4664, "code_norm": 0.0, "grad_norm": 59.4259, "step": 50, "wall_s": 333.1994}
{"answer": 3.1871, "answer_n": 50.0, "preserve": 0.0693, "preserve_n": 16.5, "retrieval": 0.5194, "code_norm": 0.0, "grad_norm": 50.368, "step": 60, "wall_s": 365.5364}
{"answer": 3.4694, "answer_n": 50.0, "preserve": 0.0292, "preserve_n": 16.5, "retrieval": 0.5614, "code_norm": 0.0, "grad_norm": 58.8496, "step": 70, "wall_s": 394.4227}
{"answer": 2.8126, "answer_n": 36.0, "preserve": 0.0118, "preserve_n": 16.0, "retrieval": 0.5999, "code_norm": 0.0, "grad_norm": 37.4433, "step": 80, "wall_s": 403.4701}
{"answer": 2.5857, "answer_n": 41.0, "preserve": 0.1206, "preserve_n": 16.5, "retrieval": 0.7801, "code_norm": 0.0, "grad_norm": 45.9128, "step": 90, "wall_s": 434.2496}
{"answer": 3.4145, "answer_n": 41.0, "preserve": 0.0004, "preserve_n": 16.5, "retrieval": 0.7703, "code_norm": 0.0, "grad_norm": 184.992, "step": 100, "wall_s": 458.2294}
{"answer": 2.7786, "answer_n": 45.0, "preserve": 0.0819, "preserve_n": 16.0, "retrieval": 0.5126, "code_norm": 0.0, "grad_norm": 139.3412, "step": 110, "wall_s": 471.1195}
{"answer": 2.9113, "answer_n": 44.0, "preserve": 0.0052, "preserve_n": 16.0, "retrieval": 0.3986, "code_norm": 0.0, "grad_norm": 37.1052, "step": 120, "wall_s": 473.2561}
{"answer": 3.2554, "answer_n": 57.0, "preserve": 0.3148, "preserve_n": 16.0, "retrieval": 0.3518, "code_norm": 0.0, "grad_norm": 125.835, "step": 130, "wall_s": 484.5775}
{"answer": 3.4774, "answer_n": 47.0, "preserve": 0.2156, "preserve_n": 16.0, "retrieval": 0.4739, "code_norm": 0.0, "grad_norm": 56.9103, "step": 140, "wall_s": 489.949}
{"answer": 2.9716, "answer_n": 49.0, "preserve": 0.0027, "preserve_n": 16.0, "retrieval": 0.2773, "code_norm": 0.0, "grad_norm": 73.4457, "step": 150, "wall_s": 498.4176}
{"answer": 2.9918, "answer_n": 43.0, "preserve": 0.0359, "preserve_n": 16.0, "retrieval": 0.3725, "code_norm": 0.0, "grad_norm": 133.9008, "step": 160, "wall_s": 518.6422}
{"answer": 2.3845, "answer_n": 39.0, "preserve": 0.0385, "preserve_n": 16.0, "retrieval": 0.3102, "code_norm": 0.0, "grad_norm": 53.9088, "step": 170, "wall_s": 520.5425}
{"answer": 2.4691, "answer_n": 53.0, "preserve": 0.0003, "preserve_n": 16.0, "retrieval": 0.3418, "code_norm": 0.0, "grad_norm": 60.2547, "step": 180, "wall_s": 525.7571}
{"answer": 3.2459, "answer_n": 52.0, "preserve": 0.0069, "preserve_n": 16.5, "retrieval": 0.3384, "code_norm": 0.0, "grad_norm": 54.1573, "step": 190, "wall_s": 533.9875}
{"answer": 2.7707, "answer_n": 50.0, "preserve": 0.0174, "preserve_n": 16.0, "retrieval": 0.5704, "code_norm": 0.0, "grad_norm": 68.2109, "step": 200, "wall_s": 539.6985}
{"answer": 2.6094, "answer_n": 52.0, "preserve": 0.0009, "preserve_n": 16.0, "retrieval": 0.7414, "code_norm": 0.0, "grad_norm": 50.5883, "step": 210, "wall_s": 552.371}
{"answer": 3.0244, "answer_n": 57.0, "preserve": 0.0664, "preserve_n": 16.0, "retrieval": 0.499, "code_norm": 0.0, "grad_norm": 64.6141, "step": 220, "wall_s": 560.7559}
{"answer": 2.5883, "answer_n": 43.0, "preserve": 0.1046, "preserve_n": 16.5, "retrieval": 0.429, "code_norm": 0.0, "grad_norm": 49.7607, "step": 230, "wall_s": 562.6019}
{"answer": 2.5578, "answer_n": 52.0, "preserve": 0.0008, "preserve_n": 16.0, "retrieval": 0.2053, "code_norm": 0.0, "grad_norm": 54.0141, "step": 240, "wall_s": 567.8816}
{"answer": 2.7269, "answer_n": 42.0, "preserve": 0.0481, "preserve_n": 16.0, "retrieval": 0.3354, "code_norm": 0.0, "grad_norm": 244.0981, "step": 250, "wall_s": 570.319}
{"answer": 2.4615, "answer_n": 53.0, "preserve": 0.0003, "preserve_n": 16.5, "retrieval": 0.25, "code_norm": 0.0, "grad_norm": 59.3046, "step": 260, "wall_s": 572.1849}
{"answer": 2.442, "answer_n": 59.0, "preserve": 0.0472, "preserve_n": 16.0, "retrieval": 0.3439, "code_norm": 0.0, "grad_norm": 57.6032, "step": 270, "wall_s": 582.0569}
{"answer": 2.5906, "answer_n": 43.0, "preserve": 0.0701, "preserve_n": 16.5, "retrieval": 0.2032, "code_norm": 0.0, "grad_norm": 103.4077, "step": 280, "wall_s": 586.6192}
{"answer": 2.6259, "answer_n": 43.0, "preserve": 0.0051, "preserve_n": 16.0, "retrieval": 0.2212, "code_norm": 0.0, "grad_norm": 68.6333, "step": 290, "wall_s": 588.6411}
{"dev_before": {"answer": 5.922624195829606, "answer_n": 50.66666666666666, "preserve": 0.008329683583653213, "preserve_n": 16.333333333333332, "retrieval": 5.835065205891927, "code_norm": 0.0}, "dev_after_best": {"answer": 2.9266763858798384, "answer_n": 50.66666666666666, "preserve": 0.0419959848961998, "preserve_n": 16.333333333333332, "retrieval": 0.26563517252604163, "code_norm": 0.0}, "best_step": 249, "train_wall_s": 597}
