{"bank": "loaded", "pool": "manifests/revision_v1/train_pool_counterfact_v1.json", "items": 1000, "bank_sha256": "d5a12325376825463a27737ac88f19d5a2712fc0d185805d48ffa3341d6a853b"}
{"bank": "loaded", "pool": "manifests/revision_v1/train_pool_zsre_v1.json", "items": 1000, "bank_sha256": "cde7997956394b99cb539e5e5f3df1395e7f28bc349834e74c42eab2ace71837"}
{"text_bank": 1536, "windows": 512, "source": "openwebtext training range [0, 50,001,920)"}
{"answer": 6.8278, "answer_n": 47.0, "preserve": 0.008, "preserve_n": 16.0, "retrieval": 5.8226, "code_norm": 0.0, "grad_norm": 152.8242, "step": 0, "wall_s": 12.681}
{"answer": 3.8742, "answer_n": 45.0, "preserve": 0.0171, "preserve_n": 16.0, "retrieval": 0.5247, "code_norm": 0.0, "grad_norm": 78.641, "step": 10, "wall_s": 110.2137}
{"answer": 4.0508, "answer_n": 53.0, "preserve": 0.0664, "preserve_n": 16.0, "retrieval": 0.4037, "code_norm": 0.0, "grad_norm": 80.3527, "step": 20, "wall_s": 154.3549}
{"answer": 3.4099, "answer_n": 52.0, "preserve": 0.0596, "preserve_n": 16.0, "retrieval": 0.3415, "code_norm": 0.0, "grad_norm": 48.2723, "step": 30, "wall_s": 190.2497}
{"answer": 3.1048, "answer_n": 35.0, "preserve": 0.0982, "preserve_n": 16.0, "retrieval": 0.4468, "code_norm": 0.0, "grad_norm": 95.2713, "step": 40, "wall_s": 209.8686}
{"answer": 3.1231, "answer_n": 51.0, "preserve": 0.2064, "preserve_n": 16.0, "retrieval": 0.4144, "code_norm": 0.0, "grad_norm": 106.8931, "step": 50, "wall_s": 223.3685}
{"answer": 3.5407, "answer_n": 44.0, "preserve": 0.0963, "preserve_n": 16.0, "retrieval": 0.6374, "code_norm": 0.0, "grad_norm": 95.4468, "step": 60, "wall_s": 235.5965}
{"answer": 3.309, "answer_n": 55.0, "preserve": 0.09, "preserve_n": 16.0, "retrieval": 0.3205, "code_norm": 0.0, "grad_norm": 56.3428, "step": 70, "wall_s": 239.9217}
{"answer": 3.173, "answer_n": 49.0, "preserve": 0.0234, "preserve_n": 16.0, "retrieval": 0.2446, "code_norm": 0.0, "grad_norm": 84.552, "step": 80, "wall_s": 248.2006}
{"answer": 2.8871, "answer_n": 40.0, "preserve": 0.0427, "preserve_n": 16.0, "retrieval": 0.3892, "code_norm": 0.0, "grad_norm": 101.6202, "step": 90, "wall_s": 250.1793}
{"answer": 2.8351, "answer_n": 50.0, "preserve": 0.0255, "preserve_n": 16.0, "retrieval": 0.3077, "code_norm": 0.0, "grad_norm": 54.492, "step": 100, "wall_s": 259.1557}
{"answer": 4.0498, "answer_n": 60.0, "preserve": 0.0614, "preserve_n": 16.0, "retrieval": 0.2678, "code_norm": 0.0, "grad_norm": 264.2359, "step": 110, "wall_s": 264.3181}
{"answer": 3.2783, "answer_n": 55.0, "preserve": 0.0002, "preserve_n": 16.0, "retrieval": 0.2334, "code_norm": 0.0, "grad_norm": 72.3715, "step": 120, "wall_s": 290.3087}
{"answer": 2.2393, "answer_n": 36.0, "preserve": 0.0118, "preserve_n": 16.0, "retrieval": 0.4425, "code_norm": 0.0, "grad_norm": 44.3312, "step": 130, "wall_s": 298.0511}
{"answer": 3.4036, "answer_n": 44.0, "preserve": 0.0038, "preserve_n": 16.0, "retrieval": 0.3345, "code_norm": 0.0, "grad_norm": 60.4834, "step": 140, "wall_s": 299.9326}
{"answer": 2.8852, "answer_n": 37.0, "preserve": 0.07, "preserve_n": 16.0, "retrieval": 0.3422, "code_norm": 0.0, "grad_norm": 55.7994, "step": 150, "wall_s": 302.3027}
{"answer": 2.9668, "answer_n": 53.0, "preserve": 0.019, "preserve_n": 16.0, "retrieval": 0.2892, "code_norm": 0.0, "grad_norm": 63.0865, "step": 160, "wall_s": 304.2087}
{"answer": 3.493, "answer_n": 54.0, "preserve": 0.0002, "preserve_n": 16.0, "retrieval": 0.2721, "code_norm": 0.0, "grad_norm": 47.7696, "step": 170, "wall_s": 306.0617}
{"answer": 2.8039, "answer_n": 43.0, "preserve": 0.0037, "preserve_n": 16.0, "retrieval": 0.1508, "code_norm": 0.0, "grad_norm": 41.3528, "step": 180, "wall_s": 307.9522}
{"answer": 2.7757, "answer_n": 56.0, "preserve": 0.001, "preserve_n": 16.0, "retrieval": 0.3379, "code_norm": 0.0, "grad_norm": 68.4213, "step": 190, "wall_s": 313.0334}
{"answer": 2.3001, "answer_n": 42.0, "preserve": 0.0411, "preserve_n": 16.0, "retrieval": 0.4297, "code_norm": 0.0, "grad_norm": 133.0999, "step": 200, "wall_s": 315.4703}
{"answer": 3.5237, "answer_n": 45.0, "preserve": 0.2844, "preserve_n": 16.0, "retrieval": 0.3291, "code_norm": 0.0, "grad_norm": 301.5705, "step": 210, "wall_s": 317.3326}
{"answer": 2.254, "answer_n": 51.0, "preserve": 0.0397, "preserve_n": 16.0, "retrieval": 0.2141, "code_norm": 0.0, "grad_norm": 77.3065, "step": 220, "wall_s": 322.5675}
{"answer": 3.3803, "answer_n": 56.0, "preserve": 0.0003, "preserve_n": 16.0, "retrieval": 0.1668, "code_norm": 0.0, "grad_norm": 67.1034, "step": 230, "wall_s": 333.2495}
{"answer": 2.2332, "answer_n": 42.0, "preserve": 0.0026, "preserve_n": 16.0, "retrieval": 0.231, "code_norm": 0.0, "grad_norm": 84.4784, "step": 240, "wall_s": 337.9651}
{"answer": 2.3877, "answer_n": 47.0, "preserve": 0.0044, "preserve_n": 16.0, "retrieval": 0.2095, "code_norm": 0.0, "grad_norm": 48.6344, "step": 250, "wall_s": 340.2946}
{"answer": 1.9136, "answer_n": 43.0, "preserve": 0.0381, "preserve_n": 16.0, "retrieval": 0.3657, "code_norm": 0.0, "grad_norm": 85.0672, "step": 260, "wall_s": 342.1958}
{"answer": 1.9101, "answer_n": 45.0, "preserve": 0.0513, "preserve_n": 16.0, "retrieval": 0.1567, "code_norm": 0.0, "grad_norm": 102.81, "step": 270, "wall_s": 344.1228}
{"answer": 2.4179, "answer_n": 44.0, "preserve": 0.0006, "preserve_n": 16.0, "retrieval": 0.1561, "code_norm": 0.0, "grad_norm": 37.2303, "step": 280, "wall_s": 349.5454}
{"answer": 2.8499, "answer_n": 58.0, "preserve": 0.0381, "preserve_n": 16.0, "retrieval": 0.22, "code_norm": 0.0, "grad_norm": 71.3953, "step": 290, "wall_s": 351.477}
{"dev_before": {"answer": 6.2542696328104945, "answer_n": 43.33333333333333, "preserve": 0.00996979528766436, "preserve_n": 15.999999999999998, "retrieval": 5.749130249023438, "code_norm": 0.0}, "dev_after_best": {"answer": 2.7482461261423268, "answer_n": 43.33333333333333, "preserve": 0.039427881090280906, "preserve_n": 15.999999999999998, "retrieval": 0.24052937825520834, "code_norm": 0.0}, "best_step": 249, "train_wall_s": 375}
