{"bank": "loaded", "pool": "manifests/revision_v1/train_pool_counterfact_v1.json", "items": 1000, "bank_sha256": "d5a12325376825463a27737ac88f19d5a2712fc0d185805d48ffa3341d6a853b"}
{"bank": "loaded", "pool": "manifests/revision_v1/train_pool_zsre_v1.json", "items": 1000, "bank_sha256": "cde7997956394b99cb539e5e5f3df1395e7f28bc349834e74c42eab2ace71837"}
{"bank": "loaded", "pool": "manifests/revision_v1/train_pool_mquake_v3.json", "items": 500, "bank_sha256": "155e2ccd21b0fbec30afc1d3db662ce0844c4420fa5f6b674493fa984075dbde"}
{"text_bank": 1536, "windows": 512, "source": "openwebtext training range [0, 50,001,920)"}
{"answer": 6.8829, "answer_n": 42.0, "preserve": 0.0103, "preserve_n": 16.0, "retrieval": 7.4571, "code_norm": 0.0, "grad_norm": 161.5819, "step": 0, "wall_s": 32.7835}
{"answer": 3.5694, "answer_n": 46.0, "preserve": 0.037, "preserve_n": 17.0, "retrieval": 0.6476, "code_norm": 0.0, "grad_norm": 119.5388, "step": 10, "wall_s": 188.6669}
{"answer": 3.5382, "answer_n": 55.0, "preserve": 0.0475, "preserve_n": 16.0, "retrieval": 0.4085, "code_norm": 0.0, "grad_norm": 77.5549, "step": 20, "wall_s": 289.0093}
{"answer": 3.3953, "answer_n": 57.0, "preserve": 0.0468, "preserve_n": 16.0, "retrieval": 0.4123, "code_norm": 0.0, "grad_norm": 114.8224, "step": 30, "wall_s": 360.1282}
{"answer": 3.4019, "answer_n": 48.0, "preserve": 0.0392, "preserve_n": 16.0, "retrieval": 0.5694, "code_norm": 0.0, "grad_norm": 116.4313, "step": 40, "wall_s": 395.5704}
{"answer": 4.5821, "answer_n": 58.0, "preserve": 0.0009, "preserve_n": 16.0, "retrieval": 0.5126, "code_norm": 0.0, "grad_norm": 104.5159, "step": 50, "wall_s": 431.313}
E0915 13:29:31.828783 3681300 slow_operation_alarm.cc:73] 
********************************
[Compiling module jit__lambda for GPU] Very slow compile? If you want to file a bug, run with envvar XLA_FLAGS=--xla_dump_to=/tmp/foo and attach the results.
********************************
E0915 13:31:19.347548 3681225 slow_operation_alarm.cc:140] The operation took 3m47.529577632s

********************************
[Compiling module jit__lambda for GPU] Very slow compile? If you want to file a bug, run with envvar XLA_FLAGS=--xla_dump_to=/tmp/foo and attach the results.
********************************
{"answer": 3.0487, "answer_n": 43.0, "preserve": 0.0086, "preserve_n": 16.0, "retrieval": 0.3967, "code_norm": 0.0, "grad_norm": 36.8193, "step": 60, "wall_s": 921.2085}
{"answer": 2.6551, "answer_n": 49.0, "preserve": 0.1683, "preserve_n": 16.0, "retrieval": 0.5712, "code_norm": 0.0, "grad_norm": 59.251, "step": 70, "wall_s": 949.1859}
{"answer": 3.5508, "answer_n": 46.0, "preserve": 0.0071, "preserve_n": 16.0, "retrieval": 0.5153, "code_norm": 0.0, "grad_norm": 129.4561, "step": 80, "wall_s": 965.6213}
{"answer": 2.5945, "answer_n": 49.0, "preserve": 0.0639, "preserve_n": 16.0, "retrieval": 0.4609, "code_norm": 0.0, "grad_norm": 132.8718, "step": 90, "wall_s": 987.0641}
{"answer": 2.8459, "answer_n": 42.0, "preserve": 0.0191, "preserve_n": 16.5, "retrieval": 0.4782, "code_norm": 0.0, "grad_norm": 58.4855, "step": 100, "wall_s": 1009.8291}
{"answer": 2.6647, "answer_n": 36.0, "preserve": 0.0004, "preserve_n": 16.0, "retrieval": 0.4461, "code_norm": 0.0, "grad_norm": 60.1902, "step": 110, "wall_s": 1019.4678}
{"answer": 2.9254, "answer_n": 70.0, "preserve": 0.045, "preserve_n": 16.5, "retrieval": 0.2911, "code_norm": 0.0, "grad_norm": 155.3396, "step": 120, "wall_s": 1036.3271}
{"answer": 3.3412, "answer_n": 62.0, "preserve": 0.1156, "preserve_n": 16.5, "retrieval": 0.6075, "code_norm": 0.0, "grad_norm": 84.0858, "step": 130, "wall_s": 1053.4604}
{"answer": 2.5391, "answer_n": 49.0, "preserve": 0.0449, "preserve_n": 16.5, "retrieval": 0.4798, "code_norm": 0.0, "grad_norm": 68.9028, "step": 140, "wall_s": 1059.2897}
{"answer": 2.6344, "answer_n": 53.0, "preserve": 0.0009, "preserve_n": 16.0, "retrieval": 0.5424, "code_norm": 0.0, "grad_norm": 180.2323, "step": 150, "wall_s": 1081.6851}
{"answer": 3.0768, "answer_n": 59.0, "preserve": 0.007, "preserve_n": 17.0, "retrieval": 0.3653, "code_norm": 0.0, "grad_norm": 84.5339, "step": 160, "wall_s": 1086.9919}
{"answer": 2.7038, "answer_n": 52.0, "preserve": 0.08, "preserve_n": 16.5, "retrieval": 0.4116, "code_norm": 0.0, "grad_norm": 109.6201, "step": 170, "wall_s": 1089.3955}
{"answer": 2.687, "answer_n": 41.0, "preserve": 0.0166, "preserve_n": 16.0, "retrieval": 0.5889, "code_norm": 0.0, "grad_norm": 78.4135, "step": 180, "wall_s": 1099.7375}
{"answer": 2.6634, "answer_n": 52.0, "preserve": 0.0479, "preserve_n": 16.0, "retrieval": 0.4341, "code_norm": 0.0, "grad_norm": 65.9715, "step": 190, "wall_s": 1112.777}
{"answer": 2.9713, "answer_n": 48.0, "preserve": 0.0029, "preserve_n": 16.0, "retrieval": 0.5436, "code_norm": 0.0, "grad_norm": 62.1278, "step": 200, "wall_s": 1124.0644}
{"answer": 2.6612, "answer_n": 45.0, "preserve": 0.0047, "preserve_n": 16.0, "retrieval": 0.4088, "code_norm": 0.0, "grad_norm": 56.8005, "step": 210, "wall_s": 1133.917}
{"answer": 3.0696, "answer_n": 52.0, "preserve": 0.0008, "preserve_n": 16.5, "retrieval": 0.3989, "code_norm": 0.0, "grad_norm": 136.6865, "step": 220, "wall_s": 1139.0301}
{"answer": 3.1554, "answer_n": 51.0, "preserve": 0.0045, "preserve_n": 16.0, "retrieval": 0.4204, "code_norm": 0.0, "grad_norm": 63.7633, "step": 230, "wall_s": 1149.0362}
{"answer": 2.8563, "answer_n": 48.0, "preserve": 0.0053, "preserve_n": 16.0, "retrieval": 0.2858, "code_norm": 0.0, "grad_norm": 69.5605, "step": 240, "wall_s": 1158.795}
{"answer": 2.4992, "answer_n": 44.0, "preserve": 0.0002, "preserve_n": 16.0, "retrieval": 0.5275, "code_norm": 0.0, "grad_norm": 115.9701, "step": 250, "wall_s": 1164.9467}
{"answer": 3.0796, "answer_n": 58.0, "preserve": 0.0033, "preserve_n": 16.5, "retrieval": 0.2321, "code_norm": 0.0, "grad_norm": 53.5121, "step": 260, "wall_s": 1167.385}
{"answer": 2.5817, "answer_n": 74.0, "preserve": 0.0003, "preserve_n": 16.0, "retrieval": 0.4315, "code_norm": 0.0, "grad_norm": 162.3288, "step": 270, "wall_s": 1178.9781}
{"answer": 2.838, "answer_n": 64.0, "preserve": 0.0135, "preserve_n": 16.5, "retrieval": 0.3073, "code_norm": 0.0, "grad_norm": 86.437, "step": 280, "wall_s": 1185.3647}
{"answer": 2.1595, "answer_n": 37.0, "preserve": 0.0587, "preserve_n": 16.0, "retrieval": 0.3787, "code_norm": 0.0, "grad_norm": 110.9443, "step": 290, "wall_s": 1187.3918}
{"dev_before": {"answer": 5.908688920271518, "answer_n": 52.33333333333333, "preserve": 0.0069454663139758566, "preserve_n": 15.999999999999998, "retrieval": 7.415766398111979, "code_norm": 0.0}, "dev_after_best": {"answer": 2.986846975148113, "answer_n": 52.33333333333333, "preserve": 0.0008793644167207997, "preserve_n": 15.999999999999998, "retrieval": 0.2440656026204427, "code_norm": 0.0}, "best_step": 299, "train_wall_s": 1194}
