{"bank": "loaded", "pool": "manifests/revision_v1/train_pool_counterfact_v1.json", "items": 1000, "bank_sha256": "d5a12325376825463a27737ac88f19d5a2712fc0d185805d48ffa3341d6a853b"}
{"bank": "loaded", "pool": "manifests/revision_v1/train_pool_zsre_v1.json", "items": 1000, "bank_sha256": "cde7997956394b99cb539e5e5f3df1395e7f28bc349834e74c42eab2ace71837"}
bank 100/1000
bank 200/1000
bank 300/1000
bank 400/1000
bank 500/1000
bank 600/1000
bank 700/1000
bank 800/1000
bank 900/1000
bank 1000/1000
{"bank": "built", "pool": "manifests/revision_v1/train_pool_mquake_v2.json", "items": 1000, "passes": 12200, "wall_s": 25}
{"text_bank": 1536, "windows": 512, "source": "openwebtext training range [0, 50,001,920)"}
{"answer": 6.0357, "answer_n": 45.0, "preserve": 0.0097, "preserve_n": 16.0, "retrieval": 5.8318, "code_norm": 0.0, "grad_norm": 135.974, "step": 0, "wall_s": 11.121}
{"answer": 3.7164, "answer_n": 55.0, "preserve": 0.0983, "preserve_n": 16.0, "retrieval": 1.1344, "code_norm": 0.0, "grad_norm": 60.6995, "step": 10, "wall_s": 117.4191}
{"answer": 4.3151, "answer_n": 45.0, "preserve": 0.0752, "preserve_n": 16.0, "retrieval": 0.5474, "code_norm": 0.0, "grad_norm": 135.4859, "step": 20, "wall_s": 163.2947}
{"answer": 3.6704, "answer_n": 44.0, "preserve": 0.0402, "preserve_n": 16.0, "retrieval": 0.7329, "code_norm": 0.0, "grad_norm": 52.1225, "step": 30, "wall_s": 223.2412}
{"answer": 2.599, "answer_n": 53.0, "preserve": 0.038, "preserve_n": 16.5, "retrieval": 0.549, "code_norm": 0.0, "grad_norm": 157.3322, "step": 40, "wall_s": 268.3199}
{"answer": 3.4662, "answer_n": 42.0, "preserve": 0.0218, "preserve_n": 16.5, "retrieval": 0.5395, "code_norm": 0.0, "grad_norm": 47.3248, "step": 50, "wall_s": 320.5538}
{"answer": 3.1532, "answer_n": 63.0, "preserve": 0.0671, "preserve_n": 16.0, "retrieval": 0.394, "code_norm": 0.0, "grad_norm": 55.2457, "step": 60, "wall_s": 332.5323}
{"answer": 3.6698, "answer_n": 44.0, "preserve": 0.0645, "preserve_n": 16.0, "retrieval": 0.5105, "code_norm": 0.0, "grad_norm": 32.6799, "step": 70, "wall_s": 340.5507}
{"answer": 3.2474, "answer_n": 49.0, "preserve": 0.0781, "preserve_n": 16.5, "retrieval": 0.553, "code_norm": 0.0, "grad_norm": 97.1259, "step": 80, "wall_s": 358.6691}
{"answer": 3.5825, "answer_n": 52.0, "preserve": 0.0704, "preserve_n": 16.0, "retrieval": 0.5484, "code_norm": 0.0, "grad_norm": 48.7664, "step": 90, "wall_s": 376.9498}
{"answer": 2.4918, "answer_n": 51.0, "preserve": 0.0394, "preserve_n": 16.0, "retrieval": 0.5885, "code_norm": 0.0, "grad_norm": 85.1599, "step": 100, "wall_s": 386.0579}
{"answer": 3.041, "answer_n": 56.0, "preserve": 0.0039, "preserve_n": 16.5, "retrieval": 0.5421, "code_norm": 0.0, "grad_norm": 119.8474, "step": 110, "wall_s": 397.9673}
{"answer": 3.317, "answer_n": 58.0, "preserve": 0.0405, "preserve_n": 16.5, "retrieval": 0.5009, "code_norm": 0.0, "grad_norm": 89.5956, "step": 120, "wall_s": 405.9447}
{"answer": 2.6955, "answer_n": 43.0, "preserve": 0.002, "preserve_n": 16.0, "retrieval": 0.3626, "code_norm": 0.0, "grad_norm": 40.0871, "step": 130, "wall_s": 420.8999}
{"answer": 2.6081, "answer_n": 49.0, "preserve": 0.0069, "preserve_n": 16.0, "retrieval": 0.4907, "code_norm": 0.0, "grad_norm": 62.6883, "step": 140, "wall_s": 431.621}
{"answer": 2.1213, "answer_n": 57.0, "preserve": 0.0056, "preserve_n": 16.0, "retrieval": 0.33, "code_norm": 0.0, "grad_norm": 83.7187, "step": 150, "wall_s": 446.3673}
{"answer": 3.2005, "answer_n": 55.0, "preserve": 0.0005, "preserve_n": 16.0, "retrieval": 0.3015, "code_norm": 0.0, "grad_norm": 95.2161, "step": 160, "wall_s": 457.7856}
{"answer": 2.8123, "answer_n": 54.0, "preserve": 0.0025, "preserve_n": 16.0, "retrieval": 0.3624, "code_norm": 0.0, "grad_norm": 123.6339, "step": 170, "wall_s": 465.2741}
{"answer": 2.2032, "answer_n": 65.0, "preserve": 0.0004, "preserve_n": 16.0, "retrieval": 0.3085, "code_norm": 0.0, "grad_norm": 61.1665, "step": 180, "wall_s": 467.2448}
{"answer": 2.4292, "answer_n": 42.0, "preserve": 0.0006, "preserve_n": 16.0, "retrieval": 0.3221, "code_norm": 0.0, "grad_norm": 107.215, "step": 190, "wall_s": 469.1392}
{"answer": 2.5474, "answer_n": 56.0, "preserve": 0.026, "preserve_n": 16.0, "retrieval": 0.5655, "code_norm": 0.0, "grad_norm": 71.8939, "step": 200, "wall_s": 471.496}
{"answer": 3.2808, "answer_n": 56.0, "preserve": 0.0278, "preserve_n": 16.0, "retrieval": 0.3711, "code_norm": 0.0, "grad_norm": 94.6706, "step": 210, "wall_s": 477.7403}
{"answer": 3.1037, "answer_n": 51.0, "preserve": 0.0047, "preserve_n": 16.0, "retrieval": 0.254, "code_norm": 0.0, "grad_norm": 87.0504, "step": 220, "wall_s": 488.3325}
{"answer": 2.1271, "answer_n": 45.0, "preserve": 0.0043, "preserve_n": 16.0, "retrieval": 0.3387, "code_norm": 0.0, "grad_norm": 91.1161, "step": 230, "wall_s": 490.1843}
{"answer": 3.1625, "answer_n": 53.0, "preserve": 0.0069, "preserve_n": 16.0, "retrieval": 0.4235, "code_norm": 0.0, "grad_norm": 114.971, "step": 240, "wall_s": 492.03}
{"answer": 2.0845, "answer_n": 45.0, "preserve": 0.0116, "preserve_n": 16.0, "retrieval": 0.2661, "code_norm": 0.0, "grad_norm": 46.2793, "step": 250, "wall_s": 494.3747}
{"answer": 2.2202, "answer_n": 49.0, "preserve": 0.002, "preserve_n": 16.0, "retrieval": 0.4559, "code_norm": 0.0, "grad_norm": 73.9827, "step": 260, "wall_s": 502.6904}
{"answer": 2.7572, "answer_n": 64.0, "preserve": 0.0799, "preserve_n": 16.0, "retrieval": 0.3714, "code_norm": 0.0, "grad_norm": 127.2432, "step": 270, "wall_s": 507.7275}
{"answer": 2.5902, "answer_n": 53.0, "preserve": 0.0953, "preserve_n": 16.5, "retrieval": 0.3098, "code_norm": 0.0, "grad_norm": 211.4523, "step": 280, "wall_s": 519.1936}
{"answer": 2.4864, "answer_n": 69.0, "preserve": 0.0006, "preserve_n": 16.5, "retrieval": 0.3088, "code_norm": 0.0, "grad_norm": 79.9503, "step": 290, "wall_s": 530.652}
{"dev_before": {"answer": 6.254573523366895, "answer_n": 49.00000000000001, "preserve": 0.008963899174334218, "preserve_n": 16.333333333333332, "retrieval": 5.8283640543619795, "code_norm": 0.0}, "dev_after_best": {"answer": 3.1958796613115714, "answer_n": 49.00000000000001, "preserve": 0.04582841084617725, "preserve_n": 16.333333333333332, "retrieval": 0.2986920674641927, "code_norm": 0.0}, "best_step": 249, "train_wall_s": 536}
