{"bank": "loaded", "pool": "manifests/revision_v1/train_pool_counterfact_v1.json", "items": 1000, "bank_sha256": "d5a12325376825463a27737ac88f19d5a2712fc0d185805d48ffa3341d6a853b"}
{"bank": "loaded", "pool": "manifests/revision_v1/train_pool_zsre_v1.json", "items": 1000, "bank_sha256": "cde7997956394b99cb539e5e5f3df1395e7f28bc349834e74c42eab2ace71837"}
bank 100/500
bank 200/500
bank 300/500
bank 400/500
bank 500/500
{"bank": "built", "pool": "manifests/revision_v1/train_pool_mquake_v3.json", "items": 500, "passes": 6166, "wall_s": 13}
{"text_bank": 1536, "windows": 512, "source": "openwebtext training range [0, 50,001,920)"}
{"answer": 6.8887, "answer_n": 43.0, "preserve": 0.0089, "preserve_n": 16.0, "retrieval": 7.3977, "code_norm": 0.0, "grad_norm": 155.7228, "step": 0, "wall_s": 20.3978}
{"answer": 3.7105, "answer_n": 44.0, "preserve": 0.1273, "preserve_n": 16.0, "retrieval": 1.3788, "code_norm": 0.0, "grad_norm": 61.634, "step": 10, "wall_s": 115.8573}
{"answer": 3.4529, "answer_n": 39.0, "preserve": 0.0502, "preserve_n": 16.5, "retrieval": 0.5254, "code_norm": 0.0, "grad_norm": 73.5118, "step": 20, "wall_s": 206.2972}
{"answer": 3.0641, "answer_n": 43.0, "preserve": 0.0543, "preserve_n": 16.0, "retrieval": 0.6169, "code_norm": 0.0, "grad_norm": 65.0512, "step": 30, "wall_s": 263.6558}
{"answer": 2.6144, "answer_n": 48.0, "preserve": 0.1832, "preserve_n": 16.0, "retrieval": 0.8024, "code_norm": 0.0, "grad_norm": 31.1976, "step": 40, "wall_s": 300.6846}
{"answer": 3.5791, "answer_n": 47.0, "preserve": 0.2322, "preserve_n": 16.0, "retrieval": 0.7385, "code_norm": 0.0, "grad_norm": 107.3201, "step": 50, "wall_s": 327.9726}
{"answer": 3.8673, "answer_n": 42.0, "preserve": 0.0036, "preserve_n": 16.0, "retrieval": 0.6959, "code_norm": 0.0, "grad_norm": 261.0912, "step": 60, "wall_s": 354.5278}
{"answer": 3.1726, "answer_n": 56.0, "preserve": 0.1948, "preserve_n": 17.0, "retrieval": 0.7259, "code_norm": 0.0, "grad_norm": 57.2348, "step": 70, "wall_s": 384.4523}
{"answer": 2.9488, "answer_n": 36.0, "preserve": 0.034, "preserve_n": 16.0, "retrieval": 0.7276, "code_norm": 0.0, "grad_norm": 53.2679, "step": 80, "wall_s": 406.2866}
{"answer": 2.8544, "answer_n": 36.0, "preserve": 0.0006, "preserve_n": 16.0, "retrieval": 0.5468, "code_norm": 0.0, "grad_norm": 47.1348, "step": 90, "wall_s": 428.743}
{"answer": 2.9221, "answer_n": 48.0, "preserve": 0.02, "preserve_n": 16.0, "retrieval": 0.4461, "code_norm": 0.0, "grad_norm": 53.481, "step": 100, "wall_s": 438.8269}
{"answer": 2.7829, "answer_n": 44.0, "preserve": 0.0013, "preserve_n": 16.5, "retrieval": 0.4112, "code_norm": 0.0, "grad_norm": 52.6488, "step": 110, "wall_s": 440.8882}
{"answer": 2.8042, "answer_n": 43.0, "preserve": 0.0303, "preserve_n": 16.5, "retrieval": 0.4626, "code_norm": 0.0, "grad_norm": 91.4926, "step": 120, "wall_s": 466.999}
{"answer": 3.1851, "answer_n": 45.0, "preserve": 0.0567, "preserve_n": 16.0, "retrieval": 0.4322, "code_norm": 0.0, "grad_norm": 76.9679, "step": 130, "wall_s": 477.9521}
{"answer": 2.2287, "answer_n": 35.0, "preserve": 0.0033, "preserve_n": 16.0, "retrieval": 0.4482, "code_norm": 0.0, "grad_norm": 59.7058, "step": 140, "wall_s": 479.947}
{"answer": 2.9572, "answer_n": 45.0, "preserve": 0.0003, "preserve_n": 16.0, "retrieval": 0.3576, "code_norm": 0.0, "grad_norm": 60.9997, "step": 150, "wall_s": 486.0179}
{"answer": 2.1755, "answer_n": 50.0, "preserve": 0.0328, "preserve_n": 16.0, "retrieval": 0.2945, "code_norm": 0.0, "grad_norm": 59.785, "step": 160, "wall_s": 494.326}
{"answer": 2.2547, "answer_n": 44.0, "preserve": 0.142, "preserve_n": 16.0, "retrieval": 0.3255, "code_norm": 0.0, "grad_norm": 101.3389, "step": 170, "wall_s": 510.1901}
{"answer": 3.3672, "answer_n": 48.0, "preserve": 0.0002, "preserve_n": 16.0, "retrieval": 0.3423, "code_norm": 0.0, "grad_norm": 96.7038, "step": 180, "wall_s": 520.6934}
{"answer": 2.757, "answer_n": 45.0, "preserve": 0.0139, "preserve_n": 16.0, "retrieval": 0.4406, "code_norm": 0.0, "grad_norm": 90.0616, "step": 190, "wall_s": 526.3537}
{"answer": 3.1256, "answer_n": 69.0, "preserve": 0.0875, "preserve_n": 16.0, "retrieval": 0.2848, "code_norm": 0.0, "grad_norm": 89.351, "step": 200, "wall_s": 547.2286}
{"answer": 3.4, "answer_n": 57.0, "preserve": 0.0036, "preserve_n": 16.0, "retrieval": 0.2907, "code_norm": 0.0, "grad_norm": 66.383, "step": 210, "wall_s": 555.5906}
{"answer": 2.934, "answer_n": 42.0, "preserve": 0.0332, "preserve_n": 16.0, "retrieval": 0.4567, "code_norm": 0.0, "grad_norm": 114.3336, "step": 220, "wall_s": 561.0946}
{"answer": 2.6315, "answer_n": 43.0, "preserve": 0.0009, "preserve_n": 16.5, "retrieval": 0.3109, "code_norm": 0.0, "grad_norm": 96.0699, "step": 230, "wall_s": 573.1364}
{"answer": 2.7965, "answer_n": 50.0, "preserve": 0.0003, "preserve_n": 16.0, "retrieval": 0.2727, "code_norm": 0.0, "grad_norm": 85.6925, "step": 240, "wall_s": 578.6464}
{"answer": 2.6956, "answer_n": 52.0, "preserve": 0.0666, "preserve_n": 16.0, "retrieval": 0.2732, "code_norm": 0.0, "grad_norm": 81.1052, "step": 250, "wall_s": 602.4602}
{"answer": 3.7368, "answer_n": 50.0, "preserve": 0.0002, "preserve_n": 16.0, "retrieval": 0.3383, "code_norm": 0.0, "grad_norm": 158.3601, "step": 260, "wall_s": 608.2925}
{"answer": 2.4955, "answer_n": 49.0, "preserve": 0.0591, "preserve_n": 16.5, "retrieval": 0.1748, "code_norm": 0.0, "grad_norm": 111.5484, "step": 270, "wall_s": 613.9552}
{"answer": 2.6301, "answer_n": 61.0, "preserve": 0.0025, "preserve_n": 16.5, "retrieval": 0.3793, "code_norm": 0.0, "grad_norm": 116.1693, "step": 280, "wall_s": 623.2247}
{"answer": 2.2184, "answer_n": 49.0, "preserve": 0.0512, "preserve_n": 16.5, "retrieval": 0.2656, "code_norm": 0.0, "grad_norm": 85.352, "step": 290, "wall_s": 648.1403}
{"dev_before": {"answer": 5.908697090081495, "answer_n": 52.33333333333333, "preserve": 0.006964804742173906, "preserve_n": 15.999999999999998, "retrieval": 7.424036661783854, "code_norm": 0.0}, "dev_after_best": {"answer": 2.9517750781771324, "answer_n": 52.33333333333333, "preserve": 0.0854717704563536, "preserve_n": 15.999999999999998, "retrieval": 0.27523676554361975, "code_norm": 0.0}, "best_step": 299, "train_wall_s": 650}
