{"bank": "loaded", "pool": "manifests/revision_v1/train_pool_counterfact_v1.json", "items": 1000, "bank_sha256": "d5a12325376825463a27737ac88f19d5a2712fc0d185805d48ffa3341d6a853b"}
{"bank": "loaded", "pool": "manifests/revision_v1/train_pool_zsre_v1.json", "items": 1000, "bank_sha256": "cde7997956394b99cb539e5e5f3df1395e7f28bc349834e74c42eab2ace71837"}
{"bank": "loaded", "pool": "manifests/revision_v1/train_pool_mquake_v3.json", "items": 500, "bank_sha256": "155e2ccd21b0fbec30afc1d3db662ce0844c4420fa5f6b674493fa984075dbde"}
{"text_bank": 1536, "windows": 512, "source": "openwebtext training range [0, 50,001,920)"}
{"answer": 5.9344, "answer_n": 50.0, "preserve": 0.0149, "preserve_n": 16.0, "retrieval": 6.6852, "code_norm": 0.0, "grad_norm": 144.1114, "step": 0, "wall_s": 21.1249}
{"answer": 3.7856, "answer_n": 39.0, "preserve": 0.0452, "preserve_n": 16.0, "retrieval": 0.7499, "code_norm": 0.0, "grad_norm": 61.2897, "step": 10, "wall_s": 152.5897}
{"answer": 3.0329, "answer_n": 41.0, "preserve": 0.003, "preserve_n": 16.0, "retrieval": 0.5656, "code_norm": 0.0, "grad_norm": 144.5854, "step": 20, "wall_s": 217.3906}
{"answer": 3.193, "answer_n": 38.0, "preserve": 0.061, "preserve_n": 16.5, "retrieval": 0.5431, "code_norm": 0.0, "grad_norm": 51.6228, "step": 30, "wall_s": 257.2247}
{"answer": 3.484, "answer_n": 47.0, "preserve": 0.0049, "preserve_n": 16.5, "retrieval": 0.5137, "code_norm": 0.0, "grad_norm": 84.2863, "step": 40, "wall_s": 318.6492}
{"answer": 3.1314, "answer_n": 48.0, "preserve": 0.0125, "preserve_n": 16.0, "retrieval": 0.4114, "code_norm": 0.0, "grad_norm": 62.6172, "step": 50, "wall_s": 364.4761}
{"answer": 3.6893, "answer_n": 49.0, "preserve": 0.0028, "preserve_n": 16.0, "retrieval": 0.4336, "code_norm": 0.0, "grad_norm": 111.4669, "step": 60, "wall_s": 388.1414}
{"answer": 3.6686, "answer_n": 44.0, "preserve": 0.0289, "preserve_n": 16.0, "retrieval": 0.4698, "code_norm": 0.0, "grad_norm": 58.5102, "step": 70, "wall_s": 400.5138}
{"answer": 3.0103, "answer_n": 43.0, "preserve": 0.0208, "preserve_n": 16.5, "retrieval": 0.5651, "code_norm": 0.0, "grad_norm": 59.9448, "step": 80, "wall_s": 429.1779}
{"answer": 2.9355, "answer_n": 58.0, "preserve": 0.015, "preserve_n": 16.0, "retrieval": 0.4477, "code_norm": 0.0, "grad_norm": 84.1333, "step": 90, "wall_s": 446.1637}
{"answer": 3.1289, "answer_n": 46.0, "preserve": 0.0014, "preserve_n": 16.5, "retrieval": 0.4913, "code_norm": 0.0, "grad_norm": 46.5008, "step": 100, "wall_s": 454.6759}
{"answer": 2.4897, "answer_n": 48.0, "preserve": 0.0015, "preserve_n": 16.5, "retrieval": 0.377, "code_norm": 0.0, "grad_norm": 42.0628, "step": 110, "wall_s": 463.467}
{"answer": 3.2966, "answer_n": 44.0, "preserve": 0.0003, "preserve_n": 16.0, "retrieval": 0.4087, "code_norm": 0.0, "grad_norm": 64.5695, "step": 120, "wall_s": 471.6488}
{"answer": 3.4207, "answer_n": 50.0, "preserve": 0.0601, "preserve_n": 16.5, "retrieval": 0.4522, "code_norm": 0.0, "grad_norm": 87.3374, "step": 130, "wall_s": 479.7945}
{"answer": 2.9631, "answer_n": 43.0, "preserve": 0.0695, "preserve_n": 16.5, "retrieval": 0.3739, "code_norm": 0.0, "grad_norm": 53.9341, "step": 140, "wall_s": 491.3612}
{"answer": 2.5786, "answer_n": 57.0, "preserve": 0.0088, "preserve_n": 16.0, "retrieval": 0.3599, "code_norm": 0.0, "grad_norm": 75.3001, "step": 150, "wall_s": 504.4801}
{"answer": 2.2793, "answer_n": 47.0, "preserve": 0.0287, "preserve_n": 16.0, "retrieval": 0.3813, "code_norm": 0.0, "grad_norm": 70.2363, "step": 160, "wall_s": 510.1467}
{"answer": 2.6501, "answer_n": 39.0, "preserve": 0.0006, "preserve_n": 16.0, "retrieval": 0.4591, "code_norm": 0.0, "grad_norm": 79.7628, "step": 170, "wall_s": 521.5001}
{"answer": 3.6048, "answer_n": 44.0, "preserve": 0.0004, "preserve_n": 16.0, "retrieval": 0.2279, "code_norm": 0.0, "grad_norm": 117.169, "step": 180, "wall_s": 531.47}
{"answer": 1.9995, "answer_n": 42.0, "preserve": 0.042, "preserve_n": 16.0, "retrieval": 0.2625, "code_norm": 0.0, "grad_norm": 58.345, "step": 190, "wall_s": 533.5701}
{"answer": 3.2506, "answer_n": 46.0, "preserve": 0.0115, "preserve_n": 16.0, "retrieval": 0.5197, "code_norm": 0.0, "grad_norm": 97.3788, "step": 200, "wall_s": 544.0343}
{"answer": 2.4035, "answer_n": 38.0, "preserve": 0.0379, "preserve_n": 16.0, "retrieval": 0.3674, "code_norm": 0.0, "grad_norm": 104.2085, "step": 210, "wall_s": 561.2412}
{"answer": 2.8858, "answer_n": 51.0, "preserve": 0.0011, "preserve_n": 16.5, "retrieval": 0.3327, "code_norm": 0.0, "grad_norm": 79.0455, "step": 220, "wall_s": 567.3195}
{"answer": 2.3314, "answer_n": 38.0, "preserve": 0.0021, "preserve_n": 16.0, "retrieval": 0.4977, "code_norm": 0.0, "grad_norm": 78.1949, "step": 230, "wall_s": 569.2776}
{"answer": 2.9127, "answer_n": 65.0, "preserve": 0.0044, "preserve_n": 16.0, "retrieval": 0.2745, "code_norm": 0.0, "grad_norm": 80.8531, "step": 240, "wall_s": 574.6651}
{"answer": 2.8219, "answer_n": 41.0, "preserve": 0.0416, "preserve_n": 16.0, "retrieval": 0.4025, "code_norm": 0.0, "grad_norm": 81.4448, "step": 250, "wall_s": 581.2493}
{"answer": 2.3008, "answer_n": 40.0, "preserve": 0.0072, "preserve_n": 16.0, "retrieval": 0.3394, "code_norm": 0.0, "grad_norm": 103.4734, "step": 260, "wall_s": 596.424}
{"answer": 2.3815, "answer_n": 41.0, "preserve": 0.0025, "preserve_n": 16.0, "retrieval": 0.4491, "code_norm": 0.0, "grad_norm": 56.0385, "step": 270, "wall_s": 606.184}
{"answer": 2.5229, "answer_n": 42.0, "preserve": 0.0667, "preserve_n": 16.0, "retrieval": 0.1451, "code_norm": 0.0, "grad_norm": 66.8833, "step": 280, "wall_s": 608.3894}
{"answer": 2.0589, "answer_n": 59.0, "preserve": 0.0029, "preserve_n": 16.0, "retrieval": 0.2522, "code_norm": 0.0, "grad_norm": 79.2486, "step": 290, "wall_s": 610.4826}
{"dev_before": {"answer": 5.055111370663448, "answer_n": 59.0, "preserve": 0.01258375103655043, "preserve_n": 16.166666666666664, "retrieval": 6.7581837972005205, "code_norm": 0.0}, "dev_after_best": {"answer": 2.678872344792819, "answer_n": 59.0, "preserve": 0.04949027563987543, "preserve_n": 16.166666666666664, "retrieval": 0.3058382670084635, "code_norm": 0.0}, "best_step": 299, "train_wall_s": 617}
