{"bank": "loaded", "pool": "manifests/revision_v1/train_pool_counterfact_v1.json", "items": 1000, "bank_sha256": "d5a12325376825463a27737ac88f19d5a2712fc0d185805d48ffa3341d6a853b"}
{"bank": "loaded", "pool": "manifests/revision_v1/train_pool_zsre_v1.json", "items": 1000, "bank_sha256": "cde7997956394b99cb539e5e5f3df1395e7f28bc349834e74c42eab2ace71837"}
{"bank": "loaded", "pool": "manifests/revision_v1/train_pool_mquake_v3.json", "items": 500, "bank_sha256": "155e2ccd21b0fbec30afc1d3db662ce0844c4420fa5f6b674493fa984075dbde"}
{"text_bank": 1536, "windows": 512, "source": "openwebtext training range [0, 50,001,920)"}
{"answer": 6.4881, "answer_n": 53.0, "preserve": 0.0083, "preserve_n": 16.0, "retrieval": 5.9236, "code_norm": 0.0, "grad_norm": 139.7798, "step": 0, "wall_s": 8.4229}
{"answer": 3.9734, "answer_n": 41.0, "preserve": 0.3446, "preserve_n": 16.5, "retrieval": 1.6775, "code_norm": 0.0, "grad_norm": 91.7367, "step": 10, "wall_s": 75.5608}
{"answer": 3.6476, "answer_n": 55.0, "preserve": 0.0152, "preserve_n": 16.0, "retrieval": 0.4813, "code_norm": 0.0, "grad_norm": 242.9196, "step": 20, "wall_s": 90.2606}
{"answer": 3.7215, "answer_n": 39.0, "preserve": 0.1162, "preserve_n": 16.0, "retrieval": 0.5112, "code_norm": 0.0, "grad_norm": 27.687, "step": 30, "wall_s": 99.3128}
{"answer": 2.5794, "answer_n": 50.0, "preserve": 0.0774, "preserve_n": 16.5, "retrieval": 0.5085, "code_norm": 0.0, "grad_norm": 52.8876, "step": 40, "wall_s": 104.4712}
{"answer": 3.3701, "answer_n": 53.0, "preserve": 0.0175, "preserve_n": 16.0, "retrieval": 0.5578, "code_norm": 0.0, "grad_norm": 75.3208, "step": 50, "wall_s": 138.3076}
{"answer": 2.9309, "answer_n": 51.0, "preserve": 0.0044, "preserve_n": 16.0, "retrieval": 0.3932, "code_norm": 0.0, "grad_norm": 108.2084, "step": 60, "wall_s": 205.2366}
{"answer": 3.4816, "answer_n": 56.0, "preserve": 0.0035, "preserve_n": 16.0, "retrieval": 0.6754, "code_norm": 0.0, "grad_norm": 72.1031, "step": 70, "wall_s": 227.8774}
{"answer": 2.7272, "answer_n": 56.0, "preserve": 0.0254, "preserve_n": 16.0, "retrieval": 0.7613, "code_norm": 0.0, "grad_norm": 34.2018, "step": 80, "wall_s": 241.5274}
{"answer": 3.2783, "answer_n": 58.0, "preserve": 0.0384, "preserve_n": 16.0, "retrieval": 0.3749, "code_norm": 0.0, "grad_norm": 58.4281, "step": 90, "wall_s": 251.1742}
{"answer": 2.6218, "answer_n": 38.0, "preserve": 0.1124, "preserve_n": 16.0, "retrieval": 0.3899, "code_norm": 0.0, "grad_norm": 125.1849, "step": 100, "wall_s": 313.7761}
{"answer": 2.524, "answer_n": 51.0, "preserve": 0.0519, "preserve_n": 16.0, "retrieval": 0.3555, "code_norm": 0.0, "grad_norm": 54.2796, "step": 110, "wall_s": 368.283}
{"answer": 3.3126, "answer_n": 53.0, "preserve": 0.1041, "preserve_n": 16.5, "retrieval": 0.4825, "code_norm": 0.0, "grad_norm": 71.2635, "step": 120, "wall_s": 409.9806}
{"answer": 3.2328, "answer_n": 58.0, "preserve": 0.0006, "preserve_n": 16.5, "retrieval": 0.5874, "code_norm": 0.0, "grad_norm": 274.7383, "step": 130, "wall_s": 417.9946}
{"answer": 2.9891, "answer_n": 52.0, "preserve": 0.0004, "preserve_n": 16.5, "retrieval": 0.4054, "code_norm": 0.0, "grad_norm": 180.1529, "step": 140, "wall_s": 430.6139}
{"answer": 2.6677, "answer_n": 52.0, "preserve": 0.0005, "preserve_n": 16.5, "retrieval": 0.3769, "code_norm": 0.0, "grad_norm": 36.1141, "step": 150, "wall_s": 498.8545}
{"answer": 3.1063, "answer_n": 60.0, "preserve": 0.0015, "preserve_n": 16.0, "retrieval": 0.3502, "code_norm": 0.0, "grad_norm": 58.6241, "step": 160, "wall_s": 567.8381}
{"answer": 2.7823, "answer_n": 61.0, "preserve": 0.0453, "preserve_n": 16.5, "retrieval": 0.2711, "code_norm": 0.0, "grad_norm": 62.8003, "step": 170, "wall_s": 591.2562}
{"answer": 2.3882, "answer_n": 51.0, "preserve": 0.0008, "preserve_n": 16.5, "retrieval": 0.2896, "code_norm": 0.0, "grad_norm": 37.7988, "step": 180, "wall_s": 602.7503}
{"answer": 2.8802, "answer_n": 47.0, "preserve": 0.0522, "preserve_n": 16.5, "retrieval": 0.4199, "code_norm": 0.0, "grad_norm": 114.3375, "step": 190, "wall_s": 608.0447}
{"answer": 2.9397, "answer_n": 58.0, "preserve": 0.0264, "preserve_n": 16.5, "retrieval": 0.467, "code_norm": 0.0, "grad_norm": 93.6033, "step": 200, "wall_s": 674.0735}
{"answer": 3.346, "answer_n": 53.0, "preserve": 0.1034, "preserve_n": 16.5, "retrieval": 0.3561, "code_norm": 0.0, "grad_norm": 81.3259, "step": 210, "wall_s": 729.6357}
{"answer": 3.2495, "answer_n": 46.0, "preserve": 0.0057, "preserve_n": 16.0, "retrieval": 0.3769, "code_norm": 0.0, "grad_norm": 82.4182, "step": 220, "wall_s": 743.9553}
{"answer": 3.1614, "answer_n": 42.0, "preserve": 0.0105, "preserve_n": 16.0, "retrieval": 0.4566, "code_norm": 0.0, "grad_norm": 57.6008, "step": 230, "wall_s": 762.4823}
{"answer": 3.0616, "answer_n": 69.0, "preserve": 0.0476, "preserve_n": 16.0, "retrieval": 0.4333, "code_norm": 0.0, "grad_norm": 65.1792, "step": 240, "wall_s": 772.6062}
{"answer": 1.9694, "answer_n": 48.0, "preserve": 0.0214, "preserve_n": 16.5, "retrieval": 0.3087, "code_norm": 0.0, "grad_norm": 58.6365, "step": 250, "wall_s": 840.7679}
{"answer": 3.5237, "answer_n": 58.0, "preserve": 0.009, "preserve_n": 16.0, "retrieval": 0.3632, "code_norm": 0.0, "grad_norm": 93.766, "step": 260, "wall_s": 896.776}
{"answer": 2.4425, "answer_n": 40.0, "preserve": 0.0527, "preserve_n": 16.0, "retrieval": 0.4868, "code_norm": 0.0, "grad_norm": 64.4302, "step": 270, "wall_s": 908.6707}
{"answer": 2.4135, "answer_n": 43.0, "preserve": 0.001, "preserve_n": 16.0, "retrieval": 0.3554, "code_norm": 0.0, "grad_norm": 70.1886, "step": 280, "wall_s": 926.9776}
{"answer": 2.3178, "answer_n": 48.0, "preserve": 0.0737, "preserve_n": 16.5, "retrieval": 0.3183, "code_norm": 0.0, "grad_norm": 64.4517, "step": 290, "wall_s": 932.3212}
{"dev_before": {"answer": 5.854998687507671, "answer_n": 52.33333333333333, "preserve": 0.007642949784092385, "preserve_n": 16.5, "retrieval": 5.86901601155599, "code_norm": 0.0}, "dev_after_best": {"answer": 2.6549987741183676, "answer_n": 52.33333333333333, "preserve": 0.04152086534104366, "preserve_n": 16.5, "retrieval": 0.29130109151204425, "code_norm": 0.0}, "best_step": 249, "train_wall_s": 964}
