{"bank": "loaded", "pool": "manifests/revision_v1/train_pool_counterfact_v1.json", "items": 1000, "bank_sha256": "d5a12325376825463a27737ac88f19d5a2712fc0d185805d48ffa3341d6a853b"}
{"bank": "loaded", "pool": "manifests/revision_v1/train_pool_zsre_v1.json", "items": 1000, "bank_sha256": "cde7997956394b99cb539e5e5f3df1395e7f28bc349834e74c42eab2ace71837"}
{"text_bank": 1536, "windows": 512, "source": "openwebtext training range [0, 50,001,920)"}
{"answer": 6.1424, "answer_n": 41.0, "preserve": 0.0139, "preserve_n": 16.0, "retrieval": 6.597, "code_norm": 0.0, "grad_norm": 130.9756, "step": 0, "wall_s": 15.759}
{"answer": 4.1367, "answer_n": 47.0, "preserve": 0.2069, "preserve_n": 16.0, "retrieval": 0.7276, "code_norm": 0.0, "grad_norm": 72.1273, "step": 10, "wall_s": 76.1538}
{"answer": 3.5098, "answer_n": 49.0, "preserve": 0.0181, "preserve_n": 16.0, "retrieval": 0.4303, "code_norm": 0.0, "grad_norm": 53.9357, "step": 20, "wall_s": 125.7581}
{"answer": 3.5852, "answer_n": 43.0, "preserve": 0.0469, "preserve_n": 16.0, "retrieval": 0.344, "code_norm": 0.0, "grad_norm": 93.3925, "step": 30, "wall_s": 159.8723}
{"answer": 3.3127, "answer_n": 53.0, "preserve": 0.0254, "preserve_n": 16.5, "retrieval": 0.2763, "code_norm": 0.0, "grad_norm": 86.806, "step": 40, "wall_s": 209.2086}
{"answer": 3.391, "answer_n": 41.0, "preserve": 0.0448, "preserve_n": 16.0, "retrieval": 0.434, "code_norm": 0.0, "grad_norm": 62.4609, "step": 50, "wall_s": 232.5284}
{"answer": 2.5557, "answer_n": 44.0, "preserve": 0.0021, "preserve_n": 16.0, "retrieval": 0.2498, "code_norm": 0.0, "grad_norm": 45.2663, "step": 60, "wall_s": 253.1499}
{"answer": 3.0904, "answer_n": 43.0, "preserve": 0.1031, "preserve_n": 16.0, "retrieval": 0.4124, "code_norm": 0.0, "grad_norm": 110.5846, "step": 70, "wall_s": 264.0391}
{"answer": 3.2821, "answer_n": 46.0, "preserve": 0.1375, "preserve_n": 16.0, "retrieval": 0.3273, "code_norm": 0.0, "grad_norm": 68.2885, "step": 80, "wall_s": 269.3711}
{"answer": 3.0805, "answer_n": 44.0, "preserve": 0.007, "preserve_n": 16.0, "retrieval": 0.3965, "code_norm": 0.0, "grad_norm": 45.1421, "step": 90, "wall_s": 271.3108}
{"answer": 2.3953, "answer_n": 49.0, "preserve": 0.0005, "preserve_n": 16.0, "retrieval": 0.2309, "code_norm": 0.0, "grad_norm": 42.9855, "step": 100, "wall_s": 273.6765}
{"answer": 2.5713, "answer_n": 48.0, "preserve": 0.0013, "preserve_n": 16.0, "retrieval": 0.327, "code_norm": 0.0, "grad_norm": 112.5195, "step": 110, "wall_s": 279.7071}
{"answer": 3.6959, "answer_n": 49.0, "preserve": 0.0514, "preserve_n": 16.0, "retrieval": 0.4425, "code_norm": 0.0, "grad_norm": 88.6188, "step": 120, "wall_s": 291.1424}
{"answer": 2.8671, "answer_n": 52.0, "preserve": 0.0006, "preserve_n": 16.0, "retrieval": 0.471, "code_norm": 0.0, "grad_norm": 41.026, "step": 130, "wall_s": 293.1088}
{"answer": 3.1903, "answer_n": 48.0, "preserve": 0.002, "preserve_n": 16.0, "retrieval": 0.2949, "code_norm": 0.0, "grad_norm": 45.6928, "step": 140, "wall_s": 294.9888}
{"answer": 1.6349, "answer_n": 34.0, "preserve": 0.0241, "preserve_n": 16.0, "retrieval": 0.3566, "code_norm": 0.0, "grad_norm": 178.7998, "step": 150, "wall_s": 311.7179}
{"answer": 3.2867, "answer_n": 49.0, "preserve": 0.0006, "preserve_n": 16.0, "retrieval": 0.2923, "code_norm": 0.0, "grad_norm": 50.8131, "step": 160, "wall_s": 313.6136}
{"answer": 2.8259, "answer_n": 36.0, "preserve": 0.0011, "preserve_n": 16.0, "retrieval": 0.3523, "code_norm": 0.0, "grad_norm": 40.0738, "step": 170, "wall_s": 318.9899}
{"answer": 2.9453, "answer_n": 50.0, "preserve": 0.0466, "preserve_n": 16.0, "retrieval": 0.242, "code_norm": 0.0, "grad_norm": 58.8973, "step": 180, "wall_s": 320.9064}
{"answer": 2.5835, "answer_n": 51.0, "preserve": 0.0002, "preserve_n": 16.0, "retrieval": 0.5451, "code_norm": 0.0, "grad_norm": 66.8333, "step": 190, "wall_s": 326.9289}
{"answer": 2.8142, "answer_n": 43.0, "preserve": 0.0371, "preserve_n": 16.0, "retrieval": 0.38, "code_norm": 0.0, "grad_norm": 62.0231, "step": 200, "wall_s": 329.3793}
{"answer": 2.4882, "answer_n": 44.0, "preserve": 0.0135, "preserve_n": 16.0, "retrieval": 0.2314, "code_norm": 0.0, "grad_norm": 66.7816, "step": 210, "wall_s": 331.2657}
{"answer": 2.3833, "answer_n": 50.0, "preserve": 0.0055, "preserve_n": 16.0, "retrieval": 0.3041, "code_norm": 0.0, "grad_norm": 119.9087, "step": 220, "wall_s": 333.1541}
{"answer": 2.953, "answer_n": 50.0, "preserve": 0.1209, "preserve_n": 16.0, "retrieval": 0.4218, "code_norm": 0.0, "grad_norm": 103.2711, "step": 230, "wall_s": 338.2338}
{"answer": 3.1414, "answer_n": 38.0, "preserve": 0.0014, "preserve_n": 16.0, "retrieval": 1.1928, "code_norm": 0.0, "grad_norm": 113.0546, "step": 240, "wall_s": 340.1868}
{"answer": 2.5305, "answer_n": 38.0, "preserve": 0.1004, "preserve_n": 16.0, "retrieval": 0.3517, "code_norm": 0.0, "grad_norm": 50.7499, "step": 250, "wall_s": 356.9771}
{"answer": 2.7058, "answer_n": 44.0, "preserve": 0.142, "preserve_n": 16.0, "retrieval": 0.3323, "code_norm": 0.0, "grad_norm": 68.0173, "step": 260, "wall_s": 358.8431}
{"answer": 1.8369, "answer_n": 42.0, "preserve": 0.0052, "preserve_n": 16.0, "retrieval": 0.5288, "code_norm": 0.0, "grad_norm": 92.6583, "step": 270, "wall_s": 360.735}
{"answer": 2.1727, "answer_n": 38.0, "preserve": 0.0674, "preserve_n": 16.0, "retrieval": 0.3226, "code_norm": 0.0, "grad_norm": 34.8312, "step": 280, "wall_s": 366.0826}
{"answer": 2.0949, "answer_n": 59.0, "preserve": 0.0002, "preserve_n": 16.0, "retrieval": 0.2709, "code_norm": 0.0, "grad_norm": 57.9114, "step": 290, "wall_s": 368.063}
{"dev_before": {"answer": 6.225507362130953, "answer_n": 45.33333333333333, "preserve": 0.013928057948457232, "preserve_n": 15.999999999999998, "retrieval": 6.5928599039713545, "code_norm": 0.0}, "dev_after_best": {"answer": 2.843689472829701, "answer_n": 45.33333333333333, "preserve": 0.029056607339498438, "preserve_n": 15.999999999999998, "retrieval": 0.25547472635904944, "code_norm": 0.0}, "best_step": 299, "train_wall_s": 379}
