{"bank": "loaded", "pool": "manifests/revision_v1/train_pool_counterfact_v1.json", "items": 1000, "bank_sha256": "d5a12325376825463a27737ac88f19d5a2712fc0d185805d48ffa3341d6a853b"}
{"bank": "loaded", "pool": "manifests/revision_v1/train_pool_zsre_v1.json", "items": 1000, "bank_sha256": "cde7997956394b99cb539e5e5f3df1395e7f28bc349834e74c42eab2ace71837"}
{"bank": "loaded", "pool": "manifests/revision_v1/train_pool_mquake_v1.json", "items": 500, "bank_sha256": "155e2ccd21b0fbec30afc1d3db662ce0844c4420fa5f6b674493fa984075dbde"}
{"text_bank": 1536, "windows": 512, "source": "openwebtext training range [0, 50,001,920)"}
{"answer": 5.962, "answer_n": 67.0, "preserve": 0.0083, "preserve_n": 16.0, "retrieval": 5.8654, "code_norm": 0.0, "grad_norm": 138.862, "step": 0, "wall_s": 23.0347}
{"answer": 3.4763, "answer_n": 44.0, "preserve": 0.246, "preserve_n": 16.0, "retrieval": 2.1663, "code_norm": 0.0, "grad_norm": 49.7563, "step": 10, "wall_s": 126.8661}
{"answer": 3.1524, "answer_n": 39.0, "preserve": 0.1353, "preserve_n": 16.0, "retrieval": 0.7345, "code_norm": 0.0, "grad_norm": 45.9479, "step": 20, "wall_s": 202.0479}
{"answer": 3.014, "answer_n": 83.0, "preserve": 0.099, "preserve_n": 17.0, "retrieval": 0.5899, "code_norm": 0.0, "grad_norm": 66.1983, "step": 30, "wall_s": 268.2223}
{"answer": 4.0769, "answer_n": 41.0, "preserve": 0.1525, "preserve_n": 16.0, "retrieval": 0.6302, "code_norm": 0.0, "grad_norm": 57.7399, "step": 40, "wall_s": 295.5116}
{"answer": 3.3607, "answer_n": 48.0, "preserve": 0.0396, "preserve_n": 16.0, "retrieval": 0.4756, "code_norm": 0.0, "grad_norm": 53.9068, "step": 50, "wall_s": 342.8731}
{"answer": 3.1532, "answer_n": 50.0, "preserve": 0.0388, "preserve_n": 16.5, "retrieval": 0.5242, "code_norm": 0.0, "grad_norm": 67.5593, "step": 60, "wall_s": 377.7527}
{"answer": 3.4209, "answer_n": 50.0, "preserve": 0.0508, "preserve_n": 16.5, "retrieval": 0.508, "code_norm": 0.0, "grad_norm": 58.1175, "step": 70, "wall_s": 408.3284}
{"answer": 2.7804, "answer_n": 36.0, "preserve": 0.2197, "preserve_n": 16.0, "retrieval": 0.5824, "code_norm": 0.0, "grad_norm": 66.5382, "step": 80, "wall_s": 418.1226}
{"answer": 2.5569, "answer_n": 41.0, "preserve": 0.0898, "preserve_n": 16.5, "retrieval": 0.4759, "code_norm": 0.0, "grad_norm": 90.2583, "step": 90, "wall_s": 446.7904}
{"answer": 3.3353, "answer_n": 41.0, "preserve": 0.0013, "preserve_n": 16.5, "retrieval": 0.657, "code_norm": 0.0, "grad_norm": 59.382, "step": 100, "wall_s": 468.7423}
{"answer": 2.7787, "answer_n": 45.0, "preserve": 0.0719, "preserve_n": 16.0, "retrieval": 0.501, "code_norm": 0.0, "grad_norm": 57.9877, "step": 110, "wall_s": 481.3272}
{"answer": 3.0073, "answer_n": 44.0, "preserve": 0.0002, "preserve_n": 16.0, "retrieval": 0.7454, "code_norm": 0.0, "grad_norm": 200.2605, "step": 120, "wall_s": 484.7239}
{"answer": 3.2872, "answer_n": 57.0, "preserve": 0.0667, "preserve_n": 16.0, "retrieval": 0.4259, "code_norm": 0.0, "grad_norm": 45.9775, "step": 130, "wall_s": 497.6292}
{"answer": 3.4799, "answer_n": 47.0, "preserve": 0.025, "preserve_n": 16.0, "retrieval": 0.606, "code_norm": 0.0, "grad_norm": 47.9525, "step": 140, "wall_s": 504.7114}
{"answer": 3.0599, "answer_n": 49.0, "preserve": 0.0016, "preserve_n": 16.0, "retrieval": 0.3009, "code_norm": 0.0, "grad_norm": 70.1985, "step": 150, "wall_s": 515.5097}
{"answer": 3.0354, "answer_n": 43.0, "preserve": 0.024, "preserve_n": 16.0, "retrieval": 0.5559, "code_norm": 0.0, "grad_norm": 79.8855, "step": 160, "wall_s": 538.2508}
{"answer": 2.3319, "answer_n": 39.0, "preserve": 0.1462, "preserve_n": 16.0, "retrieval": 0.34, "code_norm": 0.0, "grad_norm": 46.3231, "step": 170, "wall_s": 541.7453}
{"answer": 2.4571, "answer_n": 53.0, "preserve": 0.0006, "preserve_n": 16.0, "retrieval": 0.2731, "code_norm": 0.0, "grad_norm": 55.2635, "step": 180, "wall_s": 548.6395}
{"answer": 3.3042, "answer_n": 52.0, "preserve": 0.0006, "preserve_n": 16.5, "retrieval": 0.4537, "code_norm": 0.0, "grad_norm": 83.2038, "step": 190, "wall_s": 558.7299}
{"answer": 2.7242, "answer_n": 50.0, "preserve": 0.072, "preserve_n": 16.0, "retrieval": 0.523, "code_norm": 0.0, "grad_norm": 67.8042, "step": 200, "wall_s": 566.6572}
{"answer": 2.6199, "answer_n": 52.0, "preserve": 0.0002, "preserve_n": 16.0, "retrieval": 0.562, "code_norm": 0.0, "grad_norm": 59.4997, "step": 210, "wall_s": 581.5758}
{"answer": 3.031, "answer_n": 57.0, "preserve": 0.083, "preserve_n": 16.0, "retrieval": 0.7911, "code_norm": 0.0, "grad_norm": 77.7927, "step": 220, "wall_s": 591.7999}
{"answer": 2.6034, "answer_n": 43.0, "preserve": 0.1291, "preserve_n": 16.5, "retrieval": 0.3745, "code_norm": 0.0, "grad_norm": 50.2072, "step": 230, "wall_s": 595.1751}
{"answer": 2.6566, "answer_n": 52.0, "preserve": 0.0002, "preserve_n": 16.0, "retrieval": 0.2382, "code_norm": 0.0, "grad_norm": 80.6454, "step": 240, "wall_s": 602.2206}
{"answer": 2.5808, "answer_n": 42.0, "preserve": 0.0398, "preserve_n": 16.0, "retrieval": 0.1986, "code_norm": 0.0, "grad_norm": 72.4331, "step": 250, "wall_s": 606.6366}
{"answer": 2.4086, "answer_n": 53.0, "preserve": 0.0007, "preserve_n": 16.5, "retrieval": 0.2269, "code_norm": 0.0, "grad_norm": 62.1571, "step": 260, "wall_s": 610.0719}
{"answer": 2.5095, "answer_n": 59.0, "preserve": 0.0572, "preserve_n": 16.0, "retrieval": 0.2835, "code_norm": 0.0, "grad_norm": 104.8374, "step": 270, "wall_s": 621.8576}
{"answer": 2.6841, "answer_n": 43.0, "preserve": 0.0769, "preserve_n": 16.5, "retrieval": 0.2368, "code_norm": 0.0, "grad_norm": 102.2498, "step": 280, "wall_s": 627.5867}
{"answer": 2.8189, "answer_n": 43.0, "preserve": 0.002, "preserve_n": 16.0, "retrieval": 0.4213, "code_norm": 0.0, "grad_norm": 68.8907, "step": 290, "wall_s": 629.904}
{"dev_before": {"answer": 5.922624195829606, "answer_n": 50.66666666666666, "preserve": 0.008362519812591, "preserve_n": 16.333333333333332, "retrieval": 5.855440775553385, "code_norm": 0.0}, "dev_after_best": {"answer": 2.788777343204045, "answer_n": 50.66666666666666, "preserve": 0.07079496449041114, "preserve_n": 16.333333333333332, "retrieval": 0.2728004455566406, "code_norm": 0.0}, "best_step": 249, "train_wall_s": 639}
