{"bank": "loaded", "pool": "manifests/revision_v1/train_pool_counterfact_v1.json", "items": 1000, "bank_sha256": "d5a12325376825463a27737ac88f19d5a2712fc0d185805d48ffa3341d6a853b"}
{"bank": "loaded", "pool": "manifests/revision_v1/train_pool_zsre_v1.json", "items": 1000, "bank_sha256": "cde7997956394b99cb539e5e5f3df1395e7f28bc349834e74c42eab2ace71837"}
{"bank": "loaded", "pool": "manifests/revision_v1/train_pool_mquake_v3.json", "items": 500, "bank_sha256": "155e2ccd21b0fbec30afc1d3db662ce0844c4420fa5f6b674493fa984075dbde"}
{"text_bank": 1536, "windows": 512, "source": "openwebtext training range [0, 50,001,920)"}
{"answer": 7.0955, "answer_n": 42.0, "preserve": 0.0063, "preserve_n": 16.0, "retrieval": 7.5409, "code_norm": 0.0, "grad_norm": 162.7057, "step": 0, "wall_s": 27.9419}
{"answer": 3.7478, "answer_n": 45.0, "preserve": 0.0313, "preserve_n": 16.0, "retrieval": 0.6408, "code_norm": 0.0, "grad_norm": 85.0645, "step": 10, "wall_s": 63.3506}
{"answer": 3.882, "answer_n": 53.0, "preserve": 0.1385, "preserve_n": 16.0, "retrieval": 0.7028, "code_norm": 0.0, "grad_norm": 115.8184, "step": 20, "wall_s": 71.529}
{"answer": 3.6321, "answer_n": 51.0, "preserve": 0.0889, "preserve_n": 17.0, "retrieval": 0.6454, "code_norm": 0.0, "grad_norm": 75.8875, "step": 30, "wall_s": 73.5475}
{"answer": 3.459, "answer_n": 65.0, "preserve": 0.0255, "preserve_n": 16.0, "retrieval": 0.4247, "code_norm": 0.0, "grad_norm": 61.4027, "step": 40, "wall_s": 77.8264}
{"answer": 2.9482, "answer_n": 39.0, "preserve": 0.0531, "preserve_n": 16.5, "retrieval": 0.4707, "code_norm": 0.0, "grad_norm": 70.0847, "step": 50, "wall_s": 114.5939}
{"answer": 3.2315, "answer_n": 71.0, "preserve": 0.1171, "preserve_n": 16.5, "retrieval": 0.75, "code_norm": 0.0, "grad_norm": 88.4669, "step": 60, "wall_s": 158.3473}
{"answer": 3.6146, "answer_n": 42.0, "preserve": 0.0607, "preserve_n": 16.0, "retrieval": 0.4496, "code_norm": 0.0, "grad_norm": 101.9121, "step": 70, "wall_s": 160.4431}
{"answer": 2.8893, "answer_n": 48.0, "preserve": 0.0136, "preserve_n": 16.0, "retrieval": 0.561, "code_norm": 0.0, "grad_norm": 64.2315, "step": 80, "wall_s": 166.8385}
{"answer": 2.5581, "answer_n": 40.0, "preserve": 0.0788, "preserve_n": 16.0, "retrieval": 0.5022, "code_norm": 0.0, "grad_norm": 93.2329, "step": 90, "wall_s": 184.1633}
{"answer": 2.8865, "answer_n": 36.0, "preserve": 0.0011, "preserve_n": 16.0, "retrieval": 0.512, "code_norm": 0.0, "grad_norm": 53.6626, "step": 100, "wall_s": 252.2934}
{"answer": 3.4765, "answer_n": 49.0, "preserve": 0.0004, "preserve_n": 16.5, "retrieval": 0.5386, "code_norm": 0.0, "grad_norm": 138.3763, "step": 110, "wall_s": 313.4797}
{"answer": 3.2998, "answer_n": 50.0, "preserve": 0.0036, "preserve_n": 16.5, "retrieval": 0.4167, "code_norm": 0.0, "grad_norm": 126.3218, "step": 120, "wall_s": 317.5627}
{"answer": 2.8834, "answer_n": 42.0, "preserve": 0.0843, "preserve_n": 16.5, "retrieval": 0.3941, "code_norm": 0.0, "grad_norm": 163.4603, "step": 130, "wall_s": 329.9007}
{"answer": 2.7562, "answer_n": 46.0, "preserve": 0.0012, "preserve_n": 16.0, "retrieval": 0.3225, "code_norm": 0.0, "grad_norm": 36.3697, "step": 140, "wall_s": 342.2949}
{"answer": 2.8206, "answer_n": 50.0, "preserve": 0.0184, "preserve_n": 16.0, "retrieval": 0.3607, "code_norm": 0.0, "grad_norm": 64.6192, "step": 150, "wall_s": 396.637}
{"answer": 3.0472, "answer_n": 50.0, "preserve": 0.0122, "preserve_n": 16.0, "retrieval": 0.3331, "code_norm": 0.0, "grad_norm": 53.7486, "step": 160, "wall_s": 440.255}
{"answer": 2.2783, "answer_n": 39.0, "preserve": 0.1137, "preserve_n": 16.0, "retrieval": 0.2912, "code_norm": 0.0, "grad_norm": 84.4079, "step": 170, "wall_s": 463.399}
{"answer": 2.454, "answer_n": 49.0, "preserve": 0.0536, "preserve_n": 16.0, "retrieval": 0.2303, "code_norm": 0.0, "grad_norm": 83.6137, "step": 180, "wall_s": 472.0286}
{"answer": 2.1861, "answer_n": 52.0, "preserve": 0.1939, "preserve_n": 16.0, "retrieval": 0.4085, "code_norm": 0.0, "grad_norm": 68.3596, "step": 190, "wall_s": 474.0743}
{"answer": 3.6224, "answer_n": 49.0, "preserve": 0.0437, "preserve_n": 16.0, "retrieval": 0.2654, "code_norm": 0.0, "grad_norm": 149.9823, "step": 200, "wall_s": 549.5262}
{"answer": 3.2013, "answer_n": 51.0, "preserve": 0.046, "preserve_n": 16.0, "retrieval": 0.289, "code_norm": 0.0, "grad_norm": 89.4852, "step": 210, "wall_s": 609.1091}
{"answer": 2.5169, "answer_n": 47.0, "preserve": 0.0037, "preserve_n": 16.5, "retrieval": 0.3411, "code_norm": 0.0, "grad_norm": 121.2695, "step": 220, "wall_s": 616.3619}
{"answer": 2.3217, "answer_n": 36.0, "preserve": 0.0123, "preserve_n": 16.5, "retrieval": 0.3433, "code_norm": 0.0, "grad_norm": 93.1543, "step": 230, "wall_s": 625.8365}
{"answer": 2.1689, "answer_n": 52.0, "preserve": 0.0576, "preserve_n": 16.5, "retrieval": 0.3344, "code_norm": 0.0, "grad_norm": 82.8899, "step": 240, "wall_s": 634.4546}
{"answer": 2.6864, "answer_n": 42.0, "preserve": 0.0002, "preserve_n": 16.0, "retrieval": 0.2528, "code_norm": 0.0, "grad_norm": 113.9517, "step": 250, "wall_s": 682.4815}
{"answer": 3.4214, "answer_n": 58.0, "preserve": 0.0465, "preserve_n": 16.0, "retrieval": 0.24, "code_norm": 0.0, "grad_norm": 153.5684, "step": 260, "wall_s": 725.6191}
{"answer": 2.2537, "answer_n": 53.0, "preserve": 0.0879, "preserve_n": 16.5, "retrieval": 0.3838, "code_norm": 0.0, "grad_norm": 113.7604, "step": 270, "wall_s": 752.3651}
{"answer": 2.2428, "answer_n": 63.0, "preserve": 0.0606, "preserve_n": 16.0, "retrieval": 0.2231, "code_norm": 0.0, "grad_norm": 75.2642, "step": 280, "wall_s": 754.375}
{"answer": 2.5107, "answer_n": 42.0, "preserve": 0.0015, "preserve_n": 16.0, "retrieval": 0.3472, "code_norm": 0.0, "grad_norm": 102.8224, "step": 290, "wall_s": 775.2776}
{"dev_before": {"answer": 5.908689213972918, "answer_n": 52.33333333333333, "preserve": 0.0069454171430543, "preserve_n": 15.999999999999998, "retrieval": 7.415766398111979, "code_norm": 0.0}, "dev_after_best": {"answer": 2.9725890770986183, "answer_n": 52.33333333333333, "preserve": 0.00027848678013242534, "preserve_n": 15.999999999999998, "retrieval": 0.27798970540364587, "code_norm": 0.0}, "best_step": 299, "train_wall_s": 813}
