{"bank": "loaded", "pool": "manifests/revision_v1/train_pool_counterfact_v1.json", "items": 1000, "bank_sha256": "d5a12325376825463a27737ac88f19d5a2712fc0d185805d48ffa3341d6a853b"}
{"bank": "loaded", "pool": "manifests/revision_v1/train_pool_zsre_v1.json", "items": 1000, "bank_sha256": "cde7997956394b99cb539e5e5f3df1395e7f28bc349834e74c42eab2ace71837"}
{"bank": "loaded", "pool": "manifests/revision_v1/train_pool_mquake_v3.json", "items": 500, "bank_sha256": "155e2ccd21b0fbec30afc1d3db662ce0844c4420fa5f6b674493fa984075dbde"}
{"text_bank": 1536, "windows": 512, "source": "openwebtext training range [0, 50,001,920)"}
{"answer": 5.962, "answer_n": 67.0, "preserve": 0.0087, "preserve_n": 16.0, "retrieval": 5.7812, "code_norm": 0.0, "grad_norm": 138.8101, "step": 0, "wall_s": 19.0561}
{"answer": 3.4839, "answer_n": 44.0, "preserve": 0.2381, "preserve_n": 16.0, "retrieval": 2.3559, "code_norm": 0.0, "grad_norm": 49.9973, "step": 10, "wall_s": 40.9487}
{"answer": 3.1634, "answer_n": 39.0, "preserve": 0.1104, "preserve_n": 16.0, "retrieval": 0.6985, "code_norm": 0.0, "grad_norm": 77.7483, "step": 20, "wall_s": 60.196}
{"answer": 3.9092, "answer_n": 78.0, "preserve": 0.0798, "preserve_n": 16.5, "retrieval": 0.4506, "code_norm": 0.0, "grad_norm": 102.5841, "step": 30, "wall_s": 76.8945}
{"answer": 4.0469, "answer_n": 41.0, "preserve": 0.1633, "preserve_n": 16.0, "retrieval": 0.6631, "code_norm": 0.0, "grad_norm": 86.6448, "step": 40, "wall_s": 81.071}
{"answer": 3.2021, "answer_n": 49.0, "preserve": 0.155, "preserve_n": 16.0, "retrieval": 0.5259, "code_norm": 0.0, "grad_norm": 83.5675, "step": 50, "wall_s": 112.2893}
{"answer": 3.0547, "answer_n": 50.0, "preserve": 0.0379, "preserve_n": 16.5, "retrieval": 0.4804, "code_norm": 0.0, "grad_norm": 45.9978, "step": 60, "wall_s": 188.5599}
{"answer": 3.4775, "answer_n": 50.0, "preserve": 0.0795, "preserve_n": 16.5, "retrieval": 0.5555, "code_norm": 0.0, "grad_norm": 79.3219, "step": 70, "wall_s": 207.0627}
{"answer": 2.8166, "answer_n": 36.0, "preserve": 0.0248, "preserve_n": 16.0, "retrieval": 0.5158, "code_norm": 0.0, "grad_norm": 43.7028, "step": 80, "wall_s": 217.4642}
{"answer": 2.3525, "answer_n": 41.0, "preserve": 0.0717, "preserve_n": 16.5, "retrieval": 0.4785, "code_norm": 0.0, "grad_norm": 36.1931, "step": 90, "wall_s": 232.1568}
{"answer": 3.3686, "answer_n": 41.0, "preserve": 0.0074, "preserve_n": 16.5, "retrieval": 0.5573, "code_norm": 0.0, "grad_norm": 43.1493, "step": 100, "wall_s": 274.5472}
{"answer": 2.854, "answer_n": 45.0, "preserve": 0.1943, "preserve_n": 16.0, "retrieval": 0.5064, "code_norm": 0.0, "grad_norm": 50.1056, "step": 110, "wall_s": 339.7156}
{"answer": 2.9059, "answer_n": 44.0, "preserve": 0.0165, "preserve_n": 16.0, "retrieval": 0.6604, "code_norm": 0.0, "grad_norm": 34.8561, "step": 120, "wall_s": 352.3082}
{"answer": 3.264, "answer_n": 57.0, "preserve": 0.0348, "preserve_n": 16.0, "retrieval": 0.4879, "code_norm": 0.0, "grad_norm": 76.7703, "step": 130, "wall_s": 361.8174}
{"answer": 3.5387, "answer_n": 47.0, "preserve": 0.1655, "preserve_n": 16.0, "retrieval": 0.5779, "code_norm": 0.0, "grad_norm": 61.767, "step": 140, "wall_s": 368.2702}
{"answer": 3.1202, "answer_n": 49.0, "preserve": 0.0145, "preserve_n": 16.0, "retrieval": 0.2855, "code_norm": 0.0, "grad_norm": 77.4011, "step": 150, "wall_s": 411.3533}
{"answer": 3.0232, "answer_n": 43.0, "preserve": 0.0019, "preserve_n": 16.0, "retrieval": 0.4268, "code_norm": 0.0, "grad_norm": 55.2829, "step": 160, "wall_s": 477.8463}
{"answer": 2.4016, "answer_n": 39.0, "preserve": 0.0806, "preserve_n": 16.0, "retrieval": 0.3153, "code_norm": 0.0, "grad_norm": 63.4356, "step": 170, "wall_s": 489.498}
{"answer": 2.4742, "answer_n": 53.0, "preserve": 0.002, "preserve_n": 16.0, "retrieval": 0.3176, "code_norm": 0.0, "grad_norm": 59.3902, "step": 180, "wall_s": 496.9841}
{"answer": 3.299, "answer_n": 52.0, "preserve": 0.0654, "preserve_n": 16.5, "retrieval": 0.4034, "code_norm": 0.0, "grad_norm": 100.4144, "step": 190, "wall_s": 515.0848}
{"answer": 2.8021, "answer_n": 50.0, "preserve": 0.002, "preserve_n": 16.0, "retrieval": 0.6195, "code_norm": 0.0, "grad_norm": 115.7049, "step": 200, "wall_s": 547.6306}
{"answer": 2.8017, "answer_n": 52.0, "preserve": 0.0002, "preserve_n": 16.0, "retrieval": 0.6907, "code_norm": 0.0, "grad_norm": 77.3589, "step": 210, "wall_s": 636.0306}
{"answer": 3.1134, "answer_n": 57.0, "preserve": 0.0059, "preserve_n": 16.0, "retrieval": 0.5998, "code_norm": 0.0, "grad_norm": 85.6876, "step": 220, "wall_s": 650.0716}
{"answer": 2.6337, "answer_n": 43.0, "preserve": 0.0027, "preserve_n": 16.5, "retrieval": 0.5014, "code_norm": 0.0, "grad_norm": 57.6796, "step": 230, "wall_s": 656.8665}
{"answer": 2.6438, "answer_n": 52.0, "preserve": 0.092, "preserve_n": 16.0, "retrieval": 0.2008, "code_norm": 0.0, "grad_norm": 141.8817, "step": 240, "wall_s": 663.2079}
{"answer": 2.6604, "answer_n": 42.0, "preserve": 0.048, "preserve_n": 16.0, "retrieval": 0.4246, "code_norm": 0.0, "grad_norm": 99.0826, "step": 250, "wall_s": 695.0706}
{"answer": 2.4484, "answer_n": 53.0, "preserve": 0.0017, "preserve_n": 16.5, "retrieval": 0.2296, "code_norm": 0.0, "grad_norm": 47.6028, "step": 260, "wall_s": 759.3864}
{"answer": 2.5261, "answer_n": 59.0, "preserve": 0.0264, "preserve_n": 16.0, "retrieval": 0.3462, "code_norm": 0.0, "grad_norm": 76.188, "step": 270, "wall_s": 783.4267}
{"answer": 3.2164, "answer_n": 49.0, "preserve": 0.0531, "preserve_n": 16.5, "retrieval": 0.1997, "code_norm": 0.0, "grad_norm": 82.7711, "step": 280, "wall_s": 808.8448}
{"answer": 2.6789, "answer_n": 43.0, "preserve": 0.018, "preserve_n": 16.0, "retrieval": 0.2238, "code_norm": 0.0, "grad_norm": 57.7489, "step": 290, "wall_s": 820.2808}
{"dev_before": {"answer": 5.854998687507671, "answer_n": 52.33333333333333, "preserve": 0.007642949478502165, "preserve_n": 16.5, "retrieval": 5.86901601155599, "code_norm": 0.0}, "dev_after_best": {"answer": 2.6486206112076145, "answer_n": 52.33333333333333, "preserve": 0.03901569371537245, "preserve_n": 16.5, "retrieval": 0.24545669555664062, "code_norm": 0.0}, "best_step": 299, "train_wall_s": 823}
