{"bank": "loaded", "pool": "manifests/revision_v1/train_pool_counterfact_v1.json", "items": 1000, "bank_sha256": "d5a12325376825463a27737ac88f19d5a2712fc0d185805d48ffa3341d6a853b"}
{"bank": "loaded", "pool": "manifests/revision_v1/train_pool_zsre_v1.json", "items": 1000, "bank_sha256": "cde7997956394b99cb539e5e5f3df1395e7f28bc349834e74c42eab2ace71837"}
{"bank": "loaded", "pool": "manifests/revision_v1/train_pool_mquake_v3.json", "items": 500, "bank_sha256": "155e2ccd21b0fbec30afc1d3db662ce0844c4420fa5f6b674493fa984075dbde"}
{"text_bank": 1536, "windows": 512, "source": "openwebtext training range [0, 50,001,920)"}
{"answer": 5.1547, "answer_n": 57.0, "preserve": 0.0127, "preserve_n": 16.0, "retrieval": 6.7078, "code_norm": 0.0, "grad_norm": 159.4706, "step": 0, "wall_s": 18.2102}
{"answer": 3.7504, "answer_n": 51.0, "preserve": 0.0161, "preserve_n": 16.0, "retrieval": 0.4954, "code_norm": 0.0, "grad_norm": 113.2805, "step": 10, "wall_s": 64.1195}
{"answer": 3.5949, "answer_n": 40.0, "preserve": 0.0379, "preserve_n": 16.0, "retrieval": 0.5152, "code_norm": 0.0, "grad_norm": 67.9636, "step": 20, "wall_s": 78.7671}
{"answer": 3.4328, "answer_n": 46.0, "preserve": 0.0452, "preserve_n": 17.0, "retrieval": 0.4957, "code_norm": 0.0, "grad_norm": 45.0151, "step": 30, "wall_s": 112.029}
{"answer": 2.8702, "answer_n": 60.0, "preserve": 0.147, "preserve_n": 16.5, "retrieval": 0.45, "code_norm": 0.0, "grad_norm": 109.6343, "step": 40, "wall_s": 124.6729}
{"answer": 3.9399, "answer_n": 59.0, "preserve": 0.1464, "preserve_n": 16.0, "retrieval": 0.4283, "code_norm": 0.0, "grad_norm": 82.9951, "step": 50, "wall_s": 160.8056}
{"answer": 2.5591, "answer_n": 47.0, "preserve": 0.0869, "preserve_n": 16.0, "retrieval": 0.5834, "code_norm": 0.0, "grad_norm": 39.8098, "step": 60, "wall_s": 233.4173}
{"answer": 3.3048, "answer_n": 57.0, "preserve": 0.0032, "preserve_n": 16.5, "retrieval": 0.5733, "code_norm": 0.0, "grad_norm": 53.828, "step": 70, "wall_s": 254.8752}
{"answer": 2.949, "answer_n": 64.0, "preserve": 0.0307, "preserve_n": 16.5, "retrieval": 0.4302, "code_norm": 0.0, "grad_norm": 131.5822, "step": 80, "wall_s": 263.7248}
{"answer": 3.0744, "answer_n": 49.0, "preserve": 0.0736, "preserve_n": 16.0, "retrieval": 0.4232, "code_norm": 0.0, "grad_norm": 83.2922, "step": 90, "wall_s": 276.0812}
{"answer": 3.4411, "answer_n": 53.0, "preserve": 0.0313, "preserve_n": 16.0, "retrieval": 0.4683, "code_norm": 0.0, "grad_norm": 47.4054, "step": 100, "wall_s": 348.0221}
{"answer": 2.7307, "answer_n": 58.0, "preserve": 0.0026, "preserve_n": 16.5, "retrieval": 0.4529, "code_norm": 0.0, "grad_norm": 57.7179, "step": 110, "wall_s": 424.8029}
{"answer": 2.9985, "answer_n": 56.0, "preserve": 0.039, "preserve_n": 16.0, "retrieval": 0.5403, "code_norm": 0.0, "grad_norm": 51.6218, "step": 120, "wall_s": 432.002}
{"answer": 3.3936, "answer_n": 44.0, "preserve": 0.0868, "preserve_n": 16.0, "retrieval": 0.401, "code_norm": 0.0, "grad_norm": 82.8343, "step": 130, "wall_s": 436.224}
{"answer": 2.6728, "answer_n": 54.0, "preserve": 0.0129, "preserve_n": 16.5, "retrieval": 0.304, "code_norm": 0.0, "grad_norm": 77.8034, "step": 140, "wall_s": 443.4344}
{"answer": 3.3773, "answer_n": 55.0, "preserve": 0.012, "preserve_n": 16.5, "retrieval": 0.4966, "code_norm": 0.0, "grad_norm": 82.8401, "step": 150, "wall_s": 524.5425}
{"answer": 3.0709, "answer_n": 45.0, "preserve": 0.0002, "preserve_n": 16.5, "retrieval": 0.2905, "code_norm": 0.0, "grad_norm": 40.0944, "step": 160, "wall_s": 583.8851}
{"answer": 2.5468, "answer_n": 53.0, "preserve": 0.0012, "preserve_n": 16.0, "retrieval": 0.3217, "code_norm": 0.0, "grad_norm": 44.2404, "step": 170, "wall_s": 609.5736}
{"answer": 3.4142, "answer_n": 46.0, "preserve": 0.0013, "preserve_n": 16.0, "retrieval": 0.4176, "code_norm": 0.0, "grad_norm": 72.9687, "step": 180, "wall_s": 619.1566}
{"answer": 3.6243, "answer_n": 45.0, "preserve": 0.0113, "preserve_n": 16.0, "retrieval": 0.3747, "code_norm": 0.0, "grad_norm": 94.5664, "step": 190, "wall_s": 631.0281}
{"answer": 2.4926, "answer_n": 42.0, "preserve": 0.0771, "preserve_n": 16.5, "retrieval": 0.4783, "code_norm": 0.0, "grad_norm": 65.4655, "step": 200, "wall_s": 709.2889}
{"answer": 2.397, "answer_n": 46.0, "preserve": 0.0954, "preserve_n": 16.5, "retrieval": 0.3651, "code_norm": 0.0, "grad_norm": 98.0315, "step": 210, "wall_s": 772.2565}
{"answer": 3.1915, "answer_n": 62.0, "preserve": 0.0261, "preserve_n": 16.5, "retrieval": 0.4847, "code_norm": 0.0, "grad_norm": 127.9219, "step": 220, "wall_s": 799.2461}
{"answer": 3.1276, "answer_n": 50.0, "preserve": 0.0291, "preserve_n": 16.5, "retrieval": 0.4004, "code_norm": 0.0, "grad_norm": 65.6779, "step": 230, "wall_s": 809.2926}
{"answer": 2.4717, "answer_n": 46.0, "preserve": 0.0203, "preserve_n": 16.0, "retrieval": 0.279, "code_norm": 0.0, "grad_norm": 91.6481, "step": 240, "wall_s": 811.2947}
{"answer": 2.8899, "answer_n": 50.0, "preserve": 0.0036, "preserve_n": 16.0, "retrieval": 0.4949, "code_norm": 0.0, "grad_norm": 49.0951, "step": 250, "wall_s": 886.1642}
{"answer": 1.8366, "answer_n": 53.0, "preserve": 0.0119, "preserve_n": 16.0, "retrieval": 0.5023, "code_norm": 0.0, "grad_norm": 81.6667, "step": 260, "wall_s": 956.313}
{"answer": 3.4417, "answer_n": 50.0, "preserve": 0.0177, "preserve_n": 16.0, "retrieval": 0.4123, "code_norm": 0.0, "grad_norm": 128.2866, "step": 270, "wall_s": 974.0175}
{"answer": 2.4991, "answer_n": 49.0, "preserve": 0.0008, "preserve_n": 16.5, "retrieval": 0.3098, "code_norm": 0.0, "grad_norm": 108.473, "step": 280, "wall_s": 986.104}
{"answer": 2.0401, "answer_n": 47.0, "preserve": 0.0215, "preserve_n": 16.5, "retrieval": 0.3288, "code_norm": 0.0, "grad_norm": 86.3533, "step": 290, "wall_s": 988.2263}
{"dev_before": {"answer": 5.055112123651383, "answer_n": 59.0, "preserve": 0.012583663335295998, "preserve_n": 16.166666666666664, "retrieval": 6.7581837972005205, "code_norm": 0.0}, "dev_after_best": {"answer": 2.6845185633701396, "answer_n": 59.0, "preserve": 0.06488986014814786, "preserve_n": 16.166666666666664, "retrieval": 0.2656847635904948, "code_norm": 0.0}, "best_step": 299, "train_wall_s": 1033}
