{"bank": "loaded", "pool": "manifests/revision_v1/train_pool_counterfact_v1.json", "items": 1000, "bank_sha256": "d5a12325376825463a27737ac88f19d5a2712fc0d185805d48ffa3341d6a853b"}
{"bank": "loaded", "pool": "manifests/revision_v1/train_pool_zsre_v1.json", "items": 1000, "bank_sha256": "cde7997956394b99cb539e5e5f3df1395e7f28bc349834e74c42eab2ace71837"}
{"bank": "loaded", "pool": "manifests/revision_v1/train_pool_mquake_v3.json", "items": 500, "bank_sha256": "155e2ccd21b0fbec30afc1d3db662ce0844c4420fa5f6b674493fa984075dbde"}
{"text_bank": 1536, "windows": 512, "source": "openwebtext training range [0, 50,001,920)"}
{"answer": 6.8887, "answer_n": 43.0, "preserve": 0.0078, "preserve_n": 16.0, "retrieval": 7.3847, "code_norm": 0.0, "grad_norm": 155.7243, "step": 0, "wall_s": 18.549}
{"answer": 3.7117, "answer_n": 44.0, "preserve": 0.1212, "preserve_n": 16.0, "retrieval": 1.318, "code_norm": 0.0, "grad_norm": 61.2947, "step": 10, "wall_s": 100.5576}
{"answer": 3.297, "answer_n": 39.0, "preserve": 0.1262, "preserve_n": 16.5, "retrieval": 0.4409, "code_norm": 0.0, "grad_norm": 54.7761, "step": 20, "wall_s": 188.6117}
{"answer": 2.9957, "answer_n": 43.0, "preserve": 0.0614, "preserve_n": 16.0, "retrieval": 0.6373, "code_norm": 0.0, "grad_norm": 66.2581, "step": 30, "wall_s": 237.5646}
{"answer": 2.6836, "answer_n": 48.0, "preserve": 0.0091, "preserve_n": 16.0, "retrieval": 0.4941, "code_norm": 0.0, "grad_norm": 70.8583, "step": 40, "wall_s": 275.611}
{"answer": 3.8241, "answer_n": 47.0, "preserve": 0.0004, "preserve_n": 16.0, "retrieval": 0.8591, "code_norm": 0.0, "grad_norm": 369.7923, "step": 50, "wall_s": 306.9499}
{"answer": 3.6614, "answer_n": 42.0, "preserve": 0.0018, "preserve_n": 16.0, "retrieval": 0.6168, "code_norm": 0.0, "grad_norm": 156.5342, "step": 60, "wall_s": 324.403}
{"answer": 3.2075, "answer_n": 56.0, "preserve": 0.0866, "preserve_n": 17.0, "retrieval": 0.5587, "code_norm": 0.0, "grad_norm": 54.9634, "step": 70, "wall_s": 358.2369}
{"answer": 2.9172, "answer_n": 36.0, "preserve": 0.2951, "preserve_n": 16.0, "retrieval": 0.8423, "code_norm": 0.0, "grad_norm": 65.4194, "step": 80, "wall_s": 377.1999}
{"answer": 3.0238, "answer_n": 35.0, "preserve": 0.0007, "preserve_n": 16.0, "retrieval": 0.521, "code_norm": 0.0, "grad_norm": 234.2198, "step": 90, "wall_s": 385.5961}
{"answer": 2.6554, "answer_n": 39.0, "preserve": 0.0002, "preserve_n": 16.0, "retrieval": 0.5527, "code_norm": 0.0, "grad_norm": 38.1073, "step": 100, "wall_s": 406.0376}
{"answer": 3.286, "answer_n": 44.0, "preserve": 0.0474, "preserve_n": 16.0, "retrieval": 0.2959, "code_norm": 0.0, "grad_norm": 47.9932, "step": 110, "wall_s": 425.0657}
{"answer": 2.5413, "answer_n": 50.0, "preserve": 0.0724, "preserve_n": 16.0, "retrieval": 0.383, "code_norm": 0.0, "grad_norm": 74.7273, "step": 120, "wall_s": 439.5266}
{"answer": 2.918, "answer_n": 57.0, "preserve": 0.0901, "preserve_n": 16.0, "retrieval": 0.3589, "code_norm": 0.0, "grad_norm": 126.6336, "step": 130, "wall_s": 451.3449}
{"answer": 3.4532, "answer_n": 60.0, "preserve": 0.0002, "preserve_n": 16.5, "retrieval": 0.5862, "code_norm": 0.0, "grad_norm": 107.7963, "step": 140, "wall_s": 459.7763}
{"answer": 3.158, "answer_n": 66.0, "preserve": 0.1072, "preserve_n": 16.0, "retrieval": 0.426, "code_norm": 0.0, "grad_norm": 117.242, "step": 150, "wall_s": 473.2411}
{"answer": 2.141, "answer_n": 42.0, "preserve": 0.0184, "preserve_n": 16.0, "retrieval": 0.3867, "code_norm": 0.0, "grad_norm": 45.3796, "step": 160, "wall_s": 481.7194}
{"answer": 2.4273, "answer_n": 53.0, "preserve": 0.0058, "preserve_n": 16.0, "retrieval": 0.3876, "code_norm": 0.0, "grad_norm": 58.7881, "step": 170, "wall_s": 486.3204}
{"answer": 2.4991, "answer_n": 50.0, "preserve": 0.0022, "preserve_n": 16.0, "retrieval": 0.3953, "code_norm": 0.0, "grad_norm": 84.2383, "step": 180, "wall_s": 494.3053}
{"answer": 2.8531, "answer_n": 43.0, "preserve": 0.1039, "preserve_n": 16.0, "retrieval": 0.529, "code_norm": 0.0, "grad_norm": 46.6564, "step": 190, "wall_s": 501.7731}
{"answer": 3.3226, "answer_n": 47.0, "preserve": 0.0315, "preserve_n": 16.0, "retrieval": 0.4369, "code_norm": 0.0, "grad_norm": 57.0992, "step": 200, "wall_s": 504.1859}
{"answer": 1.8971, "answer_n": 44.0, "preserve": 0.1335, "preserve_n": 16.0, "retrieval": 0.3628, "code_norm": 0.0, "grad_norm": 67.4619, "step": 210, "wall_s": 508.6829}
{"answer": 1.9249, "answer_n": 52.0, "preserve": 0.0012, "preserve_n": 16.0, "retrieval": 0.2575, "code_norm": 0.0, "grad_norm": 51.3832, "step": 220, "wall_s": 510.6433}
{"answer": 2.5402, "answer_n": 41.0, "preserve": 0.0005, "preserve_n": 16.0, "retrieval": 0.4397, "code_norm": 0.0, "grad_norm": 65.6859, "step": 230, "wall_s": 515.3982}
{"answer": 3.0581, "answer_n": 51.0, "preserve": 0.0002, "preserve_n": 16.5, "retrieval": 0.3127, "code_norm": 0.0, "grad_norm": 133.533, "step": 240, "wall_s": 526.6883}
{"answer": 2.087, "answer_n": 40.0, "preserve": 0.0503, "preserve_n": 16.5, "retrieval": 0.2881, "code_norm": 0.0, "grad_norm": 99.0049, "step": 250, "wall_s": 536.2606}
{"answer": 2.6527, "answer_n": 42.0, "preserve": 0.0002, "preserve_n": 16.5, "retrieval": 0.5746, "code_norm": 0.0, "grad_norm": 438.6513, "step": 260, "wall_s": 544.247}
{"answer": 2.5723, "answer_n": 58.0, "preserve": 0.0756, "preserve_n": 17.0, "retrieval": 0.3329, "code_norm": 0.0, "grad_norm": 139.3202, "step": 270, "wall_s": 549.4728}
{"answer": 2.776, "answer_n": 53.0, "preserve": 0.0045, "preserve_n": 16.5, "retrieval": 0.4342, "code_norm": 0.0, "grad_norm": 70.4706, "step": 280, "wall_s": 563.6191}
{"answer": 2.3578, "answer_n": 40.0, "preserve": 0.0011, "preserve_n": 16.0, "retrieval": 0.1893, "code_norm": 0.0, "grad_norm": 123.6274, "step": 290, "wall_s": 577.6851}
{"dev_before": {"answer": 5.908688920271518, "answer_n": 52.33333333333333, "preserve": 0.0069454663139758566, "preserve_n": 15.999999999999998, "retrieval": 7.415766398111979, "code_norm": 0.0}, "dev_after_best": {"answer": 3.097062437272247, "answer_n": 52.33333333333333, "preserve": 0.14536895873184602, "preserve_n": 15.999999999999998, "retrieval": 0.2611440022786458, "code_norm": 0.0}, "best_step": 249, "train_wall_s": 583}
