{"bank": "loaded", "pool": "manifests/revision_v1/train_pool_counterfact_v1.json", "items": 1000, "bank_sha256": "d5a12325376825463a27737ac88f19d5a2712fc0d185805d48ffa3341d6a853b"}
{"bank": "loaded", "pool": "manifests/revision_v1/train_pool_zsre_v1.json", "items": 1000, "bank_sha256": "cde7997956394b99cb539e5e5f3df1395e7f28bc349834e74c42eab2ace71837"}
{"bank": "loaded", "pool": "manifests/revision_v1/train_pool_mquake_v2.json", "items": 1000, "bank_sha256": "a162993806b05f0d639a31b9a6abe679e4b1e58c84ba89914e4b3b371431c648"}
{"text_bank": 1536, "windows": 512, "source": "openwebtext training range [0, 50,001,920)"}
{"answer": 5.457, "answer_n": 54.0, "preserve": 0.0145, "preserve_n": 16.5, "retrieval": 6.5886, "code_norm": 0.0, "grad_norm": 155.9167, "step": 0, "wall_s": 16.3335}
{"answer": 3.9897, "answer_n": 52.0, "preserve": 0.1637, "preserve_n": 16.5, "retrieval": 0.8, "code_norm": 0.0, "grad_norm": 98.9509, "step": 10, "wall_s": 118.3541}
{"answer": 3.8697, "answer_n": 45.0, "preserve": 0.1718, "preserve_n": 16.0, "retrieval": 1.2806, "code_norm": 0.0, "grad_norm": 49.874, "step": 20, "wall_s": 161.9854}
{"answer": 3.653, "answer_n": 43.0, "preserve": 0.0342, "preserve_n": 16.0, "retrieval": 0.7856, "code_norm": 0.0, "grad_norm": 51.8252, "step": 30, "wall_s": 194.7941}
{"answer": 2.8768, "answer_n": 57.0, "preserve": 0.1896, "preserve_n": 16.0, "retrieval": 0.923, "code_norm": 0.0, "grad_norm": 44.355, "step": 40, "wall_s": 234.4176}
{"answer": 3.427, "answer_n": 44.0, "preserve": 0.3317, "preserve_n": 16.0, "retrieval": 0.7223, "code_norm": 0.0, "grad_norm": 62.7521, "step": 50, "wall_s": 264.1684}
{"answer": 3.0236, "answer_n": 46.0, "preserve": 0.0194, "preserve_n": 16.0, "retrieval": 0.7069, "code_norm": 0.0, "grad_norm": 248.58, "step": 60, "wall_s": 272.9196}
{"answer": 3.1833, "answer_n": 46.0, "preserve": 0.0013, "preserve_n": 16.0, "retrieval": 0.5702, "code_norm": 0.0, "grad_norm": 34.089, "step": 70, "wall_s": 298.5453}
{"answer": 2.903, "answer_n": 51.0, "preserve": 0.0727, "preserve_n": 16.0, "retrieval": 0.5058, "code_norm": 0.0, "grad_norm": 56.042, "step": 80, "wall_s": 310.6908}
{"answer": 3.5056, "answer_n": 50.0, "preserve": 0.0263, "preserve_n": 16.5, "retrieval": 0.4396, "code_norm": 0.0, "grad_norm": 69.838, "step": 90, "wall_s": 324.4595}
{"answer": 3.2098, "answer_n": 50.0, "preserve": 0.0006, "preserve_n": 16.0, "retrieval": 0.7761, "code_norm": 0.0, "grad_norm": 314.3326, "step": 100, "wall_s": 342.8527}
{"answer": 3.3704, "answer_n": 49.0, "preserve": 0.0046, "preserve_n": 16.0, "retrieval": 0.624, "code_norm": 0.0, "grad_norm": 101.0945, "step": 110, "wall_s": 360.4877}
{"answer": 3.1403, "answer_n": 44.0, "preserve": 0.0201, "preserve_n": 16.0, "retrieval": 0.4016, "code_norm": 0.0, "grad_norm": 50.7903, "step": 120, "wall_s": 368.9809}
{"answer": 4.0504, "answer_n": 54.0, "preserve": 0.0089, "preserve_n": 16.0, "retrieval": 0.4538, "code_norm": 0.0, "grad_norm": 65.3867, "step": 130, "wall_s": 380.8445}
{"answer": 3.8132, "answer_n": 58.0, "preserve": 0.0008, "preserve_n": 16.0, "retrieval": 0.4096, "code_norm": 0.0, "grad_norm": 90.4141, "step": 140, "wall_s": 392.4675}
{"answer": 2.6464, "answer_n": 46.0, "preserve": 0.0112, "preserve_n": 16.0, "retrieval": 0.5311, "code_norm": 0.0, "grad_norm": 35.8318, "step": 150, "wall_s": 402.6079}
{"answer": 2.3724, "answer_n": 46.0, "preserve": 0.0084, "preserve_n": 16.0, "retrieval": 0.3611, "code_norm": 0.0, "grad_norm": 35.3738, "step": 160, "wall_s": 410.5144}
{"answer": 2.8063, "answer_n": 42.0, "preserve": 0.0048, "preserve_n": 16.5, "retrieval": 0.2809, "code_norm": 0.0, "grad_norm": 41.3201, "step": 170, "wall_s": 415.1407}
{"answer": 3.5302, "answer_n": 56.0, "preserve": 0.0129, "preserve_n": 16.5, "retrieval": 0.3817, "code_norm": 0.0, "grad_norm": 41.6528, "step": 180, "wall_s": 422.9252}
{"answer": 2.614, "answer_n": 49.0, "preserve": 0.0011, "preserve_n": 16.0, "retrieval": 0.4626, "code_norm": 0.0, "grad_norm": 57.5249, "step": 190, "wall_s": 424.8112}
{"answer": 3.5528, "answer_n": 67.0, "preserve": 0.0054, "preserve_n": 16.0, "retrieval": 0.4065, "code_norm": 0.0, "grad_norm": 341.8333, "step": 200, "wall_s": 430.6657}
{"answer": 3.1384, "answer_n": 56.0, "preserve": 0.0016, "preserve_n": 16.5, "retrieval": 0.2835, "code_norm": 0.0, "grad_norm": 56.5275, "step": 210, "wall_s": 442.4738}
{"answer": 3.066, "answer_n": 41.0, "preserve": 0.0604, "preserve_n": 16.0, "retrieval": 0.3887, "code_norm": 0.0, "grad_norm": 157.0303, "step": 220, "wall_s": 450.4868}
{"answer": 3.0805, "answer_n": 51.0, "preserve": 0.0007, "preserve_n": 16.0, "retrieval": 0.2584, "code_norm": 0.0, "grad_norm": 63.8931, "step": 230, "wall_s": 456.8261}
{"answer": 2.3866, "answer_n": 51.0, "preserve": 0.022, "preserve_n": 16.0, "retrieval": 0.4595, "code_norm": 0.0, "grad_norm": 59.457, "step": 240, "wall_s": 465.3981}
{"answer": 2.3837, "answer_n": 52.0, "preserve": 0.0307, "preserve_n": 16.0, "retrieval": 0.3412, "code_norm": 0.0, "grad_norm": 49.6001, "step": 250, "wall_s": 482.3221}
{"answer": 2.853, "answer_n": 57.0, "preserve": 0.0022, "preserve_n": 17.0, "retrieval": 0.3065, "code_norm": 0.0, "grad_norm": 114.5517, "step": 260, "wall_s": 484.1768}
{"answer": 2.7352, "answer_n": 54.0, "preserve": 0.0024, "preserve_n": 16.0, "retrieval": 0.2826, "code_norm": 0.0, "grad_norm": 111.3144, "step": 270, "wall_s": 489.5462}
{"answer": 3.1519, "answer_n": 45.0, "preserve": 0.1184, "preserve_n": 16.0, "retrieval": 0.4931, "code_norm": 0.0, "grad_norm": 109.6195, "step": 280, "wall_s": 491.3934}
{"answer": 1.9893, "answer_n": 47.0, "preserve": 0.0002, "preserve_n": 16.0, "retrieval": 0.3654, "code_norm": 0.0, "grad_norm": 94.7066, "step": 290, "wall_s": 499.6907}
{"dev_before": {"answer": 5.8545998855995744, "answer_n": 52.0, "preserve": 0.01430579818164309, "preserve_n": 16.166666666666664, "retrieval": 6.720446268717448, "code_norm": 0.0}, "dev_after_best": {"answer": 2.7991464957078627, "answer_n": 52.0, "preserve": 0.027188485427270245, "preserve_n": 16.166666666666664, "retrieval": 0.2618573506673177, "code_norm": 0.0}, "best_step": 299, "train_wall_s": 507}
