{"bank": "loaded", "pool": "manifests/revision_v1/train_pool_counterfact_v1.json", "items": 1000, "bank_sha256": "d5a12325376825463a27737ac88f19d5a2712fc0d185805d48ffa3341d6a853b"}
{"bank": "loaded", "pool": "manifests/revision_v1/train_pool_zsre_v1.json", "items": 1000, "bank_sha256": "cde7997956394b99cb539e5e5f3df1395e7f28bc349834e74c42eab2ace71837"}
{"bank": "loaded", "pool": "manifests/revision_v1/train_pool_mquake_v3.json", "items": 500, "bank_sha256": "155e2ccd21b0fbec30afc1d3db662ce0844c4420fa5f6b674493fa984075dbde"}
{"text_bank": 1536, "windows": 512, "source": "openwebtext training range [0, 50,001,920)"}
{"answer": 5.9344, "answer_n": 50.0, "preserve": 0.0149, "preserve_n": 16.0, "retrieval": 6.6852, "code_norm": 0.0, "grad_norm": 144.1114, "step": 0, "wall_s": 6.1602}
{"answer": 3.7856, "answer_n": 39.0, "preserve": 0.0452, "preserve_n": 16.0, "retrieval": 0.7499, "code_norm": 0.0, "grad_norm": 61.2896, "step": 10, "wall_s": 47.0024}
{"answer": 3.0329, "answer_n": 41.0, "preserve": 0.003, "preserve_n": 16.0, "retrieval": 0.5656, "code_norm": 0.0, "grad_norm": 144.585, "step": 20, "wall_s": 61.4331}
{"answer": 3.193, "answer_n": 38.0, "preserve": 0.061, "preserve_n": 16.5, "retrieval": 0.5431, "code_norm": 0.0, "grad_norm": 51.6226, "step": 30, "wall_s": 69.6351}
{"answer": 3.484, "answer_n": 47.0, "preserve": 0.0049, "preserve_n": 16.5, "retrieval": 0.5138, "code_norm": 0.0, "grad_norm": 84.2889, "step": 40, "wall_s": 82.3284}
{"answer": 3.1314, "answer_n": 48.0, "preserve": 0.0125, "preserve_n": 16.0, "retrieval": 0.4114, "code_norm": 0.0, "grad_norm": 62.6155, "step": 50, "wall_s": 113.7193}
{"answer": 3.6892, "answer_n": 49.0, "preserve": 0.0028, "preserve_n": 16.0, "retrieval": 0.4335, "code_norm": 0.0, "grad_norm": 111.5108, "step": 60, "wall_s": 175.0983}
{"answer": 3.6687, "answer_n": 44.0, "preserve": 0.029, "preserve_n": 16.0, "retrieval": 0.4716, "code_norm": 0.0, "grad_norm": 59.5103, "step": 70, "wall_s": 187.3343}
{"answer": 3.0075, "answer_n": 43.0, "preserve": 0.0085, "preserve_n": 16.5, "retrieval": 0.5649, "code_norm": 0.0, "grad_norm": 47.2811, "step": 80, "wall_s": 212.6272}
{"answer": 2.9511, "answer_n": 58.0, "preserve": 0.0196, "preserve_n": 16.0, "retrieval": 0.458, "code_norm": 0.0, "grad_norm": 95.8483, "step": 90, "wall_s": 221.8667}
{"answer": 3.1712, "answer_n": 46.0, "preserve": 0.0002, "preserve_n": 16.5, "retrieval": 0.5727, "code_norm": 0.0, "grad_norm": 54.2413, "step": 100, "wall_s": 263.6471}
{"answer": 2.5536, "answer_n": 48.0, "preserve": 0.0002, "preserve_n": 16.5, "retrieval": 0.4492, "code_norm": 0.0, "grad_norm": 58.7201, "step": 110, "wall_s": 319.4681}
{"answer": 3.3527, "answer_n": 44.0, "preserve": 0.0003, "preserve_n": 16.0, "retrieval": 0.5251, "code_norm": 0.0, "grad_norm": 131.4004, "step": 120, "wall_s": 335.9284}
{"answer": 3.4922, "answer_n": 50.0, "preserve": 0.0028, "preserve_n": 16.5, "retrieval": 0.5055, "code_norm": 0.0, "grad_norm": 91.0919, "step": 130, "wall_s": 340.6724}
{"answer": 3.0243, "answer_n": 43.0, "preserve": 0.0527, "preserve_n": 16.5, "retrieval": 0.4715, "code_norm": 0.0, "grad_norm": 127.6055, "step": 140, "wall_s": 347.751}
{"answer": 2.5524, "answer_n": 57.0, "preserve": 0.0266, "preserve_n": 16.0, "retrieval": 0.3018, "code_norm": 0.0, "grad_norm": 69.048, "step": 150, "wall_s": 399.6393}
{"answer": 2.2907, "answer_n": 47.0, "preserve": 0.0243, "preserve_n": 16.0, "retrieval": 0.4623, "code_norm": 0.0, "grad_norm": 68.2861, "step": 160, "wall_s": 458.1339}
{"answer": 2.6003, "answer_n": 39.0, "preserve": 0.0003, "preserve_n": 16.0, "retrieval": 0.5086, "code_norm": 0.0, "grad_norm": 65.003, "step": 170, "wall_s": 476.6346}
{"answer": 3.5189, "answer_n": 44.0, "preserve": 0.0024, "preserve_n": 16.0, "retrieval": 0.3422, "code_norm": 0.0, "grad_norm": 139.2906, "step": 180, "wall_s": 483.4441}
{"answer": 2.0228, "answer_n": 42.0, "preserve": 0.0029, "preserve_n": 16.0, "retrieval": 0.3461, "code_norm": 0.0, "grad_norm": 106.8964, "step": 190, "wall_s": 485.4458}
{"answer": 3.2184, "answer_n": 46.0, "preserve": 0.0003, "preserve_n": 16.0, "retrieval": 0.5579, "code_norm": 0.0, "grad_norm": 259.0476, "step": 200, "wall_s": 533.1323}
{"answer": 2.3962, "answer_n": 38.0, "preserve": 0.044, "preserve_n": 16.0, "retrieval": 0.446, "code_norm": 0.0, "grad_norm": 69.1034, "step": 210, "wall_s": 604.4897}
{"answer": 2.8236, "answer_n": 51.0, "preserve": 0.0041, "preserve_n": 16.5, "retrieval": 0.3132, "code_norm": 0.0, "grad_norm": 97.9109, "step": 220, "wall_s": 619.0464}
{"answer": 2.2879, "answer_n": 38.0, "preserve": 0.0478, "preserve_n": 16.0, "retrieval": 0.3607, "code_norm": 0.0, "grad_norm": 69.7878, "step": 230, "wall_s": 621.0086}
{"answer": 2.8313, "answer_n": 65.0, "preserve": 0.0573, "preserve_n": 16.0, "retrieval": 0.3701, "code_norm": 0.0, "grad_norm": 107.9569, "step": 240, "wall_s": 633.279}
{"answer": 2.8475, "answer_n": 41.0, "preserve": 0.0003, "preserve_n": 16.0, "retrieval": 0.328, "code_norm": 0.0, "grad_norm": 89.1343, "step": 250, "wall_s": 671.259}
{"answer": 2.2504, "answer_n": 40.0, "preserve": 0.0053, "preserve_n": 16.0, "retrieval": 0.5101, "code_norm": 0.0, "grad_norm": 79.289, "step": 260, "wall_s": 746.1942}
{"answer": 2.3853, "answer_n": 41.0, "preserve": 0.0319, "preserve_n": 16.0, "retrieval": 0.3098, "code_norm": 0.0, "grad_norm": 132.3204, "step": 270, "wall_s": 765.9424}
{"answer": 2.5017, "answer_n": 42.0, "preserve": 0.0003, "preserve_n": 16.0, "retrieval": 0.1959, "code_norm": 0.0, "grad_norm": 41.967, "step": 280, "wall_s": 776.456}
{"answer": 2.0984, "answer_n": 59.0, "preserve": 0.1044, "preserve_n": 16.0, "retrieval": 0.3328, "code_norm": 0.0, "grad_norm": 79.9002, "step": 290, "wall_s": 783.8364}
{"dev_before": {"answer": 5.055112123651383, "answer_n": 59.0, "preserve": 0.012583663056241621, "preserve_n": 16.166666666666664, "retrieval": 6.7581837972005205, "code_norm": 0.0}, "dev_after_best": {"answer": 2.579041714367765, "answer_n": 59.0, "preserve": 0.0010937996927418234, "preserve_n": 16.166666666666664, "retrieval": 0.2838897705078125, "code_norm": 0.0}, "best_step": 299, "train_wall_s": 791}
