{"bank": "loaded", "pool": "manifests/revision_v1/train_pool_counterfact_v1.json", "items": 1000, "bank_sha256": "d5a12325376825463a27737ac88f19d5a2712fc0d185805d48ffa3341d6a853b"}
{"bank": "loaded", "pool": "manifests/revision_v1/train_pool_zsre_v1.json", "items": 1000, "bank_sha256": "cde7997956394b99cb539e5e5f3df1395e7f28bc349834e74c42eab2ace71837"}
{"bank": "loaded", "pool": "manifests/revision_v1/train_pool_mquake_v3.json", "items": 500, "bank_sha256": "155e2ccd21b0fbec30afc1d3db662ce0844c4420fa5f6b674493fa984075dbde"}
{"text_bank": 1536, "windows": 512, "source": "openwebtext training range [0, 50,001,920)"}
{"answer": 6.8887, "answer_n": 43.0, "preserve": 0.0078, "preserve_n": 16.0, "retrieval": 7.3847, "code_norm": 0.0, "grad_norm": 155.7243, "step": 0, "wall_s": 16.2727}
{"answer": 3.7117, "answer_n": 44.0, "preserve": 0.1212, "preserve_n": 16.0, "retrieval": 1.318, "code_norm": 0.0, "grad_norm": 61.2947, "step": 10, "wall_s": 53.5016}
{"answer": 3.297, "answer_n": 39.0, "preserve": 0.1262, "preserve_n": 16.5, "retrieval": 0.4409, "code_norm": 0.0, "grad_norm": 54.7769, "step": 20, "wall_s": 82.1568}
{"answer": 2.9957, "answer_n": 43.0, "preserve": 0.0614, "preserve_n": 16.0, "retrieval": 0.6374, "code_norm": 0.0, "grad_norm": 66.2677, "step": 30, "wall_s": 94.5407}
{"answer": 2.6836, "answer_n": 48.0, "preserve": 0.0091, "preserve_n": 16.0, "retrieval": 0.4941, "code_norm": 0.0, "grad_norm": 70.8575, "step": 40, "wall_s": 100.9131}
{"answer": 3.8241, "answer_n": 47.0, "preserve": 0.0004, "preserve_n": 16.0, "retrieval": 0.8591, "code_norm": 0.0, "grad_norm": 369.7894, "step": 50, "wall_s": 140.7008}
{"answer": 3.6614, "answer_n": 42.0, "preserve": 0.0018, "preserve_n": 16.0, "retrieval": 0.6168, "code_norm": 0.0, "grad_norm": 156.5466, "step": 60, "wall_s": 202.9201}
{"answer": 3.2075, "answer_n": 56.0, "preserve": 0.0866, "preserve_n": 17.0, "retrieval": 0.5587, "code_norm": 0.0, "grad_norm": 54.9762, "step": 70, "wall_s": 240.9173}
{"answer": 2.9172, "answer_n": 36.0, "preserve": 0.2951, "preserve_n": 16.0, "retrieval": 0.842, "code_norm": 0.0, "grad_norm": 65.4258, "step": 80, "wall_s": 250.7089}
{"answer": 3.024, "answer_n": 35.0, "preserve": 0.0007, "preserve_n": 16.0, "retrieval": 0.5209, "code_norm": 0.0, "grad_norm": 235.0876, "step": 90, "wall_s": 258.1215}
{"answer": 2.6552, "answer_n": 39.0, "preserve": 0.0002, "preserve_n": 16.0, "retrieval": 0.5519, "code_norm": 0.0, "grad_norm": 38.0073, "step": 100, "wall_s": 295.5845}
{"answer": 3.2857, "answer_n": 44.0, "preserve": 0.0474, "preserve_n": 16.0, "retrieval": 0.2957, "code_norm": 0.0, "grad_norm": 47.9675, "step": 110, "wall_s": 352.0052}
{"answer": 2.5416, "answer_n": 50.0, "preserve": 0.0724, "preserve_n": 16.0, "retrieval": 0.3831, "code_norm": 0.0, "grad_norm": 74.8267, "step": 120, "wall_s": 382.7908}
{"answer": 2.9184, "answer_n": 57.0, "preserve": 0.0902, "preserve_n": 16.0, "retrieval": 0.3584, "code_norm": 0.0, "grad_norm": 127.0031, "step": 130, "wall_s": 392.0496}
{"answer": 3.4535, "answer_n": 60.0, "preserve": 0.0002, "preserve_n": 16.5, "retrieval": 0.5853, "code_norm": 0.0, "grad_norm": 107.7285, "step": 140, "wall_s": 396.2168}
{"answer": 3.1599, "answer_n": 66.0, "preserve": 0.1075, "preserve_n": 16.0, "retrieval": 0.4206, "code_norm": 0.0, "grad_norm": 120.4056, "step": 150, "wall_s": 437.1548}
{"answer": 2.1394, "answer_n": 42.0, "preserve": 0.0166, "preserve_n": 16.0, "retrieval": 0.3868, "code_norm": 0.0, "grad_norm": 46.0495, "step": 160, "wall_s": 505.9139}
{"answer": 2.4482, "answer_n": 53.0, "preserve": 0.0021, "preserve_n": 16.0, "retrieval": 0.4098, "code_norm": 0.0, "grad_norm": 69.7167, "step": 170, "wall_s": 515.9846}
{"answer": 2.5012, "answer_n": 50.0, "preserve": 0.003, "preserve_n": 16.0, "retrieval": 0.4226, "code_norm": 0.0, "grad_norm": 93.8268, "step": 180, "wall_s": 528.1614}
{"answer": 2.8674, "answer_n": 43.0, "preserve": 0.1719, "preserve_n": 16.0, "retrieval": 0.4709, "code_norm": 0.0, "grad_norm": 109.3818, "step": 190, "wall_s": 532.3201}
{"answer": 3.3482, "answer_n": 47.0, "preserve": 0.032, "preserve_n": 16.0, "retrieval": 0.5345, "code_norm": 0.0, "grad_norm": 62.8988, "step": 200, "wall_s": 562.2243}
{"answer": 1.8835, "answer_n": 44.0, "preserve": 0.0002, "preserve_n": 16.0, "retrieval": 0.3113, "code_norm": 0.0, "grad_norm": 69.4658, "step": 210, "wall_s": 643.5404}
{"answer": 1.9442, "answer_n": 52.0, "preserve": 0.0011, "preserve_n": 16.0, "retrieval": 0.2946, "code_norm": 0.0, "grad_norm": 88.9062, "step": 220, "wall_s": 653.2702}
{"answer": 2.5426, "answer_n": 41.0, "preserve": 0.0002, "preserve_n": 16.0, "retrieval": 0.5483, "code_norm": 0.0, "grad_norm": 73.651, "step": 230, "wall_s": 663.8549}
{"answer": 3.0618, "answer_n": 51.0, "preserve": 0.0049, "preserve_n": 16.5, "retrieval": 0.2717, "code_norm": 0.0, "grad_norm": 114.2437, "step": 240, "wall_s": 679.066}
{"answer": 2.0873, "answer_n": 40.0, "preserve": 0.0003, "preserve_n": 16.5, "retrieval": 0.2776, "code_norm": 0.0, "grad_norm": 75.4696, "step": 250, "wall_s": 717.5181}
{"answer": 2.5394, "answer_n": 42.0, "preserve": 0.0133, "preserve_n": 16.5, "retrieval": 0.3279, "code_norm": 0.0, "grad_norm": 96.1787, "step": 260, "wall_s": 778.2113}
{"answer": 2.5589, "answer_n": 58.0, "preserve": 0.0016, "preserve_n": 17.0, "retrieval": 0.3836, "code_norm": 0.0, "grad_norm": 78.0378, "step": 270, "wall_s": 804.7159}
{"answer": 2.7375, "answer_n": 53.0, "preserve": 0.0005, "preserve_n": 16.5, "retrieval": 0.4393, "code_norm": 0.0, "grad_norm": 69.5669, "step": 280, "wall_s": 819.2933}
{"answer": 2.2641, "answer_n": 40.0, "preserve": 0.0004, "preserve_n": 16.0, "retrieval": 0.244, "code_norm": 0.0, "grad_norm": 50.4396, "step": 290, "wall_s": 831.3205}
{"dev_before": {"answer": 5.908689213972918, "answer_n": 52.33333333333333, "preserve": 0.0069454171430543, "preserve_n": 15.999999999999998, "retrieval": 7.415766398111979, "code_norm": 0.0}, "dev_after_best": {"answer": 3.1438990431115927, "answer_n": 52.33333333333333, "preserve": 0.0003802337203010116, "preserve_n": 15.999999999999998, "retrieval": 0.27443186442057294, "code_norm": 0.0}, "best_step": 249, "train_wall_s": 834}
