{"bank": "loaded", "pool": "manifests/revision_v1/train_pool_counterfact_v1.json", "items": 1000, "bank_sha256": "d5a12325376825463a27737ac88f19d5a2712fc0d185805d48ffa3341d6a853b"}
{"bank": "loaded", "pool": "manifests/revision_v1/train_pool_zsre_v1.json", "items": 1000, "bank_sha256": "cde7997956394b99cb539e5e5f3df1395e7f28bc349834e74c42eab2ace71837"}
{"bank": "loaded", "pool": "manifests/revision_v1/train_pool_mquake_v3.json", "items": 500, "bank_sha256": "155e2ccd21b0fbec30afc1d3db662ce0844c4420fa5f6b674493fa984075dbde"}
{"text_bank": 1536, "windows": 512, "source": "openwebtext training range [0, 50,001,920)"}
{"answer": 5.9344, "answer_n": 50.0, "preserve": 0.0146, "preserve_n": 16.0, "retrieval": 6.69, "code_norm": 0.0, "grad_norm": 144.1327, "step": 0, "wall_s": 17.1719}
{"answer": 3.7927, "answer_n": 39.0, "preserve": 0.0325, "preserve_n": 16.0, "retrieval": 0.6986, "code_norm": 0.0, "grad_norm": 74.8436, "step": 10, "wall_s": 120.1673}
{"answer": 3.0799, "answer_n": 41.0, "preserve": 0.0179, "preserve_n": 16.0, "retrieval": 0.5988, "code_norm": 0.0, "grad_norm": 112.3685, "step": 20, "wall_s": 187.217}
{"answer": 3.3484, "answer_n": 38.0, "preserve": 0.0638, "preserve_n": 16.5, "retrieval": 0.6774, "code_norm": 0.0, "grad_norm": 123.945, "step": 30, "wall_s": 231.3288}
{"answer": 3.514, "answer_n": 47.0, "preserve": 0.0025, "preserve_n": 16.5, "retrieval": 0.5186, "code_norm": 0.0, "grad_norm": 152.9866, "step": 40, "wall_s": 282.6578}
{"answer": 3.1163, "answer_n": 48.0, "preserve": 0.1624, "preserve_n": 16.0, "retrieval": 0.4496, "code_norm": 0.0, "grad_norm": 45.0778, "step": 50, "wall_s": 310.7442}
{"answer": 3.5663, "answer_n": 49.0, "preserve": 0.0561, "preserve_n": 16.0, "retrieval": 0.3757, "code_norm": 0.0, "grad_norm": 42.0245, "step": 60, "wall_s": 329.7689}
{"answer": 3.6713, "answer_n": 44.0, "preserve": 0.0737, "preserve_n": 16.0, "retrieval": 0.5199, "code_norm": 0.0, "grad_norm": 89.1595, "step": 70, "wall_s": 337.7427}
{"answer": 3.0156, "answer_n": 43.0, "preserve": 0.0007, "preserve_n": 16.5, "retrieval": 0.5539, "code_norm": 0.0, "grad_norm": 56.7691, "step": 80, "wall_s": 358.922}
{"answer": 3.0151, "answer_n": 58.0, "preserve": 0.0264, "preserve_n": 16.0, "retrieval": 0.4939, "code_norm": 0.0, "grad_norm": 90.8397, "step": 90, "wall_s": 375.849}
{"answer": 3.2087, "answer_n": 46.0, "preserve": 0.014, "preserve_n": 16.5, "retrieval": 0.6023, "code_norm": 0.0, "grad_norm": 60.841, "step": 100, "wall_s": 384.2705}
{"answer": 2.6344, "answer_n": 48.0, "preserve": 0.0001, "preserve_n": 16.5, "retrieval": 0.4989, "code_norm": 0.0, "grad_norm": 51.6658, "step": 110, "wall_s": 389.1371}
{"answer": 3.3793, "answer_n": 44.0, "preserve": 0.0005, "preserve_n": 16.0, "retrieval": 0.4706, "code_norm": 0.0, "grad_norm": 204.7374, "step": 120, "wall_s": 400.2638}
{"answer": 3.2895, "answer_n": 50.0, "preserve": 0.0042, "preserve_n": 16.5, "retrieval": 0.555, "code_norm": 0.0, "grad_norm": 90.9249, "step": 130, "wall_s": 411.8614}
{"answer": 3.3314, "answer_n": 43.0, "preserve": 0.0011, "preserve_n": 16.5, "retrieval": 0.5812, "code_norm": 0.0, "grad_norm": 135.5725, "step": 140, "wall_s": 423.0384}
{"answer": 2.5874, "answer_n": 57.0, "preserve": 0.0088, "preserve_n": 16.0, "retrieval": 0.334, "code_norm": 0.0, "grad_norm": 44.4841, "step": 150, "wall_s": 438.3527}
{"answer": 2.3367, "answer_n": 47.0, "preserve": 0.001, "preserve_n": 16.0, "retrieval": 0.4033, "code_norm": 0.0, "grad_norm": 52.2968, "step": 160, "wall_s": 443.4567}
{"answer": 2.6962, "answer_n": 39.0, "preserve": 0.0549, "preserve_n": 16.0, "retrieval": 0.48, "code_norm": 0.0, "grad_norm": 32.9093, "step": 170, "wall_s": 451.8825}
{"answer": 3.5946, "answer_n": 44.0, "preserve": 0.0018, "preserve_n": 16.0, "retrieval": 0.3176, "code_norm": 0.0, "grad_norm": 41.3124, "step": 180, "wall_s": 460.344}
{"answer": 2.0168, "answer_n": 42.0, "preserve": 0.0401, "preserve_n": 16.0, "retrieval": 0.3018, "code_norm": 0.0, "grad_norm": 42.9608, "step": 190, "wall_s": 475.7987}
{"answer": 3.3264, "answer_n": 46.0, "preserve": 0.0005, "preserve_n": 16.0, "retrieval": 0.5332, "code_norm": 0.0, "grad_norm": 128.4226, "step": 200, "wall_s": 484.7579}
{"answer": 2.4209, "answer_n": 38.0, "preserve": 0.0401, "preserve_n": 16.0, "retrieval": 0.4036, "code_norm": 0.0, "grad_norm": 68.0535, "step": 210, "wall_s": 505.9992}
{"answer": 2.8875, "answer_n": 56.0, "preserve": 0.0002, "preserve_n": 16.5, "retrieval": 0.3155, "code_norm": 0.0, "grad_norm": 78.4369, "step": 220, "wall_s": 511.2648}
{"answer": 2.3858, "answer_n": 38.0, "preserve": 0.0153, "preserve_n": 16.0, "retrieval": 0.5706, "code_norm": 0.0, "grad_norm": 56.2198, "step": 230, "wall_s": 516.5626}
{"answer": 2.9079, "answer_n": 65.0, "preserve": 0.152, "preserve_n": 16.0, "retrieval": 0.5051, "code_norm": 0.0, "grad_norm": 59.8578, "step": 240, "wall_s": 521.176}
{"answer": 3.0681, "answer_n": 41.0, "preserve": 0.0121, "preserve_n": 16.0, "retrieval": 0.3578, "code_norm": 0.0, "grad_norm": 103.5369, "step": 250, "wall_s": 530.9781}
{"answer": 2.5156, "answer_n": 40.0, "preserve": 0.0638, "preserve_n": 16.0, "retrieval": 0.3749, "code_norm": 0.0, "grad_norm": 191.8157, "step": 260, "wall_s": 539.2847}
{"answer": 2.3733, "answer_n": 41.0, "preserve": 0.057, "preserve_n": 16.0, "retrieval": 0.3962, "code_norm": 0.0, "grad_norm": 66.6718, "step": 270, "wall_s": 550.1192}
{"answer": 2.5211, "answer_n": 42.0, "preserve": 0.0773, "preserve_n": 16.0, "retrieval": 0.1668, "code_norm": 0.0, "grad_norm": 48.1737, "step": 280, "wall_s": 552.0856}
{"answer": 2.3172, "answer_n": 65.0, "preserve": 0.0003, "preserve_n": 16.0, "retrieval": 0.2377, "code_norm": 0.0, "grad_norm": 74.8201, "step": 290, "wall_s": 553.9449}
{"dev_before": {"answer": 5.086804375898191, "answer_n": 59.0, "preserve": 0.013867202364410474, "preserve_n": 16.166666666666664, "retrieval": 6.8012847900390625, "code_norm": 0.0}, "dev_after_best": {"answer": 2.6696290641595435, "answer_n": 59.0, "preserve": 0.05546799220902874, "preserve_n": 16.166666666666664, "retrieval": 0.30740992228190106, "code_norm": 0.0}, "best_step": 299, "train_wall_s": 560}
