{"bank": "loaded", "pool": "manifests/revision_v1/train_pool_counterfact_v1.json", "items": 1000, "bank_sha256": "d5a12325376825463a27737ac88f19d5a2712fc0d185805d48ffa3341d6a853b"}
{"bank": "loaded", "pool": "manifests/revision_v1/train_pool_zsre_v1.json", "items": 1000, "bank_sha256": "cde7997956394b99cb539e5e5f3df1395e7f28bc349834e74c42eab2ace71837"}
bank 100/500
bank 200/500
bank 300/500
bank 400/500
bank 500/500
{"bank": "built", "pool": "manifests/revision_v1/train_pool_mquake_v1.json", "items": 500, "passes": 6166, "wall_s": 34}
{"text_bank": 1536, "windows": 512, "source": "openwebtext training range [0, 50,001,920)"}
{"answer": 6.8887, "answer_n": 43.0, "preserve": 0.0087, "preserve_n": 16.0, "retrieval": 7.43, "code_norm": 0.0, "grad_norm": 155.7157, "step": 0, "wall_s": 21.0532}
{"answer": 3.7104, "answer_n": 44.0, "preserve": 0.1209, "preserve_n": 16.0, "retrieval": 1.4075, "code_norm": 0.0, "grad_norm": 61.6504, "step": 10, "wall_s": 121.2091}
{"answer": 3.4523, "answer_n": 39.0, "preserve": 0.0685, "preserve_n": 16.5, "retrieval": 0.5398, "code_norm": 0.0, "grad_norm": 78.6174, "step": 20, "wall_s": 209.3745}
{"answer": 3.06, "answer_n": 43.0, "preserve": 0.0488, "preserve_n": 16.0, "retrieval": 0.7121, "code_norm": 0.0, "grad_norm": 97.504, "step": 30, "wall_s": 268.0844}
{"answer": 2.6586, "answer_n": 48.0, "preserve": 0.0762, "preserve_n": 16.0, "retrieval": 0.4364, "code_norm": 0.0, "grad_norm": 56.0385, "step": 40, "wall_s": 305.8885}
{"answer": 3.722, "answer_n": 47.0, "preserve": 0.0033, "preserve_n": 16.0, "retrieval": 0.7035, "code_norm": 0.0, "grad_norm": 260.0391, "step": 50, "wall_s": 333.6728}
{"answer": 3.5681, "answer_n": 42.0, "preserve": 0.143, "preserve_n": 16.0, "retrieval": 0.5661, "code_norm": 0.0, "grad_norm": 50.2522, "step": 60, "wall_s": 361.7196}
{"answer": 3.1457, "answer_n": 56.0, "preserve": 0.1491, "preserve_n": 17.0, "retrieval": 0.7713, "code_norm": 0.0, "grad_norm": 93.474, "step": 70, "wall_s": 393.2499}
{"answer": 2.8915, "answer_n": 36.0, "preserve": 0.0602, "preserve_n": 16.0, "retrieval": 0.6261, "code_norm": 0.0, "grad_norm": 86.9486, "step": 80, "wall_s": 415.9215}
{"answer": 2.7695, "answer_n": 36.0, "preserve": 0.0015, "preserve_n": 16.0, "retrieval": 0.4365, "code_norm": 0.0, "grad_norm": 31.1181, "step": 90, "wall_s": 438.7843}
{"answer": 2.9604, "answer_n": 48.0, "preserve": 0.0122, "preserve_n": 16.0, "retrieval": 0.5048, "code_norm": 0.0, "grad_norm": 78.3824, "step": 100, "wall_s": 448.9111}
{"answer": 2.7981, "answer_n": 44.0, "preserve": 0.001, "preserve_n": 16.5, "retrieval": 0.4004, "code_norm": 0.0, "grad_norm": 78.0245, "step": 110, "wall_s": 451.4094}
{"answer": 2.7832, "answer_n": 43.0, "preserve": 0.0645, "preserve_n": 16.5, "retrieval": 0.459, "code_norm": 0.0, "grad_norm": 81.7513, "step": 120, "wall_s": 478.3108}
{"answer": 3.1562, "answer_n": 45.0, "preserve": 0.1929, "preserve_n": 16.0, "retrieval": 0.5353, "code_norm": 0.0, "grad_norm": 146.7638, "step": 130, "wall_s": 489.9113}
{"answer": 2.197, "answer_n": 35.0, "preserve": 0.0036, "preserve_n": 16.0, "retrieval": 0.5777, "code_norm": 0.0, "grad_norm": 54.5384, "step": 140, "wall_s": 492.6377}
{"answer": 2.9646, "answer_n": 45.0, "preserve": 0.1064, "preserve_n": 16.0, "retrieval": 0.4232, "code_norm": 0.0, "grad_norm": 187.5479, "step": 150, "wall_s": 499.7778}
{"answer": 2.1594, "answer_n": 50.0, "preserve": 0.0006, "preserve_n": 16.0, "retrieval": 0.3551, "code_norm": 0.0, "grad_norm": 41.8453, "step": 160, "wall_s": 508.8279}
{"answer": 2.3371, "answer_n": 44.0, "preserve": 0.1284, "preserve_n": 16.0, "retrieval": 0.3775, "code_norm": 0.0, "grad_norm": 75.0257, "step": 170, "wall_s": 525.1275}
{"answer": 3.4795, "answer_n": 48.0, "preserve": 0.0316, "preserve_n": 16.0, "retrieval": 0.3566, "code_norm": 0.0, "grad_norm": 104.2857, "step": 180, "wall_s": 535.9144}
{"answer": 2.8679, "answer_n": 45.0, "preserve": 0.0195, "preserve_n": 16.0, "retrieval": 0.4813, "code_norm": 0.0, "grad_norm": 104.3738, "step": 190, "wall_s": 541.8597}
{"answer": 3.1501, "answer_n": 69.0, "preserve": 0.0072, "preserve_n": 16.0, "retrieval": 0.2917, "code_norm": 0.0, "grad_norm": 89.727, "step": 200, "wall_s": 564.2033}
{"answer": 3.4008, "answer_n": 57.0, "preserve": 0.0073, "preserve_n": 16.0, "retrieval": 0.2798, "code_norm": 0.0, "grad_norm": 92.9197, "step": 210, "wall_s": 572.9372}
{"answer": 2.9041, "answer_n": 42.0, "preserve": 0.0363, "preserve_n": 16.0, "retrieval": 0.4767, "code_norm": 0.0, "grad_norm": 69.3728, "step": 220, "wall_s": 578.9005}
{"answer": 2.6473, "answer_n": 43.0, "preserve": 0.0002, "preserve_n": 16.5, "retrieval": 0.3068, "code_norm": 0.0, "grad_norm": 113.9073, "step": 230, "wall_s": 591.59}
{"answer": 2.7473, "answer_n": 50.0, "preserve": 0.0188, "preserve_n": 16.0, "retrieval": 0.2362, "code_norm": 0.0, "grad_norm": 80.3086, "step": 240, "wall_s": 597.481}
{"answer": 2.8018, "answer_n": 52.0, "preserve": 0.0002, "preserve_n": 16.0, "retrieval": 0.2713, "code_norm": 0.0, "grad_norm": 154.2988, "step": 250, "wall_s": 621.7718}
{"answer": 3.7414, "answer_n": 50.0, "preserve": 0.0594, "preserve_n": 16.0, "retrieval": 0.339, "code_norm": 0.0, "grad_norm": 131.8082, "step": 260, "wall_s": 628.143}
{"answer": 2.5247, "answer_n": 49.0, "preserve": 0.1359, "preserve_n": 16.5, "retrieval": 0.1924, "code_norm": 0.0, "grad_norm": 102.3532, "step": 270, "wall_s": 634.3951}
{"answer": 2.6481, "answer_n": 61.0, "preserve": 0.0112, "preserve_n": 16.5, "retrieval": 0.3667, "code_norm": 0.0, "grad_norm": 110.9238, "step": 280, "wall_s": 644.2295}
{"answer": 2.1735, "answer_n": 49.0, "preserve": 0.0394, "preserve_n": 16.5, "retrieval": 0.2259, "code_norm": 0.0, "grad_norm": 91.9921, "step": 290, "wall_s": 670.0604}
{"dev_before": {"answer": 5.908697090081495, "answer_n": 52.33333333333333, "preserve": 0.007289281174850022, "preserve_n": 15.999999999999998, "retrieval": 7.469205220540365, "code_norm": 0.0}, "dev_after_best": {"answer": 2.9694802717310216, "answer_n": 52.33333333333333, "preserve": 0.0035953880668131433, "preserve_n": 15.999999999999998, "retrieval": 0.27334086100260413, "code_norm": 0.0}, "best_step": 299, "train_wall_s": 673}
