{"bank": "loaded", "pool": "manifests/revision_v1/train_pool_counterfact_v1.json", "items": 1000, "bank_sha256": "d5a12325376825463a27737ac88f19d5a2712fc0d185805d48ffa3341d6a853b"}
{"bank": "loaded", "pool": "manifests/revision_v1/train_pool_zsre_v1.json", "items": 1000, "bank_sha256": "cde7997956394b99cb539e5e5f3df1395e7f28bc349834e74c42eab2ace71837"}
{"bank": "loaded", "pool": "manifests/revision_v1/train_pool_mquake_v2.json", "items": 1000, "bank_sha256": "a162993806b05f0d639a31b9a6abe679e4b1e58c84ba89914e4b3b371431c648"}
{"text_bank": 1536, "windows": 512, "source": "openwebtext training range [0, 50,001,920)"}
{"answer": 5.6749, "answer_n": 48.0, "preserve": 0.0097, "preserve_n": 16.0, "retrieval": 7.4242, "code_norm": 0.0, "grad_norm": 135.5661, "step": 0, "wall_s": 15.0766}
{"answer": 2.9087, "answer_n": 61.0, "preserve": 0.2314, "preserve_n": 16.0, "retrieval": 2.0449, "code_norm": 0.0, "grad_norm": 62.8945, "step": 10, "wall_s": 78.5504}
{"answer": 3.1001, "answer_n": 54.0, "preserve": 0.1158, "preserve_n": 16.0, "retrieval": 0.836, "code_norm": 0.0, "grad_norm": 66.7704, "step": 20, "wall_s": 122.5106}
{"answer": 4.097, "answer_n": 43.0, "preserve": 0.0152, "preserve_n": 16.0, "retrieval": 0.9729, "code_norm": 0.0, "grad_norm": 301.9411, "step": 30, "wall_s": 180.9134}
{"answer": 3.5834, "answer_n": 62.0, "preserve": 0.0834, "preserve_n": 16.0, "retrieval": 0.6929, "code_norm": 0.0, "grad_norm": 378.0813, "step": 40, "wall_s": 205.0094}
{"answer": 3.2335, "answer_n": 48.0, "preserve": 0.1187, "preserve_n": 16.5, "retrieval": 0.6775, "code_norm": 0.0, "grad_norm": 41.0184, "step": 50, "wall_s": 239.6742}
{"answer": 3.3116, "answer_n": 50.0, "preserve": 0.1369, "preserve_n": 16.0, "retrieval": 0.6236, "code_norm": 0.0, "grad_norm": 44.7478, "step": 60, "wall_s": 260.8969}
{"answer": 3.1243, "answer_n": 41.0, "preserve": 0.0158, "preserve_n": 16.0, "retrieval": 0.3164, "code_norm": 0.0, "grad_norm": 34.9798, "step": 70, "wall_s": 275.5313}
{"answer": 3.8538, "answer_n": 51.0, "preserve": 0.0237, "preserve_n": 16.0, "retrieval": 0.4137, "code_norm": 0.0, "grad_norm": 48.8208, "step": 80, "wall_s": 301.2395}
{"answer": 2.383, "answer_n": 53.0, "preserve": 0.1983, "preserve_n": 16.0, "retrieval": 0.8028, "code_norm": 0.0, "grad_norm": 89.4421, "step": 90, "wall_s": 309.0505}
{"answer": 3.261, "answer_n": 45.0, "preserve": 0.18, "preserve_n": 16.0, "retrieval": 0.4517, "code_norm": 0.0, "grad_norm": 107.2601, "step": 100, "wall_s": 311.5169}
{"answer": 3.4412, "answer_n": 47.0, "preserve": 0.0693, "preserve_n": 16.0, "retrieval": 0.4192, "code_norm": 0.0, "grad_norm": 66.0659, "step": 110, "wall_s": 323.5185}
{"answer": 3.0561, "answer_n": 47.0, "preserve": 0.0485, "preserve_n": 16.0, "retrieval": 0.3141, "code_norm": 0.0, "grad_norm": 76.0095, "step": 120, "wall_s": 331.9833}
{"answer": 2.6895, "answer_n": 37.0, "preserve": 0.1273, "preserve_n": 16.0, "retrieval": 0.3473, "code_norm": 0.0, "grad_norm": 117.8789, "step": 130, "wall_s": 343.0125}
{"answer": 2.853, "answer_n": 50.0, "preserve": 0.0033, "preserve_n": 16.0, "retrieval": 0.4055, "code_norm": 0.0, "grad_norm": 73.557, "step": 140, "wall_s": 357.2122}
{"answer": 3.1673, "answer_n": 48.0, "preserve": 0.0062, "preserve_n": 16.0, "retrieval": 0.5101, "code_norm": 0.0, "grad_norm": 69.5162, "step": 150, "wall_s": 372.3161}
{"answer": 2.1951, "answer_n": 53.0, "preserve": 0.0017, "preserve_n": 16.0, "retrieval": 0.3871, "code_norm": 0.0, "grad_norm": 52.0576, "step": 160, "wall_s": 392.9813}
{"answer": 2.4175, "answer_n": 61.0, "preserve": 0.0011, "preserve_n": 16.0, "retrieval": 0.363, "code_norm": 0.0, "grad_norm": 58.2452, "step": 170, "wall_s": 413.5894}
{"answer": 2.4787, "answer_n": 52.0, "preserve": 0.0011, "preserve_n": 16.0, "retrieval": 0.3748, "code_norm": 0.0, "grad_norm": 45.0948, "step": 180, "wall_s": 422.7156}
{"answer": 2.4685, "answer_n": 58.0, "preserve": 0.0069, "preserve_n": 16.5, "retrieval": 0.3639, "code_norm": 0.0, "grad_norm": 67.0346, "step": 190, "wall_s": 434.5573}
{"answer": 2.4567, "answer_n": 50.0, "preserve": 0.0018, "preserve_n": 16.0, "retrieval": 0.4263, "code_norm": 0.0, "grad_norm": 73.31, "step": 200, "wall_s": 443.5868}
{"answer": 2.5833, "answer_n": 48.0, "preserve": 0.0021, "preserve_n": 16.0, "retrieval": 0.365, "code_norm": 0.0, "grad_norm": 63.6686, "step": 210, "wall_s": 452.2677}
{"answer": 2.5921, "answer_n": 42.0, "preserve": 0.0043, "preserve_n": 16.0, "retrieval": 0.408, "code_norm": 0.0, "grad_norm": 70.7822, "step": 220, "wall_s": 457.735}
{"answer": 3.0195, "answer_n": 50.0, "preserve": 0.0005, "preserve_n": 16.0, "retrieval": 0.3784, "code_norm": 0.0, "grad_norm": 95.7525, "step": 230, "wall_s": 459.6874}
{"answer": 3.0945, "answer_n": 41.0, "preserve": 0.0832, "preserve_n": 16.5, "retrieval": 0.3284, "code_norm": 0.0, "grad_norm": 77.6322, "step": 240, "wall_s": 470.9817}
{"answer": 3.0936, "answer_n": 59.0, "preserve": 0.0002, "preserve_n": 16.0, "retrieval": 0.4132, "code_norm": 0.0, "grad_norm": 86.6514, "step": 250, "wall_s": 473.4921}
{"answer": 1.9936, "answer_n": 48.0, "preserve": 0.0956, "preserve_n": 16.0, "retrieval": 0.3121, "code_norm": 0.0, "grad_norm": 101.7755, "step": 260, "wall_s": 485.0598}
{"answer": 2.9471, "answer_n": 45.0, "preserve": 0.0005, "preserve_n": 16.0, "retrieval": 0.2039, "code_norm": 0.0, "grad_norm": 59.3231, "step": 270, "wall_s": 487.0078}
{"answer": 2.4038, "answer_n": 50.0, "preserve": 0.0422, "preserve_n": 16.5, "retrieval": 0.2542, "code_norm": 0.0, "grad_norm": 106.3616, "step": 280, "wall_s": 495.7299}
{"answer": 3.1356, "answer_n": 55.0, "preserve": 0.0267, "preserve_n": 16.5, "retrieval": 0.3321, "code_norm": 0.0, "grad_norm": 160.9778, "step": 290, "wall_s": 509.8746}
{"dev_before": {"answer": 5.818485234394975, "answer_n": 55.0, "preserve": 0.007005667392903092, "preserve_n": 15.999999999999998, "retrieval": 7.479749043782552, "code_norm": 0.0}, "dev_after_best": {"answer": 3.174469307963448, "answer_n": 55.0, "preserve": 0.0012343327909078994, "preserve_n": 15.999999999999998, "retrieval": 0.26738230387369794, "code_norm": 0.0}, "best_step": 299, "train_wall_s": 512}
