{"bank": "loaded", "pool": "manifests/revision_v1/train_pool_counterfact_v1.json", "items": 1000, "bank_sha256": "d5a12325376825463a27737ac88f19d5a2712fc0d185805d48ffa3341d6a853b"}
{"bank": "loaded", "pool": "manifests/revision_v1/train_pool_zsre_v1.json", "items": 1000, "bank_sha256": "cde7997956394b99cb539e5e5f3df1395e7f28bc349834e74c42eab2ace71837"}
{"bank": "loaded", "pool": "manifests/revision_v1/train_pool_mquake_v2.json", "items": 1000, "bank_sha256": "a162993806b05f0d639a31b9a6abe679e4b1e58c84ba89914e4b3b371431c648"}
{"text_bank": 1536, "windows": 512, "source": "openwebtext training range [0, 50,001,920)"}
{"answer": 6.0356, "answer_n": 45.0, "preserve": 0.0097, "preserve_n": 16.0, "retrieval": 5.8011, "code_norm": 0.0, "grad_norm": 135.9661, "step": 0, "wall_s": 10.7984}
{"answer": 3.716, "answer_n": 55.0, "preserve": 0.0948, "preserve_n": 16.0, "retrieval": 1.0243, "code_norm": 0.0, "grad_norm": 58.7845, "step": 10, "wall_s": 117.3558}
{"answer": 4.4818, "answer_n": 45.0, "preserve": 0.0355, "preserve_n": 16.0, "retrieval": 0.6068, "code_norm": 0.0, "grad_norm": 194.1948, "step": 20, "wall_s": 162.3912}
{"answer": 3.7837, "answer_n": 44.0, "preserve": 0.0228, "preserve_n": 16.0, "retrieval": 0.7429, "code_norm": 0.0, "grad_norm": 242.6406, "step": 30, "wall_s": 222.632}
{"answer": 2.6372, "answer_n": 53.0, "preserve": 0.0486, "preserve_n": 16.5, "retrieval": 0.5368, "code_norm": 0.0, "grad_norm": 114.0649, "step": 40, "wall_s": 265.8926}
{"answer": 3.4721, "answer_n": 42.0, "preserve": 0.0554, "preserve_n": 16.5, "retrieval": 0.4631, "code_norm": 0.0, "grad_norm": 106.0792, "step": 50, "wall_s": 316.1447}
{"answer": 3.1204, "answer_n": 63.0, "preserve": 0.1805, "preserve_n": 16.0, "retrieval": 0.6123, "code_norm": 0.0, "grad_norm": 76.2641, "step": 60, "wall_s": 328.1978}
{"answer": 3.6763, "answer_n": 44.0, "preserve": 0.2064, "preserve_n": 16.0, "retrieval": 0.6326, "code_norm": 0.0, "grad_norm": 406.8659, "step": 70, "wall_s": 336.3517}
{"answer": 3.3015, "answer_n": 49.0, "preserve": 0.0811, "preserve_n": 16.5, "retrieval": 0.4738, "code_norm": 0.0, "grad_norm": 81.8087, "step": 80, "wall_s": 354.5014}
{"answer": 3.5686, "answer_n": 52.0, "preserve": 0.1582, "preserve_n": 16.0, "retrieval": 0.521, "code_norm": 0.0, "grad_norm": 110.7582, "step": 90, "wall_s": 372.7633}
{"answer": 2.599, "answer_n": 51.0, "preserve": 0.0433, "preserve_n": 16.0, "retrieval": 0.4701, "code_norm": 0.0, "grad_norm": 92.8683, "step": 100, "wall_s": 381.9033}
{"answer": 3.0301, "answer_n": 56.0, "preserve": 0.0341, "preserve_n": 16.5, "retrieval": 0.5496, "code_norm": 0.0, "grad_norm": 67.565, "step": 110, "wall_s": 393.8085}
{"answer": 3.36, "answer_n": 58.0, "preserve": 0.0229, "preserve_n": 16.5, "retrieval": 0.5375, "code_norm": 0.0, "grad_norm": 82.299, "step": 120, "wall_s": 401.8551}
{"answer": 2.6985, "answer_n": 43.0, "preserve": 0.0093, "preserve_n": 16.0, "retrieval": 0.4757, "code_norm": 0.0, "grad_norm": 73.7926, "step": 130, "wall_s": 415.7347}
{"answer": 2.6567, "answer_n": 49.0, "preserve": 0.0002, "preserve_n": 16.0, "retrieval": 0.4707, "code_norm": 0.0, "grad_norm": 90.6642, "step": 140, "wall_s": 427.6907}
{"answer": 2.1133, "answer_n": 57.0, "preserve": 0.0558, "preserve_n": 16.0, "retrieval": 0.3364, "code_norm": 0.0, "grad_norm": 74.6974, "step": 150, "wall_s": 442.4869}
{"answer": 3.2242, "answer_n": 55.0, "preserve": 0.0004, "preserve_n": 16.0, "retrieval": 0.3325, "code_norm": 0.0, "grad_norm": 133.761, "step": 160, "wall_s": 453.8872}
{"answer": 2.7931, "answer_n": 54.0, "preserve": 0.0822, "preserve_n": 16.0, "retrieval": 0.3993, "code_norm": 0.0, "grad_norm": 118.9545, "step": 170, "wall_s": 461.4381}
{"answer": 2.203, "answer_n": 65.0, "preserve": 0.0492, "preserve_n": 16.0, "retrieval": 0.3483, "code_norm": 0.0, "grad_norm": 94.3485, "step": 180, "wall_s": 463.4768}
{"answer": 2.4655, "answer_n": 42.0, "preserve": 0.0498, "preserve_n": 16.0, "retrieval": 0.3405, "code_norm": 0.0, "grad_norm": 60.1772, "step": 190, "wall_s": 465.4285}
{"answer": 2.5621, "answer_n": 56.0, "preserve": 0.0174, "preserve_n": 16.0, "retrieval": 0.6167, "code_norm": 0.0, "grad_norm": 64.0922, "step": 200, "wall_s": 467.8804}
{"answer": 3.2075, "answer_n": 56.0, "preserve": 0.0254, "preserve_n": 16.0, "retrieval": 0.3305, "code_norm": 0.0, "grad_norm": 62.4219, "step": 210, "wall_s": 472.9073}
{"answer": 3.248, "answer_n": 51.0, "preserve": 0.0059, "preserve_n": 16.0, "retrieval": 0.2561, "code_norm": 0.0, "grad_norm": 100.5092, "step": 220, "wall_s": 484.8923}
{"answer": 2.0749, "answer_n": 45.0, "preserve": 0.0062, "preserve_n": 16.0, "retrieval": 0.3334, "code_norm": 0.0, "grad_norm": 64.2119, "step": 230, "wall_s": 486.813}
{"answer": 3.1469, "answer_n": 53.0, "preserve": 0.0015, "preserve_n": 16.0, "retrieval": 0.4242, "code_norm": 0.0, "grad_norm": 73.0964, "step": 240, "wall_s": 488.729}
{"answer": 2.0748, "answer_n": 45.0, "preserve": 0.0018, "preserve_n": 16.0, "retrieval": 0.2812, "code_norm": 0.0, "grad_norm": 63.5627, "step": 250, "wall_s": 491.151}
{"answer": 2.2599, "answer_n": 49.0, "preserve": 0.0004, "preserve_n": 16.0, "retrieval": 0.3913, "code_norm": 0.0, "grad_norm": 123.8626, "step": 260, "wall_s": 499.5069}
{"answer": 2.8803, "answer_n": 64.0, "preserve": 0.079, "preserve_n": 16.0, "retrieval": 0.3277, "code_norm": 0.0, "grad_norm": 228.3312, "step": 270, "wall_s": 504.6153}
{"answer": 2.7123, "answer_n": 53.0, "preserve": 0.0317, "preserve_n": 16.5, "retrieval": 0.2043, "code_norm": 0.0, "grad_norm": 67.9049, "step": 280, "wall_s": 516.0756}
{"answer": 2.5564, "answer_n": 69.0, "preserve": 0.013, "preserve_n": 16.5, "retrieval": 0.3004, "code_norm": 0.0, "grad_norm": 83.8734, "step": 290, "wall_s": 527.5916}
{"dev_before": {"answer": 6.254507076145044, "answer_n": 49.00000000000001, "preserve": 0.008953743007498582, "preserve_n": 16.333333333333332, "retrieval": 5.816062927246094, "code_norm": 0.0}, "dev_after_best": {"answer": 3.252235550250423, "answer_n": 49.00000000000001, "preserve": 0.023686492755283933, "preserve_n": 16.333333333333332, "retrieval": 0.32147598266601557, "code_norm": 0.0}, "best_step": 249, "train_wall_s": 533}
