{"bank": "loaded", "pool": "manifests/revision_v1/train_pool_counterfact_v1.json", "items": 1000, "bank_sha256": "d5a12325376825463a27737ac88f19d5a2712fc0d185805d48ffa3341d6a853b"}
{"bank": "loaded", "pool": "manifests/revision_v1/train_pool_zsre_v1.json", "items": 1000, "bank_sha256": "cde7997956394b99cb539e5e5f3df1395e7f28bc349834e74c42eab2ace71837"}
{"bank": "loaded", "pool": "manifests/revision_v1/train_pool_mquake_v2.json", "items": 1000, "bank_sha256": "a162993806b05f0d639a31b9a6abe679e4b1e58c84ba89914e4b3b371431c648"}
{"text_bank": 1536, "windows": 512, "source": "openwebtext training range [0, 50,001,920)"}
{"answer": 5.4569, "answer_n": 54.0, "preserve": 0.0145, "preserve_n": 16.5, "retrieval": 6.5631, "code_norm": 0.0, "grad_norm": 155.9453, "step": 0, "wall_s": 16.4181}
{"answer": 3.9888, "answer_n": 52.0, "preserve": 0.1454, "preserve_n": 16.5, "retrieval": 0.7691, "code_norm": 0.0, "grad_norm": 81.3506, "step": 10, "wall_s": 118.1995}
{"answer": 3.8675, "answer_n": 45.0, "preserve": 0.0776, "preserve_n": 16.0, "retrieval": 0.7044, "code_norm": 0.0, "grad_norm": 78.051, "step": 20, "wall_s": 162.0159}
{"answer": 3.5709, "answer_n": 43.0, "preserve": 0.0619, "preserve_n": 16.0, "retrieval": 0.7156, "code_norm": 0.0, "grad_norm": 64.6114, "step": 30, "wall_s": 194.8704}
{"answer": 2.8665, "answer_n": 57.0, "preserve": 0.155, "preserve_n": 16.0, "retrieval": 0.9205, "code_norm": 0.0, "grad_norm": 40.889, "step": 40, "wall_s": 234.4667}
{"answer": 3.4335, "answer_n": 44.0, "preserve": 0.1557, "preserve_n": 16.0, "retrieval": 0.4856, "code_norm": 0.0, "grad_norm": 42.2608, "step": 50, "wall_s": 264.2476}
{"answer": 2.9205, "answer_n": 46.0, "preserve": 0.1259, "preserve_n": 16.0, "retrieval": 0.5403, "code_norm": 0.0, "grad_norm": 100.1265, "step": 60, "wall_s": 273.0439}
{"answer": 3.1, "answer_n": 46.0, "preserve": 0.0236, "preserve_n": 16.0, "retrieval": 0.4686, "code_norm": 0.0, "grad_norm": 66.1562, "step": 70, "wall_s": 298.7006}
{"answer": 2.9132, "answer_n": 51.0, "preserve": 0.007, "preserve_n": 16.0, "retrieval": 0.5675, "code_norm": 0.0, "grad_norm": 98.0371, "step": 80, "wall_s": 310.9039}
{"answer": 3.4952, "answer_n": 50.0, "preserve": 0.1057, "preserve_n": 16.5, "retrieval": 0.4437, "code_norm": 0.0, "grad_norm": 64.5073, "step": 90, "wall_s": 324.8184}
{"answer": 3.0777, "answer_n": 50.0, "preserve": 0.0217, "preserve_n": 16.0, "retrieval": 0.51, "code_norm": 0.0, "grad_norm": 227.692, "step": 100, "wall_s": 343.2785}
{"answer": 3.2145, "answer_n": 49.0, "preserve": 0.0006, "preserve_n": 16.0, "retrieval": 0.6958, "code_norm": 0.0, "grad_norm": 99.5064, "step": 110, "wall_s": 360.987}
{"answer": 3.0732, "answer_n": 44.0, "preserve": 0.0972, "preserve_n": 16.0, "retrieval": 0.3985, "code_norm": 0.0, "grad_norm": 65.3348, "step": 120, "wall_s": 369.5546}
{"answer": 3.9908, "answer_n": 54.0, "preserve": 0.0076, "preserve_n": 16.0, "retrieval": 0.4, "code_norm": 0.0, "grad_norm": 91.2672, "step": 130, "wall_s": 381.4363}
{"answer": 3.8565, "answer_n": 58.0, "preserve": 0.0019, "preserve_n": 16.0, "retrieval": 0.4114, "code_norm": 0.0, "grad_norm": 115.8078, "step": 140, "wall_s": 393.1332}
{"answer": 2.675, "answer_n": 46.0, "preserve": 0.2557, "preserve_n": 16.0, "retrieval": 0.5993, "code_norm": 0.0, "grad_norm": 75.1524, "step": 150, "wall_s": 403.4114}
{"answer": 2.2678, "answer_n": 46.0, "preserve": 0.0571, "preserve_n": 16.0, "retrieval": 0.2706, "code_norm": 0.0, "grad_norm": 66.9834, "step": 160, "wall_s": 411.3803}
{"answer": 2.7555, "answer_n": 42.0, "preserve": 0.0555, "preserve_n": 16.5, "retrieval": 0.3582, "code_norm": 0.0, "grad_norm": 49.0955, "step": 170, "wall_s": 416.0742}
{"answer": 3.62, "answer_n": 56.0, "preserve": 0.0074, "preserve_n": 16.5, "retrieval": 0.4691, "code_norm": 0.0, "grad_norm": 82.5126, "step": 180, "wall_s": 423.9676}
{"answer": 2.6136, "answer_n": 49.0, "preserve": 0.0006, "preserve_n": 16.0, "retrieval": 0.342, "code_norm": 0.0, "grad_norm": 73.4072, "step": 190, "wall_s": 425.9367}
{"answer": 3.4917, "answer_n": 67.0, "preserve": 0.0277, "preserve_n": 16.0, "retrieval": 0.3343, "code_norm": 0.0, "grad_norm": 70.1784, "step": 200, "wall_s": 431.9192}
{"answer": 3.1413, "answer_n": 56.0, "preserve": 0.0411, "preserve_n": 16.5, "retrieval": 0.2415, "code_norm": 0.0, "grad_norm": 190.1744, "step": 210, "wall_s": 443.8456}
{"answer": 3.1307, "answer_n": 41.0, "preserve": 0.1964, "preserve_n": 16.0, "retrieval": 0.3875, "code_norm": 0.0, "grad_norm": 239.7753, "step": 220, "wall_s": 452.003}
{"answer": 3.1257, "answer_n": 51.0, "preserve": 0.0021, "preserve_n": 16.0, "retrieval": 0.221, "code_norm": 0.0, "grad_norm": 73.7519, "step": 230, "wall_s": 458.564}
{"answer": 2.3668, "answer_n": 51.0, "preserve": 0.0103, "preserve_n": 16.0, "retrieval": 0.3247, "code_norm": 0.0, "grad_norm": 72.7356, "step": 240, "wall_s": 467.2677}
{"answer": 2.3692, "answer_n": 52.0, "preserve": 0.0289, "preserve_n": 16.0, "retrieval": 0.32, "code_norm": 0.0, "grad_norm": 44.8808, "step": 250, "wall_s": 484.3533}
{"answer": 2.934, "answer_n": 57.0, "preserve": 0.0032, "preserve_n": 17.0, "retrieval": 0.243, "code_norm": 0.0, "grad_norm": 146.8576, "step": 260, "wall_s": 486.2989}
{"answer": 2.7006, "answer_n": 54.0, "preserve": 0.2124, "preserve_n": 16.0, "retrieval": 0.3298, "code_norm": 0.0, "grad_norm": 184.9128, "step": 270, "wall_s": 491.7863}
{"answer": 2.9299, "answer_n": 45.0, "preserve": 0.0012, "preserve_n": 16.0, "retrieval": 0.4901, "code_norm": 0.0, "grad_norm": 151.8465, "step": 280, "wall_s": 493.7044}
{"answer": 1.9026, "answer_n": 47.0, "preserve": 0.0059, "preserve_n": 16.0, "retrieval": 0.3391, "code_norm": 0.0, "grad_norm": 82.8417, "step": 290, "wall_s": 502.0617}
{"dev_before": {"answer": 5.8546526859715, "answer_n": 52.0, "preserve": 0.01429972732177132, "preserve_n": 16.166666666666664, "retrieval": 6.69732411702474, "code_norm": 0.0}, "dev_after_best": {"answer": 2.8153359662858066, "answer_n": 52.0, "preserve": 0.024255758154693326, "preserve_n": 16.166666666666664, "retrieval": 0.2526868184407552, "code_norm": 0.0}, "best_step": 249, "train_wall_s": 510}
