{"bank": "loaded", "pool": "manifests/revision_v1/train_pool_counterfact_v1.json", "items": 1000, "bank_sha256": "d5a12325376825463a27737ac88f19d5a2712fc0d185805d48ffa3341d6a853b"}
{"bank": "loaded", "pool": "manifests/revision_v1/train_pool_zsre_v1.json", "items": 1000, "bank_sha256": "cde7997956394b99cb539e5e5f3df1395e7f28bc349834e74c42eab2ace71837"}
{"bank": "loaded", "pool": "manifests/revision_v1/train_pool_mquake_v1.json", "items": 500, "bank_sha256": "155e2ccd21b0fbec30afc1d3db662ce0844c4420fa5f6b674493fa984075dbde"}
{"text_bank": 1536, "windows": 512, "source": "openwebtext training range [0, 50,001,920)"}
{"answer": 5.9344, "answer_n": 50.0, "preserve": 0.0144, "preserve_n": 16.0, "retrieval": 6.6808, "code_norm": 0.0, "grad_norm": 144.1166, "step": 0, "wall_s": 18.8161}
{"answer": 3.765, "answer_n": 39.0, "preserve": 0.0493, "preserve_n": 16.0, "retrieval": 0.7235, "code_norm": 0.0, "grad_norm": 50.2541, "step": 10, "wall_s": 134.1782}
{"answer": 2.9509, "answer_n": 41.0, "preserve": 0.0795, "preserve_n": 16.0, "retrieval": 0.5751, "code_norm": 0.0, "grad_norm": 45.7388, "step": 20, "wall_s": 210.6747}
{"answer": 3.2526, "answer_n": 38.0, "preserve": 0.0536, "preserve_n": 16.5, "retrieval": 0.5739, "code_norm": 0.0, "grad_norm": 82.1444, "step": 30, "wall_s": 260.2976}
{"answer": 3.3974, "answer_n": 47.0, "preserve": 0.0078, "preserve_n": 16.5, "retrieval": 0.4833, "code_norm": 0.0, "grad_norm": 67.2583, "step": 40, "wall_s": 317.7629}
{"answer": 3.0609, "answer_n": 48.0, "preserve": 0.0957, "preserve_n": 16.0, "retrieval": 0.6393, "code_norm": 0.0, "grad_norm": 55.054, "step": 50, "wall_s": 349.9016}
{"answer": 3.5623, "answer_n": 49.0, "preserve": 0.035, "preserve_n": 16.0, "retrieval": 0.407, "code_norm": 0.0, "grad_norm": 93.8546, "step": 60, "wall_s": 371.5259}
{"answer": 3.7144, "answer_n": 44.0, "preserve": 0.0097, "preserve_n": 16.0, "retrieval": 0.5077, "code_norm": 0.0, "grad_norm": 135.6839, "step": 70, "wall_s": 380.6532}
{"answer": 3.0259, "answer_n": 43.0, "preserve": 0.0082, "preserve_n": 16.5, "retrieval": 0.4773, "code_norm": 0.0, "grad_norm": 96.1968, "step": 80, "wall_s": 404.514}
{"answer": 2.9781, "answer_n": 58.0, "preserve": 0.0241, "preserve_n": 16.0, "retrieval": 0.5392, "code_norm": 0.0, "grad_norm": 85.1782, "step": 90, "wall_s": 423.7953}
{"answer": 3.1714, "answer_n": 46.0, "preserve": 0.0006, "preserve_n": 16.5, "retrieval": 0.4312, "code_norm": 0.0, "grad_norm": 94.1825, "step": 100, "wall_s": 433.7666}
{"answer": 2.4932, "answer_n": 48.0, "preserve": 0.0327, "preserve_n": 16.5, "retrieval": 0.5407, "code_norm": 0.0, "grad_norm": 55.2563, "step": 110, "wall_s": 439.5911}
{"answer": 3.3149, "answer_n": 44.0, "preserve": 0.029, "preserve_n": 16.0, "retrieval": 0.3856, "code_norm": 0.0, "grad_norm": 69.1977, "step": 120, "wall_s": 452.3629}
{"answer": 3.2738, "answer_n": 50.0, "preserve": 0.0019, "preserve_n": 16.5, "retrieval": 0.6133, "code_norm": 0.0, "grad_norm": 71.737, "step": 130, "wall_s": 465.2119}
{"answer": 3.4471, "answer_n": 43.0, "preserve": 0.0002, "preserve_n": 16.5, "retrieval": 0.7345, "code_norm": 0.0, "grad_norm": 294.7907, "step": 140, "wall_s": 477.5555}
{"answer": 2.5303, "answer_n": 57.0, "preserve": 0.0027, "preserve_n": 16.0, "retrieval": 0.3662, "code_norm": 0.0, "grad_norm": 83.4884, "step": 150, "wall_s": 495.3151}
{"answer": 2.299, "answer_n": 47.0, "preserve": 0.065, "preserve_n": 16.0, "retrieval": 0.4853, "code_norm": 0.0, "grad_norm": 51.7955, "step": 160, "wall_s": 501.2844}
{"answer": 2.5921, "answer_n": 39.0, "preserve": 0.0435, "preserve_n": 16.0, "retrieval": 0.3881, "code_norm": 0.0, "grad_norm": 71.7075, "step": 170, "wall_s": 511.1314}
{"answer": 3.6147, "answer_n": 44.0, "preserve": 0.0091, "preserve_n": 16.0, "retrieval": 0.2632, "code_norm": 0.0, "grad_norm": 71.8089, "step": 180, "wall_s": 521.0162}
{"answer": 2.008, "answer_n": 42.0, "preserve": 0.0025, "preserve_n": 16.0, "retrieval": 0.3376, "code_norm": 0.0, "grad_norm": 103.0311, "step": 190, "wall_s": 539.0269}
{"answer": 3.1465, "answer_n": 46.0, "preserve": 0.0011, "preserve_n": 16.0, "retrieval": 0.4144, "code_norm": 0.0, "grad_norm": 69.9603, "step": 200, "wall_s": 548.9813}
{"answer": 2.3364, "answer_n": 38.0, "preserve": 0.0053, "preserve_n": 16.0, "retrieval": 0.2848, "code_norm": 0.0, "grad_norm": 64.9203, "step": 210, "wall_s": 572.6927}
{"answer": 3.0116, "answer_n": 56.0, "preserve": 0.0002, "preserve_n": 16.5, "retrieval": 0.3344, "code_norm": 0.0, "grad_norm": 112.7162, "step": 220, "wall_s": 578.5768}
{"answer": 2.3005, "answer_n": 38.0, "preserve": 0.0146, "preserve_n": 16.0, "retrieval": 0.5386, "code_norm": 0.0, "grad_norm": 59.1528, "step": 230, "wall_s": 584.4379}
{"answer": 2.8541, "answer_n": 65.0, "preserve": 0.0083, "preserve_n": 16.0, "retrieval": 0.3026, "code_norm": 0.0, "grad_norm": 85.7027, "step": 240, "wall_s": 589.524}
{"answer": 2.9761, "answer_n": 41.0, "preserve": 0.0959, "preserve_n": 16.0, "retrieval": 0.3692, "code_norm": 0.0, "grad_norm": 191.9488, "step": 250, "wall_s": 600.4117}
{"answer": 2.2751, "answer_n": 40.0, "preserve": 0.0076, "preserve_n": 16.0, "retrieval": 0.3222, "code_norm": 0.0, "grad_norm": 80.5541, "step": 260, "wall_s": 609.7261}
{"answer": 2.4734, "answer_n": 41.0, "preserve": 0.0003, "preserve_n": 16.0, "retrieval": 0.2323, "code_norm": 0.0, "grad_norm": 80.8052, "step": 270, "wall_s": 622.0492}
{"answer": 2.4769, "answer_n": 42.0, "preserve": 0.0326, "preserve_n": 16.0, "retrieval": 0.1478, "code_norm": 0.0, "grad_norm": 81.5986, "step": 280, "wall_s": 625.2369}
{"answer": 2.2608, "answer_n": 65.0, "preserve": 0.0009, "preserve_n": 16.0, "retrieval": 0.2378, "code_norm": 0.0, "grad_norm": 64.6212, "step": 290, "wall_s": 628.5529}
{"dev_before": {"answer": 5.086804375898191, "answer_n": 59.0, "preserve": 0.014128884897503417, "preserve_n": 16.166666666666664, "retrieval": 6.8002370198567705, "code_norm": 0.0}, "dev_after_best": {"answer": 2.6661444785888198, "answer_n": 59.0, "preserve": 0.07494700290222753, "preserve_n": 16.166666666666664, "retrieval": 0.26774851481119794, "code_norm": 0.0}, "best_step": 249, "train_wall_s": 637}
