{"bank": "loaded", "pool": "manifests/revision_v1/train_pool_counterfact_v1.json", "items": 1000, "bank_sha256": "d5a12325376825463a27737ac88f19d5a2712fc0d185805d48ffa3341d6a853b"}
{"bank": "loaded", "pool": "manifests/revision_v1/train_pool_zsre_v1.json", "items": 1000, "bank_sha256": "cde7997956394b99cb539e5e5f3df1395e7f28bc349834e74c42eab2ace71837"}
{"bank": "loaded", "pool": "manifests/revision_v1/train_pool_mquake_v3.json", "items": 500, "bank_sha256": "155e2ccd21b0fbec30afc1d3db662ce0844c4420fa5f6b674493fa984075dbde"}
{"text_bank": 1536, "windows": 512, "source": "openwebtext training range [0, 50,001,920)"}
{"answer": 5.9614, "answer_n": 49.0, "preserve": 0.0055, "preserve_n": 16.0, "retrieval": 7.496, "code_norm": 0.0, "grad_norm": 150.7322, "step": 0, "wall_s": 25.6571}
{"answer": 3.7519, "answer_n": 45.0, "preserve": 0.164, "preserve_n": 16.0, "retrieval": 0.7809, "code_norm": 0.0, "grad_norm": 74.0733, "step": 10, "wall_s": 82.9911}
{"answer": 3.8943, "answer_n": 53.0, "preserve": 0.1086, "preserve_n": 16.0, "retrieval": 0.7626, "code_norm": 0.0, "grad_norm": 55.8313, "step": 20, "wall_s": 108.496}
{"answer": 3.7384, "answer_n": 52.0, "preserve": 0.0379, "preserve_n": 16.5, "retrieval": 0.7225, "code_norm": 0.0, "grad_norm": 83.1549, "step": 30, "wall_s": 122.8476}
{"answer": 3.813, "answer_n": 55.0, "preserve": 0.0245, "preserve_n": 16.5, "retrieval": 0.4963, "code_norm": 0.0, "grad_norm": 49.1319, "step": 40, "wall_s": 132.3397}
{"answer": 2.6969, "answer_n": 39.0, "preserve": 0.1037, "preserve_n": 16.5, "retrieval": 0.5409, "code_norm": 0.0, "grad_norm": 45.544, "step": 50, "wall_s": 178.2169}
{"answer": 2.966, "answer_n": 61.0, "preserve": 0.0225, "preserve_n": 16.5, "retrieval": 0.3698, "code_norm": 0.0, "grad_norm": 62.936, "step": 60, "wall_s": 242.9077}
{"answer": 3.3735, "answer_n": 42.0, "preserve": 0.0221, "preserve_n": 16.0, "retrieval": 0.5193, "code_norm": 0.0, "grad_norm": 90.3077, "step": 70, "wall_s": 262.3545}
{"answer": 3.4602, "answer_n": 54.0, "preserve": 0.0722, "preserve_n": 16.0, "retrieval": 0.4322, "code_norm": 0.0, "grad_norm": 101.8241, "step": 80, "wall_s": 276.4618}
{"answer": 3.738, "answer_n": 53.0, "preserve": 0.003, "preserve_n": 16.5, "retrieval": 0.57, "code_norm": 0.0, "grad_norm": 101.6567, "step": 90, "wall_s": 283.8775}
{"answer": 3.6939, "answer_n": 45.0, "preserve": 0.0048, "preserve_n": 16.0, "retrieval": 0.4876, "code_norm": 0.0, "grad_norm": 60.0071, "step": 100, "wall_s": 354.7355}
{"answer": 3.2292, "answer_n": 49.0, "preserve": 0.0064, "preserve_n": 16.5, "retrieval": 0.4719, "code_norm": 0.0, "grad_norm": 63.3576, "step": 110, "wall_s": 425.0782}
{"answer": 3.3635, "answer_n": 59.0, "preserve": 0.0276, "preserve_n": 16.5, "retrieval": 0.3237, "code_norm": 0.0, "grad_norm": 95.7521, "step": 120, "wall_s": 450.0946}
{"answer": 2.9917, "answer_n": 40.0, "preserve": 0.1928, "preserve_n": 16.5, "retrieval": 0.599, "code_norm": 0.0, "grad_norm": 126.3988, "step": 130, "wall_s": 468.8109}
{"answer": 2.899, "answer_n": 49.0, "preserve": 0.032, "preserve_n": 16.0, "retrieval": 0.3305, "code_norm": 0.0, "grad_norm": 78.4397, "step": 140, "wall_s": 475.9982}
{"answer": 3.0228, "answer_n": 58.0, "preserve": 0.0041, "preserve_n": 16.5, "retrieval": 0.4369, "code_norm": 0.0, "grad_norm": 68.1304, "step": 150, "wall_s": 559.6502}
{"answer": 2.6132, "answer_n": 51.0, "preserve": 0.0019, "preserve_n": 16.5, "retrieval": 0.462, "code_norm": 0.0, "grad_norm": 159.1004, "step": 160, "wall_s": 641.9733}
{"answer": 3.1726, "answer_n": 47.0, "preserve": 0.1664, "preserve_n": 16.0, "retrieval": 0.4032, "code_norm": 0.0, "grad_norm": 100.727, "step": 170, "wall_s": 649.5963}
{"answer": 2.6226, "answer_n": 50.0, "preserve": 0.0002, "preserve_n": 16.0, "retrieval": 0.451, "code_norm": 0.0, "grad_norm": 126.6634, "step": 180, "wall_s": 667.0793}
{"answer": 2.8681, "answer_n": 47.0, "preserve": 0.1575, "preserve_n": 16.5, "retrieval": 0.375, "code_norm": 0.0, "grad_norm": 79.5489, "step": 190, "wall_s": 674.3095}
{"answer": 2.3852, "answer_n": 46.0, "preserve": 0.1302, "preserve_n": 16.0, "retrieval": 0.583, "code_norm": 0.0, "grad_norm": 113.4896, "step": 200, "wall_s": 743.4269}
{"answer": 2.255, "answer_n": 48.0, "preserve": 0.0984, "preserve_n": 16.5, "retrieval": 0.2669, "code_norm": 0.0, "grad_norm": 84.514, "step": 210, "wall_s": 823.7315}
{"answer": 2.5297, "answer_n": 46.0, "preserve": 0.0019, "preserve_n": 16.0, "retrieval": 0.3733, "code_norm": 0.0, "grad_norm": 66.0433, "step": 220, "wall_s": 842.003}
{"answer": 3.136, "answer_n": 51.0, "preserve": 0.0456, "preserve_n": 16.5, "retrieval": 0.3274, "code_norm": 0.0, "grad_norm": 204.0135, "step": 230, "wall_s": 854.5693}
{"answer": 2.1548, "answer_n": 49.0, "preserve": 0.0032, "preserve_n": 16.5, "retrieval": 0.4087, "code_norm": 0.0, "grad_norm": 209.9193, "step": 240, "wall_s": 860.2112}
{"answer": 2.0077, "answer_n": 38.0, "preserve": 0.0005, "preserve_n": 16.5, "retrieval": 0.3584, "code_norm": 0.0, "grad_norm": 61.7605, "step": 250, "wall_s": 939.6651}
{"answer": 2.2752, "answer_n": 49.0, "preserve": 0.0022, "preserve_n": 16.0, "retrieval": 0.4733, "code_norm": 0.0, "grad_norm": 102.2377, "step": 260, "wall_s": 1013.5627}
{"answer": 2.433, "answer_n": 46.0, "preserve": 0.0078, "preserve_n": 16.0, "retrieval": 0.4047, "code_norm": 0.0, "grad_norm": 63.9046, "step": 270, "wall_s": 1035.3294}
{"answer": 1.7147, "answer_n": 34.0, "preserve": 0.0008, "preserve_n": 16.0, "retrieval": 0.252, "code_norm": 0.0, "grad_norm": 68.1694, "step": 280, "wall_s": 1049.6771}
{"answer": 2.6431, "answer_n": 54.0, "preserve": 0.0007, "preserve_n": 17.0, "retrieval": 0.2812, "code_norm": 0.0, "grad_norm": 95.8934, "step": 290, "wall_s": 1054.0163}
{"dev_before": {"answer": 5.908689213972918, "answer_n": 52.33333333333333, "preserve": 0.0069454171430543, "preserve_n": 15.999999999999998, "retrieval": 7.415766398111979, "code_norm": 0.0}, "dev_after_best": {"answer": 2.9326660668434905, "answer_n": 52.33333333333333, "preserve": 0.0014029594368049443, "preserve_n": 15.999999999999998, "retrieval": 0.23972193400065106, "code_norm": 0.0}, "best_step": 299, "train_wall_s": 1103}
