Admitted 300 cells; 3 reader cells pending
Analyzed 1/300: stage4/counterfact/R1_learned_ff/0/100/None
Analyzed 11/300: stage4/counterfact/R1_learned_ff/2/100/None
Analyzed 21/300: stage4/zsre/R1_learned_ff/1/100/None
Analyzed 31/300: stage4/counterfact/R1_nonlearned/0/100/None
Analyzed 41/300: stage4/counterfact/R1_nonlearned/2/100/None
Analyzed 51/300: stage4/zsre/R1_nonlearned/1/100/None
Analyzed 61/300: stage4/counterfact/S1_LM/0/100/None
Analyzed 71/300: stage4/counterfact/S1_LM/2/100/None
Analyzed 81/300: stage4/zsre/S1_LM/1/100/None
Analyzed 91/300: stage4/zsre/S1_literal/0/100/None
Analyzed 101/300: stage4/zsre/S1_literal/2/100/None
Analyzed 111/300: stage4/counterfact/matched_update/1/100/None
Analyzed 121/300: stage4/zsre/matched_update/0/100/None
Analyzed 131/300: stage4/zsre/matched_update/2/100/None
Analyzed 141/300: stage4/counterfact/v0_live_C1/1/100/None
Analyzed 151/300: stage4/zsre/v0_live_C1/0/100/None
Analyzed 161/300: stage4/zsre/v0_live_C1/2/100/None
Analyzed 171/300: stage4/counterfact/v0_live_C2/1/100/None
Analyzed 181/300: stage4/zsre/v0_live_C2/0/100/None
Analyzed 191/300: stage4/zsre/v0_live_C2/2/100/None
Analyzed 201/300: stage4/counterfact/v0_stable/1/100/None
Analyzed 211/300: stage4/zsre/v0_stable/0/100/None
Analyzed 221/300: stage4/zsre/v0_stable/2/100/None
Analyzed 231/300: AW-B/counterfact/v5/0/101/None
Analyzed 241/300: AW-B/zsre/capoff/0/100/None
Analyzed 251/300: AW-B/zsre/mixture:0.367879/0/103/None
Analyzed 261/300: PC-reader/counterfact/bp/0/100/2
Analyzed 271/300: kappa-pilot/zsre/ordinary/None/21/2
Analyzed 281/300: kappa-pilot/counterfact/kappa02/None/21/2
Analyzed 291/300: kappa-pilot/mquake/kappa05/None/21/2
{"cells": 300, "wall_seconds": 89.95649545895867, "output": "/home/derp/cap/pc_cap/logs/additional_work/reproductions/round60-final/ht17", "code_sha256": "c35a654e1c49808d099df1bde9e35c50a4a61b285a443b1c3bd686c111ab1055"}
