{"split": "train", "episodes": 8, "skipped": 0}
{"split": "dev", "episodes": 32, "skipped": 0}
{"answer": 6.7705, "answer_n": 8.0, "preserve": 0.0073, "preserve_n": 4.0, "retrieval": 6.3596, "code_norm": 0.0, "grad_norm": 45.1646, "step": 0, "wall_s": 14.4715}
{"answer": 2.8621, "answer_n": 8.0, "preserve": 0.6571, "preserve_n": 4.0, "retrieval": 1.3448, "code_norm": 0.0, "grad_norm": 20.579, "step": 10, "wall_s": 138.0555}
{"answer": 3.2109, "answer_n": 8.0, "preserve": 0.5199, "preserve_n": 4.0, "retrieval": 0.9528, "code_norm": 0.0, "grad_norm": 12.6166, "step": 20, "wall_s": 267.1214}
{"answer": 2.9089, "answer_n": 8.0, "preserve": 0.4553, "preserve_n": 4.0, "retrieval": 1.1638, "code_norm": 0.0, "grad_norm": 12.2613, "step": 30, "wall_s": 402.5591}
{"answer": 3.5443, "answer_n": 8.0, "preserve": 0.7149, "preserve_n": 4.0, "retrieval": 0.9361, "code_norm": 0.0, "grad_norm": 12.0391, "step": 40, "wall_s": 531.0093}
{"answer": 2.8879, "answer_n": 8.0, "preserve": 0.2029, "preserve_n": 4.0, "retrieval": 1.1645, "code_norm": 0.0, "grad_norm": 18.8577, "step": 50, "wall_s": 760.7661}
{"answer": 2.9205, "answer_n": 8.0, "preserve": 0.3399, "preserve_n": 4.0, "retrieval": 0.688, "code_norm": 0.0, "grad_norm": 17.1016, "step": 60, "wall_s": 885.9098}
{"answer": 2.7714, "answer_n": 8.0, "preserve": 0.185, "preserve_n": 4.0, "retrieval": 0.893, "code_norm": 0.0, "grad_norm": 18.0005, "step": 70, "wall_s": 1015.6317}
{"answer": 2.3915, "answer_n": 8.0, "preserve": 0.7201, "preserve_n": 4.0, "retrieval": 1.287, "code_norm": 0.0, "grad_norm": 21.9393, "step": 80, "wall_s": 1146.0591}
{"answer": 2.6573, "answer_n": 8.0, "preserve": 0.3626, "preserve_n": 4.0, "retrieval": 0.7169, "code_norm": 0.0, "grad_norm": 8.587, "step": 90, "wall_s": 1279.9993}
{"answer": 2.0098, "answer_n": 8.0, "preserve": 0.3442, "preserve_n": 4.0, "retrieval": 0.9164, "code_norm": 0.0, "grad_norm": 12.305, "step": 100, "wall_s": 1509.3798}
{"answer": 2.3757, "answer_n": 8.0, "preserve": 0.609, "preserve_n": 4.0, "retrieval": 1.0402, "code_norm": 0.0, "grad_norm": 12.4378, "step": 110, "wall_s": 1635.6834}
{"answer": 2.2949, "answer_n": 8.0, "preserve": 0.2608, "preserve_n": 4.0, "retrieval": 1.018, "code_norm": 0.0, "grad_norm": 15.1063, "step": 120, "wall_s": 1765.1228}
{"answer": 2.1434, "answer_n": 8.0, "preserve": 0.3809, "preserve_n": 4.0, "retrieval": 0.5928, "code_norm": 0.0, "grad_norm": 9.7134, "step": 130, "wall_s": 1891.0831}
{"answer": 2.3859, "answer_n": 8.0, "preserve": 0.2249, "preserve_n": 4.0, "retrieval": 0.858, "code_norm": 0.0, "grad_norm": 15.5486, "step": 140, "wall_s": 2016.344}
{"answer": 2.4309, "answer_n": 8.0, "preserve": 0.1371, "preserve_n": 4.0, "retrieval": 0.8701, "code_norm": 0.0, "grad_norm": 13.5573, "step": 150, "wall_s": 2242.2244}
{"answer": 1.8633, "answer_n": 8.0, "preserve": 0.347, "preserve_n": 4.0, "retrieval": 0.3809, "code_norm": 0.0, "grad_norm": 13.9375, "step": 160, "wall_s": 2365.2432}
{"answer": 2.1788, "answer_n": 8.0, "preserve": 0.5472, "preserve_n": 4.0, "retrieval": 0.8139, "code_norm": 0.0, "grad_norm": 22.8166, "step": 170, "wall_s": 2490.8882}
{"answer": 2.4892, "answer_n": 8.0, "preserve": 0.5976, "preserve_n": 4.0, "retrieval": 0.7501, "code_norm": 0.0, "grad_norm": 17.8048, "step": 180, "wall_s": 2618.0677}
{"answer": 2.0557, "answer_n": 8.0, "preserve": 0.7296, "preserve_n": 4.0, "retrieval": 0.8184, "code_norm": 0.0, "grad_norm": 26.4753, "step": 190, "wall_s": 2746.2554}
{"answer": 2.3085, "answer_n": 8.0, "preserve": 0.4578, "preserve_n": 4.0, "retrieval": 0.6393, "code_norm": 0.0, "grad_norm": 16.1077, "step": 200, "wall_s": 2982.9589}
{"answer": 2.0096, "answer_n": 8.0, "preserve": 0.1812, "preserve_n": 4.0, "retrieval": 0.69, "code_norm": 0.0, "grad_norm": 22.9799, "step": 210, "wall_s": 3117.3952}
{"answer": 2.9876, "answer_n": 8.0, "preserve": 0.1108, "preserve_n": 4.0, "retrieval": 0.7572, "code_norm": 0.0, "grad_norm": 30.7033, "step": 220, "wall_s": 3244.696}
{"answer": 2.0114, "answer_n": 8.0, "preserve": 0.307, "preserve_n": 4.0, "retrieval": 0.6234, "code_norm": 0.0, "grad_norm": 12.072, "step": 230, "wall_s": 3373.1885}
{"answer": 2.3619, "answer_n": 8.0, "preserve": 0.1414, "preserve_n": 4.0, "retrieval": 0.4745, "code_norm": 0.0, "grad_norm": 25.4813, "step": 240, "wall_s": 3502.4251}
{"answer": 2.6065, "answer_n": 8.0, "preserve": 0.2869, "preserve_n": 4.0, "retrieval": 0.7005, "code_norm": 0.0, "grad_norm": 12.4736, "step": 250, "wall_s": 3733.417}
{"answer": 2.5542, "answer_n": 8.0, "preserve": 0.1988, "preserve_n": 4.0, "retrieval": 0.9468, "code_norm": 0.0, "grad_norm": 41.9018, "step": 260, "wall_s": 3861.5064}
{"answer": 2.5234, "answer_n": 8.0, "preserve": 0.3599, "preserve_n": 4.0, "retrieval": 0.5699, "code_norm": 0.0, "grad_norm": 26.8347, "step": 270, "wall_s": 3994.026}
{"answer": 2.1461, "answer_n": 8.0, "preserve": 0.2808, "preserve_n": 4.0, "retrieval": 0.5021, "code_norm": 0.0, "grad_norm": 40.7141, "step": 280, "wall_s": 4123.1029}
{"answer": 2.4197, "answer_n": 8.0, "preserve": 0.7786, "preserve_n": 4.0, "retrieval": 0.9069, "code_norm": 0.0, "grad_norm": 29.9057, "step": 290, "wall_s": 4248.9864}
{"answer": 2.3004, "answer_n": 8.0, "preserve": 0.2281, "preserve_n": 4.0, "retrieval": 0.7419, "code_norm": 0.0, "grad_norm": 20.7455, "step": 300, "wall_s": 4476.5074}
{"answer": 1.8053, "answer_n": 8.0, "preserve": 0.2625, "preserve_n": 4.0, "retrieval": 0.8677, "code_norm": 0.0, "grad_norm": 17.3298, "step": 310, "wall_s": 4597.0234}
{"answer": 2.0827, "answer_n": 8.0, "preserve": 0.197, "preserve_n": 4.0, "retrieval": 0.2218, "code_norm": 0.0, "grad_norm": 12.4268, "step": 320, "wall_s": 4719.4777}
{"answer": 1.8524, "answer_n": 8.0, "preserve": 0.3713, "preserve_n": 4.0, "retrieval": 0.7102, "code_norm": 0.0, "grad_norm": 19.2299, "step": 330, "wall_s": 4847.1242}
{"answer": 2.2012, "answer_n": 8.0, "preserve": 0.1733, "preserve_n": 4.0, "retrieval": 0.7983, "code_norm": 0.0, "grad_norm": 28.8321, "step": 340, "wall_s": 4975.3386}
{"answer": 2.0013, "answer_n": 8.0, "preserve": 0.3797, "preserve_n": 4.0, "retrieval": 0.775, "code_norm": 0.0, "grad_norm": 21.4257, "step": 350, "wall_s": 5196.6828}
{"answer": 2.0829, "answer_n": 8.0, "preserve": 0.2121, "preserve_n": 4.0, "retrieval": 0.4757, "code_norm": 0.0, "grad_norm": 23.3955, "step": 360, "wall_s": 5323.6733}
{"answer": 2.1452, "answer_n": 8.0, "preserve": 0.1883, "preserve_n": 4.0, "retrieval": 0.8296, "code_norm": 0.0, "grad_norm": 37.3356, "step": 370, "wall_s": 5449.9513}
{"answer": 2.3044, "answer_n": 8.0, "preserve": 0.2964, "preserve_n": 4.0, "retrieval": 0.8373, "code_norm": 0.0, "grad_norm": 11.8584, "step": 380, "wall_s": 5577.5128}
{"answer": 2.0819, "answer_n": 8.0, "preserve": 0.1572, "preserve_n": 4.0, "retrieval": 0.7047, "code_norm": 0.0, "grad_norm": 17.1693, "step": 390, "wall_s": 5705.9294}
{"best_dev_answer": 3.354979194700718, "best_step": 399}
{"dev_before": {"answer": 7.835464596748352, "answer_n": 8.0, "preserve": 0.00884530790426652, "preserve_n": 4.0, "retrieval": 6.293776959180832, "code_norm": 0.0}, "dev_after": {"answer": 3.354979194700718, "answer_n": 8.0, "preserve": 0.24452306963075898, "preserve_n": 4.0, "retrieval": 1.0010887393727899, "code_norm": 0.0}, "behavioural_dev": {"new_paraphrase": {"label_exact": 0.0625, "n": 64, "null_mass_mean": 0.008619567513562743, "top1_is_supporting_record": 0.375, "unchanged_from_capoff": null}, "old_fact": {"label_exact": 0.03125, "n": 32, "null_mass_mean": 0.027909894501377153, "top1_is_supporting_record": 0.59375, "unchanged_from_capoff": null}, "near_miss": {"label_exact": 0.0, "n": 32, "null_mass_mean": 0.6988505218178034, "top1_is_supporting_record": 0.0, "unchanged_from_capoff": 0.8125}, "unrelated": {"label_exact": 0.0, "n": 96, "null_mass_mean": 0.729264130971084, "top1_is_supporting_record": 0.0, "unchanged_from_capoff": 0.8020833333333334}}, "train_wall_s": 5920}
