{
  "zsre": {
    "123": {
      "positive_queries": 15,
      "null_queries": 47,
      "forced_retrieval": 1.0,
      "gated_retrieval": 1.0,
      "false_fire": 0.0425531914893617,
      "null_by_role": {
        "locality": {
          "n": 15,
          "false_fire": 0.0
        },
        "outside": {
          "n": 16,
          "false_fire": 0.0625
        },
        "outside_paraphrase": {
          "n": 16,
          "false_fire": 0.0625
        }
      },
      "retrieval_vs_null_auc": 1.0
    },
    "23": {
      "positive_queries": 15,
      "null_queries": 47,
      "forced_retrieval": 1.0,
      "gated_retrieval": 1.0,
      "false_fire": 0.0425531914893617,
      "null_by_role": {
        "locality": {
          "n": 15,
          "false_fire": 0.0
        },
        "outside": {
          "n": 16,
          "false_fire": 0.0625
        },
        "outside_paraphrase": {
          "n": 16,
          "false_fire": 0.0625
        }
      },
      "retrieval_vs_null_auc": 1.0
    },
    "3": {
      "positive_queries": 15,
      "null_queries": 47,
      "forced_retrieval": 1.0,
      "gated_retrieval": 1.0,
      "false_fire": 0.0425531914893617,
      "null_by_role": {
        "locality": {
          "n": 15,
          "false_fire": 0.0
        },
        "outside": {
          "n": 16,
          "false_fire": 0.0625
        },
        "outside_paraphrase": {
          "n": 16,
          "false_fire": 0.0625
        }
      },
      "retrieval_vs_null_auc": 1.0
    },
    "2": {
      "positive_queries": 15,
      "null_queries": 47,
      "forced_retrieval": 1.0,
      "gated_retrieval": 1.0,
      "false_fire": 0.0425531914893617,
      "null_by_role": {
        "locality": {
          "n": 15,
          "false_fire": 0.0
        },
        "outside": {
          "n": 16,
          "false_fire": 0.0625
        },
        "outside_paraphrase": {
          "n": 16,
          "false_fire": 0.0625
        }
      },
      "retrieval_vs_null_auc": 1.0
    },
    "lexical": {
      "positive_queries": 15,
      "null_queries": 47,
      "forced_retrieval": 1.0,
      "gated_retrieval": 1.0,
      "false_fire": 0.0425531914893617,
      "null_by_role": {
        "locality": {
          "n": 15,
          "false_fire": 0.0
        },
        "outside": {
          "n": 16,
          "false_fire": 0.0625
        },
        "outside_paraphrase": {
          "n": 16,
          "false_fire": 0.0625
        }
      },
      "retrieval_vs_null_auc": 1.0
    }
  },
  "counterfact": {
    "123": {
      "positive_queries": 14,
      "null_queries": 35,
      "forced_retrieval": 1.0,
      "gated_retrieval": 1.0,
      "false_fire": 0.17142857142857143,
      "null_by_role": {
        "locality": {
          "n": 14,
          "false_fire": 0.2857142857142857
        },
        "outside": {
          "n": 7,
          "false_fire": 0.0
        },
        "outside_paraphrase": {
          "n": 14,
          "false_fire": 0.14285714285714285
        }
      },
      "retrieval_vs_null_auc": 0.9795918367346939
    },
    "23": {
      "positive_queries": 14,
      "null_queries": 35,
      "forced_retrieval": 1.0,
      "gated_retrieval": 1.0,
      "false_fire": 0.17142857142857143,
      "null_by_role": {
        "locality": {
          "n": 14,
          "false_fire": 0.2857142857142857
        },
        "outside": {
          "n": 7,
          "false_fire": 0.0
        },
        "outside_paraphrase": {
          "n": 14,
          "false_fire": 0.14285714285714285
        }
      },
      "retrieval_vs_null_auc": 0.9795918367346939
    },
    "3": {
      "positive_queries": 14,
      "null_queries": 35,
      "forced_retrieval": 1.0,
      "gated_retrieval": 1.0,
      "false_fire": 0.17142857142857143,
      "null_by_role": {
        "locality": {
          "n": 14,
          "false_fire": 0.2857142857142857
        },
        "outside": {
          "n": 7,
          "false_fire": 0.0
        },
        "outside_paraphrase": {
          "n": 14,
          "false_fire": 0.14285714285714285
        }
      },
      "retrieval_vs_null_auc": 0.9795918367346939
    },
    "2": {
      "positive_queries": 14,
      "null_queries": 35,
      "forced_retrieval": 1.0,
      "gated_retrieval": 1.0,
      "false_fire": 0.17142857142857143,
      "null_by_role": {
        "locality": {
          "n": 14,
          "false_fire": 0.2857142857142857
        },
        "outside": {
          "n": 7,
          "false_fire": 0.0
        },
        "outside_paraphrase": {
          "n": 14,
          "false_fire": 0.14285714285714285
        }
      },
      "retrieval_vs_null_auc": 0.9795918367346939
    },
    "lexical": {
      "positive_queries": 14,
      "null_queries": 35,
      "forced_retrieval": 1.0,
      "gated_retrieval": 1.0,
      "false_fire": 0.17142857142857143,
      "null_by_role": {
        "locality": {
          "n": 14,
          "false_fire": 0.2857142857142857
        },
        "outside": {
          "n": 7,
          "false_fire": 0.0
        },
        "outside_paraphrase": {
          "n": 14,
          "false_fire": 0.14285714285714285
        }
      },
      "retrieval_vs_null_auc": 0.9795918367346939
    }
  }
}
