{
  "report": {
    "path": "/home/derp/cap/pc_cap/logs/additional_work/R/preparation-v1.json",
    "sha256": "1680c15a82ae044f4d703ed5ccb2f1bb326d1ba73d40373c1c3abb34d396e874"
  },
  "datasets": {
    "zsre": {
      "feasible": true,
      "certified": 6084,
      "remaining_before": 2034,
      "allocated": 1350,
      "remaining_after": 684,
      "roles": {
        "edits": 1000,
        "outside": 100,
        "near_miss_support": 100,
        "near_miss_neighbour": 100,
        "revision": 50
      },
      "role_eligible_before": {
        "edits": 2034,
        "outside": 2034,
        "near_miss_support": 2034,
        "near_miss_neighbour": 2034,
        "revision": 1936
      },
      "pair_units_after_backbone": 303,
      "near_pairs": 100,
      "available_pair_families": 205,
      "selected_pair_families": 82,
      "prior_reservation_intersections": 0
    },
    "counterfact": {
      "feasible": true,
      "certified": 6121,
      "remaining_before": 2071,
      "allocated": 1350,
      "remaining_after": 721,
      "roles": {
        "edits": 1000,
        "outside": 100,
        "near_miss_support": 100,
        "near_miss_neighbour": 100,
        "revision": 50
      },
      "role_eligible_before": {
        "edits": 2071,
        "outside": 2071,
        "near_miss_support": 2071,
        "near_miss_neighbour": 2071,
        "revision": 2071
      },
      "pair_units_after_backbone": 452,
      "near_pairs": 100,
      "available_pair_families": 34,
      "selected_pair_families": 30,
      "prior_reservation_intersections": 0
    }
  },
  "projected_process_hours": 38.030287039199145,
  "total_cell_ceiling_hours": 64.65148796663854
}
