{
  "zsre": {
    "123": {
      "positive_queries": 15,
      "null_queries": 47,
      "forced_retrieval": 1.0,
      "gated_retrieval": 1.0,
      "false_fire": 0.0425531914893617,
      "null_by_role": {
        "locality": {
          "n": 15,
          "false_fire": 0.0
        },
        "outside": {
          "n": 16,
          "false_fire": 0.0625
        },
        "outside_paraphrase": {
          "n": 16,
          "false_fire": 0.0625
        }
      },
      "retrieval_vs_null_auc": 1.0
    },
    "23": {
      "positive_queries": 15,
      "null_queries": 47,
      "forced_retrieval": 1.0,
      "gated_retrieval": 1.0,
      "false_fire": 0.0425531914893617,
      "null_by_role": {
        "locality": {
          "n": 15,
          "false_fire": 0.0
        },
        "outside": {
          "n": 16,
          "false_fire": 0.0625
        },
        "outside_paraphrase": {
          "n": 16,
          "false_fire": 0.0625
        }
      },
      "retrieval_vs_null_auc": 1.0
    },
    "3": {
      "positive_queries": 15,
      "null_queries": 47,
      "forced_retrieval": 1.0,
      "gated_retrieval": 1.0,
      "false_fire": 0.0425531914893617,
      "null_by_role": {
        "locality": {
          "n": 15,
          "false_fire": 0.0
        },
        "outside": {
          "n": 16,
          "false_fire": 0.0625
        },
        "outside_paraphrase": {
          "n": 16,
          "false_fire": 0.0625
        }
      },
      "retrieval_vs_null_auc": 1.0
    },
    "2": {
      "positive_queries": 15,
      "null_queries": 47,
      "forced_retrieval": 1.0,
      "gated_retrieval": 1.0,
      "false_fire": 0.0425531914893617,
      "null_by_role": {
        "locality": {
          "n": 15,
          "false_fire": 0.0
        },
        "outside": {
          "n": 16,
          "false_fire": 0.0625
        },
        "outside_paraphrase": {
          "n": 16,
          "false_fire": 0.0625
        }
      },
      "retrieval_vs_null_auc": 1.0
    },
    "lexical": {
      "positive_queries": 15,
      "null_queries": 47,
      "forced_retrieval": 1.0,
      "gated_retrieval": 1.0,
      "false_fire": 0.0425531914893617,
      "null_by_role": {
        "locality": {
          "n": 15,
          "false_fire": 0.0
        },
        "outside": {
          "n": 16,
          "false_fire": 0.0625
        },
        "outside_paraphrase": {
          "n": 16,
          "false_fire": 0.0625
        }
      },
      "retrieval_vs_null_auc": 1.0
    },
    "123-no-lex": {
      "positive_queries": 15,
      "null_queries": 47,
      "forced_retrieval": 1.0,
      "gated_retrieval": 0.9333333333333333,
      "false_fire": 0.3404255319148936,
      "null_by_role": {
        "locality": {
          "n": 15,
          "false_fire": 0.0
        },
        "outside": {
          "n": 16,
          "false_fire": 0.4375
        },
        "outside_paraphrase": {
          "n": 16,
          "false_fire": 0.5625
        }
      },
      "retrieval_vs_null_auc": 0.9347517730496454
    },
    "23-no-lex": {
      "positive_queries": 15,
      "null_queries": 47,
      "forced_retrieval": 1.0,
      "gated_retrieval": 0.9333333333333333,
      "false_fire": 0.3404255319148936,
      "null_by_role": {
        "locality": {
          "n": 15,
          "false_fire": 0.0
        },
        "outside": {
          "n": 16,
          "false_fire": 0.4375
        },
        "outside_paraphrase": {
          "n": 16,
          "false_fire": 0.5625
        }
      },
      "retrieval_vs_null_auc": 0.9333333333333333
    },
    "3-no-lex": {
      "positive_queries": 15,
      "null_queries": 47,
      "forced_retrieval": 1.0,
      "gated_retrieval": 0.9333333333333333,
      "false_fire": 0.3404255319148936,
      "null_by_role": {
        "locality": {
          "n": 15,
          "false_fire": 0.0
        },
        "outside": {
          "n": 16,
          "false_fire": 0.4375
        },
        "outside_paraphrase": {
          "n": 16,
          "false_fire": 0.5625
        }
      },
      "retrieval_vs_null_auc": 0.9347517730496454
    },
    "2-no-lex": {
      "positive_queries": 15,
      "null_queries": 47,
      "forced_retrieval": 0.8666666666666667,
      "gated_retrieval": 0.8666666666666667,
      "false_fire": 0.6382978723404256,
      "null_by_role": {
        "locality": {
          "n": 15,
          "false_fire": 0.0
        },
        "outside": {
          "n": 16,
          "false_fire": 0.9375
        },
        "outside_paraphrase": {
          "n": 16,
          "false_fire": 0.9375
        }
      },
      "retrieval_vs_null_auc": 0.8524822695035461
    }
  },
  "counterfact": {
    "123": {
      "positive_queries": 14,
      "null_queries": 35,
      "forced_retrieval": 1.0,
      "gated_retrieval": 1.0,
      "false_fire": 0.17142857142857143,
      "null_by_role": {
        "locality": {
          "n": 14,
          "false_fire": 0.2857142857142857
        },
        "outside": {
          "n": 7,
          "false_fire": 0.0
        },
        "outside_paraphrase": {
          "n": 14,
          "false_fire": 0.14285714285714285
        }
      },
      "retrieval_vs_null_auc": 0.9795918367346939
    },
    "23": {
      "positive_queries": 14,
      "null_queries": 35,
      "forced_retrieval": 1.0,
      "gated_retrieval": 1.0,
      "false_fire": 0.17142857142857143,
      "null_by_role": {
        "locality": {
          "n": 14,
          "false_fire": 0.2857142857142857
        },
        "outside": {
          "n": 7,
          "false_fire": 0.0
        },
        "outside_paraphrase": {
          "n": 14,
          "false_fire": 0.14285714285714285
        }
      },
      "retrieval_vs_null_auc": 0.9795918367346939
    },
    "3": {
      "positive_queries": 14,
      "null_queries": 35,
      "forced_retrieval": 1.0,
      "gated_retrieval": 1.0,
      "false_fire": 0.17142857142857143,
      "null_by_role": {
        "locality": {
          "n": 14,
          "false_fire": 0.2857142857142857
        },
        "outside": {
          "n": 7,
          "false_fire": 0.0
        },
        "outside_paraphrase": {
          "n": 14,
          "false_fire": 0.14285714285714285
        }
      },
      "retrieval_vs_null_auc": 0.9795918367346939
    },
    "2": {
      "positive_queries": 14,
      "null_queries": 35,
      "forced_retrieval": 1.0,
      "gated_retrieval": 1.0,
      "false_fire": 0.17142857142857143,
      "null_by_role": {
        "locality": {
          "n": 14,
          "false_fire": 0.2857142857142857
        },
        "outside": {
          "n": 7,
          "false_fire": 0.0
        },
        "outside_paraphrase": {
          "n": 14,
          "false_fire": 0.14285714285714285
        }
      },
      "retrieval_vs_null_auc": 0.9795918367346939
    },
    "lexical": {
      "positive_queries": 14,
      "null_queries": 35,
      "forced_retrieval": 1.0,
      "gated_retrieval": 1.0,
      "false_fire": 0.17142857142857143,
      "null_by_role": {
        "locality": {
          "n": 14,
          "false_fire": 0.2857142857142857
        },
        "outside": {
          "n": 7,
          "false_fire": 0.0
        },
        "outside_paraphrase": {
          "n": 14,
          "false_fire": 0.14285714285714285
        }
      },
      "retrieval_vs_null_auc": 0.9795918367346939
    },
    "123-no-lex": {
      "positive_queries": 14,
      "null_queries": 35,
      "forced_retrieval": 0.7857142857142857,
      "gated_retrieval": 0.7142857142857143,
      "false_fire": 1.0,
      "null_by_role": {
        "locality": {
          "n": 14,
          "false_fire": 1.0
        },
        "outside": {
          "n": 7,
          "false_fire": 1.0
        },
        "outside_paraphrase": {
          "n": 14,
          "false_fire": 1.0
        }
      },
      "retrieval_vs_null_auc": 0.3979591836734694
    },
    "23-no-lex": {
      "positive_queries": 14,
      "null_queries": 35,
      "forced_retrieval": 0.7857142857142857,
      "gated_retrieval": 0.6428571428571429,
      "false_fire": 0.9142857142857143,
      "null_by_role": {
        "locality": {
          "n": 14,
          "false_fire": 0.9285714285714286
        },
        "outside": {
          "n": 7,
          "false_fire": 1.0
        },
        "outside_paraphrase": {
          "n": 14,
          "false_fire": 0.8571428571428571
        }
      },
      "retrieval_vs_null_auc": 0.4
    },
    "3-no-lex": {
      "positive_queries": 14,
      "null_queries": 35,
      "forced_retrieval": 0.7857142857142857,
      "gated_retrieval": 0.6428571428571429,
      "false_fire": 0.8857142857142857,
      "null_by_role": {
        "locality": {
          "n": 14,
          "false_fire": 0.9285714285714286
        },
        "outside": {
          "n": 7,
          "false_fire": 1.0
        },
        "outside_paraphrase": {
          "n": 14,
          "false_fire": 0.7857142857142857
        }
      },
      "retrieval_vs_null_auc": 0.45102040816326533
    },
    "2-no-lex": {
      "positive_queries": 14,
      "null_queries": 35,
      "forced_retrieval": 0.6428571428571429,
      "gated_retrieval": 0.5,
      "false_fire": 0.9428571428571428,
      "null_by_role": {
        "locality": {
          "n": 14,
          "false_fire": 1.0
        },
        "outside": {
          "n": 7,
          "false_fire": 1.0
        },
        "outside_paraphrase": {
          "n": 14,
          "false_fire": 0.8571428571428571
        }
      },
      "retrieval_vs_null_auc": 0.3673469387755102
    }
  }
}
