{"split": "train", "episodes": 8, "skipped": 0}
{"split": "dev", "episodes": 32, "skipped": 0}
{"answer": 6.738, "answer_n": 16.0, "preserve": 0.0066, "preserve_n": 2.0, "retrieval": 3.0482, "code_norm": 0.0, "grad_norm": 66.5924, "step": 0, "wall_s": 23.1796}
{"answer": 3.034, "answer_n": 16.0, "preserve": 0.6343, "preserve_n": 2.0, "retrieval": 1.2252, "code_norm": 0.0, "grad_norm": 179.9292, "step": 10, "wall_s": 222.9539}
{"answer": 2.6206, "answer_n": 16.0, "preserve": 0.8598, "preserve_n": 2.0, "retrieval": 0.867, "code_norm": 0.0, "grad_norm": 33.1231, "step": 20, "wall_s": 429.3028}
{"answer": 2.2155, "answer_n": 16.0, "preserve": 0.7363, "preserve_n": 2.0, "retrieval": 0.9642, "code_norm": 0.0, "grad_norm": 26.5986, "step": 30, "wall_s": 639.1387}
{"answer": 2.857, "answer_n": 16.0, "preserve": 0.8375, "preserve_n": 2.0, "retrieval": 0.6308, "code_norm": 0.0, "grad_norm": 31.3597, "step": 40, "wall_s": 828.6038}
{"answer": 2.3774, "answer_n": 16.0, "preserve": 0.9656, "preserve_n": 2.0, "retrieval": 0.9402, "code_norm": 0.0, "grad_norm": 16.2375, "step": 50, "wall_s": 1163.4088}
{"answer": 2.3726, "answer_n": 16.0, "preserve": 1.0279, "preserve_n": 2.0, "retrieval": 0.494, "code_norm": 0.0, "grad_norm": 35.627, "step": 60, "wall_s": 1350.9385}
{"answer": 2.0191, "answer_n": 16.0, "preserve": 1.6545, "preserve_n": 2.0, "retrieval": 0.8909, "code_norm": 0.0, "grad_norm": 22.4764, "step": 70, "wall_s": 1537.71}
{"answer": 2.1531, "answer_n": 16.0, "preserve": 1.7388, "preserve_n": 2.0, "retrieval": 1.4918, "code_norm": 0.0, "grad_norm": 70.989, "step": 80, "wall_s": 1726.1551}
{"answer": 2.1884, "answer_n": 16.0, "preserve": 1.3173, "preserve_n": 2.0, "retrieval": 0.7364, "code_norm": 0.0, "grad_norm": 15.4599, "step": 90, "wall_s": 1913.4161}
{"answer": 1.6983, "answer_n": 16.0, "preserve": 0.9492, "preserve_n": 2.0, "retrieval": 0.7499, "code_norm": 0.0, "grad_norm": 44.1461, "step": 100, "wall_s": 2247.3244}
{"answer": 1.9865, "answer_n": 16.0, "preserve": 0.8187, "preserve_n": 2.0, "retrieval": 0.7721, "code_norm": 0.0, "grad_norm": 53.3212, "step": 110, "wall_s": 2437.7853}
{"answer": 1.7889, "answer_n": 16.0, "preserve": 0.9854, "preserve_n": 2.0, "retrieval": 0.9469, "code_norm": 0.0, "grad_norm": 28.7219, "step": 120, "wall_s": 2627.0614}
{"answer": 2.0526, "answer_n": 16.0, "preserve": 0.7227, "preserve_n": 2.0, "retrieval": 0.4625, "code_norm": 0.0, "grad_norm": 40.6508, "step": 130, "wall_s": 2817.4641}
{"answer": 1.8334, "answer_n": 16.0, "preserve": 0.8994, "preserve_n": 2.0, "retrieval": 0.7016, "code_norm": 0.0, "grad_norm": 43.703, "step": 140, "wall_s": 3004.9163}
{"answer": 1.7735, "answer_n": 16.0, "preserve": 0.683, "preserve_n": 2.0, "retrieval": 0.6402, "code_norm": 0.0, "grad_norm": 84.0771, "step": 150, "wall_s": 3338.9458}
{"answer": 1.6851, "answer_n": 16.0, "preserve": 0.8775, "preserve_n": 2.0, "retrieval": 0.4561, "code_norm": 0.0, "grad_norm": 61.4795, "step": 160, "wall_s": 3525.7048}
{"answer": 1.6386, "answer_n": 16.0, "preserve": 1.3189, "preserve_n": 2.0, "retrieval": 0.8206, "code_norm": 0.0, "grad_norm": 27.7594, "step": 170, "wall_s": 3714.9672}
{"answer": 1.7596, "answer_n": 16.0, "preserve": 1.7502, "preserve_n": 2.0, "retrieval": 0.6835, "code_norm": 0.0, "grad_norm": 32.795, "step": 180, "wall_s": 3901.8495}
{"answer": 1.4182, "answer_n": 16.0, "preserve": 1.6425, "preserve_n": 2.0, "retrieval": 0.774, "code_norm": 0.0, "grad_norm": 34.545, "step": 190, "wall_s": 4091.4398}
{"answer": 1.5756, "answer_n": 16.0, "preserve": 1.6548, "preserve_n": 2.0, "retrieval": 0.6033, "code_norm": 0.0, "grad_norm": 44.7082, "step": 200, "wall_s": 4424.8303}
{"answer": 1.2081, "answer_n": 16.0, "preserve": 0.5527, "preserve_n": 2.0, "retrieval": 0.4769, "code_norm": 0.0, "grad_norm": 27.5871, "step": 210, "wall_s": 4613.7597}
{"answer": 1.8373, "answer_n": 16.0, "preserve": 1.2496, "preserve_n": 2.0, "retrieval": 0.5118, "code_norm": 0.0, "grad_norm": 30.1561, "step": 220, "wall_s": 4803.1579}
{"answer": 1.6711, "answer_n": 16.0, "preserve": 0.6541, "preserve_n": 2.0, "retrieval": 0.4484, "code_norm": 0.0, "grad_norm": 42.674, "step": 230, "wall_s": 4993.0779}
{"answer": 1.4762, "answer_n": 16.0, "preserve": 0.9139, "preserve_n": 2.0, "retrieval": 0.6384, "code_norm": 0.0, "grad_norm": 67.4777, "step": 240, "wall_s": 5181.3635}
{"answer": 1.6083, "answer_n": 16.0, "preserve": 1.1435, "preserve_n": 2.0, "retrieval": 0.5668, "code_norm": 0.0, "grad_norm": 45.5786, "step": 250, "wall_s": 5518.9698}
{"answer": 1.5973, "answer_n": 16.0, "preserve": 1.0157, "preserve_n": 2.0, "retrieval": 0.8747, "code_norm": 0.0, "grad_norm": 59.9505, "step": 260, "wall_s": 5708.6791}
{"answer": 1.4895, "answer_n": 16.0, "preserve": 1.3028, "preserve_n": 2.0, "retrieval": 0.5871, "code_norm": 0.0, "grad_norm": 36.0716, "step": 270, "wall_s": 5897.3813}
{"answer": 1.3782, "answer_n": 16.0, "preserve": 0.7146, "preserve_n": 2.0, "retrieval": 0.6671, "code_norm": 0.0, "grad_norm": 59.1469, "step": 280, "wall_s": 6084.7711}
{"answer": 1.1117, "answer_n": 16.0, "preserve": 1.4955, "preserve_n": 2.0, "retrieval": 0.4923, "code_norm": 0.0, "grad_norm": 68.4552, "step": 290, "wall_s": 6273.2872}
{"answer": 1.3039, "answer_n": 16.0, "preserve": 0.8029, "preserve_n": 2.0, "retrieval": 0.8283, "code_norm": 0.0, "grad_norm": 50.3488, "step": 300, "wall_s": 6606.2509}
{"answer": 1.2774, "answer_n": 16.0, "preserve": 1.1219, "preserve_n": 2.0, "retrieval": 0.2779, "code_norm": 0.0, "grad_norm": 63.1564, "step": 310, "wall_s": 6794.547}
{"answer": 0.9641, "answer_n": 16.0, "preserve": 0.995, "preserve_n": 2.0, "retrieval": 0.3882, "code_norm": 0.0, "grad_norm": 55.6761, "step": 320, "wall_s": 6983.6253}
{"answer": 0.9532, "answer_n": 16.0, "preserve": 1.4083, "preserve_n": 2.0, "retrieval": 0.5088, "code_norm": 0.0, "grad_norm": 46.4812, "step": 330, "wall_s": 7172.14}
{"answer": 1.1294, "answer_n": 16.0, "preserve": 1.0669, "preserve_n": 2.0, "retrieval": 0.3922, "code_norm": 0.0, "grad_norm": 87.0933, "step": 340, "wall_s": 7360.9992}
{"answer": 0.9679, "answer_n": 16.0, "preserve": 1.4476, "preserve_n": 2.0, "retrieval": 0.4604, "code_norm": 0.0, "grad_norm": 41.0336, "step": 350, "wall_s": 7702.6351}
{"answer": 1.1238, "answer_n": 16.0, "preserve": 1.6151, "preserve_n": 2.0, "retrieval": 0.4978, "code_norm": 0.0, "grad_norm": 46.8965, "step": 360, "wall_s": 7900.6352}
{"answer": 1.102, "answer_n": 16.0, "preserve": 1.6129, "preserve_n": 2.0, "retrieval": 0.7103, "code_norm": 0.0, "grad_norm": 98.7048, "step": 370, "wall_s": 8094.9586}
{"answer": 1.1543, "answer_n": 16.0, "preserve": 1.5485, "preserve_n": 2.0, "retrieval": 0.5432, "code_norm": 0.0, "grad_norm": 56.1041, "step": 380, "wall_s": 8289.7406}
{"answer": 1.0425, "answer_n": 16.0, "preserve": 0.7927, "preserve_n": 2.0, "retrieval": 0.441, "code_norm": 0.0, "grad_norm": 46.5129, "step": 390, "wall_s": 8482.0465}
{"best_dev_answer": 2.621972557157278, "best_step": 399}
{"dev_before": {"answer": 7.412918038666248, "answer_n": 16.0, "preserve": 0.00914660163471126, "preserve_n": 2.0, "retrieval": 3.06266700476408, "code_norm": 0.0}, "dev_after": {"answer": 2.621972557157278, "answer_n": 16.0, "preserve": 1.1217096684613352, "preserve_n": 2.0, "retrieval": 0.7366813533008099, "code_norm": 0.0}, "behavioural_dev": {"new_paraphrase": {"label_exact": 0.0625, "n": 64, "null_mass_mean": 0.05942090709322656, "top1_is_supporting_record": 0.53125, "unchanged_from_capoff": null}, "old_fact": {"label_exact": 0.28125, "n": 32, "null_mass_mean": 0.04728383068140829, "top1_is_supporting_record": 0.6875, "unchanged_from_capoff": null}, "near_miss": {"label_exact": 0.0, "n": 32, "null_mass_mean": 0.4285879279486835, "top1_is_supporting_record": 0.0, "unchanged_from_capoff": 0.34375}, "unrelated": {"label_exact": 0.0, "n": 32, "null_mass_mean": 0.6254793237894773, "top1_is_supporting_record": 0.0, "unchanged_from_capoff": 0.65625}}, "train_wall_s": 8805}
