{"ablation": "b_byte_ceiling", "factor": 0.5, "arm": "C1", "realization": 0, "order": 0, "items": 280, "es": 1.0, "ret_es": 0.8535714285714285, "ret_gs": 0.2392857142857143, "ls": 0.935, "occupied_bytes": 17301408.0, "accel_s": 226.35712384362705}
{"ablation": "b_byte_ceiling", "factor": 0.5, "arm": "C1", "realization": 0, "order": 1, "items": 280, "es": 1.0, "ret_es": 0.8535714285714285, "ret_gs": 0.2571428571428571, "ls": 0.99, "occupied_bytes": 17320296.0, "accel_s": 120.61491933418438}
{"ablation": "b_byte_ceiling", "factor": 0.5, "arm": "C1", "realization": 1, "order": 0, "items": 280, "es": 1.0, "ret_es": 0.8214285714285714, "ret_gs": 0.25357142857142856, "ls": 0.99, "occupied_bytes": 17244744.0, "accel_s": 104.12261422502343}
{"ablation": "b_byte_ceiling", "factor": 0.5, "arm": "C1", "realization": 1, "order": 1, "items": 280, "es": 1.0, "ret_es": 0.8821428571428571, "ret_gs": 0.25357142857142856, "ls": 1.0, "occupied_bytes": 17295112.0, "accel_s": 105.51659156288952}
{"ablation": "b_byte_ceiling", "factor": 0.5, "arm": "C1", "realization": 2, "order": 0, "items": 280, "es": 0.9964285714285714, "ret_es": 0.8321428571428572, "ret_gs": 0.2857142857142857, "ls": 1.0, "occupied_bytes": 17232152.0, "accel_s": 103.3654070335906}
{"ablation": "b_byte_ceiling", "factor": 0.5, "arm": "C1", "realization": 2, "order": 1, "items": 280, "es": 1.0, "ret_es": 0.8535714285714285, "ret_gs": 0.25357142857142856, "ls": 0.985, "occupied_bytes": 17326592.0, "accel_s": 96.60270241112448}
{"ablation": "b_byte_ceiling", "factor": 0.5, "arm": "C2", "realization": 0, "order": 0, "items": 280, "es": 1.0, "ret_es": 0.49642857142857144, "ret_gs": 0.17142857142857143, "ls": 0.965, "occupied_bytes": 6126008.0, "accel_s": 47.088759638601914}
{"ablation": "b_byte_ceiling", "factor": 0.5, "arm": "C2", "realization": 0, "order": 1, "items": 280, "es": 0.9964285714285714, "ret_es": 0.5857142857142857, "ret_gs": 0.16428571428571428, "ls": 0.99, "occupied_bytes": 6107120.0, "accel_s": 46.89137267554179}
{"ablation": "b_byte_ceiling", "factor": 0.5, "arm": "C2", "realization": 1, "order": 0, "items": 280, "es": 1.0, "ret_es": 0.3, "ret_gs": 0.08214285714285714, "ls": 0.99, "occupied_bytes": 6163784.0, "accel_s": 45.311566644348204}
{"ablation": "b_byte_ceiling", "factor": 0.5, "arm": "C2", "realization": 1, "order": 1, "items": 280, "es": 0.9964285714285714, "ret_es": 0.6321428571428571, "ret_gs": 0.21071428571428572, "ls": 0.965, "occupied_bytes": 6063048.0, "accel_s": 45.77653514849953}
{"ablation": "b_byte_ceiling", "factor": 0.5, "arm": "C2", "realization": 2, "order": 0, "items": 280, "es": 1.0, "ret_es": 0.7464285714285714, "ret_gs": 0.30714285714285716, "ls": 0.99, "occupied_bytes": 6088232.0, "accel_s": 47.40148278570268}
{"ablation": "b_byte_ceiling", "factor": 0.5, "arm": "C2", "realization": 2, "order": 1, "items": 280, "es": 1.0, "ret_es": 0.5285714285714286, "ret_gs": 0.21071428571428572, "ls": 1.0, "occupied_bytes": 6163784.0, "accel_s": 50.22766220755875}
{"ablation": "b_byte_ceiling", "factor": 1.0, "arm": "C1", "realization": 0, "order": 0, "items": 280, "es": 1.0, "ret_es": 0.8535714285714285, "ret_gs": 0.2392857142857143, "ls": 0.935, "occupied_bytes": 17301408.0, "accel_s": 97.33106981148012}
{"ablation": "b_byte_ceiling", "factor": 1.0, "arm": "C1", "realization": 0, "order": 1, "items": 280, "es": 1.0, "ret_es": 0.8535714285714285, "ret_gs": 0.2571428571428571, "ls": 0.99, "occupied_bytes": 17320296.0, "accel_s": 97.75293382722884}
{"ablation": "b_byte_ceiling", "factor": 1.0, "arm": "C1", "realization": 1, "order": 0, "items": 280, "es": 1.0, "ret_es": 0.8214285714285714, "ret_gs": 0.25357142857142856, "ls": 0.99, "occupied_bytes": 17244744.0, "accel_s": 97.35130940831732}
{"ablation": "b_byte_ceiling", "factor": 1.0, "arm": "C1", "realization": 1, "order": 1, "items": 280, "es": 1.0, "ret_es": 0.8821428571428571, "ret_gs": 0.25357142857142856, "ls": 1.0, "occupied_bytes": 17295112.0, "accel_s": 96.12015628814697}
{"ablation": "b_byte_ceiling", "factor": 1.0, "arm": "C1", "realization": 2, "order": 0, "items": 280, "es": 0.9964285714285714, "ret_es": 0.8321428571428572, "ret_gs": 0.2857142857142857, "ls": 1.0, "occupied_bytes": 17232152.0, "accel_s": 96.99567020137329}
{"ablation": "b_byte_ceiling", "factor": 1.0, "arm": "C1", "realization": 2, "order": 1, "items": 280, "es": 1.0, "ret_es": 0.8535714285714285, "ret_gs": 0.25357142857142856, "ls": 0.985, "occupied_bytes": 17326592.0, "accel_s": 96.96412118535955}
{"ablation": "b_byte_ceiling", "factor": 1.0, "arm": "C2", "realization": 0, "order": 0, "items": 280, "es": 1.0, "ret_es": 0.49642857142857144, "ret_gs": 0.17142857142857143, "ls": 0.965, "occupied_bytes": 6126008.0, "accel_s": 46.7386030718917}
{"ablation": "b_byte_ceiling", "factor": 1.0, "arm": "C2", "realization": 0, "order": 1, "items": 280, "es": 0.9964285714285714, "ret_es": 0.5857142857142857, "ret_gs": 0.16428571428571428, "ls": 0.99, "occupied_bytes": 6107120.0, "accel_s": 47.024976318585686}
{"ablation": "b_byte_ceiling", "factor": 1.0, "arm": "C2", "realization": 1, "order": 0, "items": 280, "es": 1.0, "ret_es": 0.3, "ret_gs": 0.08214285714285714, "ls": 0.99, "occupied_bytes": 6163784.0, "accel_s": 45.326699633616954}
{"ablation": "b_byte_ceiling", "factor": 1.0, "arm": "C2", "realization": 1, "order": 1, "items": 280, "es": 0.9964285714285714, "ret_es": 0.6321428571428571, "ret_gs": 0.21071428571428572, "ls": 0.965, "occupied_bytes": 6063048.0, "accel_s": 46.708634405746125}
{"ablation": "b_byte_ceiling", "factor": 1.0, "arm": "C2", "realization": 2, "order": 0, "items": 280, "es": 1.0, "ret_es": 0.7464285714285714, "ret_gs": 0.30714285714285716, "ls": 0.99, "occupied_bytes": 6088232.0, "accel_s": 45.30919553828426}
{"ablation": "b_byte_ceiling", "factor": 1.0, "arm": "C2", "realization": 2, "order": 1, "items": 280, "es": 1.0, "ret_es": 0.5285714285714286, "ret_gs": 0.21071428571428572, "ls": 1.0, "occupied_bytes": 6163784.0, "accel_s": 47.250399392680265}
{"ablation": "b_byte_ceiling", "factor": 2.0, "arm": "C1", "realization": 0, "order": 0, "items": 280, "es": 1.0, "ret_es": 0.8535714285714285, "ret_gs": 0.2392857142857143, "ls": 0.935, "occupied_bytes": 17301408.0, "accel_s": 100.79468522476964}
{"ablation": "b_byte_ceiling", "factor": 2.0, "arm": "C1", "realization": 0, "order": 1, "items": 280, "es": 1.0, "ret_es": 0.8535714285714285, "ret_gs": 0.2571428571428571, "ls": 0.99, "occupied_bytes": 17320296.0, "accel_s": 100.87750514445361}
{"ablation": "b_byte_ceiling", "factor": 2.0, "arm": "C1", "realization": 1, "order": 0, "items": 280, "es": 1.0, "ret_es": 0.8214285714285714, "ret_gs": 0.25357142857142856, "ls": 0.99, "occupied_bytes": 17244744.0, "accel_s": 100.8278389738407}
{"ablation": "b_byte_ceiling", "factor": 2.0, "arm": "C1", "realization": 1, "order": 1, "items": 280, "es": 1.0, "ret_es": 0.8821428571428571, "ret_gs": 0.25357142857142856, "ls": 1.0, "occupied_bytes": 17295112.0, "accel_s": 99.64283403358422}
{"ablation": "b_byte_ceiling", "factor": 2.0, "arm": "C1", "realization": 2, "order": 0, "items": 280, "es": 0.9964285714285714, "ret_es": 0.8321428571428572, "ret_gs": 0.2857142857142857, "ls": 1.0, "occupied_bytes": 17232152.0, "accel_s": 101.90582774486393}
{"ablation": "b_byte_ceiling", "factor": 2.0, "arm": "C1", "realization": 2, "order": 1, "items": 280, "es": 1.0, "ret_es": 0.8535714285714285, "ret_gs": 0.25357142857142856, "ls": 0.985, "occupied_bytes": 17326592.0, "accel_s": 101.47778441593982}
{"ablation": "b_byte_ceiling", "factor": 2.0, "arm": "C2", "realization": 0, "order": 0, "items": 280, "es": 1.0, "ret_es": 0.49642857142857144, "ret_gs": 0.17142857142857143, "ls": 0.965, "occupied_bytes": 6126008.0, "accel_s": 47.665651521412656}
{"ablation": "b_byte_ceiling", "factor": 2.0, "arm": "C2", "realization": 0, "order": 1, "items": 280, "es": 0.9964285714285714, "ret_es": 0.5857142857142857, "ret_gs": 0.16428571428571428, "ls": 0.99, "occupied_bytes": 6107120.0, "accel_s": 47.65963376965374}
{"ablation": "b_byte_ceiling", "factor": 2.0, "arm": "C2", "realization": 1, "order": 0, "items": 280, "es": 1.0, "ret_es": 0.3, "ret_gs": 0.08214285714285714, "ls": 0.99, "occupied_bytes": 6163784.0, "accel_s": 46.74794920242857}
{"ablation": "b_byte_ceiling", "factor": 2.0, "arm": "C2", "realization": 1, "order": 1, "items": 280, "es": 0.9964285714285714, "ret_es": 0.6321428571428571, "ret_gs": 0.21071428571428572, "ls": 0.965, "occupied_bytes": 6063048.0, "accel_s": 47.7802957193926}
{"ablation": "b_byte_ceiling", "factor": 2.0, "arm": "C2", "realization": 2, "order": 0, "items": 280, "es": 1.0, "ret_es": 0.7464285714285714, "ret_gs": 0.30714285714285716, "ls": 0.99, "occupied_bytes": 6088232.0, "accel_s": 46.57629331271164}
{"ablation": "b_byte_ceiling", "factor": 2.0, "arm": "C2", "realization": 2, "order": 1, "items": 280, "es": 1.0, "ret_es": 0.5285714285714286, "ret_gs": 0.21071428571428572, "ls": 1.0, "occupied_bytes": 6163784.0, "accel_s": 48.791532953619026}
Traceback (most recent call last):
  File "/home/derp/cap/pc_cap/scripts/s8_02_ablations.py", line 157, in <module>
    raise SystemExit(main())
                     ^^^^^^
  File "/home/derp/cap/pc_cap/scripts/s8_02_ablations.py", line 147, in main
    rows += run_c(frozen)
            ^^^^^^^^^^^^^
  File "/home/derp/cap/pc_cap/scripts/s8_02_ablations.py", line 69, in run_c
    from pccap.fixtures import grammar_streams as gs
ImportError: cannot import name 'grammar_streams' from 'pccap.fixtures' (/home/derp/cap/pc_cap/src/pccap/fixtures/__init__.py)
