{"arm": "C0", "realization": 0, "perm": 0, "full": {"nll": 4.081192118647736, "base_nll": 4.080235700315303, "loss_difference": 0.0009564183324330955, "perplexity_ratio": 1.000956875846293, "positions": 245110}, "restricted_4064": {"loss_difference": 0.0, "perplexity_ratio": 1.0, "positions": 4064}, "seconds": 764.4244391918182}
{"arm": "C1", "realization": 0, "perm": 0, "full": {"nll": 4.082161423491559, "base_nll": 4.080235700315303, "loss_difference": 0.0019257231762566107, "perplexity_ratio": 1.0019275785719342, "positions": 245110}, "restricted_4064": {"loss_difference": 0.0025141449800045734, "perplexity_ratio": 1.0025173080927807, "positions": 4064}, "seconds": 614.7593626976013}
{"arm": "C2", "realization": 0, "perm": 0, "full": {"nll": 4.083785380011945, "base_nll": 4.080235700315303, "loss_difference": 0.0035496796966425492, "perplexity_ratio": 1.0035559872706978, "positions": 245110}, "restricted_4064": {"loss_difference": 0.0, "perplexity_ratio": 1.0, "positions": 4064}, "seconds": 599.3473474979401}
{"arm": "CR", "realization": 0, "perm": 0, "full": {"nll": 4.083270226783581, "base_nll": 4.080235700315303, "loss_difference": 0.003034526468278287, "perplexity_ratio": 1.003039135304421, "positions": 245110}, "restricted_4064": {"loss_difference": 0.0007674099197565454, "perplexity_ratio": 1.000767704454087, "positions": 4064}, "seconds": 593.3860120773315}
{"arm": "B3", "realization": 0, "perm": 0, "full": {"nll": 4.713791125391118, "base_nll": 4.080235700315303, "loss_difference": 0.6335554250758157, "perplexity_ratio": 1.884298164559866, "positions": 245110}, "restricted_4064": {"loss_difference": 0.8136001508354322, "perplexity_ratio": 2.256015379654765, "positions": 4064}, "seconds": 410.39345383644104}
{
 "C0": {
  "n": 1,
  "full_ratio_mean": 1.000956875846293,
  "full_ratio_max": 1.000956875846293,
  "restricted_ratio_mean": 1.0,
  "full_loss_difference_mean": 0.0009564183324330955
 },
 "C1": {
  "n": 1,
  "full_ratio_mean": 1.0019275785719342,
  "full_ratio_max": 1.0019275785719342,
  "restricted_ratio_mean": 1.0025173080927807,
  "full_loss_difference_mean": 0.0019257231762566107
 },
 "C2": {
  "n": 1,
  "full_ratio_mean": 1.0035559872706978,
  "full_ratio_max": 1.0035559872706978,
  "restricted_ratio_mean": 1.0,
  "full_loss_difference_mean": 0.0035496796966425492
 },
 "CR": {
  "n": 1,
  "full_ratio_mean": 1.003039135304421,
  "full_ratio_max": 1.003039135304421,
  "restricted_ratio_mean": 1.000767704454087,
  "full_loss_difference_mean": 0.003034526468278287
 },
 "B3": {
  "n": 1,
  "full_ratio_mean": 1.884298164559866,
  "full_ratio_max": 1.884298164559866,
  "restricted_ratio_mean": 2.256015379654765,
  "full_loss_difference_mean": 0.6335554250758157
 }
}
