{"split": "train", "episodes": 8, "skipped": 0}
{"split": "dev", "episodes": 32, "skipped": 0}
{"answer": 6.8499, "answer_n": 6.0, "preserve": 0.0066, "preserve_n": 2.0, "retrieval": 5.3579, "code_norm": 0.0, "grad_norm": 35.2568, "step": 0, "wall_s": 10.6481}
{"answer": 2.8994, "answer_n": 6.0, "preserve": 0.7587, "preserve_n": 2.0, "retrieval": 1.639, "code_norm": 0.0, "grad_norm": 15.2385, "step": 10, "wall_s": 103.0627}
{"answer": 3.1119, "answer_n": 6.0, "preserve": 0.3302, "preserve_n": 2.0, "retrieval": 0.7519, "code_norm": 0.0, "grad_norm": 8.1614, "step": 20, "wall_s": 194.132}
{"answer": 2.7321, "answer_n": 6.0, "preserve": 0.1566, "preserve_n": 2.0, "retrieval": 0.8448, "code_norm": 0.0, "grad_norm": 8.5422, "step": 30, "wall_s": 293.6255}
{"answer": 3.2892, "answer_n": 6.0, "preserve": 0.1768, "preserve_n": 2.0, "retrieval": 0.6567, "code_norm": 0.0, "grad_norm": 27.2308, "step": 40, "wall_s": 387.6813}
{"answer": 3.1326, "answer_n": 6.0, "preserve": 0.1006, "preserve_n": 2.0, "retrieval": 1.2954, "code_norm": 0.0, "grad_norm": 66.1265, "step": 50, "wall_s": 557.7928}
{"answer": 2.8885, "answer_n": 6.0, "preserve": 0.0, "preserve_n": 2.0, "retrieval": 0.7065, "code_norm": 0.0, "grad_norm": 7.5366, "step": 60, "wall_s": 654.9582}
{"answer": 2.4886, "answer_n": 6.0, "preserve": 0.0061, "preserve_n": 2.0, "retrieval": 0.5718, "code_norm": 0.0, "grad_norm": 6.6546, "step": 70, "wall_s": 749.5032}
{"answer": 2.2749, "answer_n": 6.0, "preserve": 0.6, "preserve_n": 2.0, "retrieval": 1.0395, "code_norm": 0.0, "grad_norm": 40.9036, "step": 80, "wall_s": 848.0654}
{"answer": 2.6337, "answer_n": 6.0, "preserve": 0.0039, "preserve_n": 2.0, "retrieval": 1.04, "code_norm": 0.0, "grad_norm": 7.6641, "step": 90, "wall_s": 942.1728}
{"answer": 1.789, "answer_n": 6.0, "preserve": 0.0003, "preserve_n": 2.0, "retrieval": 0.8874, "code_norm": 0.0, "grad_norm": 10.4654, "step": 100, "wall_s": 1113.3055}
{"answer": 2.4413, "answer_n": 6.0, "preserve": 0.2136, "preserve_n": 2.0, "retrieval": 0.3795, "code_norm": 0.0, "grad_norm": 13.0131, "step": 110, "wall_s": 1211.5444}
{"answer": 2.3626, "answer_n": 6.0, "preserve": 0.0078, "preserve_n": 2.0, "retrieval": 0.3547, "code_norm": 0.0, "grad_norm": 5.2893, "step": 120, "wall_s": 1311.3821}
{"answer": 2.1252, "answer_n": 6.0, "preserve": 0.0539, "preserve_n": 2.0, "retrieval": 0.6149, "code_norm": 0.0, "grad_norm": 5.7571, "step": 130, "wall_s": 1409.1406}
{"answer": 2.0232, "answer_n": 6.0, "preserve": 0.0, "preserve_n": 2.0, "retrieval": 0.9424, "code_norm": 0.0, "grad_norm": 17.9707, "step": 140, "wall_s": 1508.9146}
{"answer": 2.364, "answer_n": 6.0, "preserve": 0.0004, "preserve_n": 2.0, "retrieval": 0.5429, "code_norm": 0.0, "grad_norm": 5.8474, "step": 150, "wall_s": 1682.0173}
{"answer": 1.712, "answer_n": 6.0, "preserve": 0.002, "preserve_n": 2.0, "retrieval": 0.2759, "code_norm": 0.0, "grad_norm": 5.4895, "step": 160, "wall_s": 1777.575}
{"answer": 2.0241, "answer_n": 6.0, "preserve": 0.5116, "preserve_n": 2.0, "retrieval": 0.4544, "code_norm": 0.0, "grad_norm": 38.033, "step": 170, "wall_s": 1876.0269}
{"answer": 2.0731, "answer_n": 6.0, "preserve": 0.2806, "preserve_n": 2.0, "retrieval": 0.4219, "code_norm": 0.0, "grad_norm": 10.6775, "step": 180, "wall_s": 1970.5844}
{"answer": 1.9999, "answer_n": 6.0, "preserve": 0.0828, "preserve_n": 2.0, "retrieval": 0.2709, "code_norm": 0.0, "grad_norm": 12.7955, "step": 190, "wall_s": 2071.2748}
{"answer": 2.0678, "answer_n": 6.0, "preserve": 0.3297, "preserve_n": 2.0, "retrieval": 0.2827, "code_norm": 0.0, "grad_norm": 17.736, "step": 200, "wall_s": 2244.1681}
{"answer": 1.7786, "answer_n": 6.0, "preserve": 0.1851, "preserve_n": 2.0, "retrieval": 0.6524, "code_norm": 0.0, "grad_norm": 14.7155, "step": 210, "wall_s": 2336.2135}
{"answer": 2.6328, "answer_n": 6.0, "preserve": 0.0005, "preserve_n": 2.0, "retrieval": 0.2998, "code_norm": 0.0, "grad_norm": 8.8286, "step": 220, "wall_s": 2434.3291}
{"answer": 2.0565, "answer_n": 6.0, "preserve": 0.0, "preserve_n": 2.0, "retrieval": 0.2787, "code_norm": 0.0, "grad_norm": 21.9544, "step": 230, "wall_s": 2528.1823}
{"answer": 2.0369, "answer_n": 6.0, "preserve": 0.0026, "preserve_n": 2.0, "retrieval": 0.6951, "code_norm": 0.0, "grad_norm": 5.1697, "step": 240, "wall_s": 2628.2676}
{"answer": 2.817, "answer_n": 6.0, "preserve": 0.0, "preserve_n": 2.0, "retrieval": 1.1881, "code_norm": 0.0, "grad_norm": 109.9012, "step": 250, "wall_s": 2798.1381}
{"answer": 2.6419, "answer_n": 6.0, "preserve": 0.0008, "preserve_n": 2.0, "retrieval": 0.7846, "code_norm": 0.0, "grad_norm": 31.7014, "step": 260, "wall_s": 2893.5004}
{"answer": 2.3711, "answer_n": 6.0, "preserve": 0.027, "preserve_n": 2.0, "retrieval": 0.1537, "code_norm": 0.0, "grad_norm": 11.4104, "step": 270, "wall_s": 2990.5044}
{"answer": 2.0829, "answer_n": 6.0, "preserve": 0.0003, "preserve_n": 2.0, "retrieval": 0.1976, "code_norm": 0.0, "grad_norm": 5.4475, "step": 280, "wall_s": 3082.8273}
{"answer": 2.0104, "answer_n": 6.0, "preserve": 0.0416, "preserve_n": 2.0, "retrieval": 0.2141, "code_norm": 0.0, "grad_norm": 8.7547, "step": 290, "wall_s": 3179.5431}
{"answer": 2.279, "answer_n": 6.0, "preserve": 0.0322, "preserve_n": 2.0, "retrieval": 0.68, "code_norm": 0.0, "grad_norm": 19.2919, "step": 300, "wall_s": 3349.1808}
{"answer": 1.8512, "answer_n": 6.0, "preserve": 0.0005, "preserve_n": 2.0, "retrieval": 0.4078, "code_norm": 0.0, "grad_norm": 18.0312, "step": 310, "wall_s": 3445.0918}
{"answer": 1.877, "answer_n": 6.0, "preserve": 0.0001, "preserve_n": 2.0, "retrieval": 0.3136, "code_norm": 0.0, "grad_norm": 33.5591, "step": 320, "wall_s": 3539.1519}
{"answer": 1.8457, "answer_n": 6.0, "preserve": 0.0089, "preserve_n": 2.0, "retrieval": 0.4257, "code_norm": 0.0, "grad_norm": 8.5661, "step": 330, "wall_s": 3636.3727}
{"answer": 2.0461, "answer_n": 6.0, "preserve": 0.0, "preserve_n": 2.0, "retrieval": 0.8074, "code_norm": 0.0, "grad_norm": 9.091, "step": 340, "wall_s": 3733.5903}
{"answer": 2.0094, "answer_n": 6.0, "preserve": 0.0118, "preserve_n": 2.0, "retrieval": 0.2081, "code_norm": 0.0, "grad_norm": 7.9868, "step": 350, "wall_s": 3903.0346}
{"answer": 1.7503, "answer_n": 6.0, "preserve": 0.0709, "preserve_n": 2.0, "retrieval": 0.3077, "code_norm": 0.0, "grad_norm": 9.7746, "step": 360, "wall_s": 4001.1805}
{"answer": 1.773, "answer_n": 6.0, "preserve": 0.0086, "preserve_n": 2.0, "retrieval": 0.3764, "code_norm": 0.0, "grad_norm": 7.7878, "step": 370, "wall_s": 4096.4851}
{"answer": 2.1599, "answer_n": 6.0, "preserve": 0.0002, "preserve_n": 2.0, "retrieval": 0.2646, "code_norm": 0.0, "grad_norm": 6.0584, "step": 380, "wall_s": 4196.3347}
{"answer": 2.0973, "answer_n": 6.0, "preserve": 0.0, "preserve_n": 2.0, "retrieval": 0.2007, "code_norm": 0.0, "grad_norm": 12.306, "step": 390, "wall_s": 4286.7768}
{"best_dev_answer": 3.2945408423741664, "best_step": 349}
{"dev_before": {"answer": 8.026261150836943, "answer_n": 6.0, "preserve": 0.00914660163471126, "preserve_n": 2.0, "retrieval": 5.324799820780754, "code_norm": 0.0}, "dev_after": {"answer": 3.2945408423741664, "answer_n": 6.0, "preserve": 0.14218383239347565, "preserve_n": 2.0, "retrieval": 0.9759385122451931, "code_norm": 0.0}, "behavioural_dev": {"new_paraphrase": {"label_exact": 0.03125, "n": 64, "null_mass_mean": 0.0014952097029485856, "top1_is_supporting_record": 0.453125, "unchanged_from_capoff": null}, "old_fact": {"label_exact": 0.03125, "n": 32, "null_mass_mean": 0.00027067604296604486, "top1_is_supporting_record": 0.53125, "unchanged_from_capoff": null}, "near_miss": {"label_exact": 0.0, "n": 32, "null_mass_mean": 0.9618096090853214, "top1_is_supporting_record": 0.0, "unchanged_from_capoff": 0.96875}, "unrelated": {"label_exact": 0.0, "n": 32, "null_mass_mean": 0.9270903647266096, "top1_is_supporting_record": 0.0, "unchanged_from_capoff": 0.9375}}, "train_wall_s": 4443}
