milestone step 0: prompt_kl=0.000e+00 student_ppl=93.3409
step 0 T=1 bp=0.000e+00 pc=2.242e-08 resid=22.4214 gnorm=7.194e-06 8.36s
step 25 T=1 bp=1.737e-05 pc=1.702e-05 resid=0.9799 gnorm=1.395e-02 0.71s
step 50 T=1 bp=4.916e-06 pc=4.874e-06 resid=0.9916 gnorm=7.959e-03 0.71s
step 75 T=1 bp=1.753e-05 pc=1.416e-05 resid=0.8080 gnorm=1.194e-02 0.71s
step 100 T=1 bp=6.359e-05 pc=5.607e-05 resid=0.8819 gnorm=2.519e-02 0.71s
step 125 T=1 bp=1.546e-05 pc=1.529e-05 resid=0.9888 gnorm=1.172e-02 0.71s
step 150 T=1 bp=1.883e-05 pc=1.874e-05 resid=0.9954 gnorm=8.420e-03 0.71s
step 175 T=1 bp=1.999e-05 pc=1.953e-05 resid=0.9769 gnorm=1.550e-02 0.71s
milestone step 196: prompt_kl=4.711e-06 student_ppl=93.3478 tail_kl=1.077e-05
step 200 T=1 bp=1.662e-05 pc=1.661e-05 resid=0.9995 gnorm=8.887e-03 0.72s
step 225 T=1 bp=7.642e-05 pc=6.648e-05 resid=0.8699 gnorm=1.481e-02 0.72s
step 250 T=1 bp=7.638e-06 pc=7.619e-06 resid=0.9974 gnorm=8.819e-03 0.71s
step 275 T=1 bp=2.359e-05 pc=2.351e-05 resid=0.9968 gnorm=2.205e-02 0.71s
step 300 T=1 bp=1.642e-05 pc=1.607e-05 resid=0.9787 gnorm=1.206e-02 0.72s
step 325 T=1 bp=1.786e-05 pc=1.701e-05 resid=0.9522 gnorm=8.468e-03 0.71s
step 350 T=1 bp=3.982e-05 pc=3.933e-05 resid=0.9878 gnorm=2.007e-02 0.71s
step 375 T=1 bp=2.623e-05 pc=2.517e-05 resid=0.9596 gnorm=8.319e-03 0.71s
milestone step 391: prompt_kl=4.338e-06 student_ppl=93.4171 tail_kl=7.164e-06
step 400 T=1 bp=1.031e-05 pc=1.029e-05 resid=0.9979 gnorm=6.551e-03 0.71s
step 425 T=1 bp=2.238e-05 pc=2.201e-05 resid=0.9831 gnorm=1.054e-02 0.71s
step 450 T=1 bp=7.365e-06 pc=7.127e-06 resid=0.9677 gnorm=4.468e-03 0.71s
step 475 T=1 bp=5.916e-06 pc=5.897e-06 resid=0.9968 gnorm=4.585e-03 0.71s
{
 "run_name": "epc-50m",
 "status": "paused_chunk",
 "abort_reason": "",
 "global_step": 500,
 "total_steps": 9766,
 "tokens_seen": 2560000,
 "stage_index": 0,
 "schedule": [
  1,
  2,
  4,
  8,
  16,
  32,
  64
 ],
 "elapsed_seconds": 368.26599383354187,
 "gpu_seconds": 364.18540596961975,
 "compile_seconds_by_T": {
  "1": 8.36290454864502
 },
 "mean_step_seconds_this_chunk": 0.7130711451322139,
 "steps_this_chunk": 500,
 "micro_batch_size": 5,
 "peak_mem_mib": 7618.797119140625,
 "protocol_hash": "8ec5feae4d5db48e",
 "data_sha256": "ae5b795aadcd3ef8990826c1ef37661b53b216e962e3bec8510a8758fecf540d",
 "checkpoint_dir": "/home/derp/cap/assets/models/epc/epc-50m/checkpoints",
 "pilot": false
}
CHUNK_STATUS paused_chunk 500
2026-09-10T10:58:09Z chunk finished: status=paused_chunk
stop file present; exiting
2026-09-10T10:58:14Z REG-02 loop exited
resumed from /home/derp/cap/assets/models/epc/epc-50m/checkpoints at step 500
step 500 T=1 bp=8.335e-06 pc=8.217e-06 resid=0.9858 gnorm=6.130e-03 8.22s
step 525 T=1 bp=6.014e-06 pc=5.996e-06 resid=0.9969 gnorm=3.717e-03 0.71s
step 550 T=1 bp=8.430e-06 pc=8.413e-06 resid=0.9980 gnorm=6.172e-03 0.70s
step 575 T=1 bp=2.080e-04 pc=1.925e-04 resid=0.9258 gnorm=3.333e-02 0.70s
milestone step 586: prompt_kl=3.658e-06 student_ppl=93.4784 tail_kl=9.325e-06
step 600 T=1 bp=1.409e-05 pc=1.401e-05 resid=0.9942 gnorm=7.945e-03 0.70s
step 625 T=1 bp=6.962e-05 pc=6.762e-05 resid=0.9713 gnorm=2.181e-02 0.71s
step 650 T=1 bp=1.972e-04 pc=1.939e-04 resid=0.9835 gnorm=5.188e-02 0.70s
step 675 T=1 bp=1.406e-05 pc=1.400e-05 resid=0.9957 gnorm=1.019e-02 0.71s
step 700 T=1 bp=9.461e-06 pc=9.439e-06 resid=0.9976 gnorm=1.324e-02 0.70s
step 725 T=1 bp=8.193e-06 pc=8.149e-06 resid=0.9947 gnorm=1.861e-02 0.71s
step 750 T=1 bp=1.160e-05 pc=1.147e-05 resid=0.9887 gnorm=7.896e-03 0.70s
step 775 T=1 bp=1.295e-05 pc=1.287e-05 resid=0.9935 gnorm=1.243e-02 0.71s
milestone step 782: prompt_kl=2.463e-06 student_ppl=93.2468 tail_kl=4.141e-06
step 800 T=1 bp=1.017e-05 pc=1.009e-05 resid=0.9919 gnorm=8.525e-03 0.70s
step 825 T=1 bp=5.887e-06 pc=5.017e-06 resid=0.8523 gnorm=5.428e-03 0.71s
step 850 T=1 bp=8.328e-06 pc=8.276e-06 resid=0.9938 gnorm=4.491e-03 0.70s
step 875 T=1 bp=9.148e-06 pc=9.038e-06 resid=0.9880 gnorm=7.465e-03 0.71s
step 900 T=1 bp=1.361e-05 pc=1.330e-05 resid=0.9775 gnorm=9.573e-03 0.71s
step 925 T=1 bp=2.143e-05 pc=2.083e-05 resid=0.9721 gnorm=9.889e-03 0.71s
step 950 T=1 bp=6.846e-05 pc=6.619e-05 resid=0.9669 gnorm=2.455e-02 0.71s
step 975 T=1 bp=6.801e-05 pc=6.700e-05 resid=0.9852 gnorm=1.654e-02 0.71s
milestone step 977: prompt_kl=3.725e-06 student_ppl=93.2855 tail_kl=9.130e-06
{
 "run_name": "epc-50m",
 "status": "paused_chunk",
 "abort_reason": "",
 "global_step": 1000,
 "total_steps": 9766,
 "tokens_seen": 5120000,
 "stage_index": 0,
 "schedule": [
  1,
  2,
  4,
  8,
  16,
  32,
  64
 ],
 "elapsed_seconds": 736.1128234863281,
 "gpu_seconds": 724.5348846912384,
 "compile_seconds_by_T": {
  "1": 8.220421075820923
 },
 "mean_step_seconds_this_chunk": 0.7056694541999955,
 "steps_this_chunk": 500,
 "micro_batch_size": 5,
 "peak_mem_mib": 7723.035888671875,
 "protocol_hash": "8ec5feae4d5db48e",
 "data_sha256": "ae5b795aadcd3ef8990826c1ef37661b53b216e962e3bec8510a8758fecf540d",
 "checkpoint_dir": "/home/derp/cap/assets/models/epc/epc-50m/checkpoints",
 "pilot": false
}
CHUNK_STATUS paused_chunk 1000
2026-09-10T11:10:09Z chunk finished: status=paused_chunk
resumed from /home/derp/cap/assets/models/epc/epc-50m/checkpoints at step 1000
step 1000 T=1 bp=5.582e-05 pc=5.538e-05 resid=0.9921 gnorm=2.116e-02 8.10s
step 1025 T=1 bp=8.175e-05 pc=7.917e-05 resid=0.9685 gnorm=2.474e-02 0.70s
step 1050 T=1 bp=1.809e-05 pc=1.810e-05 resid=1.0005 gnorm=6.497e-03 0.71s
step 1075 T=1 bp=1.652e-05 pc=1.645e-05 resid=0.9958 gnorm=1.129e-02 0.71s
step 1100 T=1 bp=2.497e-05 pc=2.414e-05 resid=0.9670 gnorm=1.112e-02 0.71s
step 1125 T=1 bp=1.150e-05 pc=1.138e-05 resid=0.9896 gnorm=8.082e-03 0.71s
step 1150 T=1 bp=5.468e-05 pc=5.216e-05 resid=0.9539 gnorm=1.341e-02 0.71s
milestone step 1172: prompt_kl=1.970e-06 student_ppl=93.3837 tail_kl=5.836e-06
step 1175 T=1 bp=8.586e-06 pc=8.458e-06 resid=0.9851 gnorm=6.843e-03 0.73s
step 1200 T=1 bp=6.535e-05 pc=6.508e-05 resid=0.9959 gnorm=3.189e-02 0.75s
step 1225 T=1 bp=4.028e-05 pc=4.007e-05 resid=0.9949 gnorm=1.414e-02 0.71s
step 1250 T=1 bp=2.650e-05 pc=2.642e-05 resid=0.9970 gnorm=1.078e-02 0.72s
step 1275 T=1 bp=8.614e-05 pc=8.585e-05 resid=0.9967 gnorm=3.481e-02 0.71s
step 1300 T=1 bp=8.767e-05 pc=8.737e-05 resid=0.9966 gnorm=2.872e-02 0.71s
step 1325 T=1 bp=1.865e-04 pc=1.850e-04 resid=0.9920 gnorm=1.434e-01 0.71s
step 1350 T=1 bp=5.678e-05 pc=5.622e-05 resid=0.9901 gnorm=1.258e-02 0.71s
milestone step 1368: prompt_kl=9.984e-06 student_ppl=93.3788 tail_kl=2.084e-05
step 1375 T=1 bp=3.426e-05 pc=3.414e-05 resid=0.9965 gnorm=1.404e-02 0.71s
stage -> T=2 at step 1396; next end 2791
step 1400 T=2 bp=2.407e-04 pc=2.362e-04 resid=0.9814 gnorm=4.166e-02 0.94s
step 1425 T=2 bp=5.751e-05 pc=5.644e-05 resid=0.9815 gnorm=1.496e-02 0.96s
step 1450 T=2 bp=3.275e-04 pc=3.200e-04 resid=0.9770 gnorm=3.760e-02 0.94s
step 1475 T=2 bp=7.329e-05 pc=7.256e-05 resid=0.9901 gnorm=4.018e-02 0.94s
{
 "run_name": "epc-50m",
 "status": "paused_chunk",
 "abort_reason": "",
 "global_step": 1500,
 "total_steps": 9766,
 "tokens_seen": 7680000,
 "stage_index": 1,
 "schedule": [
  1,
  2,
  4,
  8,
  16,
  32,
  64
 ],
 "elapsed_seconds": 1141.0496320724487,
 "gpu_seconds": 1122.1699538230896,
 "compile_seconds_by_T": {
  "1": 8.10438585281372,
  "2": 9.27016282081604
 },
 "mean_step_seconds_this_chunk": 0.7635753422855852,
 "steps_this_chunk": 500,
 "micro_batch_size": 5,
 "peak_mem_mib": 7629.378173828125,
 "protocol_hash": "8ec5feae4d5db48e",
 "data_sha256": "ae5b795aadcd3ef8990826c1ef37661b53b216e962e3bec8510a8758fecf540d",
 "checkpoint_dir": "/home/derp/cap/assets/models/epc/epc-50m/checkpoints",
 "pilot": false
}
CHUNK_STATUS paused_chunk 1500
2026-09-10T11:25:21Z chunk finished: status=paused_chunk
resumed from /home/derp/cap/assets/models/epc/epc-50m/checkpoints at step 1500
step 1500 T=2 bp=4.558e-05 pc=4.497e-05 resid=0.9868 gnorm=1.677e-02 9.45s
step 1525 T=2 bp=5.216e-05 pc=5.177e-05 resid=0.9925 gnorm=2.475e-02 0.93s
step 1550 T=2 bp=2.587e-05 pc=2.578e-05 resid=0.9965 gnorm=7.125e-03 0.94s
milestone step 1563: prompt_kl=5.835e-06 student_ppl=93.2971 tail_kl=1.316e-05
step 1575 T=2 bp=3.822e-05 pc=3.767e-05 resid=0.9854 gnorm=1.995e-02 0.94s
step 1600 T=2 bp=9.421e-05 pc=8.873e-05 resid=0.9419 gnorm=2.773e-02 0.94s
step 1625 T=2 bp=2.996e-05 pc=2.982e-05 resid=0.9955 gnorm=1.145e-02 0.94s
step 1650 T=2 bp=3.101e-05 pc=3.017e-05 resid=0.9728 gnorm=2.068e-02 0.94s
step 1675 T=2 bp=3.260e-05 pc=3.214e-05 resid=0.9859 gnorm=1.862e-02 0.94s
step 1700 T=2 bp=4.419e-05 pc=4.339e-05 resid=0.9820 gnorm=1.393e-02 0.94s
step 1725 T=2 bp=7.231e-05 pc=7.097e-05 resid=0.9816 gnorm=1.827e-02 0.94s
step 1750 T=2 bp=5.507e-05 pc=5.251e-05 resid=0.9536 gnorm=2.223e-02 0.93s
milestone step 1758: prompt_kl=2.923e-05 student_ppl=92.9447 tail_kl=6.573e-05
step 1775 T=2 bp=9.017e-05 pc=8.208e-05 resid=0.9103 gnorm=3.186e-02 0.94s
step 1800 T=2 bp=4.412e-05 pc=4.383e-05 resid=0.9933 gnorm=1.531e-02 0.94s
step 1825 T=2 bp=1.864e-05 pc=1.859e-05 resid=0.9973 gnorm=1.447e-02 0.94s
step 1850 T=2 bp=4.264e-05 pc=4.210e-05 resid=0.9873 gnorm=1.354e-02 0.94s
step 1875 T=2 bp=2.918e-05 pc=2.905e-05 resid=0.9955 gnorm=1.273e-02 0.94s
step 1900 T=2 bp=2.613e-05 pc=2.578e-05 resid=0.9869 gnorm=9.849e-03 0.94s
step 1925 T=2 bp=4.652e-05 pc=4.549e-05 resid=0.9778 gnorm=2.081e-02 0.96s
step 1950 T=2 bp=5.236e-05 pc=5.161e-05 resid=0.9855 gnorm=3.066e-02 0.94s
milestone step 1954: prompt_kl=5.057e-06 student_ppl=93.3670 tail_kl=9.727e-06
step 1975 T=2 bp=2.819e-04 pc=2.712e-04 resid=0.9619 gnorm=6.780e-02 0.94s
{
 "run_name": "epc-50m",
 "status": "paused_chunk",
 "abort_reason": "",
 "global_step": 2000,
 "total_steps": 9766,
 "tokens_seen": 10240000,
 "stage_index": 1,
 "schedule": [
  1,
  2,
  4,
  8,
  16,
  32,
  64
 ],
 "elapsed_seconds": 1627.7812185287476,
 "gpu_seconds": 1601.2151732444763,
 "compile_seconds_by_T": {
  "2": 9.450417280197144
 },
 "mean_step_seconds_this_chunk": 0.941071747777935,
 "steps_this_chunk": 500,
 "micro_batch_size": 5,
 "peak_mem_mib": 7463.801025390625,
 "protocol_hash": "8ec5feae4d5db48e",
 "data_sha256": "ae5b795aadcd3ef8990826c1ef37661b53b216e962e3bec8510a8758fecf540d",
 "checkpoint_dir": "/home/derp/cap/assets/models/epc/epc-50m/checkpoints",
 "pilot": false
}
CHUNK_STATUS paused_chunk 2000
2026-09-10T11:35:55Z chunk finished: status=paused_chunk
resumed from /home/derp/cap/assets/models/epc/epc-50m/checkpoints at step 2000
step 2000 T=2 bp=2.727e-04 pc=2.160e-04 resid=0.7921 gnorm=1.013e-01 9.05s
step 2025 T=2 bp=2.725e-05 pc=2.705e-05 resid=0.9928 gnorm=3.609e-02 0.94s
step 2050 T=2 bp=1.324e-04 pc=1.060e-04 resid=0.8003 gnorm=3.481e-02 0.94s
step 2075 T=2 bp=5.810e-05 pc=5.687e-05 resid=0.9789 gnorm=2.205e-02 0.94s
step 2100 T=2 bp=6.574e-05 pc=6.354e-05 resid=0.9665 gnorm=1.683e-02 0.94s
step 2125 T=2 bp=7.584e-04 pc=7.016e-04 resid=0.9251 gnorm=1.111e-01 0.94s
milestone step 2149: prompt_kl=1.565e-05 student_ppl=93.1299 tail_kl=3.729e-05
step 2150 T=2 bp=1.589e-04 pc=1.500e-04 resid=0.9440 gnorm=3.180e-02 0.94s
step 2175 T=2 bp=8.897e-05 pc=8.494e-05 resid=0.9547 gnorm=3.826e-02 0.94s
step 2200 T=2 bp=4.772e-05 pc=4.741e-05 resid=0.9934 gnorm=1.683e-02 0.94s
step 2225 T=2 bp=3.108e-05 pc=3.103e-05 resid=0.9983 gnorm=1.311e-02 0.94s
step 2250 T=2 bp=1.698e-04 pc=1.677e-04 resid=0.9874 gnorm=4.989e-02 0.94s
step 2275 T=2 bp=2.249e-05 pc=2.245e-05 resid=0.9978 gnorm=8.935e-03 0.94s
step 2300 T=2 bp=7.465e-05 pc=7.042e-05 resid=0.9433 gnorm=1.966e-02 0.94s
step 2325 T=2 bp=2.610e-05 pc=2.596e-05 resid=0.9944 gnorm=1.568e-02 0.95s
milestone step 2344: prompt_kl=8.326e-06 student_ppl=92.8716 tail_kl=1.432e-05
step 2350 T=2 bp=2.414e-05 pc=2.405e-05 resid=0.9966 gnorm=2.402e-02 0.94s
step 2375 T=2 bp=3.729e-04 pc=3.441e-04 resid=0.9229 gnorm=5.746e-02 0.95s
step 2400 T=2 bp=4.137e-05 pc=3.961e-05 resid=0.9575 gnorm=1.410e-02 0.97s
step 2425 T=2 bp=1.373e-05 pc=1.368e-05 resid=0.9960 gnorm=5.512e-03 0.94s
step 2450 T=2 bp=3.853e-05 pc=3.839e-05 resid=0.9962 gnorm=1.051e-02 0.95s
step 2475 T=2 bp=2.854e-05 pc=2.735e-05 resid=0.9580 gnorm=1.424e-02 0.95s
{
 "run_name": "epc-50m",
 "status": "paused_chunk",
 "abort_reason": "",
 "global_step": 2500,
 "total_steps": 9766,
 "tokens_seen": 12800000,
 "stage_index": 1,
 "schedule": [
  1,
  2,
  4,
  8,
  16,
  32,
  64
 ],
 "elapsed_seconds": 2116.171894788742,
 "gpu_seconds": 2083.2081096172333,
 "compile_seconds_by_T": {
  "2": 9.047247648239136
 },
 "mean_step_seconds_this_chunk": 0.9477869513517391,
 "steps_this_chunk": 500,
 "micro_batch_size": 5,
 "peak_mem_mib": 7492.11181640625,
 "protocol_hash": "8ec5feae4d5db48e",
 "data_sha256": "ae5b795aadcd3ef8990826c1ef37661b53b216e962e3bec8510a8758fecf540d",
 "checkpoint_dir": "/home/derp/cap/assets/models/epc/epc-50m/checkpoints",
 "pilot": false
}
CHUNK_STATUS paused_chunk 2500
2026-09-10T11:44:11Z chunk finished: status=paused_chunk
resumed from /home/derp/cap/assets/models/epc/epc-50m/checkpoints at step 2500
step 2500 T=2 bp=3.673e-04 pc=3.387e-04 resid=0.9223 gnorm=6.623e-02 9.20s
step 2525 T=2 bp=1.819e-05 pc=1.811e-05 resid=0.9956 gnorm=6.012e-03 0.94s
milestone step 2540: prompt_kl=3.946e-06 student_ppl=93.1658 tail_kl=8.536e-06
step 2550 T=2 bp=3.105e-05 pc=2.673e-05 resid=0.8608 gnorm=1.501e-02 0.95s
step 2575 T=2 bp=1.029e-04 pc=1.026e-04 resid=0.9964 gnorm=3.058e-02 0.95s
step 2600 T=2 bp=7.194e-05 pc=7.165e-05 resid=0.9960 gnorm=1.697e-02 0.95s
step 2625 T=2 bp=3.803e-05 pc=3.793e-05 resid=0.9973 gnorm=8.264e-03 0.94s
step 2650 T=2 bp=2.676e-04 pc=2.486e-04 resid=0.9290 gnorm=4.567e-02 0.95s
step 2675 T=2 bp=7.064e-04 pc=6.824e-04 resid=0.9659 gnorm=2.068e-01 0.95s
step 2700 T=2 bp=7.128e-05 pc=6.988e-05 resid=0.9804 gnorm=3.425e-02 0.95s
step 2725 T=2 bp=1.906e-04 pc=1.839e-04 resid=0.9646 gnorm=2.891e-02 0.95s
milestone step 2735: prompt_kl=1.846e-05 student_ppl=93.0488 tail_kl=2.196e-05
step 2750 T=2 bp=3.057e-04 pc=2.227e-04 resid=0.7286 gnorm=5.647e-02 0.94s
step 2775 T=2 bp=8.241e-05 pc=6.803e-05 resid=0.8256 gnorm=3.887e-02 0.94s
stage -> T=4 at step 2791; next end 4186
step 2800 T=4 bp=4.357e-05 pc=4.140e-05 resid=0.9503 gnorm=2.229e-02 1.39s
step 2825 T=4 bp=2.472e-05 pc=2.376e-05 resid=0.9611 gnorm=1.160e-02 1.39s
step 2850 T=4 bp=7.949e-05 pc=7.713e-05 resid=0.9703 gnorm=3.147e-02 1.39s
step 2875 T=4 bp=2.304e-05 pc=2.255e-05 resid=0.9788 gnorm=1.065e-02 1.39s
step 2900 T=4 bp=3.366e-05 pc=3.347e-05 resid=0.9944 gnorm=2.238e-02 1.39s
step 2925 T=4 bp=2.205e-04 pc=1.884e-04 resid=0.8545 gnorm=8.066e-02 1.39s
milestone step 2930: prompt_kl=7.094e-06 student_ppl=93.2407 tail_kl=1.672e-05
step 2950 T=4 bp=2.797e-05 pc=2.741e-05 resid=0.9797 gnorm=1.977e-02 1.39s
step 2975 T=4 bp=3.893e-05 pc=3.675e-05 resid=0.9441 gnorm=1.274e-02 1.39s
{
 "run_name": "epc-50m",
 "status": "paused_chunk",
 "abort_reason": "",
 "global_step": 3000,
 "total_steps": 9766,
 "tokens_seen": 15360000,
 "stage_index": 2,
 "schedule": [
  1,
  2,
  4,
  8,
  16,
  32,
  64
 ],
 "elapsed_seconds": 2707.376032114029,
 "gpu_seconds": 2665.9439952373505,
 "compile_seconds_by_T": {
  "2": 9.198493003845215,
  "4": 9.820261001586914
 },
 "mean_step_seconds_this_chunk": 1.1319621116760745,
 "steps_this_chunk": 500,
 "micro_batch_size": 5,
 "peak_mem_mib": 7676.329345703125,
 "protocol_hash": "8ec5feae4d5db48e",
 "data_sha256": "ae5b795aadcd3ef8990826c1ef37661b53b216e962e3bec8510a8758fecf540d",
 "checkpoint_dir": "/home/derp/cap/assets/models/epc/epc-50m/checkpoints",
 "pilot": false
}
CHUNK_STATUS paused_chunk 3000
2026-09-10T11:54:10Z chunk finished: status=paused_chunk
resumed from /home/derp/cap/assets/models/epc/epc-50m/checkpoints at step 3000
step 3000 T=4 bp=3.183e-05 pc=3.029e-05 resid=0.9517 gnorm=1.431e-02 9.76s
step 3025 T=4 bp=2.802e-05 pc=2.747e-05 resid=0.9804 gnorm=2.134e-02 1.45s
step 3050 T=4 bp=1.631e-05 pc=1.612e-05 resid=0.9885 gnorm=8.385e-03 1.50s
step 3075 T=4 bp=3.297e-04 pc=2.904e-04 resid=0.8807 gnorm=9.257e-02 1.39s
step 3100 T=4 bp=6.461e-05 pc=6.359e-05 resid=0.9842 gnorm=1.953e-02 1.39s
milestone step 3125: prompt_kl=8.437e-06 student_ppl=93.1546 tail_kl=1.925e-05
step 3125 T=4 bp=4.878e-05 pc=4.302e-05 resid=0.8819 gnorm=2.290e-02 1.39s
step 3150 T=4 bp=4.393e-05 pc=4.367e-05 resid=0.9940 gnorm=2.652e-02 1.41s
step 3175 T=4 bp=3.301e-05 pc=2.945e-05 resid=0.8923 gnorm=1.879e-02 1.39s
step 3200 T=4 bp=2.469e-05 pc=2.429e-05 resid=0.9839 gnorm=1.471e-02 1.39s
step 3225 T=4 bp=3.603e-05 pc=3.560e-05 resid=0.9882 gnorm=1.863e-02 1.39s
step 3250 T=4 bp=4.182e-05 pc=4.083e-05 resid=0.9763 gnorm=1.562e-02 1.38s
step 3275 T=4 bp=3.303e-05 pc=3.211e-05 resid=0.9722 gnorm=1.814e-02 1.38s
step 3300 T=4 bp=3.345e-05 pc=3.233e-05 resid=0.9664 gnorm=1.533e-02 1.39s
milestone step 3321: prompt_kl=5.838e-06 student_ppl=93.3146 tail_kl=1.159e-05
step 3325 T=4 bp=7.922e-05 pc=7.115e-05 resid=0.8982 gnorm=2.932e-02 1.38s
step 3350 T=4 bp=1.350e-04 pc=1.217e-04 resid=0.9012 gnorm=6.976e-02 1.39s
step 3375 T=4 bp=5.795e-05 pc=5.774e-05 resid=0.9964 gnorm=5.684e-02 1.38s
step 3400 T=4 bp=4.067e-05 pc=3.293e-05 resid=0.8097 gnorm=2.761e-02 1.39s
step 3425 T=4 bp=3.305e-05 pc=3.132e-05 resid=0.9476 gnorm=1.993e-02 1.40s
step 3450 T=4 bp=8.628e-05 pc=7.982e-05 resid=0.9252 gnorm=3.778e-02 1.39s
step 3475 T=4 bp=5.200e-05 pc=3.356e-05 resid=0.6454 gnorm=3.222e-02 1.38s
{
 "run_name": "epc-50m",
 "status": "paused_chunk",
 "abort_reason": "",
 "global_step": 3500,
 "total_steps": 9766,
 "tokens_seen": 17920000,
 "stage_index": 2,
 "schedule": [
  1,
  2,
  4,
  8,
  16,
  32,
  64
 ],
 "elapsed_seconds": 3422.4984002113342,
 "gpu_seconds": 3374.9231655597687,
 "compile_seconds_by_T": {
  "4": 9.759341716766357
 },
 "mean_step_seconds_this_chunk": 1.4012421414942924,
 "steps_this_chunk": 500,
 "micro_batch_size": 5,
 "peak_mem_mib": 7654.328857421875,
 "protocol_hash": "8ec5feae4d5db48e",
 "data_sha256": "ae5b795aadcd3ef8990826c1ef37661b53b216e962e3bec8510a8758fecf540d",
 "checkpoint_dir": "/home/derp/cap/assets/models/epc/epc-50m/checkpoints",
 "pilot": false
}
CHUNK_STATUS paused_chunk 3500
2026-09-10T12:06:13Z chunk finished: status=paused_chunk
resumed from /home/derp/cap/assets/models/epc/epc-50m/checkpoints at step 3500
step 3500 T=4 bp=1.909e-05 pc=1.748e-05 resid=0.9157 gnorm=1.138e-02 9.38s
milestone step 3516: prompt_kl=4.800e-06 student_ppl=93.3135 tail_kl=1.037e-05
step 3525 T=4 bp=1.705e-05 pc=1.691e-05 resid=0.9919 gnorm=1.287e-02 1.37s
step 3550 T=4 bp=1.844e-05 pc=1.740e-05 resid=0.9436 gnorm=9.619e-03 1.38s
step 3575 T=4 bp=3.494e-05 pc=3.412e-05 resid=0.9766 gnorm=1.617e-02 1.38s
step 3600 T=4 bp=2.187e-05 pc=2.155e-05 resid=0.9855 gnorm=1.639e-02 1.38s
step 3625 T=4 bp=1.608e-05 pc=1.602e-05 resid=0.9963 gnorm=1.203e-02 1.38s
step 3650 T=4 bp=1.091e-04 pc=1.050e-04 resid=0.9629 gnorm=3.409e-02 1.38s
step 3675 T=4 bp=1.735e-04 pc=1.720e-04 resid=0.9914 gnorm=4.806e-02 1.38s
step 3700 T=4 bp=4.694e-05 pc=4.669e-05 resid=0.9946 gnorm=1.844e-02 1.38s
milestone step 3711: prompt_kl=1.227e-05 student_ppl=93.4293 tail_kl=2.019e-05
step 3725 T=4 bp=8.417e-05 pc=8.072e-05 resid=0.9590 gnorm=2.126e-02 1.40s
step 3750 T=4 bp=4.415e-04 pc=4.141e-04 resid=0.9380 gnorm=7.276e-02 1.36s
step 3775 T=4 bp=4.668e-05 pc=4.558e-05 resid=0.9765 gnorm=4.741e-02 1.37s
step 3800 T=4 bp=3.398e-04 pc=2.557e-04 resid=0.7524 gnorm=9.882e-02 1.37s
step 3825 T=4 bp=7.976e-05 pc=7.110e-05 resid=0.8913 gnorm=3.501e-02 1.37s
step 3850 T=4 bp=4.171e-05 pc=4.045e-05 resid=0.9699 gnorm=1.999e-02 1.37s
step 3875 T=4 bp=3.055e-05 pc=2.812e-05 resid=0.9206 gnorm=1.248e-02 1.37s
step 3900 T=4 bp=2.905e-05 pc=2.533e-05 resid=0.8720 gnorm=1.582e-02 1.37s
milestone step 3907: prompt_kl=5.596e-06 student_ppl=93.2632 tail_kl=1.132e-05
step 3925 T=4 bp=2.285e-05 pc=2.277e-05 resid=0.9966 gnorm=1.150e-02 1.37s
step 3950 T=4 bp=3.978e-05 pc=3.914e-05 resid=0.9840 gnorm=2.014e-02 1.37s
step 3975 T=4 bp=3.832e-04 pc=3.673e-04 resid=0.9586 gnorm=1.393e-01 1.37s
{
 "run_name": "epc-50m",
 "status": "paused_chunk",
 "abort_reason": "",
 "global_step": 4000,
 "total_steps": 9766,
 "tokens_seen": 20480000,
 "stage_index": 2,
 "schedule": [
  1,
  2,
  4,
  8,
  16,
  32,
  64
 ],
 "elapsed_seconds": 4125.298930644989,
 "gpu_seconds": 4069.7310330867767,
 "compile_seconds_by_T": {
  "4": 9.383959293365479
 },
 "mean_step_seconds_this_chunk": 1.3735950064802456,
 "steps_this_chunk": 500,
 "micro_batch_size": 5,
 "peak_mem_mib": 7816.30029296875,
 "protocol_hash": "8ec5feae4d5db48e",
 "data_sha256": "ae5b795aadcd3ef8990826c1ef37661b53b216e962e3bec8510a8758fecf540d",
 "checkpoint_dir": "/home/derp/cap/assets/models/epc/epc-50m/checkpoints",
 "pilot": false
}
CHUNK_STATUS paused_chunk 4000
2026-09-10T12:18:03Z chunk finished: status=paused_chunk
resumed from /home/derp/cap/assets/models/epc/epc-50m/checkpoints at step 4000
step 4000 T=4 bp=4.730e-05 pc=4.671e-05 resid=0.9875 gnorm=3.419e-02 9.40s
step 4025 T=4 bp=5.475e-05 pc=5.395e-05 resid=0.9855 gnorm=2.834e-02 1.36s
step 4050 T=4 bp=9.406e-05 pc=9.226e-05 resid=0.9809 gnorm=4.735e-02 1.37s
step 4075 T=4 bp=3.359e-05 pc=3.325e-05 resid=0.9899 gnorm=1.965e-02 1.37s
step 4100 T=4 bp=2.400e-04 pc=2.311e-04 resid=0.9629 gnorm=7.292e-02 1.37s
milestone step 4102: prompt_kl=9.286e-06 student_ppl=93.2799 tail_kl=1.746e-05
step 4125 T=4 bp=1.765e-05 pc=1.746e-05 resid=0.9895 gnorm=9.088e-03 1.37s
step 4150 T=4 bp=2.353e-05 pc=2.294e-05 resid=0.9748 gnorm=1.062e-02 1.38s
step 4175 T=4 bp=2.937e-05 pc=2.721e-05 resid=0.9266 gnorm=2.244e-02 1.38s
stage -> T=8 at step 4186; next end 5581
step 4200 T=8 bp=2.360e-05 pc=2.329e-05 resid=0.9869 gnorm=1.182e-02 2.25s
step 4225 T=8 bp=4.332e-05 pc=4.179e-05 resid=0.9647 gnorm=2.824e-02 2.26s
step 4250 T=8 bp=4.104e-05 pc=3.994e-05 resid=0.9733 gnorm=1.806e-02 2.25s
step 4275 T=8 bp=3.096e-05 pc=2.985e-05 resid=0.9644 gnorm=2.194e-02 2.26s
milestone step 4297: prompt_kl=6.647e-06 student_ppl=93.2989 tail_kl=1.395e-05
step 4300 T=8 bp=1.855e-04 pc=1.644e-04 resid=0.8859 gnorm=4.601e-02 2.26s
step 4325 T=8 bp=1.784e-05 pc=1.770e-05 resid=0.9923 gnorm=1.144e-02 2.26s
step 4350 T=8 bp=3.098e-05 pc=3.056e-05 resid=0.9865 gnorm=4.181e-02 2.26s
step 4375 T=8 bp=3.050e-05 pc=3.009e-05 resid=0.9867 gnorm=1.682e-02 2.28s
step 4400 T=8 bp=6.529e-05 pc=5.295e-05 resid=0.8110 gnorm=3.423e-02 2.27s
step 4425 T=8 bp=2.403e-05 pc=2.344e-05 resid=0.9754 gnorm=2.505e-02 2.27s
step 4450 T=8 bp=2.686e-05 pc=2.500e-05 resid=0.9307 gnorm=1.696e-02 2.27s
step 4475 T=8 bp=1.566e-05 pc=1.554e-05 resid=0.9923 gnorm=1.147e-02 2.26s
milestone step 4493: prompt_kl=1.040e-05 student_ppl=93.4386 tail_kl=1.737e-05
{
 "run_name": "epc-50m",
 "status": "paused_chunk",
 "abort_reason": "",
 "global_step": 4500,
 "total_steps": 9766,
 "tokens_seen": 23040000,
 "stage_index": 3,
 "schedule": [
  1,
  2,
  4,
  8,
  16,
  32,
  64
 ],
 "elapsed_seconds": 5116.695119380951,
 "gpu_seconds": 5052.720814466476,
 "compile_seconds_by_T": {
  "4": 9.400048017501831,
  "8": 10.527437686920166
 },
 "mean_step_seconds_this_chunk": 1.9338600314764613,
 "steps_this_chunk": 500,
 "micro_batch_size": 5,
 "peak_mem_mib": 7613.614013671875,
 "protocol_hash": "8ec5feae4d5db48e",
 "data_sha256": "ae5b795aadcd3ef8990826c1ef37661b53b216e962e3bec8510a8758fecf540d",
 "checkpoint_dir": "/home/derp/cap/assets/models/epc/epc-50m/checkpoints",
 "pilot": false
}
CHUNK_STATUS paused_chunk 4500
2026-09-10T12:34:42Z chunk finished: status=paused_chunk
resumed from /home/derp/cap/assets/models/epc/epc-50m/checkpoints at step 4500
step 4500 T=8 bp=3.406e-05 pc=3.368e-05 resid=0.9887 gnorm=3.716e-02 10.53s
step 4525 T=8 bp=2.697e-05 pc=2.680e-05 resid=0.9936 gnorm=2.055e-02 2.26s
step 4550 T=8 bp=3.990e-05 pc=3.925e-05 resid=0.9836 gnorm=2.500e-02 2.27s
step 4575 T=8 bp=6.554e-05 pc=6.379e-05 resid=0.9734 gnorm=3.171e-02 2.29s
step 4600 T=8 bp=4.226e-05 pc=4.174e-05 resid=0.9878 gnorm=2.609e-02 2.27s
step 4625 T=8 bp=1.126e-04 pc=1.063e-04 resid=0.9437 gnorm=5.600e-02 2.26s
step 4650 T=8 bp=4.459e-05 pc=2.846e-05 resid=0.6384 gnorm=1.533e-02 2.29s
step 4675 T=8 bp=4.072e-05 pc=3.985e-05 resid=0.9787 gnorm=3.400e-02 2.26s
milestone step 4688: prompt_kl=2.089e-05 student_ppl=93.3938 tail_kl=4.044e-05
step 4700 T=8 bp=6.883e-05 pc=6.715e-05 resid=0.9756 gnorm=4.966e-02 2.27s
step 4725 T=8 bp=4.110e-05 pc=4.062e-05 resid=0.9885 gnorm=1.816e-02 2.26s
step 4750 T=8 bp=1.048e-03 pc=8.824e-04 resid=0.8422 gnorm=1.997e-01 2.28s
step 4775 T=8 bp=4.429e-05 pc=4.232e-05 resid=0.9558 gnorm=2.591e-02 2.25s
step 4800 T=8 bp=2.907e-04 pc=2.547e-04 resid=0.8760 gnorm=1.181e-01 2.27s
step 4825 T=8 bp=3.437e-05 pc=3.423e-05 resid=0.9962 gnorm=1.077e-02 2.25s
step 4850 T=8 bp=1.023e-04 pc=7.205e-05 resid=0.7043 gnorm=6.929e-02 2.25s
step 4875 T=8 bp=9.527e-04 pc=9.256e-04 resid=0.9716 gnorm=2.200e-01 2.25s
milestone step 4883: prompt_kl=1.713e-05 student_ppl=93.4749 tail_kl=2.242e-05
step 4900 T=8 bp=3.988e-05 pc=3.830e-05 resid=0.9604 gnorm=3.133e-02 2.26s
step 4925 T=8 bp=1.929e-04 pc=1.555e-04 resid=0.8062 gnorm=6.616e-02 2.25s
step 4950 T=8 bp=5.092e-05 pc=4.903e-05 resid=0.9628 gnorm=2.164e-02 2.26s
step 4975 T=8 bp=1.694e-04 pc=1.643e-04 resid=0.9702 gnorm=5.629e-02 2.25s
{
 "run_name": "epc-50m",
 "status": "paused_chunk",
 "abort_reason": "",
 "global_step": 5000,
 "total_steps": 9766,
 "tokens_seen": 25600000,
 "stage_index": 3,
 "schedule": [
  1,
  2,
  4,
  8,
  16,
  32,
  64
 ],
 "elapsed_seconds": 6263.206982135773,
 "gpu_seconds": 6192.9019277095795,
 "compile_seconds_by_T": {
  "8": 10.525238513946533
 },
 "mean_step_seconds_this_chunk": 2.263839428314943,
 "steps_this_chunk": 500,
 "micro_batch_size": 5,
 "peak_mem_mib": 7546.847900390625,
 "protocol_hash": "8ec5feae4d5db48e",
 "data_sha256": "ae5b795aadcd3ef8990826c1ef37661b53b216e962e3bec8510a8758fecf540d",
 "checkpoint_dir": "/home/derp/cap/assets/models/epc/epc-50m/checkpoints",
 "pilot": false
}
CHUNK_STATUS paused_chunk 5000
2026-09-10T12:53:56Z chunk finished: status=paused_chunk
resumed from /home/derp/cap/assets/models/epc/epc-50m/checkpoints at step 5000
step 5000 T=8 bp=6.052e-05 pc=5.692e-05 resid=0.9405 gnorm=2.313e-02 10.95s
step 5025 T=8 bp=5.990e-05 pc=5.854e-05 resid=0.9773 gnorm=3.614e-02 2.26s
step 5050 T=8 bp=7.393e-05 pc=7.235e-05 resid=0.9787 gnorm=3.772e-02 2.26s
step 5075 T=8 bp=2.556e-03 pc=1.374e-03 resid=0.5376 gnorm=3.281e-01 2.45s
milestone step 5079: prompt_kl=1.480e-05 student_ppl=93.6174 tail_kl=2.887e-05
step 5100 T=8 bp=2.815e-04 pc=2.548e-04 resid=0.9050 gnorm=8.293e-02 2.45s
step 5125 T=8 bp=2.748e-03 pc=2.413e-03 resid=0.8778 gnorm=9.368e-01 2.26s
step 5150 T=8 bp=6.343e-04 pc=5.786e-04 resid=0.9122 gnorm=1.668e-01 2.28s
step 5175 T=8 bp=4.864e-05 pc=4.790e-05 resid=0.9848 gnorm=1.665e-02 2.24s
step 5200 T=8 bp=4.198e-05 pc=3.879e-05 resid=0.9240 gnorm=2.301e-02 2.36s
step 5225 T=8 bp=4.950e-05 pc=4.929e-05 resid=0.9957 gnorm=1.415e-02 2.30s
step 5250 T=8 bp=3.148e-05 pc=3.113e-05 resid=0.9890 gnorm=1.360e-02 2.23s
milestone step 5274: prompt_kl=1.097e-05 student_ppl=93.5138 tail_kl=1.597e-05
step 5275 T=8 bp=2.418e-04 pc=2.179e-04 resid=0.9011 gnorm=6.845e-02 2.24s
step 5300 T=8 bp=2.398e-05 pc=2.377e-05 resid=0.9912 gnorm=1.091e-02 2.24s
step 5325 T=8 bp=2.222e-05 pc=2.214e-05 resid=0.9969 gnorm=1.136e-02 2.24s
step 5350 T=8 bp=7.367e-05 pc=6.032e-05 resid=0.8187 gnorm=6.014e-02 2.24s
step 5375 T=8 bp=2.369e-05 pc=2.348e-05 resid=0.9913 gnorm=1.517e-02 2.24s
step 5400 T=8 bp=8.812e-05 pc=8.572e-05 resid=0.9728 gnorm=3.369e-02 2.24s
step 5425 T=8 bp=3.146e-05 pc=3.065e-05 resid=0.9743 gnorm=1.592e-02 2.24s
step 5450 T=8 bp=1.051e-04 pc=1.000e-04 resid=0.9518 gnorm=6.164e-02 2.24s
milestone step 5469: prompt_kl=1.994e-05 student_ppl=93.3489 tail_kl=3.739e-05
step 5475 T=8 bp=9.639e-05 pc=8.793e-05 resid=0.9122 gnorm=5.608e-02 2.24s
{
 "run_name": "epc-50m",
 "status": "paused_chunk",
 "abort_reason": "",
 "global_step": 5500,
 "total_steps": 9766,
 "tokens_seen": 28160000,
 "stage_index": 3,
 "schedule": [
  1,
  2,
  4,
  8,
  16,
  32,
  64
 ],
 "elapsed_seconds": 7409.594680786133,
 "gpu_seconds": 7331.448833703995,
 "compile_seconds_by_T": {
  "8": 10.951047658920288
 },
 "mean_step_seconds_this_chunk": 2.2597111389488878,
 "steps_this_chunk": 500,
 "micro_batch_size": 5,
 "peak_mem_mib": 7494.076416015625,
 "protocol_hash": "8ec5feae4d5db48e",
 "data_sha256": "ae5b795aadcd3ef8990826c1ef37661b53b216e962e3bec8510a8758fecf540d",
 "checkpoint_dir": "/home/derp/cap/assets/models/epc/epc-50m/checkpoints",
 "pilot": false
}
CHUNK_STATUS paused_chunk 5500
2026-09-10T13:13:10Z chunk finished: status=paused_chunk
resumed from /home/derp/cap/assets/models/epc/epc-50m/checkpoints at step 5500
step 5500 T=8 bp=7.742e-05 pc=7.166e-05 resid=0.9256 gnorm=2.693e-02 10.35s
step 5525 T=8 bp=3.327e-05 pc=3.255e-05 resid=0.9786 gnorm=1.648e-02 2.24s
step 5550 T=8 bp=9.863e-05 pc=9.139e-05 resid=0.9266 gnorm=3.967e-02 2.24s
step 5575 T=8 bp=9.847e-05 pc=9.683e-05 resid=0.9834 gnorm=6.189e-02 2.24s
stage -> T=16 at step 5581; next end 6976
step 5600 T=16 bp=1.551e-03 pc=1.454e-03 resid=0.9377 gnorm=3.854e-01 3.99s
step 5625 T=16 bp=3.339e-05 pc=3.303e-05 resid=0.9892 gnorm=1.846e-02 3.98s
step 5650 T=16 bp=3.236e-05 pc=3.204e-05 resid=0.9904 gnorm=1.518e-02 3.99s
milestone step 5665: prompt_kl=8.771e-06 student_ppl=94.0680 tail_kl=1.378e-05
step 5675 T=16 bp=2.310e-05 pc=2.291e-05 resid=0.9918 gnorm=1.074e-02 3.99s
step 5700 T=16 bp=2.059e-04 pc=1.967e-04 resid=0.9552 gnorm=1.246e-01 3.99s
step 5725 T=16 bp=2.696e-04 pc=2.502e-04 resid=0.9282 gnorm=8.491e-02 3.98s
step 5750 T=16 bp=2.582e-05 pc=2.566e-05 resid=0.9937 gnorm=3.897e-02 3.97s
step 5775 T=16 bp=7.562e-05 pc=4.007e-05 resid=0.5299 gnorm=3.373e-02 4.01s
step 5800 T=16 bp=5.037e-05 pc=4.983e-05 resid=0.9894 gnorm=2.758e-02 4.01s
step 5825 T=16 bp=3.503e-05 pc=3.453e-05 resid=0.9859 gnorm=2.278e-02 4.01s
step 5850 T=16 bp=2.628e-05 pc=2.614e-05 resid=0.9946 gnorm=2.263e-02 4.02s
milestone step 5860: prompt_kl=8.658e-06 student_ppl=93.9791 tail_kl=1.572e-05
step 5875 T=16 bp=2.990e-05 pc=2.847e-05 resid=0.9523 gnorm=1.884e-02 4.02s
step 5900 T=16 bp=3.825e-04 pc=3.644e-04 resid=0.9526 gnorm=8.681e-02 4.02s
step 5925 T=16 bp=1.137e-04 pc=1.031e-04 resid=0.9071 gnorm=6.756e-02 4.02s
step 5950 T=16 bp=3.356e-05 pc=3.317e-05 resid=0.9885 gnorm=2.013e-02 4.01s
step 5975 T=16 bp=5.950e-05 pc=5.180e-05 resid=0.8707 gnorm=5.337e-02 4.09s
{
 "run_name": "epc-50m",
 "status": "paused_chunk",
 "abort_reason": "",
 "global_step": 6000,
 "total_steps": 9766,
 "tokens_seen": 30720000,
 "stage_index": 4,
 "schedule": [
  1,
  2,
  4,
  8,
  16,
  32,
  64
 ],
 "elapsed_seconds": 9295.371895551682,
 "gpu_seconds": 9209.935714244843,
 "compile_seconds_by_T": {
  "8": 10.351289510726929,
  "16": 12.35191035270691
 },
 "mean_step_seconds_this_chunk": 3.7264732543723174,
 "steps_this_chunk": 500,
 "micro_batch_size": 5,
 "peak_mem_mib": 7638.31298828125,
 "protocol_hash": "8ec5feae4d5db48e",
 "data_sha256": "ae5b795aadcd3ef8990826c1ef37661b53b216e962e3bec8510a8758fecf540d",
 "checkpoint_dir": "/home/derp/cap/assets/models/epc/epc-50m/checkpoints",
 "pilot": false
}
CHUNK_STATUS paused_chunk 6000
2026-09-10T13:44:43Z chunk finished: status=paused_chunk
resumed from /home/derp/cap/assets/models/epc/epc-50m/checkpoints at step 6000
step 6000 T=16 bp=3.759e-05 pc=3.730e-05 resid=0.9923 gnorm=4.818e-02 12.15s
step 6025 T=16 bp=4.631e-05 pc=4.312e-05 resid=0.9312 gnorm=2.544e-02 4.03s
step 6050 T=16 bp=2.677e-05 pc=2.465e-05 resid=0.9210 gnorm=2.494e-02 4.03s
milestone step 6055: prompt_kl=6.193e-06 student_ppl=93.9889 tail_kl=1.191e-05
step 6075 T=16 bp=3.616e-05 pc=3.575e-05 resid=0.9889 gnorm=2.766e-02 4.04s
step 6100 T=16 bp=1.030e-04 pc=1.019e-04 resid=0.9892 gnorm=6.646e-02 4.04s
step 6125 T=16 bp=3.738e-05 pc=3.680e-05 resid=0.9847 gnorm=2.019e-02 4.04s
step 6150 T=16 bp=5.466e-05 pc=4.797e-05 resid=0.8776 gnorm=3.290e-02 4.04s
step 6175 T=16 bp=5.654e-05 pc=5.477e-05 resid=0.9687 gnorm=3.126e-02 4.03s
step 6200 T=16 bp=5.121e-05 pc=4.722e-05 resid=0.9222 gnorm=3.234e-02 4.04s
step 6225 T=16 bp=2.173e-05 pc=2.167e-05 resid=0.9970 gnorm=1.277e-02 4.02s
milestone step 6250: prompt_kl=5.487e-06 student_ppl=93.5526 tail_kl=1.001e-05
step 6250 T=16 bp=3.654e-05 pc=2.909e-05 resid=0.7962 gnorm=3.773e-02 4.04s
step 6275 T=16 bp=1.907e-05 pc=1.743e-05 resid=0.9138 gnorm=2.123e-02 3.98s
step 6300 T=16 bp=1.835e-05 pc=1.638e-05 resid=0.8927 gnorm=1.706e-02 3.98s
step 6325 T=16 bp=8.174e-05 pc=4.667e-05 resid=0.5710 gnorm=5.267e-02 3.98s
step 6350 T=16 bp=1.362e-05 pc=1.351e-05 resid=0.9920 gnorm=1.109e-02 3.99s
step 6375 T=16 bp=6.981e-05 pc=6.733e-05 resid=0.9646 gnorm=4.805e-02 3.99s
step 6400 T=16 bp=1.685e-04 pc=1.433e-04 resid=0.8503 gnorm=9.541e-02 3.99s
step 6425 T=16 bp=2.949e-05 pc=2.891e-05 resid=0.9805 gnorm=3.325e-02 3.99s
milestone step 6446: prompt_kl=6.956e-06 student_ppl=93.5683 tail_kl=1.451e-05
step 6450 T=16 bp=1.617e-04 pc=1.085e-04 resid=0.6711 gnorm=9.596e-02 3.99s
step 6475 T=16 bp=1.915e-05 pc=1.891e-05 resid=0.9878 gnorm=3.178e-02 3.98s
{
 "run_name": "epc-50m",
 "status": "paused_chunk",
 "abort_reason": "",
 "global_step": 6500,
 "total_steps": 9766,
 "tokens_seen": 33280000,
 "stage_index": 4,
 "schedule": [
  1,
  2,
  4,
  8,
  16,
  32,
  64
 ],
 "elapsed_seconds": 11317.607215166092,
 "gpu_seconds": 11223.757011175156,
 "compile_seconds_by_T": {
  "16": 12.14612102508545
 },
 "mean_step_seconds_this_chunk": 4.011373098006469,
 "steps_this_chunk": 500,
 "micro_batch_size": 5,
 "peak_mem_mib": 7499.552001953125,
 "protocol_hash": "8ec5feae4d5db48e",
 "data_sha256": "ae5b795aadcd3ef8990826c1ef37661b53b216e962e3bec8510a8758fecf540d",
 "checkpoint_dir": "/home/derp/cap/assets/models/epc/epc-50m/checkpoints",
 "pilot": false
}
CHUNK_STATUS paused_chunk 6500
2026-09-10T14:18:33Z chunk finished: status=paused_chunk
resumed from /home/derp/cap/assets/models/epc/epc-50m/checkpoints at step 6500
step 6500 T=16 bp=1.743e-05 pc=1.724e-05 resid=0.9893 gnorm=2.003e-02 12.07s
step 6525 T=16 bp=4.765e-05 pc=4.229e-05 resid=0.8876 gnorm=4.793e-02 3.98s
step 6550 T=16 bp=1.580e-05 pc=1.565e-05 resid=0.9905 gnorm=1.113e-02 3.99s
step 6575 T=16 bp=1.678e-05 pc=1.622e-05 resid=0.9672 gnorm=1.753e-02 3.98s
step 6600 T=16 bp=3.342e-05 pc=3.304e-05 resid=0.9888 gnorm=3.255e-02 3.99s
step 6625 T=16 bp=2.778e-03 pc=2.731e-03 resid=0.9831 gnorm=4.161e-01 3.99s
milestone step 6641: prompt_kl=6.768e-06 student_ppl=93.5830 tail_kl=1.631e-05
step 6650 T=16 bp=2.253e-03 pc=1.740e-03 resid=0.7724 gnorm=6.983e-01 3.99s
step 6675 T=16 bp=1.218e-04 pc=1.162e-04 resid=0.9538 gnorm=6.565e-02 3.99s
step 6700 T=16 bp=2.592e-05 pc=2.573e-05 resid=0.9929 gnorm=2.233e-02 3.99s
step 6725 T=16 bp=3.285e-05 pc=3.260e-05 resid=0.9924 gnorm=3.212e-02 3.98s
step 6750 T=16 bp=7.801e-05 pc=7.292e-05 resid=0.9348 gnorm=4.251e-02 3.98s
step 6775 T=16 bp=2.630e-05 pc=2.475e-05 resid=0.9412 gnorm=1.847e-02 3.98s
step 6800 T=16 bp=2.647e-05 pc=2.598e-05 resid=0.9818 gnorm=2.673e-02 3.99s
step 6825 T=16 bp=3.874e-05 pc=3.626e-05 resid=0.9361 gnorm=5.074e-02 3.98s
milestone step 6836: prompt_kl=6.756e-06 student_ppl=93.6591 tail_kl=1.453e-05
step 6850 T=16 bp=2.840e-04 pc=1.917e-04 resid=0.6751 gnorm=3.033e-01 3.99s
step 6875 T=16 bp=2.276e-05 pc=2.237e-05 resid=0.9832 gnorm=2.961e-02 3.98s
step 6900 T=16 bp=4.744e-05 pc=4.672e-05 resid=0.9850 gnorm=2.209e-02 3.99s
step 6925 T=16 bp=2.025e-04 pc=9.784e-05 resid=0.4831 gnorm=7.546e-02 3.98s
step 6950 T=16 bp=1.331e-05 pc=1.321e-05 resid=0.9924 gnorm=8.944e-03 3.99s
step 6975 T=16 bp=2.187e-05 pc=2.183e-05 resid=0.9983 gnorm=1.414e-02 3.98s
stage -> T=32 at step 6976; next end 8371
{
 "run_name": "epc-50m",
 "status": "paused_chunk",
 "abort_reason": "",
 "global_step": 7000,
 "total_steps": 9766,
 "tokens_seen": 35840000,
 "stage_index": 5,
 "schedule": [
  1,
  2,
  4,
  8,
  16,
  32,
  64
 ],
 "elapsed_seconds": 13418.503216266632,
 "gpu_seconds": 13317.533118724823,
 "compile_seconds_by_T": {
  "16": 12.06670618057251,
  "32": 15.80128026008606
 },
 "mean_step_seconds_this_chunk": 4.148409881744998,
 "steps_this_chunk": 500,
 "micro_batch_size": 5,
 "peak_mem_mib": 7501.052001953125,
 "protocol_hash": "8ec5feae4d5db48e",
 "data_sha256": "ae5b795aadcd3ef8990826c1ef37661b53b216e962e3bec8510a8758fecf540d",
 "checkpoint_dir": "/home/derp/cap/assets/models/epc/epc-50m/checkpoints",
 "pilot": false
}
CHUNK_STATUS paused_chunk 7000
2026-09-10T14:53:42Z chunk finished: status=paused_chunk
resumed from /home/derp/cap/assets/models/epc/epc-50m/checkpoints at step 7000
step 7000 T=32 bp=1.625e-05 pc=1.609e-05 resid=0.9907 gnorm=1.443e-02 15.61s
step 7025 T=32 bp=1.621e-05 pc=1.606e-05 resid=0.9905 gnorm=1.395e-02 7.47s
milestone step 7032: prompt_kl=5.237e-06 student_ppl=93.6731 tail_kl=1.127e-05
step 7050 T=32 bp=3.148e-04 pc=2.546e-04 resid=0.8088 gnorm=1.927e-01 7.49s
step 7075 T=32 bp=3.366e-05 pc=2.847e-05 resid=0.8460 gnorm=3.978e-02 7.47s
step 7100 T=32 bp=2.993e-05 pc=2.927e-05 resid=0.9782 gnorm=3.552e-02 7.50s
step 7125 T=32 bp=2.548e-05 pc=2.284e-05 resid=0.8966 gnorm=3.209e-02 7.48s
step 7150 T=32 bp=5.037e-05 pc=3.582e-05 resid=0.7114 gnorm=4.242e-02 7.49s
step 7175 T=32 bp=2.567e-05 pc=2.421e-05 resid=0.9434 gnorm=2.649e-02 7.47s
step 7200 T=32 bp=6.633e-05 pc=6.104e-05 resid=0.9204 gnorm=4.635e-02 7.48s
step 7225 T=32 bp=1.797e-05 pc=1.765e-05 resid=0.9822 gnorm=1.519e-02 7.47s
milestone step 7227: prompt_kl=4.261e-06 student_ppl=93.7462 tail_kl=1.261e-05
step 7250 T=32 bp=1.625e-05 pc=1.614e-05 resid=0.9935 gnorm=1.521e-02 7.47s
step 7275 T=32 bp=2.244e-05 pc=2.209e-05 resid=0.9846 gnorm=3.836e-02 7.48s
step 7300 T=32 bp=1.249e-04 pc=1.230e-04 resid=0.9845 gnorm=1.083e-01 7.48s
step 7325 T=32 bp=6.049e-05 pc=5.380e-05 resid=0.8896 gnorm=4.512e-02 7.48s
step 7350 T=32 bp=4.008e-05 pc=3.555e-05 resid=0.8872 gnorm=4.365e-02 7.49s
step 7375 T=32 bp=5.393e-05 pc=4.879e-05 resid=0.9049 gnorm=5.902e-02 7.47s
step 7400 T=32 bp=1.223e-04 pc=1.065e-04 resid=0.8708 gnorm=6.300e-02 7.49s
milestone step 7422: prompt_kl=4.517e-06 student_ppl=93.6317 tail_kl=1.231e-05
step 7425 T=32 bp=1.079e-04 pc=8.376e-05 resid=0.7766 gnorm=9.996e-02 7.48s
step 7450 T=32 bp=1.490e-04 pc=1.306e-04 resid=0.8771 gnorm=1.361e-01 7.49s
step 7475 T=32 bp=5.949e-05 pc=5.605e-05 resid=0.9424 gnorm=5.291e-02 7.47s
{
 "run_name": "epc-50m",
 "status": "paused_chunk",
 "abort_reason": "",
 "global_step": 7500,
 "total_steps": 9766,
 "tokens_seen": 38400000,
 "stage_index": 5,
 "schedule": [
  1,
  2,
  4,
  8,
  16,
  32,
  64
 ],
 "elapsed_seconds": 17175.92672586441,
 "gpu_seconds": 17067.158568382263,
 "compile_seconds_by_T": {
  "32": 15.608545303344727
 },
 "mean_step_seconds_this_chunk": 7.48299980832484,
 "steps_this_chunk": 500,
 "micro_batch_size": 5,
 "peak_mem_mib": 7530.655029296875,
 "protocol_hash": "8ec5feae4d5db48e",
 "data_sha256": "ae5b795aadcd3ef8990826c1ef37661b53b216e962e3bec8510a8758fecf540d",
 "checkpoint_dir": "/home/derp/cap/assets/models/epc/epc-50m/checkpoints",
 "pilot": false
}
CHUNK_STATUS paused_chunk 7500
2026-09-10T15:56:27Z chunk finished: status=paused_chunk
resumed from /home/derp/cap/assets/models/epc/epc-50m/checkpoints at step 7500
step 7500 T=32 bp=2.460e-04 pc=2.176e-04 resid=0.8844 gnorm=1.686e-01 15.63s
step 7525 T=32 bp=2.230e-05 pc=2.213e-05 resid=0.9924 gnorm=1.997e-02 7.54s
step 7550 T=32 bp=1.556e-05 pc=1.533e-05 resid=0.9849 gnorm=2.933e-02 7.55s
step 7575 T=32 bp=1.437e-04 pc=1.422e-04 resid=0.9901 gnorm=9.027e-02 7.53s
step 7600 T=32 bp=3.562e-03 pc=3.377e-03 resid=0.9482 gnorm=5.903e-01 7.55s
milestone step 7618: prompt_kl=2.014e-05 student_ppl=92.8733 tail_kl=3.709e-05
step 7625 T=32 bp=4.293e-05 pc=4.258e-05 resid=0.9920 gnorm=2.142e-02 7.54s
step 7650 T=32 bp=9.422e-05 pc=8.432e-05 resid=0.8950 gnorm=4.845e-02 7.56s
step 7675 T=32 bp=4.719e-04 pc=3.904e-04 resid=0.8274 gnorm=7.419e-02 7.48s
step 7700 T=32 bp=5.654e-05 pc=5.562e-05 resid=0.9839 gnorm=9.019e-02 7.49s
step 7725 T=32 bp=2.457e-05 pc=2.416e-05 resid=0.9835 gnorm=2.482e-02 7.54s
step 7750 T=32 bp=6.202e-05 pc=5.609e-05 resid=0.9046 gnorm=5.288e-02 7.48s
step 7775 T=32 bp=4.884e-05 pc=4.435e-05 resid=0.9081 gnorm=3.498e-02 7.49s
step 7800 T=32 bp=8.198e-05 pc=7.997e-05 resid=0.9757 gnorm=9.791e-02 7.49s
milestone step 7813: prompt_kl=2.284e-05 student_ppl=93.0108 tail_kl=3.841e-05
step 7825 T=32 bp=7.297e-05 pc=6.586e-05 resid=0.9028 gnorm=4.690e-02 7.49s
step 7850 T=32 bp=5.795e-05 pc=5.516e-05 resid=0.9521 gnorm=4.498e-02 7.48s
step 7875 T=32 bp=3.241e-05 pc=3.188e-05 resid=0.9837 gnorm=3.105e-02 7.48s
step 7900 T=32 bp=3.764e-05 pc=3.621e-05 resid=0.9621 gnorm=4.268e-02 7.48s
step 7925 T=32 bp=3.391e-05 pc=3.353e-05 resid=0.9888 gnorm=3.005e-02 7.47s
step 7950 T=32 bp=2.618e-05 pc=2.454e-05 resid=0.9374 gnorm=2.519e-02 7.47s
step 7975 T=32 bp=1.835e-04 pc=1.730e-04 resid=0.9426 gnorm=1.064e-01 7.48s
{
 "run_name": "epc-50m",
 "status": "paused_chunk",
 "abort_reason": "",
 "global_step": 8000,
 "total_steps": 9766,
 "tokens_seen": 40960000,
 "stage_index": 5,
 "schedule": [
  1,
  2,
  4,
  8,
  16,
  32,
  64
 ],
 "elapsed_seconds": 20943.19514966011,
 "gpu_seconds": 20828.308701992035,
 "compile_seconds_by_T": {
  "32": 15.632193326950073
 },
 "mean_step_seconds_this_chunk": 7.506047976518681,
 "steps_this_chunk": 500,
 "micro_batch_size": 5,
 "peak_mem_mib": 7815.293212890625,
 "protocol_hash": "8ec5feae4d5db48e",
 "data_sha256": "ae5b795aadcd3ef8990826c1ef37661b53b216e962e3bec8510a8758fecf540d",
 "checkpoint_dir": "/home/derp/cap/assets/models/epc/epc-50m/checkpoints",
 "pilot": false
}
CHUNK_STATUS paused_chunk 8000
2026-09-10T16:59:22Z chunk finished: status=paused_chunk
resumed from /home/derp/cap/assets/models/epc/epc-50m/checkpoints at step 8000
step 8000 T=32 bp=4.419e-05 pc=4.324e-05 resid=0.9787 gnorm=3.040e-02 15.57s
milestone step 8008: prompt_kl=1.249e-05 student_ppl=92.7645 tail_kl=2.156e-05
step 8025 T=32 bp=5.390e-05 pc=4.439e-05 resid=0.8237 gnorm=6.001e-02 7.47s
step 8050 T=32 bp=2.689e-05 pc=2.648e-05 resid=0.9847 gnorm=4.750e-02 7.48s
step 8075 T=32 bp=1.159e-04 pc=1.125e-04 resid=0.9708 gnorm=5.864e-02 7.46s
step 8100 T=32 bp=1.159e-04 pc=1.129e-04 resid=0.9746 gnorm=9.519e-02 7.47s
step 8125 T=32 bp=8.593e-05 pc=8.400e-05 resid=0.9777 gnorm=1.221e-01 7.46s
step 8150 T=32 bp=2.751e-05 pc=2.734e-05 resid=0.9938 gnorm=1.842e-02 7.47s
step 8175 T=32 bp=6.099e-05 pc=5.871e-05 resid=0.9628 gnorm=8.792e-02 7.46s
step 8200 T=32 bp=1.676e-05 pc=1.652e-05 resid=0.9859 gnorm=1.873e-02 7.47s
milestone step 8204: prompt_kl=6.108e-06 student_ppl=93.1137 tail_kl=1.204e-05
step 8225 T=32 bp=2.271e-05 pc=2.139e-05 resid=0.9420 gnorm=2.406e-02 7.46s
step 8250 T=32 bp=4.107e-05 pc=4.054e-05 resid=0.9874 gnorm=5.514e-02 7.47s
step 8275 T=32 bp=3.412e-05 pc=3.305e-05 resid=0.9690 gnorm=3.689e-02 7.46s
step 8300 T=32 bp=5.637e-05 pc=4.423e-05 resid=0.7848 gnorm=5.297e-02 7.47s
step 8325 T=32 bp=2.091e-05 pc=2.073e-05 resid=0.9915 gnorm=5.151e-02 7.46s
step 8350 T=32 bp=1.505e-04 pc=1.482e-04 resid=0.9846 gnorm=9.676e-02 7.47s
stage -> T=64 at step 8371; next end 9766
step 8375 T=64 bp=1.211e-04 pc=1.175e-04 resid=0.9700 gnorm=1.129e-01 14.43s
milestone step 8399: prompt_kl=6.119e-06 student_ppl=93.0133 tail_kl=8.486e-06
step 8400 T=64 bp=1.687e-05 pc=1.656e-05 resid=0.9819 gnorm=1.528e-02 14.45s
step 8425 T=64 bp=1.477e-05 pc=1.438e-05 resid=0.9739 gnorm=1.557e-02 14.52s
step 8450 T=64 bp=8.548e-04 pc=8.498e-04 resid=0.9942 gnorm=3.231e-01 14.55s
step 8475 T=64 bp=3.792e-04 pc=3.771e-04 resid=0.9946 gnorm=1.999e-01 14.44s
{
 "run_name": "epc-50m",
 "status": "paused_chunk",
 "abort_reason": "",
 "global_step": 8500,
 "total_steps": 9766,
 "tokens_seen": 43520000,
 "stage_index": 6,
 "schedule": [
  1,
  2,
  4,
  8,
  16,
  32,
  64
 ],
 "elapsed_seconds": 25607.204430103302,
 "gpu_seconds": 25483.847378492355,
 "compile_seconds_by_T": {
  "32": 15.570857763290405,
  "64": 22.60987091064453
 },
 "mean_step_seconds_this_chunk": 9.27180310808511,
 "steps_this_chunk": 500,
 "micro_batch_size": 5,
 "peak_mem_mib": 7402.7861328125,
 "protocol_hash": "8ec5feae4d5db48e",
 "data_sha256": "ae5b795aadcd3ef8990826c1ef37661b53b216e962e3bec8510a8758fecf540d",
 "checkpoint_dir": "/home/derp/cap/assets/models/epc/epc-50m/checkpoints",
 "pilot": false
}
CHUNK_STATUS paused_chunk 8500
2026-09-10T18:17:14Z chunk finished: status=paused_chunk
resumed from /home/derp/cap/assets/models/epc/epc-50m/checkpoints at step 8500
step 8500 T=64 bp=1.180e-04 pc=1.173e-04 resid=0.9944 gnorm=3.713e-02 22.47s
step 8525 T=64 bp=2.963e-04 pc=2.660e-04 resid=0.8977 gnorm=1.945e-01 14.52s
step 8550 T=64 bp=6.651e-05 pc=6.468e-05 resid=0.9726 gnorm=5.659e-02 14.58s
step 8575 T=64 bp=5.792e-05 pc=5.621e-05 resid=0.9707 gnorm=2.628e-02 14.45s
milestone step 8594: prompt_kl=3.229e-05 student_ppl=93.4998 tail_kl=5.028e-05
step 8600 T=64 bp=2.431e-04 pc=2.312e-04 resid=0.9513 gnorm=1.421e-01 14.50s
step 8625 T=64 bp=1.069e-04 pc=9.416e-05 resid=0.8809 gnorm=5.381e-02 14.45s
step 8650 T=64 bp=1.146e-04 pc=1.134e-04 resid=0.9897 gnorm=6.757e-02 14.47s
step 8675 T=64 bp=1.230e-03 pc=1.062e-03 resid=0.8631 gnorm=3.695e-01 14.45s
step 8700 T=64 bp=2.279e-04 pc=1.842e-04 resid=0.8080 gnorm=2.196e-01 14.46s
step 8725 T=64 bp=4.370e-05 pc=4.338e-05 resid=0.9926 gnorm=5.751e-02 14.43s
step 8750 T=64 bp=4.684e-05 pc=4.575e-05 resid=0.9767 gnorm=3.538e-02 14.44s
step 8775 T=64 bp=1.206e-04 pc=1.185e-04 resid=0.9825 gnorm=7.537e-02 14.43s
milestone step 8790: prompt_kl=1.622e-05 student_ppl=93.2400 tail_kl=2.239e-05
step 8800 T=64 bp=1.049e-04 pc=9.787e-05 resid=0.9326 gnorm=4.387e-02 14.45s
step 8825 T=64 bp=4.557e-05 pc=4.371e-05 resid=0.9592 gnorm=3.290e-02 14.43s
step 8850 T=64 bp=7.469e-05 pc=6.063e-05 resid=0.8118 gnorm=9.618e-02 14.45s
{
 "run_name": "epc-50m",
 "status": "paused_deadline",
 "abort_reason": "",
 "global_step": 8873,
 "total_steps": 9766,
 "tokens_seen": 45429760,
 "stage_index": 6,
 "schedule": [
  1,
  2,
  4,
  8,
  16,
  32,
  64
 ],
 "elapsed_seconds": 31017.731785535812,
 "gpu_seconds": 30887.85497546196,
 "compile_seconds_by_T": {
  "64": 22.46523904800415
 },
 "mean_step_seconds_this_chunk": 14.466511714843012,
 "steps_this_chunk": 373,
 "micro_batch_size": 5,
 "peak_mem_mib": 7885.85546875,
 "protocol_hash": "8ec5feae4d5db48e",
 "data_sha256": "ae5b795aadcd3ef8990826c1ef37661b53b216e962e3bec8510a8758fecf540d",
 "checkpoint_dir": "/home/derp/cap/assets/models/epc/epc-50m/checkpoints",
 "pilot": false
}
CHUNK_STATUS paused_deadline 8873
2026-09-10T19:47:32Z chunk finished: status=paused_deadline
resumed from /home/derp/cap/assets/models/epc/epc-50m/checkpoints at step 8873
step 8875 T=64 bp=3.398e-05 pc=3.382e-05 resid=0.9953 gnorm=2.977e-02 14.43s
step 8900 T=64 bp=3.386e-05 pc=3.302e-05 resid=0.9753 gnorm=2.294e-02 14.45s
step 8925 T=64 bp=7.128e-05 pc=6.972e-05 resid=0.9781 gnorm=4.785e-02 14.44s
step 8950 T=64 bp=5.347e-05 pc=5.305e-05 resid=0.9921 gnorm=6.497e-02 14.52s
step 8975 T=64 bp=3.943e-05 pc=3.905e-05 resid=0.9904 gnorm=4.082e-02 14.59s
milestone step 8985: prompt_kl=1.497e-05 student_ppl=93.0860 tail_kl=1.886e-05
step 9000 T=64 bp=5.947e-05 pc=5.908e-05 resid=0.9935 gnorm=3.301e-02 14.49s
step 9025 T=64 bp=2.877e-05 pc=2.763e-05 resid=0.9601 gnorm=3.537e-02 14.46s
step 9050 T=64 bp=3.838e-05 pc=3.552e-05 resid=0.9255 gnorm=4.320e-02 14.47s
step 9075 T=64 bp=3.878e-05 pc=3.794e-05 resid=0.9784 gnorm=3.875e-02 14.47s
step 9100 T=64 bp=2.821e-05 pc=2.771e-05 resid=0.9823 gnorm=2.785e-02 14.45s
step 9125 T=64 bp=5.406e-05 pc=5.345e-05 resid=0.9887 gnorm=4.788e-02 14.49s
step 9150 T=64 bp=3.845e-05 pc=3.269e-05 resid=0.8501 gnorm=3.523e-02 14.45s
step 9175 T=64 bp=6.351e-05 pc=5.688e-05 resid=0.8957 gnorm=7.341e-02 14.49s
milestone step 9180: prompt_kl=8.342e-06 student_ppl=93.0297 tail_kl=1.162e-05
step 9200 T=64 bp=1.659e-04 pc=1.464e-04 resid=0.8826 gnorm=7.527e-02 14.46s
step 9225 T=64 bp=2.311e-05 pc=2.252e-05 resid=0.9742 gnorm=3.462e-02 14.50s
{
 "run_name": "epc-50m",
 "status": "paused_deadline",
 "abort_reason": "",
 "global_step": 9246,
 "total_steps": 9766,
 "tokens_seen": 47339520,
 "stage_index": 6,
 "schedule": [
  1,
  2,
  4,
  8,
  16,
  32,
  64
 ],
 "elapsed_seconds": 36431.01907205582,
 "gpu_seconds": 36295.13856935501,
 "compile_seconds_by_T": {
  "64": 22.562506437301636
 },
 "mean_step_seconds_this_chunk": 14.475056686709005,
 "steps_this_chunk": 373,
 "micro_batch_size": 5,
 "peak_mem_mib": 7615.27392578125,
 "protocol_hash": "8ec5feae4d5db48e",
 "data_sha256": "ae5b795aadcd3ef8990826c1ef37661b53b216e962e3bec8510a8758fecf540d",
 "checkpoint_dir": "/home/derp/cap/assets/models/epc/epc-50m/checkpoints",
 "pilot": false
}
CHUNK_STATUS paused_deadline 9246
2026-09-10T21:17:53Z chunk finished: status=paused_deadline
resumed from /home/derp/cap/assets/models/epc/epc-50m/checkpoints at step 9246
step 9250 T=64 bp=6.631e-05 pc=5.813e-05 resid=0.8767 gnorm=8.183e-02 14.46s
step 9275 T=64 bp=2.460e-05 pc=2.345e-05 resid=0.9536 gnorm=4.390e-02 14.48s
step 9300 T=64 bp=3.773e-05 pc=3.717e-05 resid=0.9851 gnorm=4.330e-02 14.48s
step 9325 T=64 bp=1.060e-04 pc=9.505e-05 resid=0.8967 gnorm=1.003e-01 14.49s
step 9350 T=64 bp=8.176e-05 pc=7.052e-05 resid=0.8627 gnorm=9.468e-02 14.47s
milestone step 9375: prompt_kl=7.446e-06 student_ppl=92.9706 tail_kl=1.367e-05
step 9375 T=64 bp=2.729e-04 pc=2.381e-04 resid=0.8726 gnorm=1.230e-01 14.50s
step 9400 T=64 bp=2.282e-05 pc=2.217e-05 resid=0.9711 gnorm=1.693e-02 14.47s
step 9425 T=64 bp=1.470e-04 pc=1.457e-04 resid=0.9913 gnorm=4.117e-02 14.48s
step 9450 T=64 bp=1.667e-05 pc=1.648e-05 resid=0.9884 gnorm=1.395e-02 14.46s
step 9475 T=64 bp=3.779e-04 pc=2.562e-04 resid=0.6779 gnorm=1.732e-01 14.48s
step 9500 T=64 bp=2.152e-05 pc=2.137e-05 resid=0.9927 gnorm=1.636e-02 14.46s
step 9525 T=64 bp=4.770e-05 pc=4.705e-05 resid=0.9865 gnorm=5.105e-02 14.48s
step 9550 T=64 bp=1.409e-04 pc=1.314e-04 resid=0.9326 gnorm=8.639e-02 14.46s
milestone step 9571: prompt_kl=1.088e-05 student_ppl=92.7739 tail_kl=1.784e-05
step 9575 T=64 bp=2.453e-03 pc=2.433e-03 resid=0.9919 gnorm=6.673e-01 14.48s
step 9600 T=64 bp=1.608e-04 pc=1.379e-04 resid=0.8577 gnorm=1.065e-01 14.46s
{
 "run_name": "epc-50m",
 "status": "paused_deadline",
 "abort_reason": "",
 "global_step": 9618,
 "total_steps": 9766,
 "tokens_seen": 49244160,
 "stage_index": 6,
 "schedule": [
  1,
  2,
  4,
  8,
  16,
  32,
  64
 ],
 "elapsed_seconds": 41833.706550598145,
 "gpu_seconds": 41690.851856946945,
 "compile_seconds_by_T": {
  "64": 22.580204725265503
 },
 "mean_step_seconds_this_chunk": 14.482838498292908,
 "steps_this_chunk": 372,
 "micro_batch_size": 5,
 "peak_mem_mib": 7517.655029296875,
 "protocol_hash": "8ec5feae4d5db48e",
 "data_sha256": "ae5b795aadcd3ef8990826c1ef37661b53b216e962e3bec8510a8758fecf540d",
 "checkpoint_dir": "/home/derp/cap/assets/models/epc/epc-50m/checkpoints",
 "pilot": false
}
CHUNK_STATUS paused_deadline 9618
2026-09-10T22:48:03Z chunk finished: status=paused_deadline
resumed from /home/derp/cap/assets/models/epc/epc-50m/checkpoints at step 9618
step 9625 T=64 bp=3.270e-05 pc=3.203e-05 resid=0.9794 gnorm=2.801e-02 14.56s
step 9650 T=64 bp=3.319e-05 pc=3.057e-05 resid=0.9212 gnorm=5.745e-02 14.48s
step 9675 T=64 bp=2.517e-05 pc=2.232e-05 resid=0.8869 gnorm=2.376e-02 14.47s
step 9700 T=64 bp=3.346e-05 pc=3.275e-05 resid=0.9788 gnorm=2.986e-02 14.49s
step 9725 T=64 bp=2.355e-05 pc=2.201e-05 resid=0.9347 gnorm=2.538e-02 14.88s
step 9750 T=64 bp=7.777e-05 pc=7.360e-05 resid=0.9465 gnorm=1.307e-01 14.60s
milestone step 9766: prompt_kl=6.838e-06 student_ppl=92.8612 tail_kl=1.470e-05
{
 "run_name": "epc-50m",
 "status": "completed",
 "abort_reason": "",
 "global_step": 9766,
 "total_steps": 9766,
 "tokens_seen": 50001920,
 "stage_index": 6,
 "schedule": [
  1,
  2,
  4,
  8,
  16,
  32,
  64
 ],
 "elapsed_seconds": 44006.033187389374,
 "gpu_seconds": 43858.022898197174,
 "compile_seconds_by_T": {
  "64": 22.58466863632202
 },
 "mean_step_seconds_this_chunk": 14.589022942951747,
 "steps_this_chunk": 148,
 "micro_batch_size": 5,
 "peak_mem_mib": 7447.04541015625,
 "protocol_hash": "8ec5feae4d5db48e",
 "data_sha256": "ae5b795aadcd3ef8990826c1ef37661b53b216e962e3bec8510a8758fecf540d",
 "checkpoint_dir": "/home/derp/cap/assets/models/epc/epc-50m/checkpoints",
 "pilot": false
}
CHUNK_STATUS completed 9766
2026-09-10T23:24:23Z chunk finished: status=completed
2026-09-10T23:24:23Z REG-02 loop exited
