milestone step 0: prompt_kl=0.000e+00 student_ppl=93.3409
step 0 T=1 bp=0.000e+00 pc=2.242e-08 resid=22.4214 gnorm=7.194e-06 8.35s
step 5 T=1 bp=7.119e-06 pc=7.062e-06 resid=0.9919 gnorm=2.941e-02 0.70s
step 10 T=1 bp=1.212e-05 pc=1.207e-05 resid=0.9953 gnorm=3.392e-02 0.70s
step 15 T=1 bp=1.823e-05 pc=1.804e-05 resid=0.9898 gnorm=6.763e-02 0.71s
step 20 T=1 bp=3.533e-05 pc=3.371e-05 resid=0.9540 gnorm=4.132e-02 0.71s
step 25 T=1 bp=1.737e-05 pc=1.702e-05 resid=0.9799 gnorm=1.395e-02 0.71s
step 30 T=1 bp=1.622e-05 pc=1.614e-05 resid=0.9952 gnorm=5.678e-02 0.71s
step 35 T=1 bp=3.873e-06 pc=3.841e-06 resid=0.9918 gnorm=6.344e-03 0.71s
step 40 T=1 bp=7.819e-06 pc=7.803e-06 resid=0.9979 gnorm=3.829e-02 0.71s
step 45 T=1 bp=5.322e-06 pc=5.317e-06 resid=0.9991 gnorm=5.467e-03 0.71s
step 50 T=1 bp=4.916e-06 pc=4.874e-06 resid=0.9916 gnorm=7.959e-03 0.70s
step 55 T=1 bp=8.692e-06 pc=8.661e-06 resid=0.9964 gnorm=9.394e-03 0.71s
step 60 T=1 bp=1.531e-05 pc=1.520e-05 resid=0.9926 gnorm=1.969e-02 0.71s
step 65 T=1 bp=8.396e-06 pc=8.411e-06 resid=1.0018 gnorm=1.359e-02 0.71s
step 70 T=1 bp=2.545e-05 pc=2.398e-05 resid=0.9421 gnorm=1.539e-02 0.71s
step 75 T=1 bp=1.753e-05 pc=1.416e-05 resid=0.8080 gnorm=1.194e-02 0.71s
step 80 T=1 bp=3.300e-05 pc=3.226e-05 resid=0.9776 gnorm=2.195e-02 0.71s
step 85 T=1 bp=2.134e-05 pc=2.080e-05 resid=0.9750 gnorm=1.803e-02 0.71s
step 90 T=1 bp=6.306e-05 pc=6.231e-05 resid=0.9881 gnorm=1.248e-02 0.71s
step 95 T=1 bp=1.771e-05 pc=1.747e-05 resid=0.9861 gnorm=7.894e-03 0.71s
{
 "run_name": "pilot-100",
 "status": "paused_chunk",
 "abort_reason": "",
 "global_step": 100,
 "total_steps": 9766,
 "tokens_seen": 512000,
 "stage_index": 0,
 "schedule": [
  1,
  2,
  4,
  8,
  16,
  32,
  64
 ],
 "elapsed_seconds": 79.83776617050171,
 "gpu_seconds": 78.35120248794556,
 "compile_seconds_by_T": {
  "1": 8.348467350006104
 },
 "mean_step_seconds_this_chunk": 0.7070983347266612,
 "steps_this_chunk": 100,
 "micro_batch_size": 5,
 "peak_mem_mib": 7581.12109375,
 "protocol_hash": "8ec5feae4d5db48e",
 "data_sha256": "ae5b795aadcd3ef8990826c1ef37661b53b216e962e3bec8510a8758fecf540d",
 "checkpoint_dir": "/home/derp/cap/assets/models/epc/pilot-100/checkpoints",
 "pilot": true
}
DONE
