{"split": "train", "episodes": 8, "skipped": 0}
{"split": "dev", "episodes": 32, "skipped": 0}
{"answer": 6.8313, "answer_n": 6.0, "preserve": 0.0052, "preserve_n": 2.0, "retrieval": 1.9824, "code_norm": 0.0, "grad_norm": 28.1765, "step": 0, "wall_s": 10.1665}
{"answer": 3.251, "answer_n": 6.0, "preserve": 0.6003, "preserve_n": 2.0, "retrieval": 1.721, "code_norm": 0.0, "grad_norm": 66.9128, "step": 10, "wall_s": 104.3951}
{"answer": 3.2211, "answer_n": 6.0, "preserve": 0.5856, "preserve_n": 2.0, "retrieval": 1.4195, "code_norm": 0.0, "grad_norm": 9.483, "step": 20, "wall_s": 207.4891}
{"answer": 2.775, "answer_n": 6.0, "preserve": 0.2415, "preserve_n": 2.0, "retrieval": 1.0234, "code_norm": 0.0, "grad_norm": 12.7558, "step": 30, "wall_s": 312.0929}
{"answer": 3.1092, "answer_n": 6.0, "preserve": 0.107, "preserve_n": 2.0, "retrieval": 1.0296, "code_norm": 0.0, "grad_norm": 12.2386, "step": 40, "wall_s": 417.1847}
{"answer": 2.7226, "answer_n": 6.0, "preserve": 0.5202, "preserve_n": 2.0, "retrieval": 0.9458, "code_norm": 0.0, "grad_norm": 28.4239, "step": 50, "wall_s": 600.9019}
{"answer": 3.0488, "answer_n": 6.0, "preserve": 0.0001, "preserve_n": 2.0, "retrieval": 0.569, "code_norm": 0.0, "grad_norm": 64.6958, "step": 60, "wall_s": 696.9887}
{"answer": 2.5934, "answer_n": 6.0, "preserve": 0.0002, "preserve_n": 2.0, "retrieval": 0.6228, "code_norm": 0.0, "grad_norm": 8.9326, "step": 70, "wall_s": 802.3471}
{"answer": 2.2853, "answer_n": 6.0, "preserve": 0.099, "preserve_n": 2.0, "retrieval": 0.817, "code_norm": 0.0, "grad_norm": 39.9947, "step": 80, "wall_s": 905.5872}
{"answer": 2.7243, "answer_n": 6.0, "preserve": 0.0051, "preserve_n": 2.0, "retrieval": 0.7379, "code_norm": 0.0, "grad_norm": 8.3211, "step": 90, "wall_s": 1010.5418}
{"answer": 1.8836, "answer_n": 6.0, "preserve": 0.0256, "preserve_n": 2.0, "retrieval": 0.9999, "code_norm": 0.0, "grad_norm": 39.1618, "step": 100, "wall_s": 1185.5326}
{"answer": 2.4316, "answer_n": 6.0, "preserve": 0.1902, "preserve_n": 2.0, "retrieval": 0.8199, "code_norm": 0.0, "grad_norm": 28.5973, "step": 110, "wall_s": 1281.5105}
{"answer": 2.2541, "answer_n": 6.0, "preserve": 0.0, "preserve_n": 2.0, "retrieval": 0.6479, "code_norm": 0.0, "grad_norm": 5.8716, "step": 120, "wall_s": 1370.1835}
{"answer": 2.0944, "answer_n": 6.0, "preserve": 0.0, "preserve_n": 2.0, "retrieval": 0.6596, "code_norm": 0.0, "grad_norm": 11.5278, "step": 130, "wall_s": 1466.3991}
{"answer": 2.0583, "answer_n": 6.0, "preserve": 0.0, "preserve_n": 2.0, "retrieval": 0.6533, "code_norm": 0.0, "grad_norm": 10.1554, "step": 140, "wall_s": 1557.0377}
{"answer": 2.3771, "answer_n": 6.0, "preserve": 0.1885, "preserve_n": 2.0, "retrieval": 0.6269, "code_norm": 0.0, "grad_norm": 10.0095, "step": 150, "wall_s": 1706.3628}
{"answer": 1.7338, "answer_n": 6.0, "preserve": 0.0089, "preserve_n": 2.0, "retrieval": 0.4292, "code_norm": 0.0, "grad_norm": 9.2068, "step": 160, "wall_s": 1789.1109}
{"answer": 2.182, "answer_n": 6.0, "preserve": 0.0224, "preserve_n": 2.0, "retrieval": 0.2958, "code_norm": 0.0, "grad_norm": 12.2343, "step": 170, "wall_s": 1876.11}
{"answer": 2.1834, "answer_n": 6.0, "preserve": 0.0001, "preserve_n": 2.0, "retrieval": 0.5276, "code_norm": 0.0, "grad_norm": 11.5453, "step": 180, "wall_s": 1953.0931}
{"answer": 2.0069, "answer_n": 6.0, "preserve": 0.4898, "preserve_n": 2.0, "retrieval": 0.5749, "code_norm": 0.0, "grad_norm": 16.5511, "step": 190, "wall_s": 2038.149}
{"answer": 2.1021, "answer_n": 6.0, "preserve": 0.0076, "preserve_n": 2.0, "retrieval": 0.4007, "code_norm": 0.0, "grad_norm": 10.5808, "step": 200, "wall_s": 2182.5591}
{"answer": 1.6886, "answer_n": 6.0, "preserve": 0.1114, "preserve_n": 2.0, "retrieval": 0.3471, "code_norm": 0.0, "grad_norm": 13.8278, "step": 210, "wall_s": 2266.5177}
{"answer": 2.6725, "answer_n": 6.0, "preserve": 0.0, "preserve_n": 2.0, "retrieval": 0.4623, "code_norm": 0.0, "grad_norm": 7.7358, "step": 220, "wall_s": 2348.3093}
{"answer": 2.0863, "answer_n": 6.0, "preserve": 0.0, "preserve_n": 2.0, "retrieval": 0.3001, "code_norm": 0.0, "grad_norm": 10.8942, "step": 230, "wall_s": 2434.3181}
{"answer": 1.9928, "answer_n": 6.0, "preserve": 0.0, "preserve_n": 2.0, "retrieval": 0.5943, "code_norm": 0.0, "grad_norm": 28.1155, "step": 240, "wall_s": 2515.5749}
{"answer": 2.7697, "answer_n": 6.0, "preserve": 0.0, "preserve_n": 2.0, "retrieval": 0.6254, "code_norm": 0.0, "grad_norm": 21.3567, "step": 250, "wall_s": 2662.6286}
{"answer": 2.9097, "answer_n": 6.0, "preserve": 0.0001, "preserve_n": 2.0, "retrieval": 1.0549, "code_norm": 0.0, "grad_norm": 24.3285, "step": 260, "wall_s": 2746.0149}
{"answer": 2.4707, "answer_n": 6.0, "preserve": 0.0, "preserve_n": 2.0, "retrieval": 0.2745, "code_norm": 0.0, "grad_norm": 20.8884, "step": 270, "wall_s": 2831.074}
{"answer": 1.8552, "answer_n": 6.0, "preserve": 0.0091, "preserve_n": 2.0, "retrieval": 0.1888, "code_norm": 0.0, "grad_norm": 7.2521, "step": 280, "wall_s": 2914.187}
{"answer": 1.9657, "answer_n": 6.0, "preserve": 0.0, "preserve_n": 2.0, "retrieval": 0.2098, "code_norm": 0.0, "grad_norm": 39.5265, "step": 290, "wall_s": 2999.5735}
{"answer": 2.0379, "answer_n": 6.0, "preserve": 0.0, "preserve_n": 2.0, "retrieval": 0.4357, "code_norm": 0.0, "grad_norm": 10.1576, "step": 300, "wall_s": 3145.1383}
{"answer": 1.8841, "answer_n": 6.0, "preserve": 0.0013, "preserve_n": 2.0, "retrieval": 0.7103, "code_norm": 0.0, "grad_norm": 46.1566, "step": 310, "wall_s": 3227.1429}
{"answer": 1.864, "answer_n": 6.0, "preserve": -0.0, "preserve_n": 2.0, "retrieval": 0.2639, "code_norm": 0.0, "grad_norm": 16.7481, "step": 320, "wall_s": 3311.6028}
{"answer": 1.8122, "answer_n": 6.0, "preserve": 0.0065, "preserve_n": 2.0, "retrieval": 0.9327, "code_norm": 0.0, "grad_norm": 12.3972, "step": 330, "wall_s": 3396.2726}
{"answer": 1.7165, "answer_n": 6.0, "preserve": 0.0, "preserve_n": 2.0, "retrieval": 0.2778, "code_norm": 0.0, "grad_norm": 202.7019, "step": 340, "wall_s": 3479.8226}
{"answer": 1.9713, "answer_n": 6.0, "preserve": 0.0037, "preserve_n": 2.0, "retrieval": 0.5024, "code_norm": 0.0, "grad_norm": 11.6064, "step": 350, "wall_s": 3627.0053}
{"answer": 1.8855, "answer_n": 6.0, "preserve": 0.249, "preserve_n": 2.0, "retrieval": 0.3586, "code_norm": 0.0, "grad_norm": 22.088, "step": 360, "wall_s": 3711.9816}
{"answer": 2.054, "answer_n": 6.0, "preserve": 0.0274, "preserve_n": 2.0, "retrieval": 0.3666, "code_norm": 0.0, "grad_norm": 16.6084, "step": 370, "wall_s": 3793.6849}
{"answer": 2.2177, "answer_n": 6.0, "preserve": 0.0, "preserve_n": 2.0, "retrieval": 0.1859, "code_norm": 0.0, "grad_norm": 7.1685, "step": 380, "wall_s": 3877.9852}
{"answer": 1.9484, "answer_n": 6.0, "preserve": -0.0, "preserve_n": 2.0, "retrieval": 0.2148, "code_norm": 0.0, "grad_norm": 14.6596, "step": 390, "wall_s": 3961.7267}
{"answer": 1.8357, "answer_n": 6.0, "preserve": 0.0124, "preserve_n": 2.0, "retrieval": 0.1979, "code_norm": 0.0, "grad_norm": 10.5321, "step": 400, "wall_s": 4112.9487}
{"answer": 1.6941, "answer_n": 6.0, "preserve": 0.1289, "preserve_n": 2.0, "retrieval": 0.2245, "code_norm": 0.0, "grad_norm": 11.5381, "step": 410, "wall_s": 4191.0975}
{"answer": 1.7877, "answer_n": 6.0, "preserve": 0.0, "preserve_n": 2.0, "retrieval": 0.295, "code_norm": 0.0, "grad_norm": 6.7548, "step": 420, "wall_s": 4274.8671}
{"answer": 2.4178, "answer_n": 6.0, "preserve": -0.0, "preserve_n": 2.0, "retrieval": 0.7266, "code_norm": 0.0, "grad_norm": 38.635, "step": 430, "wall_s": 4355.2015}
{"answer": 2.1556, "answer_n": 6.0, "preserve": 0.3631, "preserve_n": 2.0, "retrieval": 0.2891, "code_norm": 0.0, "grad_norm": 130.4001, "step": 440, "wall_s": 4438.9324}
{"answer": 1.3529, "answer_n": 6.0, "preserve": 0.0001, "preserve_n": 2.0, "retrieval": 0.4673, "code_norm": 0.0, "grad_norm": 10.946, "step": 450, "wall_s": 4583.2107}
{"answer": 1.5188, "answer_n": 6.0, "preserve": 0.0001, "preserve_n": 2.0, "retrieval": 0.3203, "code_norm": 0.0, "grad_norm": 18.1202, "step": 460, "wall_s": 4671.3151}
{"answer": 2.3255, "answer_n": 6.0, "preserve": 0.0002, "preserve_n": 2.0, "retrieval": 0.2073, "code_norm": 0.0, "grad_norm": 5.0162, "step": 470, "wall_s": 4753.6198}
{"answer": 1.5786, "answer_n": 6.0, "preserve": 0.0, "preserve_n": 2.0, "retrieval": 0.4459, "code_norm": 0.0, "grad_norm": 27.9504, "step": 480, "wall_s": 4839.2011}
{"answer": 2.094, "answer_n": 6.0, "preserve": 0.0139, "preserve_n": 2.0, "retrieval": 0.3825, "code_norm": 0.0, "grad_norm": 22.1323, "step": 490, "wall_s": 4920.2509}
{"answer": 2.9195, "answer_n": 6.0, "preserve": 0.0189, "preserve_n": 2.0, "retrieval": 0.4531, "code_norm": 0.0, "grad_norm": 12.6423, "step": 500, "wall_s": 5069.0664}
{"answer": 1.9499, "answer_n": 6.0, "preserve": 0.0, "preserve_n": 2.0, "retrieval": 0.4408, "code_norm": 0.0, "grad_norm": 15.8585, "step": 510, "wall_s": 5152.3668}
{"answer": 1.4776, "answer_n": 6.0, "preserve": -0.0, "preserve_n": 2.0, "retrieval": 0.0713, "code_norm": 0.0, "grad_norm": 10.9823, "step": 520, "wall_s": 5238.5427}
{"answer": 2.8177, "answer_n": 6.0, "preserve": -0.0, "preserve_n": 2.0, "retrieval": 0.4894, "code_norm": 0.0, "grad_norm": 79.0703, "step": 530, "wall_s": 5317.7521}
{"answer": 1.5593, "answer_n": 6.0, "preserve": 0.0942, "preserve_n": 2.0, "retrieval": 0.0425, "code_norm": 0.0, "grad_norm": 11.3498, "step": 540, "wall_s": 5404.0679}
{"answer": 1.5434, "answer_n": 6.0, "preserve": 0.0, "preserve_n": 2.0, "retrieval": 0.3235, "code_norm": 0.0, "grad_norm": 7.2018, "step": 550, "wall_s": 5549.6066}
{"answer": 1.6973, "answer_n": 6.0, "preserve": 0.3503, "preserve_n": 2.0, "retrieval": 0.7227, "code_norm": 0.0, "grad_norm": 26.2452, "step": 560, "wall_s": 5632.7438}
{"answer": 2.1681, "answer_n": 6.0, "preserve": 0.0, "preserve_n": 2.0, "retrieval": 0.3539, "code_norm": 0.0, "grad_norm": 35.5951, "step": 570, "wall_s": 5716.7693}
{"answer": 2.1967, "answer_n": 6.0, "preserve": 0.0006, "preserve_n": 2.0, "retrieval": 0.2646, "code_norm": 0.0, "grad_norm": 40.1213, "step": 580, "wall_s": 5801.9783}
{"answer": 2.0066, "answer_n": 6.0, "preserve": 0.0, "preserve_n": 2.0, "retrieval": 0.3349, "code_norm": 0.0, "grad_norm": 9.3326, "step": 590, "wall_s": 5884.6879}
{"best_dev_answer": 3.4962896704673763, "best_step": 449}
{"dev_before": {"answer": 8.022066275278727, "answer_n": 6.0, "preserve": 0.0067219421252957545, "preserve_n": 2.0, "retrieval": 1.870434645563364, "code_norm": 0.0}, "dev_after": {"answer": 3.4962896704673763, "answer_n": 6.0, "preserve": 0.006352064138297253, "preserve_n": 2.0, "retrieval": 0.7011987580917776, "code_norm": 0.0}, "behavioural_dev": {"new_paraphrase": {"label_exact": 0.03125, "n": 64, "null_mass_mean": 0.02908532165571387, "unchanged_from_capoff": null}, "old_fact": {"label_exact": 0.0, "n": 32, "null_mass_mean": 0.02873163665174161, "unchanged_from_capoff": null}, "near_miss": {"label_exact": 0.0, "n": 32, "null_mass_mean": 0.9939661752432585, "unchanged_from_capoff": 1.0}, "unrelated": {"label_exact": 0.0, "n": 32, "null_mass_mean": 0.9807573268190026, "unchanged_from_capoff": 0.96875}}, "train_wall_s": 6024}
