{
"R1_learned_ff|counterfact": {
"cells": 15,
"max": 15.38,
"p001": 0.0029835084700378274,
"half": 1900
},
"R1_learned_ff|mquake": {
"cells": 15,
"max": 17.06,
"p001": 0.0031330237008825477,
"half": 2336
},
"R1_learned_ff|zsre": {
"cells": 15,
"max": 11.05,
"p001": 0.0015943760525532443,
"half": 1024
},
"R1_nonlearned|counterfact": {
"cells": 15,
"max": 20.28,
"p001": 0.02044987773731805,
"half": 18856
},
"R1_nonlearned|mquake": {
"cells": 15,
"max": 15.07,
"p001": 0.004088561948917442,
"half": 3818
},
"R1_nonlearned|zsre": {
"cells": 15,
"max": 7.0,
"p001": 0.0002664089567778652,
"half": 225
},
"S1_LM|counterfact": {
"cells": 15,
"max": 0.0,
"p001": 0.0,
"half": 0
},
"S1_LM|zsre": {
"cells": 15,
"max": 27.61,
"p001": 0.0010493250746556732,
"half": 266
},
"S1_literal|zsre": {
"cells": 15,
"max": 27.69,
"p001": 0.0010408978525535163,
"half": 263
},
"matched_update|counterfact": {
"cells": 15,
"max": 0.0,
"p001": 0.0,
"half": 0
},
"matched_update|zsre": {
"cells": 15,
"max": 33.77,
"p001": 0.001053130916895357,
"half": 280
},
"v0_live_C1|counterfact": {
"cells": 15,
"max": 0.0,
"p001": 0.0,
"half": 0
},
"v0_live_C1|zsre": {
"cells": 15,
"max": 27.68,
"p001": 0.0009588003985260517,
"half": 497
},
"v0_live_C2|counterfact": {
"cells": 15,
"max": 0.0,
"p001": 0.0,
"half": 0
},
"v0_live_C2|zsre": {
"cells": 15,
"max": 50.6,
"p001": 0.0001867581156187688,
"half": 175
},
"v0_stable|counterfact": {
"cells": 15,
"max": 0.0,
"p001": 0.0,
"half": 0
},
"v0_stable|mquake": {
"cells": 15,
"max": 0.0,
"p001": 0.0,
"half": 0
},
"v0_stable|zsre": {
"cells": 15,
"max": 27.68,
"p001": 0.0010408978525535163,
"half": 262
}
}
