{
 "counts": {
  "zsre/shared": {
   "selected": 34,
   "target": 34,
   "short": 0
  },
  "zsre/private": {
   "selected": 33,
   "target": 33,
   "short": 0
  },
  "zsre/near_neighbour": {
   "selected": 33,
   "target": 33,
   "short": 0
  },
  "counterfact/shared": {
   "selected": 9,
   "target": 34,
   "short": 25
  },
  "counterfact/private": {
   "selected": 33,
   "target": 33,
   "short": 0
  },
  "counterfact/near_neighbour": {
   "selected": 33,
   "target": 33,
   "short": 0
  },
  "grammar/shared": {
   "selected": 34,
   "target": 34,
   "short": 0
  },
  "grammar/private": {
   "selected": 33,
   "target": 33,
   "short": 0
  },
  "grammar/near_neighbour": {
   "selected": 33,
   "target": 33,
   "short": 0
  }
 },
 "candidates_checked": {
  "zsre": 600,
  "counterfact": 150
 },
 "teacher_already_answers": {
  "zsre": 0,
  "counterfact": 0
 },
 "tokenization_excluded": {
  "zsre": 0,
  "counterfact": 0
 }
}
